[34mDEBUG[39m: slotArray[i] : 
slot {
  _writableState: 
   WritableState {
     objectMode: false,
     highWaterMark: 16384,
     needDrain: false,
     ending: false,
     ended: false,
     finished: false,
     decodeStrings: true,
     defaultEncoding: 'utf8',
     length: 1736,
     writing: true,
     corked: 0,
     sync: true,
     bufferProcessing: false,
     onwrite: [Function],
     writecb: [Function: nop],
     writelen: 1736,
     bufferedRequest: null,
     lastBufferedRequest: null,
     pendingcb: 1,
     prefinished: false,
     errorEmitted: false,
     bufferedRequestCount: 0,
     corkedRequestsFree: CorkedRequest { next: null, entry: null, finish: [Function] } },
  writable: true,
  domain: null,
  _events: 
   { unpipe: [Function: onunpipe],
     drain: [Function],
     error: [Function: onerror],
     close: { [Function: g] listener: [Function: onclose] },
     finish: { [Function: g] listener: [Function: onfinish] } },
  _eventsCount: 5,
  _maxListeners: undefined,
  streamContent: '{"inputMFasta":[">sp|Q16610|ECM1_HUMAN Extracellular matrix protein 1 OS=Homo sapiens OX=9606 GN=ECM1 PE=1 SV=2\\nMGTTARAALVLTYLAVASAASEGGFTATGQRQLRPEHFQEVGYAAPPSPPLSRSLPMDHP\\nDSSQHGPPFEGQSQVQPPPSQEATPLQQEKLLPAQLPAEKEVGPPLPQEAVPLQKELPSL\\nQHPNEQKEGTPAPFGDQSHPEPESWNAAQHCQQDRSQGGWGHRLDGFPPGRPSPDNLNQI\\nCLPNRQHVVYGPWNLPQSSYSHLTRQGETLNFLEIGYSRCCHCRSHTNRLECAKLVWEEA\\nMSRFCEAEFSVKTRPHWCCTRQGEARFSCFQEEAPQPHYQLRACPSHQPDISSGLELPFP\\nPGVPTLDNIKNICHLRRFRSVPRNLPATDPLQRELLALIQLEREFQRCCRQGNNHTCTWK\\nAWEDTLDKYCDREYAVKTHHHLCCRHPPSPTRDECFARRAPYPNYDRDILTIDIGRVTPN\\nLMGHLCGNQRVLTKHKHIPGLIHNMTARCCDLPFPEQACCAEEEKLTFINDLCGPRRNIW\\nRDPALCCYLSPGDEQVNCFNINYLRNVALVSGDTENAKGQGEQGSTGGTNISSTSEPKEE","sp|Q14512|FGFP1_HUMAN Fibroblast growth factor-binding protein 1 OS=Homo sapiens OX=9606 GN=FGFBP1 PE=1 SV=1\\nMKICSLTLLSFLLLAAQVLLVEGKKKVKNGLHSKVVSEQKDTLGNTQIKQKSRPGNKGKF\\nVTKDQANCRWAATEQEEGISLKVECTQLDHEFSCVFAGNPTSCLKLKDERVYWKQVARNL\\nRSQKDICRYSKTAVKTRVCRKDFPESSLKLVSSTLFGNTKPRKEKTEMSPREHIKGKETT\\nPSSLAVTQTMATKAPECVEDPDMANQRKTALEFCGETWSSLCTFFLSIVQDTSC","sp|Q8R2Z5|VWA1_MOUSE von Willebrand factor A domain-containing protein 1 OS=Mus musculus OX=10090 GN=Vwa1 PE=1 SV=1\\nMLFWTAFSMALSLRLALARSSIERGSTASDPQGDLLFLLDSSASVSHYEFSRVREFVGQL\\nVATMSFGPGALRASLVHVGSQPHTEFTFDQYSSGQAIQDAIRVAPQRMGDTNTGLALAYA\\nKEQLFAEEAGARPGVPKVLVWVTDGGSSDPVGPPMQELKDLGVTIFIVSTGRGNLLELLA\\nAASAPAEKHLHFVDVDDLPIIARELRGSITDAMQPQQLHASEVLSSGFRLSWPPLLTADS\\nGYYVLELVPSGKLATTRRQQLPGNATSWTWTDLDPDTDYEVSLLPESNVHLLRPQHVRVR\\nTLQEEAGPERIVISHARPRSLRVSWAPALGPDSALGYHVQLGPLQGGSLERVEVPAGQNS\\nTTVQGLTPCTTYLVTVTAAFRSGRQRALSAKACTASGARTRAPQSMRPEAGPREP","tr|O08591|O08591_RAT Perlecan (Fragment) OS=Rattus norvegicus OX=10116 GN=Hspg2 PE=2 SV=1\\nPGQYGAYFQDNGFLALPGNSFSRSLPEVPETIEFEVRTSTANGLLLWQGVAKESSRSKDF\\nISLGLQDG"]}',
  jsonContent: [],
  symbol: 'inputMFasta' }
[34mDEBUG[39m: jsonTab = 
[ { inputMFasta: 
     [ '>sp|Q16610|ECM1_HUMAN Extracellular matrix protein 1 OS=Homo sapiens OX=9606 GN=ECM1 PE=1 SV=2\nMGTTARAALVLTYLAVASAASEGGFTATGQRQLRPEHFQEVGYAAPPSPPLSRSLPMDHP\nDSSQHGPPFEGQSQVQPPPSQEATPLQQEKLLPAQLPAEKEVGPPLPQEAVPLQKELPSL\nQHPNEQKEGTPAPFGDQSHPEPESWNAAQHCQQDRSQGGWGHRLDGFPPGRPSPDNLNQI\nCLPNRQHVVYGPWNLPQSSYSHLTRQGETLNFLEIGYSRCCHCRSHTNRLECAKLVWEEA\nMSRFCEAEFSVKTRPHWCCTRQGEARFSCFQEEAPQPHYQLRACPSHQPDISSGLELPFP\nPGVPTLDNIKNICHLRRFRSVPRNLPATDPLQRELLALIQLEREFQRCCRQGNNHTCTWK\nAWEDTLDKYCDREYAVKTHHHLCCRHPPSPTRDECFARRAPYPNYDRDILTIDIGRVTPN\nLMGHLCGNQRVLTKHKHIPGLIHNMTARCCDLPFPEQACCAEEEKLTFINDLCGPRRNIW\nRDPALCCYLSPGDEQVNCFNINYLRNVALVSGDTENAKGQGEQGSTGGTNISSTSEPKEE',
       'sp|Q14512|FGFP1_HUMAN Fibroblast growth factor-binding protein 1 OS=Homo sapiens OX=9606 GN=FGFBP1 PE=1 SV=1\nMKICSLTLLSFLLLAAQVLLVEGKKKVKNGLHSKVVSEQKDTLGNTQIKQKSRPGNKGKF\nVTKDQANCRWAATEQEEGISLKVECTQLDHEFSCVFAGNPTSCLKLKDERVYWKQVARNL\nRSQKDICRYSKTAVKTRVCRKDFPESSLKLVSSTLFGNTKPRKEKTEMSPREHIKGKETT\nPSSLAVTQTMATKAPECVEDPDMANQRKTALEFCGETWSSLCTFFLSIVQDTSC',
       'sp|Q8R2Z5|VWA1_MOUSE von Willebrand factor A domain-containing protein 1 OS=Mus musculus OX=10090 GN=Vwa1 PE=1 SV=1\nMLFWTAFSMALSLRLALARSSIERGSTASDPQGDLLFLLDSSASVSHYEFSRVREFVGQL\nVATMSFGPGALRASLVHVGSQPHTEFTFDQYSSGQAIQDAIRVAPQRMGDTNTGLALAYA\nKEQLFAEEAGARPGVPKVLVWVTDGGSSDPVGPPMQELKDLGVTIFIVSTGRGNLLELLA\nAASAPAEKHLHFVDVDDLPIIARELRGSITDAMQPQQLHASEVLSSGFRLSWPPLLTADS\nGYYVLELVPSGKLATTRRQQLPGNATSWTWTDLDPDTDYEVSLLPESNVHLLRPQHVRVR\nTLQEEAGPERIVISHARPRSLRVSWAPALGPDSALGYHVQLGPLQGGSLERVEVPAGQNS\nTTVQGLTPCTTYLVTVTAAFRSGRQRALSAKACTASGARTRAPQSMRPEAGPREP',
       'tr|O08591|O08591_RAT Perlecan (Fragment) OS=Rattus norvegicus OX=10116 GN=Hspg2 PE=2 SV=1\nPGQYGAYFQDNGFLALPGNSFSRSLPEVPETIEFEVRTSTANGLLLWQGVAKESSRSKDF\nISLGLQDG' ] } ]
[34mDEBUG[39m: jsonContent of inputMFasta = 
[ { inputMFasta: 
     [ '>sp|Q16610|ECM1_HUMAN Extracellular matrix protein 1 OS=Homo sapiens OX=9606 GN=ECM1 PE=1 SV=2\nMGTTARAALVLTYLAVASAASEGGFTATGQRQLRPEHFQEVGYAAPPSPPLSRSLPMDHP\nDSSQHGPPFEGQSQVQPPPSQEATPLQQEKLLPAQLPAEKEVGPPLPQEAVPLQKELPSL\nQHPNEQKEGTPAPFGDQSHPEPESWNAAQHCQQDRSQGGWGHRLDGFPPGRPSPDNLNQI\nCLPNRQHVVYGPWNLPQSSYSHLTRQGETLNFLEIGYSRCCHCRSHTNRLECAKLVWEEA\nMSRFCEAEFSVKTRPHWCCTRQGEARFSCFQEEAPQPHYQLRACPSHQPDISSGLELPFP\nPGVPTLDNIKNICHLRRFRSVPRNLPATDPLQRELLALIQLEREFQRCCRQGNNHTCTWK\nAWEDTLDKYCDREYAVKTHHHLCCRHPPSPTRDECFARRAPYPNYDRDILTIDIGRVTPN\nLMGHLCGNQRVLTKHKHIPGLIHNMTARCCDLPFPEQACCAEEEKLTFINDLCGPRRNIW\nRDPALCCYLSPGDEQVNCFNINYLRNVALVSGDTENAKGQGEQGSTGGTNISSTSEPKEE',
       'sp|Q14512|FGFP1_HUMAN Fibroblast growth factor-binding protein 1 OS=Homo sapiens OX=9606 GN=FGFBP1 PE=1 SV=1\nMKICSLTLLSFLLLAAQVLLVEGKKKVKNGLHSKVVSEQKDTLGNTQIKQKSRPGNKGKF\nVTKDQANCRWAATEQEEGISLKVECTQLDHEFSCVFAGNPTSCLKLKDERVYWKQVARNL\nRSQKDICRYSKTAVKTRVCRKDFPESSLKLVSSTLFGNTKPRKEKTEMSPREHIKGKETT\nPSSLAVTQTMATKAPECVEDPDMANQRKTALEFCGETWSSLCTFFLSIVQDTSC',
       'sp|Q8R2Z5|VWA1_MOUSE von Willebrand factor A domain-containing protein 1 OS=Mus musculus OX=10090 GN=Vwa1 PE=1 SV=1\nMLFWTAFSMALSLRLALARSSIERGSTASDPQGDLLFLLDSSASVSHYEFSRVREFVGQL\nVATMSFGPGALRASLVHVGSQPHTEFTFDQYSSGQAIQDAIRVAPQRMGDTNTGLALAYA\nKEQLFAEEAGARPGVPKVLVWVTDGGSSDPVGPPMQELKDLGVTIFIVSTGRGNLLELLA\nAASAPAEKHLHFVDVDDLPIIARELRGSITDAMQPQQLHASEVLSSGFRLSWPPLLTADS\nGYYVLELVPSGKLATTRRQQLPGNATSWTWTDLDPDTDYEVSLLPESNVHLLRPQHVRVR\nTLQEEAGPERIVISHARPRSLRVSWAPALGPDSALGYHVQLGPLQGGSLERVEVPAGQNS\nTTVQGLTPCTTYLVTVTAAFRSGRQRALSAKACTASGARTRAPQSMRPEAGPREP',
       'tr|O08591|O08591_RAT Perlecan (Fragment) OS=Rattus norvegicus OX=10116 GN=Hspg2 PE=2 SV=1\nPGQYGAYFQDNGFLALPGNSFSRSLPEVPETIEFEVRTSTANGLLLWQGVAKESSRSKDF\nISLGLQDG' ] } ]
[34mDEBUG[39m: inputArray = 
[ { inputMFasta: 
     [ '>sp|Q16610|ECM1_HUMAN Extracellular matrix protein 1 OS=Homo sapiens OX=9606 GN=ECM1 PE=1 SV=2\nMGTTARAALVLTYLAVASAASEGGFTATGQRQLRPEHFQEVGYAAPPSPPLSRSLPMDHP\nDSSQHGPPFEGQSQVQPPPSQEATPLQQEKLLPAQLPAEKEVGPPLPQEAVPLQKELPSL\nQHPNEQKEGTPAPFGDQSHPEPESWNAAQHCQQDRSQGGWGHRLDGFPPGRPSPDNLNQI\nCLPNRQHVVYGPWNLPQSSYSHLTRQGETLNFLEIGYSRCCHCRSHTNRLECAKLVWEEA\nMSRFCEAEFSVKTRPHWCCTRQGEARFSCFQEEAPQPHYQLRACPSHQPDISSGLELPFP\nPGVPTLDNIKNICHLRRFRSVPRNLPATDPLQRELLALIQLEREFQRCCRQGNNHTCTWK\nAWEDTLDKYCDREYAVKTHHHLCCRHPPSPTRDECFARRAPYPNYDRDILTIDIGRVTPN\nLMGHLCGNQRVLTKHKHIPGLIHNMTARCCDLPFPEQACCAEEEKLTFINDLCGPRRNIW\nRDPALCCYLSPGDEQVNCFNINYLRNVALVSGDTENAKGQGEQGSTGGTNISSTSEPKEE',
       'sp|Q14512|FGFP1_HUMAN Fibroblast growth factor-binding protein 1 OS=Homo sapiens OX=9606 GN=FGFBP1 PE=1 SV=1\nMKICSLTLLSFLLLAAQVLLVEGKKKVKNGLHSKVVSEQKDTLGNTQIKQKSRPGNKGKF\nVTKDQANCRWAATEQEEGISLKVECTQLDHEFSCVFAGNPTSCLKLKDERVYWKQVARNL\nRSQKDICRYSKTAVKTRVCRKDFPESSLKLVSSTLFGNTKPRKEKTEMSPREHIKGKETT\nPSSLAVTQTMATKAPECVEDPDMANQRKTALEFCGETWSSLCTFFLSIVQDTSC',
       'sp|Q8R2Z5|VWA1_MOUSE von Willebrand factor A domain-containing protein 1 OS=Mus musculus OX=10090 GN=Vwa1 PE=1 SV=1\nMLFWTAFSMALSLRLALARSSIERGSTASDPQGDLLFLLDSSASVSHYEFSRVREFVGQL\nVATMSFGPGALRASLVHVGSQPHTEFTFDQYSSGQAIQDAIRVAPQRMGDTNTGLALAYA\nKEQLFAEEAGARPGVPKVLVWVTDGGSSDPVGPPMQELKDLGVTIFIVSTGRGNLLELLA\nAASAPAEKHLHFVDVDDLPIIARELRGSITDAMQPQQLHASEVLSSGFRLSWPPLLTADS\nGYYVLELVPSGKLATTRRQQLPGNATSWTWTDLDPDTDYEVSLLPESNVHLLRPQHVRVR\nTLQEEAGPERIVISHARPRSLRVSWAPALGPDSALGYHVQLGPLQGGSLERVEVPAGQNS\nTTVQGLTPCTTYLVTVTAAFRSGRQRALSAKACTASGARTRAPQSMRPEAGPREP',
       'tr|O08591|O08591_RAT Perlecan (Fragment) OS=Rattus norvegicus OX=10116 GN=Hspg2 PE=2 SV=1\nPGQYGAYFQDNGFLALPGNSFSRSLPEVPETIEFEVRTSTANGLLLWQGVAKESSRSKDF\nISLGLQDG' ] } ]
[ '>sp|Q16610|ECM1_HUMAN Extracellular matrix protein 1 OS=Homo sapiens OX=9606 GN=ECM1 PE=1 SV=2\nMGTTARAALVLTYLAVASAASEGGFTATGQRQLRPEHFQEVGYAAPPSPPLSRSLPMDHP\nDSSQHGPPFEGQSQVQPPPSQEATPLQQEKLLPAQLPAEKEVGPPLPQEAVPLQKELPSL\nQHPNEQKEGTPAPFGDQSHPEPESWNAAQHCQQDRSQGGWGHRLDGFPPGRPSPDNLNQI\nCLPNRQHVVYGPWNLPQSSYSHLTRQGETLNFLEIGYSRCCHCRSHTNRLECAKLVWEEA\nMSRFCEAEFSVKTRPHWCCTRQGEARFSCFQEEAPQPHYQLRACPSHQPDISSGLELPFP\nPGVPTLDNIKNICHLRRFRSVPRNLPATDPLQRELLALIQLEREFQRCCRQGNNHTCTWK\nAWEDTLDKYCDREYAVKTHHHLCCRHPPSPTRDECFARRAPYPNYDRDILTIDIGRVTPN\nLMGHLCGNQRVLTKHKHIPGLIHNMTARCCDLPFPEQACCAEEEKLTFINDLCGPRRNIW\nRDPALCCYLSPGDEQVNCFNINYLRNVALVSGDTENAKGQGEQGSTGGTNISSTSEPKEE',
  'sp|Q14512|FGFP1_HUMAN Fibroblast growth factor-binding protein 1 OS=Homo sapiens OX=9606 GN=FGFBP1 PE=1 SV=1\nMKICSLTLLSFLLLAAQVLLVEGKKKVKNGLHSKVVSEQKDTLGNTQIKQKSRPGNKGKF\nVTKDQANCRWAATEQEEGISLKVECTQLDHEFSCVFAGNPTSCLKLKDERVYWKQVARNL\nRSQKDICRYSKTAVKTRVCRKDFPESSLKLVSSTLFGNTKPRKEKTEMSPREHIKGKETT\nPSSLAVTQTMATKAPECVEDPDMANQRKTALEFCGETWSSLCTFFLSIVQDTSC',
  'sp|Q8R2Z5|VWA1_MOUSE von Willebrand factor A domain-containing protein 1 OS=Mus musculus OX=10090 GN=Vwa1 PE=1 SV=1\nMLFWTAFSMALSLRLALARSSIERGSTASDPQGDLLFLLDSSASVSHYEFSRVREFVGQL\nVATMSFGPGALRASLVHVGSQPHTEFTFDQYSSGQAIQDAIRVAPQRMGDTNTGLALAYA\nKEQLFAEEAGARPGVPKVLVWVTDGGSSDPVGPPMQELKDLGVTIFIVSTGRGNLLELLA\nAASAPAEKHLHFVDVDDLPIIARELRGSITDAMQPQQLHASEVLSSGFRLSWPPLLTADS\nGYYVLELVPSGKLATTRRQQLPGNATSWTWTDLDPDTDYEVSLLPESNVHLLRPQHVRVR\nTLQEEAGPERIVISHARPRSLRVSWAPALGPDSALGYHVQLGPLQGGSLERVEVPAGQNS\nTTVQGLTPCTTYLVTVTAAFRSGRQRALSAKACTASGARTRAPQSMRPEAGPREP',
  'tr|O08591|O08591_RAT Perlecan (Fragment) OS=Rattus norvegicus OX=10116 GN=Hspg2 PE=2 SV=1\nPGQYGAYFQDNGFLALPGNSFSRSLPEVPETIEFEVRTSTANGLLLWQGVAKESSRSKDF\nISLGLQDG' ]
**object
passing >sp|Q16610|ECM1_HUMAN Extracellular matrix protein 1 OS=Homo sapiens OX=9606 GN=ECM1 PE=1 SV=2
MGTTARAALVLTYLAVASAASEGGFTATGQRQLRPEHFQEVGYAAPPSPPLSRSLPMDHP
DSSQHGPPFEGQSQVQPPPSQEATPLQQEKLLPAQLPAEKEVGPPLPQEAVPLQKELPSL
QHPNEQKEGTPAPFGDQSHPEPESWNAAQHCQQDRSQGGWGHRLDGFPPGRPSPDNLNQI
CLPNRQHVVYGPWNLPQSSYSHLTRQGETLNFLEIGYSRCCHCRSHTNRLECAKLVWEEA
MSRFCEAEFSVKTRPHWCCTRQGEARFSCFQEEAPQPHYQLRACPSHQPDISSGLELPFP
PGVPTLDNIKNICHLRRFRSVPRNLPATDPLQRELLALIQLEREFQRCCRQGNNHTCTWK
AWEDTLDKYCDREYAVKTHHHLCCRHPPSPTRDECFARRAPYPNYDRDILTIDIGRVTPN
LMGHLCGNQRVLTKHKHIPGLIHNMTARCCDLPFPEQACCAEEEKLTFINDLCGPRRNIW
RDPALCCYLSPGDEQVNCFNINYLRNVALVSGDTENAKGQGEQGSTGGTNISSTSEPKEE to atomic blast task
passing sp|Q14512|FGFP1_HUMAN Fibroblast growth factor-binding protein 1 OS=Homo sapiens OX=9606 GN=FGFBP1 PE=1 SV=1
MKICSLTLLSFLLLAAQVLLVEGKKKVKNGLHSKVVSEQKDTLGNTQIKQKSRPGNKGKF
VTKDQANCRWAATEQEEGISLKVECTQLDHEFSCVFAGNPTSCLKLKDERVYWKQVARNL
RSQKDICRYSKTAVKTRVCRKDFPESSLKLVSSTLFGNTKPRKEKTEMSPREHIKGKETT
PSSLAVTQTMATKAPECVEDPDMANQRKTALEFCGETWSSLCTFFLSIVQDTSC to atomic blast task
passing sp|Q8R2Z5|VWA1_MOUSE von Willebrand factor A domain-containing protein 1 OS=Mus musculus OX=10090 GN=Vwa1 PE=1 SV=1
MLFWTAFSMALSLRLALARSSIERGSTASDPQGDLLFLLDSSASVSHYEFSRVREFVGQL
VATMSFGPGALRASLVHVGSQPHTEFTFDQYSSGQAIQDAIRVAPQRMGDTNTGLALAYA
KEQLFAEEAGARPGVPKVLVWVTDGGSSDPVGPPMQELKDLGVTIFIVSTGRGNLLELLA
AASAPAEKHLHFVDVDDLPIIARELRGSITDAMQPQQLHASEVLSSGFRLSWPPLLTADS
GYYVLELVPSGKLATTRRQQLPGNATSWTWTDLDPDTDYEVSLLPESNVHLLRPQHVRVR
TLQEEAGPERIVISHARPRSLRVSWAPALGPDSALGYHVQLGPLQGGSLERVEVPAGQNS
TTVQGLTPCTTYLVTVTAAFRSGRQRALSAKACTASGARTRAPQSMRPEAGPREP to atomic blast task
passing tr|O08591|O08591_RAT Perlecan (Fragment) OS=Rattus norvegicus OX=10116 GN=Hspg2 PE=2 SV=1
PGQYGAYFQDNGFLALPGNSFSRSLPEVPETIEFEVRTSTANGLLLWQGVAKESSRSKDF
ISLGLQDG to atomic blast task
[34mDEBUG[39m: json array to concatenate = 
[ { inputMFasta: 
     [ '>sp|Q16610|ECM1_HUMAN Extracellular matrix protein 1 OS=Homo sapiens OX=9606 GN=ECM1 PE=1 SV=2\nMGTTARAALVLTYLAVASAASEGGFTATGQRQLRPEHFQEVGYAAPPSPPLSRSLPMDHP\nDSSQHGPPFEGQSQVQPPPSQEATPLQQEKLLPAQLPAEKEVGPPLPQEAVPLQKELPSL\nQHPNEQKEGTPAPFGDQSHPEPESWNAAQHCQQDRSQGGWGHRLDGFPPGRPSPDNLNQI\nCLPNRQHVVYGPWNLPQSSYSHLTRQGETLNFLEIGYSRCCHCRSHTNRLECAKLVWEEA\nMSRFCEAEFSVKTRPHWCCTRQGEARFSCFQEEAPQPHYQLRACPSHQPDISSGLELPFP\nPGVPTLDNIKNICHLRRFRSVPRNLPATDPLQRELLALIQLEREFQRCCRQGNNHTCTWK\nAWEDTLDKYCDREYAVKTHHHLCCRHPPSPTRDECFARRAPYPNYDRDILTIDIGRVTPN\nLMGHLCGNQRVLTKHKHIPGLIHNMTARCCDLPFPEQACCAEEEKLTFINDLCGPRRNIW\nRDPALCCYLSPGDEQVNCFNINYLRNVALVSGDTENAKGQGEQGSTGGTNISSTSEPKEE',
       'sp|Q14512|FGFP1_HUMAN Fibroblast growth factor-binding protein 1 OS=Homo sapiens OX=9606 GN=FGFBP1 PE=1 SV=1\nMKICSLTLLSFLLLAAQVLLVEGKKKVKNGLHSKVVSEQKDTLGNTQIKQKSRPGNKGKF\nVTKDQANCRWAATEQEEGISLKVECTQLDHEFSCVFAGNPTSCLKLKDERVYWKQVARNL\nRSQKDICRYSKTAVKTRVCRKDFPESSLKLVSSTLFGNTKPRKEKTEMSPREHIKGKETT\nPSSLAVTQTMATKAPECVEDPDMANQRKTALEFCGETWSSLCTFFLSIVQDTSC',
       'sp|Q8R2Z5|VWA1_MOUSE von Willebrand factor A domain-containing protein 1 OS=Mus musculus OX=10090 GN=Vwa1 PE=1 SV=1\nMLFWTAFSMALSLRLALARSSIERGSTASDPQGDLLFLLDSSASVSHYEFSRVREFVGQL\nVATMSFGPGALRASLVHVGSQPHTEFTFDQYSSGQAIQDAIRVAPQRMGDTNTGLALAYA\nKEQLFAEEAGARPGVPKVLVWVTDGGSSDPVGPPMQELKDLGVTIFIVSTGRGNLLELLA\nAASAPAEKHLHFVDVDDLPIIARELRGSITDAMQPQQLHASEVLSSGFRLSWPPLLTADS\nGYYVLELVPSGKLATTRRQQLPGNATSWTWTDLDPDTDYEVSLLPESNVHLLRPQHVRVR\nTLQEEAGPERIVISHARPRSLRVSWAPALGPDSALGYHVQLGPLQGGSLERVEVPAGQNS\nTTVQGLTPCTTYLVTVTAAFRSGRQRALSAKACTASGARTRAPQSMRPEAGPREP',
       'tr|O08591|O08591_RAT Perlecan (Fragment) OS=Rattus norvegicus OX=10116 GN=Hspg2 PE=2 SV=1\nPGQYGAYFQDNGFLALPGNSFSRSLPEVPETIEFEVRTSTANGLLLWQGVAKESSRSKDF\nISLGLQDG' ] } ]
[34mDEBUG[39m: newJson = 
{ inputMFasta: 
   [ '>sp|Q16610|ECM1_HUMAN Extracellular matrix protein 1 OS=Homo sapiens OX=9606 GN=ECM1 PE=1 SV=2\nMGTTARAALVLTYLAVASAASEGGFTATGQRQLRPEHFQEVGYAAPPSPPLSRSLPMDHP\nDSSQHGPPFEGQSQVQPPPSQEATPLQQEKLLPAQLPAEKEVGPPLPQEAVPLQKELPSL\nQHPNEQKEGTPAPFGDQSHPEPESWNAAQHCQQDRSQGGWGHRLDGFPPGRPSPDNLNQI\nCLPNRQHVVYGPWNLPQSSYSHLTRQGETLNFLEIGYSRCCHCRSHTNRLECAKLVWEEA\nMSRFCEAEFSVKTRPHWCCTRQGEARFSCFQEEAPQPHYQLRACPSHQPDISSGLELPFP\nPGVPTLDNIKNICHLRRFRSVPRNLPATDPLQRELLALIQLEREFQRCCRQGNNHTCTWK\nAWEDTLDKYCDREYAVKTHHHLCCRHPPSPTRDECFARRAPYPNYDRDILTIDIGRVTPN\nLMGHLCGNQRVLTKHKHIPGLIHNMTARCCDLPFPEQACCAEEEKLTFINDLCGPRRNIW\nRDPALCCYLSPGDEQVNCFNINYLRNVALVSGDTENAKGQGEQGSTGGTNISSTSEPKEE',
     'sp|Q14512|FGFP1_HUMAN Fibroblast growth factor-binding protein 1 OS=Homo sapiens OX=9606 GN=FGFBP1 PE=1 SV=1\nMKICSLTLLSFLLLAAQVLLVEGKKKVKNGLHSKVVSEQKDTLGNTQIKQKSRPGNKGKF\nVTKDQANCRWAATEQEEGISLKVECTQLDHEFSCVFAGNPTSCLKLKDERVYWKQVARNL\nRSQKDICRYSKTAVKTRVCRKDFPESSLKLVSSTLFGNTKPRKEKTEMSPREHIKGKETT\nPSSLAVTQTMATKAPECVEDPDMANQRKTALEFCGETWSSLCTFFLSIVQDTSC',
     'sp|Q8R2Z5|VWA1_MOUSE von Willebrand factor A domain-containing protein 1 OS=Mus musculus OX=10090 GN=Vwa1 PE=1 SV=1\nMLFWTAFSMALSLRLALARSSIERGSTASDPQGDLLFLLDSSASVSHYEFSRVREFVGQL\nVATMSFGPGALRASLVHVGSQPHTEFTFDQYSSGQAIQDAIRVAPQRMGDTNTGLALAYA\nKEQLFAEEAGARPGVPKVLVWVTDGGSSDPVGPPMQELKDLGVTIFIVSTGRGNLLELLA\nAASAPAEKHLHFVDVDDLPIIARELRGSITDAMQPQQLHASEVLSSGFRLSWPPLLTADS\nGYYVLELVPSGKLATTRRQQLPGNATSWTWTDLDPDTDYEVSLLPESNVHLLRPQHVRVR\nTLQEEAGPERIVISHARPRSLRVSWAPALGPDSALGYHVQLGPLQGGSLERVEVPAGQNS\nTTVQGLTPCTTYLVTVTAAFRSGRQRALSAKACTASGARTRAPQSMRPEAGPREP',
     'tr|O08591|O08591_RAT Perlecan (Fragment) OS=Rattus norvegicus OX=10116 GN=Hspg2 PE=2 SV=1\nPGQYGAYFQDNGFLALPGNSFSRSLPEVPETIEFEVRTSTANGLLLWQGVAKESSRSKDF\nISLGLQDG' ] }
[34mDEBUG[39m: slotArray[i] : 
slot {
  _writableState: 
   WritableState {
     objectMode: false,
     highWaterMark: 16384,
     needDrain: false,
     ending: false,
     ended: false,
     finished: false,
     decodeStrings: true,
     defaultEncoding: 'utf8',
     length: 665,
     writing: true,
     corked: 0,
     sync: true,
     bufferProcessing: false,
     onwrite: [Function],
     writecb: [Function: nop],
     writelen: 665,
     bufferedRequest: null,
     lastBufferedRequest: null,
     pendingcb: 1,
     prefinished: false,
     errorEmitted: false,
     bufferedRequestCount: 0,
     corkedRequestsFree: CorkedRequest { next: null, entry: null, finish: [Function] } },
  writable: true,
  domain: null,
  _events: 
   { unpipe: [Function: onunpipe],
     drain: [Function],
     error: [Function: onerror],
     close: { [Function: g] listener: [Function: onclose] },
     finish: { [Function: g] listener: [Function: onfinish] } },
  _eventsCount: 5,
  _maxListeners: undefined,
  streamContent: '{"inputF":">sp|Q16610|ECM1_HUMAN Extracellular matrix protein 1 OS=Homo sapiens OX=9606 GN=ECM1 PE=1 SV=2\\nMGTTARAALVLTYLAVASAASEGGFTATGQRQLRPEHFQEVGYAAPPSPPLSRSLPMDHP\\nDSSQHGPPFEGQSQVQPPPSQEATPLQQEKLLPAQLPAEKEVGPPLPQEAVPLQKELPSL\\nQHPNEQKEGTPAPFGDQSHPEPESWNAAQHCQQDRSQGGWGHRLDGFPPGRPSPDNLNQI\\nCLPNRQHVVYGPWNLPQSSYSHLTRQGETLNFLEIGYSRCCHCRSHTNRLECAKLVWEEA\\nMSRFCEAEFSVKTRPHWCCTRQGEARFSCFQEEAPQPHYQLRACPSHQPDISSGLELPFP\\nPGVPTLDNIKNICHLRRFRSVPRNLPATDPLQRELLALIQLEREFQRCCRQGNNHTCTWK\\nAWEDTLDKYCDREYAVKTHHHLCCRHPPSPTRDECFARRAPYPNYDRDILTIDIGRVTPN\\nLMGHLCGNQRVLTKHKHIPGLIHNMTARCCDLPFPEQACCAEEEKLTFINDLCGPRRNIW\\nRDPALCCYLSPGDEQVNCFNINYLRNVALVSGDTENAKGQGEQGSTGGTNISSTSEPKEE"}',
  jsonContent: [],
  symbol: 'inputF' }
[34mDEBUG[39m: jsonTab = 
[ { inputF: '>sp|Q16610|ECM1_HUMAN Extracellular matrix protein 1 OS=Homo sapiens OX=9606 GN=ECM1 PE=1 SV=2\nMGTTARAALVLTYLAVASAASEGGFTATGQRQLRPEHFQEVGYAAPPSPPLSRSLPMDHP\nDSSQHGPPFEGQSQVQPPPSQEATPLQQEKLLPAQLPAEKEVGPPLPQEAVPLQKELPSL\nQHPNEQKEGTPAPFGDQSHPEPESWNAAQHCQQDRSQGGWGHRLDGFPPGRPSPDNLNQI\nCLPNRQHVVYGPWNLPQSSYSHLTRQGETLNFLEIGYSRCCHCRSHTNRLECAKLVWEEA\nMSRFCEAEFSVKTRPHWCCTRQGEARFSCFQEEAPQPHYQLRACPSHQPDISSGLELPFP\nPGVPTLDNIKNICHLRRFRSVPRNLPATDPLQRELLALIQLEREFQRCCRQGNNHTCTWK\nAWEDTLDKYCDREYAVKTHHHLCCRHPPSPTRDECFARRAPYPNYDRDILTIDIGRVTPN\nLMGHLCGNQRVLTKHKHIPGLIHNMTARCCDLPFPEQACCAEEEKLTFINDLCGPRRNIW\nRDPALCCYLSPGDEQVNCFNINYLRNVALVSGDTENAKGQGEQGSTGGTNISSTSEPKEE' } ]
[34mDEBUG[39m: jsonContent of inputF = 
[ { inputF: '>sp|Q16610|ECM1_HUMAN Extracellular matrix protein 1 OS=Homo sapiens OX=9606 GN=ECM1 PE=1 SV=2\nMGTTARAALVLTYLAVASAASEGGFTATGQRQLRPEHFQEVGYAAPPSPPLSRSLPMDHP\nDSSQHGPPFEGQSQVQPPPSQEATPLQQEKLLPAQLPAEKEVGPPLPQEAVPLQKELPSL\nQHPNEQKEGTPAPFGDQSHPEPESWNAAQHCQQDRSQGGWGHRLDGFPPGRPSPDNLNQI\nCLPNRQHVVYGPWNLPQSSYSHLTRQGETLNFLEIGYSRCCHCRSHTNRLECAKLVWEEA\nMSRFCEAEFSVKTRPHWCCTRQGEARFSCFQEEAPQPHYQLRACPSHQPDISSGLELPFP\nPGVPTLDNIKNICHLRRFRSVPRNLPATDPLQRELLALIQLEREFQRCCRQGNNHTCTWK\nAWEDTLDKYCDREYAVKTHHHLCCRHPPSPTRDECFARRAPYPNYDRDILTIDIGRVTPN\nLMGHLCGNQRVLTKHKHIPGLIHNMTARCCDLPFPEQACCAEEEKLTFINDLCGPRRNIW\nRDPALCCYLSPGDEQVNCFNINYLRNVALVSGDTENAKGQGEQGSTGGTNISSTSEPKEE' } ]
[34mDEBUG[39m: inputArray = 
[ { inputF: '>sp|Q16610|ECM1_HUMAN Extracellular matrix protein 1 OS=Homo sapiens OX=9606 GN=ECM1 PE=1 SV=2\nMGTTARAALVLTYLAVASAASEGGFTATGQRQLRPEHFQEVGYAAPPSPPLSRSLPMDHP\nDSSQHGPPFEGQSQVQPPPSQEATPLQQEKLLPAQLPAEKEVGPPLPQEAVPLQKELPSL\nQHPNEQKEGTPAPFGDQSHPEPESWNAAQHCQQDRSQGGWGHRLDGFPPGRPSPDNLNQI\nCLPNRQHVVYGPWNLPQSSYSHLTRQGETLNFLEIGYSRCCHCRSHTNRLECAKLVWEEA\nMSRFCEAEFSVKTRPHWCCTRQGEARFSCFQEEAPQPHYQLRACPSHQPDISSGLELPFP\nPGVPTLDNIKNICHLRRFRSVPRNLPATDPLQRELLALIQLEREFQRCCRQGNNHTCTWK\nAWEDTLDKYCDREYAVKTHHHLCCRHPPSPTRDECFARRAPYPNYDRDILTIDIGRVTPN\nLMGHLCGNQRVLTKHKHIPGLIHNMTARCCDLPFPEQACCAEEEKLTFINDLCGPRRNIW\nRDPALCCYLSPGDEQVNCFNINYLRNVALVSGDTENAKGQGEQGSTGGTNISSTSEPKEE' } ]
[34mDEBUG[39m: json array to concatenate = 
[ { inputF: '>sp|Q16610|ECM1_HUMAN Extracellular matrix protein 1 OS=Homo sapiens OX=9606 GN=ECM1 PE=1 SV=2\nMGTTARAALVLTYLAVASAASEGGFTATGQRQLRPEHFQEVGYAAPPSPPLSRSLPMDHP\nDSSQHGPPFEGQSQVQPPPSQEATPLQQEKLLPAQLPAEKEVGPPLPQEAVPLQKELPSL\nQHPNEQKEGTPAPFGDQSHPEPESWNAAQHCQQDRSQGGWGHRLDGFPPGRPSPDNLNQI\nCLPNRQHVVYGPWNLPQSSYSHLTRQGETLNFLEIGYSRCCHCRSHTNRLECAKLVWEEA\nMSRFCEAEFSVKTRPHWCCTRQGEARFSCFQEEAPQPHYQLRACPSHQPDISSGLELPFP\nPGVPTLDNIKNICHLRRFRSVPRNLPATDPLQRELLALIQLEREFQRCCRQGNNHTCTWK\nAWEDTLDKYCDREYAVKTHHHLCCRHPPSPTRDECFARRAPYPNYDRDILTIDIGRVTPN\nLMGHLCGNQRVLTKHKHIPGLIHNMTARCCDLPFPEQACCAEEEKLTFINDLCGPRRNIW\nRDPALCCYLSPGDEQVNCFNINYLRNVALVSGDTENAKGQGEQGSTGGTNISSTSEPKEE' } ]
[34mDEBUG[39m: newJson = 
{ inputF: '>sp|Q16610|ECM1_HUMAN Extracellular matrix protein 1 OS=Homo sapiens OX=9606 GN=ECM1 PE=1 SV=2\nMGTTARAALVLTYLAVASAASEGGFTATGQRQLRPEHFQEVGYAAPPSPPLSRSLPMDHP\nDSSQHGPPFEGQSQVQPPPSQEATPLQQEKLLPAQLPAEKEVGPPLPQEAVPLQKELPSL\nQHPNEQKEGTPAPFGDQSHPEPESWNAAQHCQQDRSQGGWGHRLDGFPPGRPSPDNLNQI\nCLPNRQHVVYGPWNLPQSSYSHLTRQGETLNFLEIGYSRCCHCRSHTNRLECAKLVWEEA\nMSRFCEAEFSVKTRPHWCCTRQGEARFSCFQEEAPQPHYQLRACPSHQPDISSGLELPFP\nPGVPTLDNIKNICHLRRFRSVPRNLPATDPLQRELLALIQLEREFQRCCRQGNNHTCTWK\nAWEDTLDKYCDREYAVKTHHHLCCRHPPSPTRDECFARRAPYPNYDRDILTIDIGRVTPN\nLMGHLCGNQRVLTKHKHIPGLIHNMTARCCDLPFPEQACCAEEEKLTFINDLCGPRRNIW\nRDPALCCYLSPGDEQVNCFNINYLRNVALVSGDTENAKGQGEQGSTGGTNISSTSEPKEE' }
[34mDEBUG[39m: jobOpt = {"tagTask":"blasttask","script":"/home/glaunay/work/blastmap/node_modules/blasttask/build/../data/coreScript.sh","modules":["ncbi-blast/2.2.26","blastXMLtoJSON"],"exportVar":{"dbPath":"nr70","eValue":"0.1","nbIter":"1","maxSeq":"50"},"inputs":{"inputF":">sp|Q16610|ECM1_HUMAN Extracellular matrix protein 1 OS=Homo sapiens OX=9606 GN=ECM1 PE=1 SV=2\nMGTTARAALVLTYLAVASAASEGGFTATGQRQLRPEHFQEVGYAAPPSPPLSRSLPMDHP\nDSSQHGPPFEGQSQVQPPPSQEATPLQQEKLLPAQLPAEKEVGPPLPQEAVPLQKELPSL\nQHPNEQKEGTPAPFGDQSHPEPESWNAAQHCQQDRSQGGWGHRLDGFPPGRPSPDNLNQI\nCLPNRQHVVYGPWNLPQSSYSHLTRQGETLNFLEIGYSRCCHCRSHTNRLECAKLVWEEA\nMSRFCEAEFSVKTRPHWCCTRQGEARFSCFQEEAPQPHYQLRACPSHQPDISSGLELPFP\nPGVPTLDNIKNICHLRRFRSVPRNLPATDPLQRELLALIQLEREFQRCCRQGNNHTCTWK\nAWEDTLDKYCDREYAVKTHHHLCCRHPPSPTRDECFARRAPYPNYDRDILTIDIGRVTPN\nLMGHLCGNQRVLTKHKHIPGLIHNMTARCCDLPFPEQACCAEEEKLTFINDLCGPRRNIW\nRDPALCCYLSPGDEQVNCFNINYLRNVALVSGDTENAKGQGEQGSTGGTNISSTSEPKEE"}}
warn: Provided input named inputF is not a file, assuming a string
[34mDEBUG[39m: slotArray[i] : 
slot {
  _writableState: 
   WritableState {
     objectMode: false,
     highWaterMark: 16384,
     needDrain: false,
     ending: false,
     ended: false,
     finished: false,
     decodeStrings: true,
     defaultEncoding: 'utf8',
     length: 363,
     writing: true,
     corked: 0,
     sync: true,
     bufferProcessing: false,
     onwrite: [Function],
     writecb: [Function: nop],
     writelen: 363,
     bufferedRequest: null,
     lastBufferedRequest: null,
     pendingcb: 1,
     prefinished: false,
     errorEmitted: false,
     bufferedRequestCount: 0,
     corkedRequestsFree: CorkedRequest { next: null, entry: null, finish: [Function] } },
  writable: true,
  domain: null,
  _events: 
   { unpipe: [Function: onunpipe],
     drain: [Function],
     error: [Function: onerror],
     close: { [Function: g] listener: [Function: onclose] },
     finish: { [Function: g] listener: [Function: onfinish] } },
  _eventsCount: 5,
  _maxListeners: undefined,
  streamContent: '{"inputF":"sp|Q14512|FGFP1_HUMAN Fibroblast growth factor-binding protein 1 OS=Homo sapiens OX=9606 GN=FGFBP1 PE=1 SV=1\\nMKICSLTLLSFLLLAAQVLLVEGKKKVKNGLHSKVVSEQKDTLGNTQIKQKSRPGNKGKF\\nVTKDQANCRWAATEQEEGISLKVECTQLDHEFSCVFAGNPTSCLKLKDERVYWKQVARNL\\nRSQKDICRYSKTAVKTRVCRKDFPESSLKLVSSTLFGNTKPRKEKTEMSPREHIKGKETT\\nPSSLAVTQTMATKAPECVEDPDMANQRKTALEFCGETWSSLCTFFLSIVQDTSC"}',
  jsonContent: [],
  symbol: 'inputF' }
[34mDEBUG[39m: jsonTab = 
[ { inputF: 'sp|Q14512|FGFP1_HUMAN Fibroblast growth factor-binding protein 1 OS=Homo sapiens OX=9606 GN=FGFBP1 PE=1 SV=1\nMKICSLTLLSFLLLAAQVLLVEGKKKVKNGLHSKVVSEQKDTLGNTQIKQKSRPGNKGKF\nVTKDQANCRWAATEQEEGISLKVECTQLDHEFSCVFAGNPTSCLKLKDERVYWKQVARNL\nRSQKDICRYSKTAVKTRVCRKDFPESSLKLVSSTLFGNTKPRKEKTEMSPREHIKGKETT\nPSSLAVTQTMATKAPECVEDPDMANQRKTALEFCGETWSSLCTFFLSIVQDTSC' } ]
[34mDEBUG[39m: jsonContent of inputF = 
[ { inputF: 'sp|Q14512|FGFP1_HUMAN Fibroblast growth factor-binding protein 1 OS=Homo sapiens OX=9606 GN=FGFBP1 PE=1 SV=1\nMKICSLTLLSFLLLAAQVLLVEGKKKVKNGLHSKVVSEQKDTLGNTQIKQKSRPGNKGKF\nVTKDQANCRWAATEQEEGISLKVECTQLDHEFSCVFAGNPTSCLKLKDERVYWKQVARNL\nRSQKDICRYSKTAVKTRVCRKDFPESSLKLVSSTLFGNTKPRKEKTEMSPREHIKGKETT\nPSSLAVTQTMATKAPECVEDPDMANQRKTALEFCGETWSSLCTFFLSIVQDTSC' } ]
[34mDEBUG[39m: inputArray = 
[ { inputF: 'sp|Q14512|FGFP1_HUMAN Fibroblast growth factor-binding protein 1 OS=Homo sapiens OX=9606 GN=FGFBP1 PE=1 SV=1\nMKICSLTLLSFLLLAAQVLLVEGKKKVKNGLHSKVVSEQKDTLGNTQIKQKSRPGNKGKF\nVTKDQANCRWAATEQEEGISLKVECTQLDHEFSCVFAGNPTSCLKLKDERVYWKQVARNL\nRSQKDICRYSKTAVKTRVCRKDFPESSLKLVSSTLFGNTKPRKEKTEMSPREHIKGKETT\nPSSLAVTQTMATKAPECVEDPDMANQRKTALEFCGETWSSLCTFFLSIVQDTSC' } ]
[34mDEBUG[39m: json array to concatenate = 
[ { inputF: 'sp|Q14512|FGFP1_HUMAN Fibroblast growth factor-binding protein 1 OS=Homo sapiens OX=9606 GN=FGFBP1 PE=1 SV=1\nMKICSLTLLSFLLLAAQVLLVEGKKKVKNGLHSKVVSEQKDTLGNTQIKQKSRPGNKGKF\nVTKDQANCRWAATEQEEGISLKVECTQLDHEFSCVFAGNPTSCLKLKDERVYWKQVARNL\nRSQKDICRYSKTAVKTRVCRKDFPESSLKLVSSTLFGNTKPRKEKTEMSPREHIKGKETT\nPSSLAVTQTMATKAPECVEDPDMANQRKTALEFCGETWSSLCTFFLSIVQDTSC' } ]
[34mDEBUG[39m: newJson = 
{ inputF: 'sp|Q14512|FGFP1_HUMAN Fibroblast growth factor-binding protein 1 OS=Homo sapiens OX=9606 GN=FGFBP1 PE=1 SV=1\nMKICSLTLLSFLLLAAQVLLVEGKKKVKNGLHSKVVSEQKDTLGNTQIKQKSRPGNKGKF\nVTKDQANCRWAATEQEEGISLKVECTQLDHEFSCVFAGNPTSCLKLKDERVYWKQVARNL\nRSQKDICRYSKTAVKTRVCRKDFPESSLKLVSSTLFGNTKPRKEKTEMSPREHIKGKETT\nPSSLAVTQTMATKAPECVEDPDMANQRKTALEFCGETWSSLCTFFLSIVQDTSC' }
[34mDEBUG[39m: jobOpt = {"tagTask":"blasttask","script":"/home/glaunay/work/blastmap/node_modules/blasttask/build/../data/coreScript.sh","modules":["ncbi-blast/2.2.26","blastXMLtoJSON"],"exportVar":{"dbPath":"nr70","eValue":"0.1","nbIter":"1","maxSeq":"50"},"inputs":{"inputF":"sp|Q14512|FGFP1_HUMAN Fibroblast growth factor-binding protein 1 OS=Homo sapiens OX=9606 GN=FGFBP1 PE=1 SV=1\nMKICSLTLLSFLLLAAQVLLVEGKKKVKNGLHSKVVSEQKDTLGNTQIKQKSRPGNKGKF\nVTKDQANCRWAATEQEEGISLKVECTQLDHEFSCVFAGNPTSCLKLKDERVYWKQVARNL\nRSQKDICRYSKTAVKTRVCRKDFPESSLKLVSSTLFGNTKPRKEKTEMSPREHIKGKETT\nPSSLAVTQTMATKAPECVEDPDMANQRKTALEFCGETWSSLCTFFLSIVQDTSC"}}
warn: Provided input named inputF is not a file, assuming a string
[34mDEBUG[39m: slotArray[i] : 
slot {
  _writableState: 
   WritableState {
     objectMode: false,
     highWaterMark: 16384,
     needDrain: false,
     ending: false,
     ended: false,
     finished: false,
     decodeStrings: true,
     defaultEncoding: 'utf8',
     length: 557,
     writing: true,
     corked: 0,
     sync: true,
     bufferProcessing: false,
     onwrite: [Function],
     writecb: [Function: nop],
     writelen: 557,
     bufferedRequest: null,
     lastBufferedRequest: null,
     pendingcb: 1,
     prefinished: false,
     errorEmitted: false,
     bufferedRequestCount: 0,
     corkedRequestsFree: CorkedRequest { next: null, entry: null, finish: [Function] } },
  writable: true,
  domain: null,
  _events: 
   { unpipe: [Function: onunpipe],
     drain: [Function],
     error: [Function: onerror],
     close: { [Function: g] listener: [Function: onclose] },
     finish: { [Function: g] listener: [Function: onfinish] } },
  _eventsCount: 5,
  _maxListeners: undefined,
  streamContent: '{"inputF":"sp|Q8R2Z5|VWA1_MOUSE von Willebrand factor A domain-containing protein 1 OS=Mus musculus OX=10090 GN=Vwa1 PE=1 SV=1\\nMLFWTAFSMALSLRLALARSSIERGSTASDPQGDLLFLLDSSASVSHYEFSRVREFVGQL\\nVATMSFGPGALRASLVHVGSQPHTEFTFDQYSSGQAIQDAIRVAPQRMGDTNTGLALAYA\\nKEQLFAEEAGARPGVPKVLVWVTDGGSSDPVGPPMQELKDLGVTIFIVSTGRGNLLELLA\\nAASAPAEKHLHFVDVDDLPIIARELRGSITDAMQPQQLHASEVLSSGFRLSWPPLLTADS\\nGYYVLELVPSGKLATTRRQQLPGNATSWTWTDLDPDTDYEVSLLPESNVHLLRPQHVRVR\\nTLQEEAGPERIVISHARPRSLRVSWAPALGPDSALGYHVQLGPLQGGSLERVEVPAGQNS\\nTTVQGLTPCTTYLVTVTAAFRSGRQRALSAKACTASGARTRAPQSMRPEAGPREP"}',
  jsonContent: [],
  symbol: 'inputF' }
[34mDEBUG[39m: jsonTab = 
[ { inputF: 'sp|Q8R2Z5|VWA1_MOUSE von Willebrand factor A domain-containing protein 1 OS=Mus musculus OX=10090 GN=Vwa1 PE=1 SV=1\nMLFWTAFSMALSLRLALARSSIERGSTASDPQGDLLFLLDSSASVSHYEFSRVREFVGQL\nVATMSFGPGALRASLVHVGSQPHTEFTFDQYSSGQAIQDAIRVAPQRMGDTNTGLALAYA\nKEQLFAEEAGARPGVPKVLVWVTDGGSSDPVGPPMQELKDLGVTIFIVSTGRGNLLELLA\nAASAPAEKHLHFVDVDDLPIIARELRGSITDAMQPQQLHASEVLSSGFRLSWPPLLTADS\nGYYVLELVPSGKLATTRRQQLPGNATSWTWTDLDPDTDYEVSLLPESNVHLLRPQHVRVR\nTLQEEAGPERIVISHARPRSLRVSWAPALGPDSALGYHVQLGPLQGGSLERVEVPAGQNS\nTTVQGLTPCTTYLVTVTAAFRSGRQRALSAKACTASGARTRAPQSMRPEAGPREP' } ]
[34mDEBUG[39m: jsonContent of inputF = 
[ { inputF: 'sp|Q8R2Z5|VWA1_MOUSE von Willebrand factor A domain-containing protein 1 OS=Mus musculus OX=10090 GN=Vwa1 PE=1 SV=1\nMLFWTAFSMALSLRLALARSSIERGSTASDPQGDLLFLLDSSASVSHYEFSRVREFVGQL\nVATMSFGPGALRASLVHVGSQPHTEFTFDQYSSGQAIQDAIRVAPQRMGDTNTGLALAYA\nKEQLFAEEAGARPGVPKVLVWVTDGGSSDPVGPPMQELKDLGVTIFIVSTGRGNLLELLA\nAASAPAEKHLHFVDVDDLPIIARELRGSITDAMQPQQLHASEVLSSGFRLSWPPLLTADS\nGYYVLELVPSGKLATTRRQQLPGNATSWTWTDLDPDTDYEVSLLPESNVHLLRPQHVRVR\nTLQEEAGPERIVISHARPRSLRVSWAPALGPDSALGYHVQLGPLQGGSLERVEVPAGQNS\nTTVQGLTPCTTYLVTVTAAFRSGRQRALSAKACTASGARTRAPQSMRPEAGPREP' } ]
[34mDEBUG[39m: inputArray = 
[ { inputF: 'sp|Q8R2Z5|VWA1_MOUSE von Willebrand factor A domain-containing protein 1 OS=Mus musculus OX=10090 GN=Vwa1 PE=1 SV=1\nMLFWTAFSMALSLRLALARSSIERGSTASDPQGDLLFLLDSSASVSHYEFSRVREFVGQL\nVATMSFGPGALRASLVHVGSQPHTEFTFDQYSSGQAIQDAIRVAPQRMGDTNTGLALAYA\nKEQLFAEEAGARPGVPKVLVWVTDGGSSDPVGPPMQELKDLGVTIFIVSTGRGNLLELLA\nAASAPAEKHLHFVDVDDLPIIARELRGSITDAMQPQQLHASEVLSSGFRLSWPPLLTADS\nGYYVLELVPSGKLATTRRQQLPGNATSWTWTDLDPDTDYEVSLLPESNVHLLRPQHVRVR\nTLQEEAGPERIVISHARPRSLRVSWAPALGPDSALGYHVQLGPLQGGSLERVEVPAGQNS\nTTVQGLTPCTTYLVTVTAAFRSGRQRALSAKACTASGARTRAPQSMRPEAGPREP' } ]
[34mDEBUG[39m: json array to concatenate = 
[ { inputF: 'sp|Q8R2Z5|VWA1_MOUSE von Willebrand factor A domain-containing protein 1 OS=Mus musculus OX=10090 GN=Vwa1 PE=1 SV=1\nMLFWTAFSMALSLRLALARSSIERGSTASDPQGDLLFLLDSSASVSHYEFSRVREFVGQL\nVATMSFGPGALRASLVHVGSQPHTEFTFDQYSSGQAIQDAIRVAPQRMGDTNTGLALAYA\nKEQLFAEEAGARPGVPKVLVWVTDGGSSDPVGPPMQELKDLGVTIFIVSTGRGNLLELLA\nAASAPAEKHLHFVDVDDLPIIARELRGSITDAMQPQQLHASEVLSSGFRLSWPPLLTADS\nGYYVLELVPSGKLATTRRQQLPGNATSWTWTDLDPDTDYEVSLLPESNVHLLRPQHVRVR\nTLQEEAGPERIVISHARPRSLRVSWAPALGPDSALGYHVQLGPLQGGSLERVEVPAGQNS\nTTVQGLTPCTTYLVTVTAAFRSGRQRALSAKACTASGARTRAPQSMRPEAGPREP' } ]
[34mDEBUG[39m: newJson = 
{ inputF: 'sp|Q8R2Z5|VWA1_MOUSE von Willebrand factor A domain-containing protein 1 OS=Mus musculus OX=10090 GN=Vwa1 PE=1 SV=1\nMLFWTAFSMALSLRLALARSSIERGSTASDPQGDLLFLLDSSASVSHYEFSRVREFVGQL\nVATMSFGPGALRASLVHVGSQPHTEFTFDQYSSGQAIQDAIRVAPQRMGDTNTGLALAYA\nKEQLFAEEAGARPGVPKVLVWVTDGGSSDPVGPPMQELKDLGVTIFIVSTGRGNLLELLA\nAASAPAEKHLHFVDVDDLPIIARELRGSITDAMQPQQLHASEVLSSGFRLSWPPLLTADS\nGYYVLELVPSGKLATTRRQQLPGNATSWTWTDLDPDTDYEVSLLPESNVHLLRPQHVRVR\nTLQEEAGPERIVISHARPRSLRVSWAPALGPDSALGYHVQLGPLQGGSLERVEVPAGQNS\nTTVQGLTPCTTYLVTVTAAFRSGRQRALSAKACTASGARTRAPQSMRPEAGPREP' }
[34mDEBUG[39m: jobOpt = {"tagTask":"blasttask","script":"/home/glaunay/work/blastmap/node_modules/blasttask/build/../data/coreScript.sh","modules":["ncbi-blast/2.2.26","blastXMLtoJSON"],"exportVar":{"dbPath":"nr70","eValue":"0.1","nbIter":"1","maxSeq":"50"},"inputs":{"inputF":"sp|Q8R2Z5|VWA1_MOUSE von Willebrand factor A domain-containing protein 1 OS=Mus musculus OX=10090 GN=Vwa1 PE=1 SV=1\nMLFWTAFSMALSLRLALARSSIERGSTASDPQGDLLFLLDSSASVSHYEFSRVREFVGQL\nVATMSFGPGALRASLVHVGSQPHTEFTFDQYSSGQAIQDAIRVAPQRMGDTNTGLALAYA\nKEQLFAEEAGARPGVPKVLVWVTDGGSSDPVGPPMQELKDLGVTIFIVSTGRGNLLELLA\nAASAPAEKHLHFVDVDDLPIIARELRGSITDAMQPQQLHASEVLSSGFRLSWPPLLTADS\nGYYVLELVPSGKLATTRRQQLPGNATSWTWTDLDPDTDYEVSLLPESNVHLLRPQHVRVR\nTLQEEAGPERIVISHARPRSLRVSWAPALGPDSALGYHVQLGPLQGGSLERVEVPAGQNS\nTTVQGLTPCTTYLVTVTAAFRSGRQRALSAKACTASGARTRAPQSMRPEAGPREP"}}
warn: Provided input named inputF is not a file, assuming a string
[34mDEBUG[39m: slotArray[i] : 
slot {
  _writableState: 
   WritableState {
     objectMode: false,
     highWaterMark: 16384,
     needDrain: false,
     ending: false,
     ended: false,
     finished: false,
     decodeStrings: true,
     defaultEncoding: 'utf8',
     length: 174,
     writing: true,
     corked: 0,
     sync: true,
     bufferProcessing: false,
     onwrite: [Function],
     writecb: [Function: nop],
     writelen: 174,
     bufferedRequest: null,
     lastBufferedRequest: null,
     pendingcb: 1,
     prefinished: false,
     errorEmitted: false,
     bufferedRequestCount: 0,
     corkedRequestsFree: CorkedRequest { next: null, entry: null, finish: [Function] } },
  writable: true,
  domain: null,
  _events: 
   { unpipe: [Function: onunpipe],
     drain: [Function],
     error: [Function: onerror],
     close: { [Function: g] listener: [Function: onclose] },
     finish: { [Function: g] listener: [Function: onfinish] } },
  _eventsCount: 5,
  _maxListeners: undefined,
  streamContent: '{"inputF":"tr|O08591|O08591_RAT Perlecan (Fragment) OS=Rattus norvegicus OX=10116 GN=Hspg2 PE=2 SV=1\\nPGQYGAYFQDNGFLALPGNSFSRSLPEVPETIEFEVRTSTANGLLLWQGVAKESSRSKDF\\nISLGLQDG"}',
  jsonContent: [],
  symbol: 'inputF' }
[34mDEBUG[39m: jsonTab = 
[ { inputF: 'tr|O08591|O08591_RAT Perlecan (Fragment) OS=Rattus norvegicus OX=10116 GN=Hspg2 PE=2 SV=1\nPGQYGAYFQDNGFLALPGNSFSRSLPEVPETIEFEVRTSTANGLLLWQGVAKESSRSKDF\nISLGLQDG' } ]
[34mDEBUG[39m: jsonContent of inputF = 
[ { inputF: 'tr|O08591|O08591_RAT Perlecan (Fragment) OS=Rattus norvegicus OX=10116 GN=Hspg2 PE=2 SV=1\nPGQYGAYFQDNGFLALPGNSFSRSLPEVPETIEFEVRTSTANGLLLWQGVAKESSRSKDF\nISLGLQDG' } ]
[34mDEBUG[39m: inputArray = 
[ { inputF: 'tr|O08591|O08591_RAT Perlecan (Fragment) OS=Rattus norvegicus OX=10116 GN=Hspg2 PE=2 SV=1\nPGQYGAYFQDNGFLALPGNSFSRSLPEVPETIEFEVRTSTANGLLLWQGVAKESSRSKDF\nISLGLQDG' } ]
[34mDEBUG[39m: json array to concatenate = 
[ { inputF: 'tr|O08591|O08591_RAT Perlecan (Fragment) OS=Rattus norvegicus OX=10116 GN=Hspg2 PE=2 SV=1\nPGQYGAYFQDNGFLALPGNSFSRSLPEVPETIEFEVRTSTANGLLLWQGVAKESSRSKDF\nISLGLQDG' } ]
[34mDEBUG[39m: newJson = 
{ inputF: 'tr|O08591|O08591_RAT Perlecan (Fragment) OS=Rattus norvegicus OX=10116 GN=Hspg2 PE=2 SV=1\nPGQYGAYFQDNGFLALPGNSFSRSLPEVPETIEFEVRTSTANGLLLWQGVAKESSRSKDF\nISLGLQDG' }
[34mDEBUG[39m: jobOpt = {"tagTask":"blasttask","script":"/home/glaunay/work/blastmap/node_modules/blasttask/build/../data/coreScript.sh","modules":["ncbi-blast/2.2.26","blastXMLtoJSON"],"exportVar":{"dbPath":"nr70","eValue":"0.1","nbIter":"1","maxSeq":"50"},"inputs":{"inputF":"tr|O08591|O08591_RAT Perlecan (Fragment) OS=Rattus norvegicus OX=10116 GN=Hspg2 PE=2 SV=1\nPGQYGAYFQDNGFLALPGNSFSRSLPEVPETIEFEVRTSTANGLLLWQGVAKESSRSKDF\nISLGLQDG"}}
warn: Provided input named inputF is not a file, assuming a string
received jobStart
{"id":"a50eb49b-bbdc-4902-9b53-34e9fe98a20c","script":"/home/glaunay/tmp//0c6440a2-d9bd-40d4-bf33-a97f4fdb299a/a50eb49b-bbdc-4902-9b53-34e9fe98a20c/a50eb49b-bbdc-4902-9b53-34e9fe98a20c_coreScript.sh","exportVar":{"dbPath":"nr70","eValue":"0.1","nbIter":"1","maxSeq":"50"},"modules":["ncbi-blast/2.2.26","blastXMLtoJSON"],"tagTask":"blasttask","scriptHash":"471dbe3e9fc845185d9b198a9b95ca56","inputHash":{"inputF":"c40bbeb153df66fef9f8747fbe93cb0ffd84dcb3"}}
received jobStart
{"id":"a50eb49b-bbdc-4902-9b53-34e9fe98a20c","script":"/home/glaunay/tmp//0c6440a2-d9bd-40d4-bf33-a97f4fdb299a/a50eb49b-bbdc-4902-9b53-34e9fe98a20c/a50eb49b-bbdc-4902-9b53-34e9fe98a20c_coreScript.sh","exportVar":{"dbPath":"nr70","eValue":"0.1","nbIter":"1","maxSeq":"50"},"modules":["ncbi-blast/2.2.26","blastXMLtoJSON"],"tagTask":"blasttask","scriptHash":"471dbe3e9fc845185d9b198a9b95ca56","inputHash":{"inputF":"c40bbeb153df66fef9f8747fbe93cb0ffd84dcb3"}}
received jobStart
{"id":"a50eb49b-bbdc-4902-9b53-34e9fe98a20c","script":"/home/glaunay/tmp//0c6440a2-d9bd-40d4-bf33-a97f4fdb299a/a50eb49b-bbdc-4902-9b53-34e9fe98a20c/a50eb49b-bbdc-4902-9b53-34e9fe98a20c_coreScript.sh","exportVar":{"dbPath":"nr70","eValue":"0.1","nbIter":"1","maxSeq":"50"},"modules":["ncbi-blast/2.2.26","blastXMLtoJSON"],"tagTask":"blasttask","scriptHash":"471dbe3e9fc845185d9b198a9b95ca56","inputHash":{"inputF":"c40bbeb153df66fef9f8747fbe93cb0ffd84dcb3"}}
received jobStart
{"id":"a50eb49b-bbdc-4902-9b53-34e9fe98a20c","script":"/home/glaunay/tmp//0c6440a2-d9bd-40d4-bf33-a97f4fdb299a/a50eb49b-bbdc-4902-9b53-34e9fe98a20c/a50eb49b-bbdc-4902-9b53-34e9fe98a20c_coreScript.sh","exportVar":{"dbPath":"nr70","eValue":"0.1","nbIter":"1","maxSeq":"50"},"modules":["ncbi-blast/2.2.26","blastXMLtoJSON"],"tagTask":"blasttask","scriptHash":"471dbe3e9fc845185d9b198a9b95ca56","inputHash":{"inputF":"c40bbeb153df66fef9f8747fbe93cb0ffd84dcb3"}}
received jobStart
{"id":"74cb15be-a504-4007-bb9e-6be4f66c80b8","script":"/home/glaunay/tmp//0c6440a2-d9bd-40d4-bf33-a97f4fdb299a/74cb15be-a504-4007-bb9e-6be4f66c80b8/74cb15be-a504-4007-bb9e-6be4f66c80b8_coreScript.sh","exportVar":{"dbPath":"nr70","eValue":"0.1","nbIter":"1","maxSeq":"50"},"modules":["ncbi-blast/2.2.26","blastXMLtoJSON"],"tagTask":"blasttask","scriptHash":"471dbe3e9fc845185d9b198a9b95ca56","inputHash":{"inputF":"5ad77bf356ce805d879e500a0d0435d9f884af53"}}
received jobStart
{"id":"74cb15be-a504-4007-bb9e-6be4f66c80b8","script":"/home/glaunay/tmp//0c6440a2-d9bd-40d4-bf33-a97f4fdb299a/74cb15be-a504-4007-bb9e-6be4f66c80b8/74cb15be-a504-4007-bb9e-6be4f66c80b8_coreScript.sh","exportVar":{"dbPath":"nr70","eValue":"0.1","nbIter":"1","maxSeq":"50"},"modules":["ncbi-blast/2.2.26","blastXMLtoJSON"],"tagTask":"blasttask","scriptHash":"471dbe3e9fc845185d9b198a9b95ca56","inputHash":{"inputF":"5ad77bf356ce805d879e500a0d0435d9f884af53"}}
received jobStart
{"id":"74cb15be-a504-4007-bb9e-6be4f66c80b8","script":"/home/glaunay/tmp//0c6440a2-d9bd-40d4-bf33-a97f4fdb299a/74cb15be-a504-4007-bb9e-6be4f66c80b8/74cb15be-a504-4007-bb9e-6be4f66c80b8_coreScript.sh","exportVar":{"dbPath":"nr70","eValue":"0.1","nbIter":"1","maxSeq":"50"},"modules":["ncbi-blast/2.2.26","blastXMLtoJSON"],"tagTask":"blasttask","scriptHash":"471dbe3e9fc845185d9b198a9b95ca56","inputHash":{"inputF":"5ad77bf356ce805d879e500a0d0435d9f884af53"}}
received jobStart
{"id":"74cb15be-a504-4007-bb9e-6be4f66c80b8","script":"/home/glaunay/tmp//0c6440a2-d9bd-40d4-bf33-a97f4fdb299a/74cb15be-a504-4007-bb9e-6be4f66c80b8/74cb15be-a504-4007-bb9e-6be4f66c80b8_coreScript.sh","exportVar":{"dbPath":"nr70","eValue":"0.1","nbIter":"1","maxSeq":"50"},"modules":["ncbi-blast/2.2.26","blastXMLtoJSON"],"tagTask":"blasttask","scriptHash":"471dbe3e9fc845185d9b198a9b95ca56","inputHash":{"inputF":"5ad77bf356ce805d879e500a0d0435d9f884af53"}}
received jobStart
{"id":"b3dd93b7-abea-4dec-98a1-76cf88b90724","script":"/home/glaunay/tmp//0c6440a2-d9bd-40d4-bf33-a97f4fdb299a/b3dd93b7-abea-4dec-98a1-76cf88b90724/b3dd93b7-abea-4dec-98a1-76cf88b90724_coreScript.sh","exportVar":{"dbPath":"nr70","eValue":"0.1","nbIter":"1","maxSeq":"50"},"modules":["ncbi-blast/2.2.26","blastXMLtoJSON"],"tagTask":"blasttask","scriptHash":"471dbe3e9fc845185d9b198a9b95ca56","inputHash":{"inputF":"470735fec8e962cfced52532ce55ddc7605253a7"}}
received jobStart
{"id":"b3dd93b7-abea-4dec-98a1-76cf88b90724","script":"/home/glaunay/tmp//0c6440a2-d9bd-40d4-bf33-a97f4fdb299a/b3dd93b7-abea-4dec-98a1-76cf88b90724/b3dd93b7-abea-4dec-98a1-76cf88b90724_coreScript.sh","exportVar":{"dbPath":"nr70","eValue":"0.1","nbIter":"1","maxSeq":"50"},"modules":["ncbi-blast/2.2.26","blastXMLtoJSON"],"tagTask":"blasttask","scriptHash":"471dbe3e9fc845185d9b198a9b95ca56","inputHash":{"inputF":"470735fec8e962cfced52532ce55ddc7605253a7"}}
received jobStart
{"id":"b3dd93b7-abea-4dec-98a1-76cf88b90724","script":"/home/glaunay/tmp//0c6440a2-d9bd-40d4-bf33-a97f4fdb299a/b3dd93b7-abea-4dec-98a1-76cf88b90724/b3dd93b7-abea-4dec-98a1-76cf88b90724_coreScript.sh","exportVar":{"dbPath":"nr70","eValue":"0.1","nbIter":"1","maxSeq":"50"},"modules":["ncbi-blast/2.2.26","blastXMLtoJSON"],"tagTask":"blasttask","scriptHash":"471dbe3e9fc845185d9b198a9b95ca56","inputHash":{"inputF":"470735fec8e962cfced52532ce55ddc7605253a7"}}
received jobStart
{"id":"b3dd93b7-abea-4dec-98a1-76cf88b90724","script":"/home/glaunay/tmp//0c6440a2-d9bd-40d4-bf33-a97f4fdb299a/b3dd93b7-abea-4dec-98a1-76cf88b90724/b3dd93b7-abea-4dec-98a1-76cf88b90724_coreScript.sh","exportVar":{"dbPath":"nr70","eValue":"0.1","nbIter":"1","maxSeq":"50"},"modules":["ncbi-blast/2.2.26","blastXMLtoJSON"],"tagTask":"blasttask","scriptHash":"471dbe3e9fc845185d9b198a9b95ca56","inputHash":{"inputF":"470735fec8e962cfced52532ce55ddc7605253a7"}}
received jobStart
{"id":"31d4bd78-2608-44a4-817a-3c5cc319dd6c","script":"/home/glaunay/tmp//0c6440a2-d9bd-40d4-bf33-a97f4fdb299a/31d4bd78-2608-44a4-817a-3c5cc319dd6c/31d4bd78-2608-44a4-817a-3c5cc319dd6c_coreScript.sh","exportVar":{"dbPath":"nr70","eValue":"0.1","nbIter":"1","maxSeq":"50"},"modules":["ncbi-blast/2.2.26","blastXMLtoJSON"],"tagTask":"blasttask","scriptHash":"471dbe3e9fc845185d9b198a9b95ca56","inputHash":{"inputF":"f0921fc759e0d3aedd2e096e46d83709a0a763c8"}}
received jobStart
{"id":"31d4bd78-2608-44a4-817a-3c5cc319dd6c","script":"/home/glaunay/tmp//0c6440a2-d9bd-40d4-bf33-a97f4fdb299a/31d4bd78-2608-44a4-817a-3c5cc319dd6c/31d4bd78-2608-44a4-817a-3c5cc319dd6c_coreScript.sh","exportVar":{"dbPath":"nr70","eValue":"0.1","nbIter":"1","maxSeq":"50"},"modules":["ncbi-blast/2.2.26","blastXMLtoJSON"],"tagTask":"blasttask","scriptHash":"471dbe3e9fc845185d9b198a9b95ca56","inputHash":{"inputF":"f0921fc759e0d3aedd2e096e46d83709a0a763c8"}}
received jobStart
{"id":"31d4bd78-2608-44a4-817a-3c5cc319dd6c","script":"/home/glaunay/tmp//0c6440a2-d9bd-40d4-bf33-a97f4fdb299a/31d4bd78-2608-44a4-817a-3c5cc319dd6c/31d4bd78-2608-44a4-817a-3c5cc319dd6c_coreScript.sh","exportVar":{"dbPath":"nr70","eValue":"0.1","nbIter":"1","maxSeq":"50"},"modules":["ncbi-blast/2.2.26","blastXMLtoJSON"],"tagTask":"blasttask","scriptHash":"471dbe3e9fc845185d9b198a9b95ca56","inputHash":{"inputF":"f0921fc759e0d3aedd2e096e46d83709a0a763c8"}}
received jobStart
{"id":"31d4bd78-2608-44a4-817a-3c5cc319dd6c","script":"/home/glaunay/tmp//0c6440a2-d9bd-40d4-bf33-a97f4fdb299a/31d4bd78-2608-44a4-817a-3c5cc319dd6c/31d4bd78-2608-44a4-817a-3c5cc319dd6c_coreScript.sh","exportVar":{"dbPath":"nr70","eValue":"0.1","nbIter":"1","maxSeq":"50"},"modules":["ncbi-blast/2.2.26","blastXMLtoJSON"],"tagTask":"blasttask","scriptHash":"471dbe3e9fc845185d9b198a9b95ca56","inputHash":{"inputF":"f0921fc759e0d3aedd2e096e46d83709a0a763c8"}}
OOOO=======
{ out: 
   { BlastOutput: 
      { Hits: 
         [ { Hit_def: 'gi|149253040|ref|XP_001477365.1| PREDICTED: similar to perlecan (heparan sulfate proteoglycan 2) [Mus musculus]',
             Hit_num: '1',
             Hit_accession: '8363',
             Hit_id: 'gnl|BL_ORD_ID|8363',
             Hit_len: '3782',
             first_hsp: 
              { 'Hsp_bit-score': '136.732',
                Hsp_score: '343',
                Hsp_positive: '67',
                Hsp_identity: '64',
                'Hsp_query-from': '49',
                Hsp_evalue: '1.65429e-31',
                Hsp_num: '1',
                'Hsp_hit-to': '3658',
                'Hsp_hit-from': '3586',
                'Hsp_query-frame': '1',
                Hsp_hseq: 'GSEDAPGQYGAYFYDNGFLGLPGNSFSRSLPEVPETIEFEVRTSTADGLLLWQGVVREASRSKDFISLGLQDG',
                'Hsp_align-len': '73',
                Hsp_qseq: 'GPESVPGQYGAYFQDNGFLALPGNSFSRSLPEVPETIEFEVRTSTANGLLLWQGVAKESSRSKDFISLGLQDG',
                'Hsp_query-to': '121',
                'Hsp_hit-frame': '1',
                Hsp_midline: 'G E  PGQYGAYF DNGFL LPGNSFSRSLPEVPETIEFEVRTSTA+GLLLWQGV +E+SRSKDFISLGLQDG' } },
           { Hit_def: 'gi|1172451|sp|Q05793|PGBM_MOUSE Basement membrane-specific heparan sulfate proteoglycan core protein precursor (HSPG) (Perlecan) (PLC) >gi|200296|gb|AAA39911.1| perlecan',
             Hit_num: '2',
             Hit_accession: '1115',
             Hit_id: 'gnl|BL_ORD_ID|1115',
             Hit_len: '3707',
             first_hsp: 
              { 'Hsp_bit-score': '133.65',
                Hsp_score: '335',
                Hsp_positive: '66',
                Hsp_identity: '63',
                'Hsp_query-from': '49',
                Hsp_evalue: '1.29913e-30',
                Hsp_num: '1',
                'Hsp_hit-to': '3583',
                'Hsp_hit-from': '3511',
                'Hsp_query-frame': '1',
                Hsp_hseq: 'GGNDAPGQYGAYFYDNGFLGLPGNSFSRSLPEVPETIEFEVRTSTADGLLLWQGVVREASRSKDFISLGLQDG',
                'Hsp_align-len': '73',
                Hsp_qseq: 'GPESVPGQYGAYFQDNGFLALPGNSFSRSLPEVPETIEFEVRTSTANGLLLWQGVAKESSRSKDFISLGLQDG',
                'Hsp_query-to': '121',
                'Hsp_hit-frame': '1',
                Hsp_midline: 'G    PGQYGAYF DNGFL LPGNSFSRSLPEVPETIEFEVRTSTA+GLLLWQGV +E+SRSKDFISLGLQDG' } },
           { Hit_def: 'gi|73950646|ref|XP_855194.1| PREDICTED: similar to Basement membrane-specific heparan sulfate proteoglycan core protein precursor (HSPG) (Perlecan) (PLC) [Canis familiaris]',
             Hit_num: '3',
             Hit_accession: '15723',
             Hit_id: 'gnl|BL_ORD_ID|15723',
             Hit_len: '1740',
             first_hsp: 
              { 'Hsp_bit-score': '119.013',
                Hsp_score: '297',
                Hsp_positive: '61',
                Hsp_identity: '58',
                'Hsp_query-from': '49',
                Hsp_evalue: '3.48133e-26',
                Hsp_num: '1',
                'Hsp_hit-to': '1655',
                'Hsp_hit-from': '1582',
                Hsp_gaps: '1',
                'Hsp_query-frame': '1',
                Hsp_hseq: 'GGNDAPGQYGAYFHDDGFLALPGRIFSRSVPEVPETIELEVRTSTANGLLLWQGVDMGEAGRGKDFISLGLQDG',
                'Hsp_align-len': '74',
                Hsp_qseq: 'GPESVPGQYGAYFQDNGFLALPGNSFSRSLPEVPETIEFEVRTSTANGLLLWQGV-AKESSRSKDFISLGLQDG',
                'Hsp_query-to': '121',
                'Hsp_hit-frame': '1',
                Hsp_midline: 'G    PGQYGAYF D+GFLALPG  FSRS+PEVPETIE EVRTSTANGLLLWQGV   E+ R KDFISLGLQDG' } },
           { Hit_def: 'gi|29470|emb|CAA44373.1| Human basement membrane heparan sulfate proteoglycan core protein [Homo sapiens]',
             Hit_num: '4',
             Hit_accession: '3736',
             Hit_id: 'gnl|BL_ORD_ID|3736',
             Hit_len: '4393',
             first_hsp: 
              { 'Hsp_bit-score': '115.931',
                Hsp_score: '289',
                Hsp_positive: '61',
                Hsp_identity: '56',
                'Hsp_query-from': '49',
                Hsp_evalue: '2.99672e-25',
                Hsp_num: '1',
                'Hsp_hit-to': '4269',
                'Hsp_hit-from': '4196',
                Hsp_gaps: '1',
                'Hsp_query-frame': '1',
                Hsp_hseq: 'GGNDAPGQYGAYFHDDGFLAFPGHVFSRSLPEVPETIELEVRTSTASGLLLWQGVEVGEAGQGKDFISLGLQDG',
                'Hsp_align-len': '74',
                Hsp_qseq: 'GPESVPGQYGAYFQDNGFLALPGNSFSRSLPEVPETIEFEVRTSTANGLLLWQGV-AKESSRSKDFISLGLQDG',
                'Hsp_query-to': '121',
                'Hsp_hit-frame': '1',
                Hsp_midline: 'G    PGQYGAYF D+GFLA PG+ FSRSLPEVPETIE EVRTSTA+GLLLWQGV   E+ + KDFISLGLQDG' } },
           { Hit_def: 'gi|166236169|gb|ABY85874.1| heparan sulfate proteoglycan 2 domain V/endorepellin [Danio rerio]',
             Hit_num: '5',
             Hit_accession: '325038',
             Hit_id: 'gnl|BL_ORD_ID|325038',
             Hit_len: '656',
             first_hsp: 
              { 'Hsp_bit-score': '85.1149',
                Hsp_score: '209',
                Hsp_positive: '51',
                Hsp_identity: '38',
                'Hsp_query-from': '54',
                Hsp_evalue: '6.52796e-16',
                Hsp_num: '1',
                'Hsp_hit-to': '532',
                'Hsp_hit-from': '464',
                Hsp_gaps: '1',
                'Hsp_query-frame': '1',
                Hsp_hseq: 'PIEYSAYFHDNGYLALPKPMFPRSAPDSPETIELEINTASKDGLILWQGVELGDQGKGKDFISIGLKNG',
                'Hsp_align-len': '69',
                Hsp_qseq: 'PGQYGAYFQDNGFLALPGNSFSRSLPEVPETIEFEVRTSTANGLLLWQGV-AKESSRSKDFISLGLQDG',
                'Hsp_query-to': '121',
                'Hsp_hit-frame': '1',
                Hsp_midline: 'P +Y AYF DNG+LALP   F RS P+ PETIE E+ T++ +GL+LWQGV   +  + KDFIS+GL++G' } },
           { Hit_def: 'gi|94536813|ref|NP_001001876.1| basement membrane-specific heparan sulfate proteoglycan core protein [Gallus gallus] >gi|47846181|emb|CAE51322.1| basement membrane-specific heparan sulfate proteoglycan core protein precursor [Gallus gallus]',
             Hit_num: '6',
             Hit_accession: '4286',
             Hit_id: 'gnl|BL_ORD_ID|4286',
             Hit_len: '4071',
             first_hsp: 
              { 'Hsp_bit-score': '81.2629',
                Hsp_score: '199',
                Hsp_positive: '51',
                Hsp_identity: '37',
                'Hsp_query-from': '49',
                Hsp_evalue: '8.17979e-15',
                Hsp_num: '1',
                'Hsp_hit-to': '3950',
                'Hsp_hit-from': '3880',
                Hsp_gaps: '2',
                'Hsp_query-frame': '1',
                Hsp_hseq: 'GGSDTPGQFSAMFREGSYLALPGHLFPRGAPDLQDTIELELRTSSTEGLLLWHGT--ESGKAKDFVGLGLKDG',
                'Hsp_align-len': '73',
                Hsp_qseq: 'GPESVPGQYGAYFQDNGFLALPGNSFSRSLPEVPETIEFEVRTSTANGLLLWQGVAKESSRSKDFISLGLQDG',
                'Hsp_query-to': '121',
                'Hsp_hit-frame': '1',
                Hsp_midline: 'G    PGQ+ A F++  +LALPG+ F R  P++ +TIE E+RTS+  GLLLW G   ES ++KDF+ LGL+DG' } },
           { Hit_def: 'gi|71998537|ref|NP_497044.3| UNCoordinated family member (unc-52) [Caenorhabditis elegans] >gi|30179887|sp|Q06561|UNC52_CAEEL Basement membrane proteoglycan precursor (Perlecan homolog) (Protein unc-52) (Uncoordinated protein 52) >gi|3874869|emb|CAB07569.1| Hypothetical protein ZC101.2e [Caenorhabditis elegans] >gi|3881359|emb|CAB07708.1| Hypothetical protein ZC101.2e [Caenorhabditis elegans]',
             Hit_num: '7',
             Hit_accession: '1334',
             Hit_id: 'gnl|BL_ORD_ID|1334',
             Hit_len: '3375',
             first_hsp: 
              { 'Hsp_bit-score': '50.0618',
                Hsp_score: '118',
                Hsp_positive: '37',
                Hsp_identity: '22',
                'Hsp_query-from': '54',
                Hsp_evalue: '2.36635e-05',
                Hsp_num: '1',
                'Hsp_hit-to': '3245',
                'Hsp_hit-from': '3178',
                'Hsp_query-frame': '1',
                Hsp_hseq: 'PIEHAARFDGDAFIELSSDEFPHLTSEKDEIVAFKFKTEQQNGVLLWQGQRPTVQQMEDYISVGIVNG',
                'Hsp_align-len': '68',
                Hsp_qseq: 'PGQYGAYFQDNGFLALPGNSFSRSLPEVPETIEFEVRTSTANGLLLWQGVAKESSRSKDFISLGLQDG',
                'Hsp_query-to': '121',
                'Hsp_hit-frame': '1',
                Hsp_midline: 'P ++ A F  + F+ L  + F     E  E + F+ +T   NG+LLWQG      + +D+IS+G+ +G' } },
           { Hit_def: 'gi|115963932|ref|XP_001191297.1| PREDICTED: similar to heparan sulfate proteoglycan perlecan [Strongylocentrotus purpuratus]',
             Hit_num: '8',
             Hit_accession: '21154',
             Hit_id: 'gnl|BL_ORD_ID|21154',
             Hit_len: '2331',
             first_hsp: 
              { 'Hsp_bit-score': '46.2098',
                Hsp_score: '108',
                Hsp_positive: '35',
                Hsp_identity: '25',
                'Hsp_query-from': '57',
                Hsp_evalue: '0.000284396',
                Hsp_num: '1',
                'Hsp_hit-to': '2210',
                'Hsp_hit-from': '2143',
                Hsp_gaps: '3',
                'Hsp_query-frame': '1',
                Hsp_hseq: 'YSVALGQASYLKLPKTVIPRGRGSSAITEIFSFSIATDSTDGLLLWQGVPEGSAGERQDFIAVGLQDG',
                'Hsp_align-len': '68',
                Hsp_qseq: 'YGAYFQDNGFLALPGNSF--SRSLPEVPETIEFEVRTSTANGLLLWQGVAKESS-RSKDFISLGLQDG',
                'Hsp_query-to': '121',
                'Hsp_hit-frame': '1',
                Hsp_midline: 'Y        +L LP       R    + E   F + T + +GLLLWQGV + S+   +DFI++GLQDG' } },
           { Hit_def: 'gi|115734766|ref|XP_001198206.1| PREDICTED: similar to perlecan, partial [Strongylocentrotus purpuratus] >gi|115901768|ref|XP_794373.2| PREDICTED: similar to perlecan, partial [Strongylocentrotus purpuratus]',
             Hit_num: '9',
             Hit_accession: '20980',
             Hit_id: 'gnl|BL_ORD_ID|20980',
             Hit_len: '2295',
             first_hsp: 
              { 'Hsp_bit-score': '46.2098',
                Hsp_score: '108',
                Hsp_positive: '35',
                Hsp_identity: '25',
                'Hsp_query-from': '57',
                Hsp_evalue: '0.000306575',
                Hsp_num: '1',
                'Hsp_hit-to': '2136',
                'Hsp_hit-from': '2069',
                Hsp_gaps: '3',
                'Hsp_query-frame': '1',
                Hsp_hseq: 'YSVALGQASYLKLPKTVIPRGRGSSAITEIFSFSIATDSTDGLLLWQGVPEGSAGERQDFIAVGLQDG',
                'Hsp_align-len': '68',
                Hsp_qseq: 'YGAYFQDNGFLALPGNSF--SRSLPEVPETIEFEVRTSTANGLLLWQGVAKESS-RSKDFISLGLQDG',
                'Hsp_query-to': '121',
                'Hsp_hit-frame': '1',
                Hsp_midline: 'Y        +L LP       R    + E   F + T + +GLLLWQGV + S+   +DFI++GLQDG' } },
           { Hit_def: 'gi|170594862|ref|XP_001902156.1| UNC-52/Perlecan [Brugia malayi] >gi|158590328|gb|EDP28996.1| UNC-52/Perlecan, putative [Brugia malayi]',
             Hit_num: '10',
             Hit_accession: '1935348',
             Hit_id: 'gnl|BL_ORD_ID|1935348',
             Hit_len: '178',
             first_hsp: 
              { 'Hsp_bit-score': '40.817',
                Hsp_score: '94',
                Hsp_positive: '35',
                Hsp_identity: '20',
                'Hsp_query-from': '54',
                Hsp_evalue: '0.0130972',
                Hsp_num: '1',
                'Hsp_hit-to': '110',
                'Hsp_hit-from': '42',
                Hsp_gaps: '1',
                'Hsp_query-frame': '1',
                Hsp_hseq: 'PIEHAAKFDGKAFIVFSIDDFPHLTSEHEESLSLRFKTSASSGLIFWQGQPFGTPLKGDDYLSIGLSDG',
                'Hsp_align-len': '69',
                Hsp_qseq: 'PGQYGAYFQDNGFLALPGNSFSRSLPEVPETIEFEVRTSTANGLLLWQGVAKESS-RSKDFISLGLQDG',
                'Hsp_query-to': '121',
                'Hsp_hit-frame': '1',
                Hsp_midline: 'P ++ A F    F+    + F     E  E++    +TS ++GL+ WQG    +  +  D++S+GL DG' } },
           { Hit_def: 'gi|156379093|ref|XP_001631293.1| predicted protein [Nematostella vectensis] >gi|156218331|gb|EDO39230.1| predicted protein [Nematostella vectensis]',
             Hit_num: '11',
             Hit_accession: '8796',
             Hit_id: 'gnl|BL_ORD_ID|8796',
             Hit_len: '4354',
             first_hsp: 
              { 'Hsp_bit-score': '39.2762',
                Hsp_score: '90',
                Hsp_positive: '44',
                Hsp_identity: '29',
                'Hsp_query-from': '38',
                Hsp_evalue: '0.0356463',
                Hsp_num: '1',
                'Hsp_hit-to': '3679',
                'Hsp_hit-from': '3603',
                Hsp_gaps: '11',
                'Hsp_query-frame': '1',
                Hsp_hseq: 'VCKCPTGYHGPLCEMTTRT----FYGNSYIWLP-KLMTYSLSD----LEFEFMTKTADGLLVYQGPEREGANNGLKDFIAVVLRGG',
                'Hsp_align-len': '86',
                Hsp_qseq: 'ICUSOXGNHSPGPESVPGQYGAYFQDNGFLALPGNSFSRSLPEVPETIEFEVRTSTANGLLLWQGVAKESSRS--KDFISLGLQDG',
                'Hsp_query-to': '121',
                'Hsp_hit-frame': '1',
                Hsp_midline: '+C    G H P  E         F  N ++ LP    + SL +    +EFE  T TA+GLL++QG  +E + +  KDFI++ L+ G' } },
           { Hit_def: 'gi|91082477|ref|XP_972068.1| PREDICTED: similar to CG33950-PD, isoform D [Tribolium castaneum]',
             Hit_num: '12',
             Hit_accession: '4739',
             Hit_id: 'gnl|BL_ORD_ID|4739',
             Hit_len: '3901',
             first_hsp: 
              { 'Hsp_bit-score': '37.7354',
                Hsp_score: '86',
                Hsp_positive: '33',
                Hsp_identity: '19',
                'Hsp_query-from': '59',
                Hsp_evalue: '0.0970179',
                Hsp_num: '1',
                'Hsp_hit-to': '3181',
                'Hsp_hit-from': '3118',
                Hsp_gaps: '1',
                'Hsp_query-frame': '1',
                Hsp_hseq: 'AHFNGKGYLEFDRDLLDHIKENEDELIAVELSTNSSDGLVFWHGQTPNEDGQGKNYISLGVVNG',
                'Hsp_align-len': '64',
                Hsp_qseq: 'AYFQDNGFLALPGNSFSRSLPEVPETIEFEVRTSTANGLLLWQG-VAKESSRSKDFISLGLQDG',
                'Hsp_query-to': '121',
                'Hsp_hit-frame': '1',
                Hsp_midline: 'A+F   G+L    +          E I  E+ T++++GL+ W G    E  + K++ISLG+ +G' } },
           { Hit_def: 'gi|115650783|ref|XP_787979.2| PREDICTED: hypothetical protein, partial [Strongylocentrotus purpuratus]',
             Hit_num: '13',
             Hit_accession: '176690',
             Hit_id: 'gnl|BL_ORD_ID|176690',
             Hit_len: '862',
             first_hsp: 
              { 'Hsp_bit-score': '37.7354',
                Hsp_score: '86',
                Hsp_positive: '32',
                Hsp_identity: '21',
                'Hsp_query-from': '61',
                Hsp_evalue: '0.106344',
                Hsp_num: '1',
                'Hsp_hit-to': '745',
                'Hsp_hit-from': '686',
                Hsp_gaps: '1',
                'Hsp_query-frame': '1',
                Hsp_hseq: 'FIGRSYLWFASNEITSRLSGERNMFSFELRATEPNGLVLWAGHSSMTSGS-DFIAMGLENG',
                'Hsp_align-len': '61',
                Hsp_qseq: 'FQDNGFLALPGNSFSRSLPEVPETIEFEVRTSTANGLLLWQGVAKESSRSKDFISLGLQDG',
                'Hsp_query-to': '121',
                'Hsp_hit-frame': '1',
                Hsp_midline: 'F    +L    N  +  L        FE+R +  NGL+LW G +  +S S DFI++GL++G' } },
           { Hit_def: 'gi|156367378|ref|XP_001627394.1| predicted protein [Nematostella vectensis] >gi|156214303|gb|EDO35294.1| predicted protein [Nematostella vectensis]',
             Hit_num: '14',
             Hit_accession: '227797',
             Hit_id: 'gnl|BL_ORD_ID|227797',
             Hit_len: '767',
             first_hsp: 
              { 'Hsp_bit-score': '37.3502',
                Hsp_score: '85',
                Hsp_positive: '28',
                Hsp_identity: '15',
                'Hsp_query-from': '67',
                Hsp_evalue: '0.129921',
                Hsp_num: '1',
                'Hsp_hit-to': '662',
                'Hsp_hit-from': '619',
                Hsp_gaps: '1',
                'Hsp_query-frame': '1',
                Hsp_hseq: 'LKTPCRSWATAMPLAPETMTISIKTTTLEGVIFWQGQLRKQKAR',
                'Hsp_align-len': '44',
                Hsp_qseq: 'LALPGNSFSRSLPEVPETIEFEVRTSTANGLLLWQG-VAKESSR',
                'Hsp_query-to': '109',
                'Hsp_hit-frame': '1',
                Hsp_midline: 'L  P  S++ ++P  PET+   ++T+T  G++ WQG + K+ +R' } },
           { Hit_def: 'gi|156400712|ref|XP_001638936.1| predicted protein [Nematostella vectensis] >gi|156226061|gb|EDO46873.1| predicted protein [Nematostella vectensis]',
             Hit_num: '15',
             Hit_accession: '319696',
             Hit_id: 'gnl|BL_ORD_ID|319696',
             Hit_len: '678',
             first_hsp: 
              { 'Hsp_bit-score': '36.965',
                Hsp_score: '84',
                Hsp_positive: '31',
                Hsp_identity: '23',
                'Hsp_query-from': '61',
                Hsp_evalue: '0.179888',
                Hsp_num: '1',
                'Hsp_hit-to': '565',
                'Hsp_hit-from': '507',
                Hsp_gaps: '2',
                'Hsp_query-frame': '1',
                Hsp_hseq: 'FAGDGFMKFKGSEILSRLSGKNTELEFLFRTQESSGLLL--SVQKESVSHGDHITIGLIDG',
                'Hsp_align-len': '61',
                Hsp_qseq: 'FQDNGFLALPGNSFSRSLPEVPETIEFEVRTSTANGLLLWQGVAKESSRSKDFISLGLQDG',
                'Hsp_query-to': '121',
                'Hsp_hit-frame': '1',
                Hsp_midline: 'F  +GF+   G+     L      +EF  RT  ++GLLL   V KES    D I++GL DG' } },
           { Hit_def: 'gi|110758879|ref|XP_393220.3| PREDICTED: similar to CG33950-PD, isoform D [Apis mellifera]',
             Hit_num: '16',
             Hit_accession: '5252',
             Hit_id: 'gnl|BL_ORD_ID|5252',
             Hit_len: '3382',
             first_hsp: 
              { 'Hsp_bit-score': '36.5798',
                Hsp_score: '83',
                Hsp_positive: '31',
                Hsp_identity: '18',
                'Hsp_query-from': '57',
                Hsp_evalue: '0.247002',
                Hsp_num: '1',
                'Hsp_hit-to': '3194',
                'Hsp_hit-from': '3132',
                Hsp_gaps: '2',
                'Hsp_query-frame': '1',
                Hsp_hseq: 'YDVAFKGDGWLELDKNVMIHE--EEREVLGFEISTNKTRGLIMWHGQMPNNLNPDHYMALAVVDG',
                'Hsp_align-len': '65',
                Hsp_qseq: 'YGAYFQDNGFLALPGNSFSRSLPEVPETIEFEVRTSTANGLLLWQGVAKESSRSKDFISLGLQDG',
                'Hsp_query-to': '121',
                'Hsp_hit-frame': '1',
                Hsp_midline: 'Y   F+ +G+L L  N       E  E + FE+ T+   GL++W G    +     +++L + DG' } },
           { Hit_def: 'gi|114550536|ref|XP_520844.2| PREDICTED: agrin [Pan troglodytes]',
             Hit_num: '17',
             Hit_accession: '43729',
             Hit_id: 'gnl|BL_ORD_ID|43729',
             Hit_len: '1301',
             first_hsp: 
              { 'Hsp_bit-score': '35.039',
                Hsp_score: '79',
                Hsp_positive: '31',
                Hsp_identity: '22',
                'Hsp_query-from': '63',
                Hsp_evalue: '0.613306',
                Hsp_num: '1',
                'Hsp_hit-to': '1182',
                'Hsp_hit-from': '1119',
                Hsp_gaps: '11',
                'Hsp_query-frame': '1',
                Hsp_hseq: 'DVDALAFDGRTFVEYLNAVTESEKALQSNHFELSLRTEATQGLVLWSGKATERA---DYVALAIVDG',
                'Hsp_align-len': '67',
                Hsp_qseq: 'DNGFLALPGNSFSRSLPEVPET--------IEFEVRTSTANGLLLWQGVAKESSRSKDFISLGLQDG',
                'Hsp_query-to': '121',
                'Hsp_hit-frame': '1',
                Hsp_midline: 'D   LA  G +F   L  V E+         E  +RT    GL+LW G A E +   D+++L + DG' } },
           { Hit_def: 'gi|88793167|ref|ZP_01108883.1| hypothetical protein MADE_18269 [Alteromonas macleodii \'Deep ecotype\'] >gi|88775350|gb|EAR06599.1| hypothetical protein MADE_18269 [Alteromonas macleodii \'Deep ecotype\']',
             Hit_num: '18',
             Hit_accession: '967475',
             Hit_id: 'gnl|BL_ORD_ID|967475',
             Hit_len: '358',
             first_hsp: 
              { 'Hsp_bit-score': '35.039',
                Hsp_score: '79',
                Hsp_positive: '32',
                Hsp_identity: '19',
                'Hsp_query-from': '63',
                Hsp_evalue: '0.666674',
                Hsp_num: '1',
                'Hsp_hit-to': '344',
                'Hsp_hit-from': '285',
                Hsp_gaps: '3',
                'Hsp_query-frame': '1',
                Hsp_hseq: 'DNVVMLVPSASFVANLPYSKIPDRKDFEVLDAKTR-IQYWQTVLKETDRLGEYFMRAVNDG',
                'Hsp_align-len': '61',
                Hsp_qseq: 'DNGFLALPGNSFSRSLP--EVPETIEFEVRTSTANGLLLWQGVAKESSRSKDFISLGLQDG',
                'Hsp_query-to': '121',
                'Hsp_hit-frame': '1',
                Hsp_midline: 'DN  + +P  SF  +LP  ++P+  +FEV  +    +  WQ V KE+ R  ++    + DG' } },
           { Hit_def: 'gi|78706468|ref|NP_001027035.1| terribly reduced optic lobes CG33950-PE, isoform E [Drosophila melanogaster] >gi|22831579|gb|AAN09078.1| CG33950-PE, isoform E [Drosophila melanogaster]',
             Hit_num: '19',
             Hit_accession: '2098',
             Hit_id: 'gnl|BL_ORD_ID|2098',
             Hit_len: '4228',
             first_hsp: 
              { 'Hsp_bit-score': '34.6538',
                Hsp_score: '78',
                Hsp_positive: '34',
                Hsp_identity: '20',
                'Hsp_query-from': '57',
                Hsp_evalue: '0.900254',
                Hsp_num: '1',
                'Hsp_hit-to': '4097',
                'Hsp_hit-from': '4032',
                Hsp_gaps: '1',
                'Hsp_query-frame': '1',
                Hsp_hseq: 'FNASFRGDGYVELNRSHFQPALEQSYTSMGIVFTTNKPNGLLFWWGQEAGEEYTGQDFIAAAVVDG',
                'Hsp_align-len': '66',
                Hsp_qseq: 'YGAYFQDNGFLALPGNSFSRSLPEVPETIEFEVRTSTANGLLLWQGV-AKESSRSKDFISLGLQDG',
                'Hsp_query-to': '121',
                'Hsp_hit-frame': '1',
                Hsp_midline: '+ A F+ +G++ L  + F  +L +   ++     T+  NGLL W G  A E    +DFI+  + DG' } },
           { Hit_def: 'gi|78706472|ref|NP_001027037.1| terribly reduced optic lobes CG33950-PA, isoform A [Drosophila melanogaster] >gi|22831580|gb|AAF45786.3| CG33950-PA, isoform A [Drosophila melanogaster]',
             Hit_num: '20',
             Hit_accession: '2124',
             Hit_id: 'gnl|BL_ORD_ID|2124',
             Hit_len: '4179',
             first_hsp: 
              { 'Hsp_bit-score': '34.6538',
                Hsp_score: '78',
                Hsp_positive: '34',
                Hsp_identity: '20',
                'Hsp_query-from': '57',
                Hsp_evalue: '0.94647',
                Hsp_num: '1',
                'Hsp_hit-to': '4048',
                'Hsp_hit-from': '3983',
                Hsp_gaps: '1',
                'Hsp_query-frame': '1',
                Hsp_hseq: 'FNASFRGDGYVELNRSHFQPALEQSYTSMGIVFTTNKPNGLLFWWGQEAGEEYTGQDFIAAAVVDG',
                'Hsp_align-len': '66',
                Hsp_qseq: 'YGAYFQDNGFLALPGNSFSRSLPEVPETIEFEVRTSTANGLLLWQGV-AKESSRSKDFISLGLQDG',
                'Hsp_query-to': '121',
                'Hsp_hit-frame': '1',
                Hsp_midline: '+ A F+ +G++ L  + F  +L +   ++     T+  NGLL W G  A E    +DFI+  + DG' } },
           { Hit_def: 'gi|170047092|ref|XP_001851070.1| serrate protein [Culex pipiens quinquefasciatus] >gi|167869633|gb|EDS33016.1| serrate protein [Culex pipiens quinquefasciatus]',
             Hit_num: '21',
             Hit_accession: '10089',
             Hit_id: 'gnl|BL_ORD_ID|10089',
             Hit_len: '3710',
             first_hsp: 
              { 'Hsp_bit-score': '34.6538',
                Hsp_score: '78',
                Hsp_positive: '32',
                Hsp_identity: '19',
                'Hsp_query-from': '58',
                Hsp_evalue: '0.995058',
                Hsp_num: '1',
                'Hsp_hit-to': '3254',
                'Hsp_hit-from': '3190',
                Hsp_gaps: '1',
                'Hsp_query-frame': '1',
                Hsp_hseq: 'GSQFRGDGFLEIDPKAIAASADQYETKLAIMFSTTHYNGMLLWYGQRNGDVFSGDDYISLSVHEG',
                'Hsp_align-len': '65',
                Hsp_qseq: 'GAYFQDNGFLALPGNSFSRSLPEVPETIEFEVRTSTANGLLLWQGVAKESSRS-KDFISLGLQDG',
                'Hsp_query-to': '121',
                'Hsp_hit-frame': '1',
                Hsp_midline: 'G+ F+ +GFL +   + + S  +    +     T+  NG+LLW G       S  D+ISL + +G' } },
           { Hit_def: 'gi|78706474|ref|NP_001027038.1| terribly reduced optic lobes CG33950-PF, isoform F [Drosophila melanogaster] >gi|71854503|gb|AAF45787.2| CG33950-PF, isoform F [Drosophila melanogaster]',
             Hit_num: '22',
             Hit_accession: '2532',
             Hit_id: 'gnl|BL_ORD_ID|2532',
             Hit_len: '4629',
             first_hsp: 
              { 'Hsp_bit-score': '34.6538',
                Hsp_score: '78',
                Hsp_positive: '34',
                Hsp_identity: '20',
                'Hsp_query-from': '57',
                Hsp_evalue: '1.02028',
                Hsp_num: '1',
                'Hsp_hit-to': '4498',
                'Hsp_hit-from': '4433',
                Hsp_gaps: '1',
                'Hsp_query-frame': '1',
                Hsp_hseq: 'FNASFRGDGYVELNRSHFQPALEQSYTSMGIVFTTNKPNGLLFWWGQEAGEEYTGQDFIAAAVVDG',
                'Hsp_align-len': '66',
                Hsp_qseq: 'YGAYFQDNGFLALPGNSFSRSLPEVPETIEFEVRTSTANGLLLWQGV-AKESSRSKDFISLGLQDG',
                'Hsp_query-to': '121',
                'Hsp_hit-frame': '1',
                Hsp_midline: '+ A F+ +G++ L  + F  +L +   ++     T+  NGLL W G  A E    +DFI+  + DG' } },
           { Hit_def: 'gi|148671398|gb|EDL03345.1| expressed sequence AU040377, isoform CRA_a [Mus musculus]',
             Hit_num: '23',
             Hit_accession: '111568',
             Hit_id: 'gnl|BL_ORD_ID|111568',
             Hit_len: '1098',
             first_hsp: 
              { 'Hsp_bit-score': '34.2686',
                Hsp_score: '77',
                Hsp_positive: '23',
                Hsp_identity: '17',
                'Hsp_query-from': '90',
                Hsp_evalue: '1.19555',
                Hsp_num: '1',
                'Hsp_hit-to': '980',
                'Hsp_hit-from': '950',
                Hsp_gaps: '1',
                'Hsp_query-frame': '1',
                Hsp_hseq: 'KTTAKDGLLLWRGDSPMRPNS-DFISLGLRDG',
                'Hsp_align-len': '32',
                Hsp_qseq: 'RTSTANGLLLWQGVAKESSRSKDFISLGLQDG',
                'Hsp_query-to': '121',
                'Hsp_hit-frame': '1',
                Hsp_midline: '+T+  +GLLLW+G +     S DFISLGL+DG' } },
           { Hit_def: 'gi|47226395|emb|CAG08411.1| unnamed protein product [Tetraodon nigroviridis]',
             Hit_num: '24',
             Hit_accession: '93871',
             Hit_id: 'gnl|BL_ORD_ID|93871',
             Hit_len: '1024',
             first_hsp: 
              { 'Hsp_bit-score': '33.8834',
                Hsp_score: '76',
                Hsp_positive: '24',
                Hsp_identity: '16',
                'Hsp_query-from': '90',
                Hsp_evalue: '1.4852',
                Hsp_num: '1',
                'Hsp_hit-to': '908',
                'Hsp_hit-from': '878',
                Hsp_gaps: '1',
                'Hsp_query-frame': '1',
                Hsp_hseq: 'KSTAMSGLLLWRGDSPMRANS-DFLSLGLQDG',
                'Hsp_align-len': '32',
                Hsp_qseq: 'RTSTANGLLLWQGVAKESSRSKDFISLGLQDG',
                'Hsp_query-to': '121',
                'Hsp_hit-frame': '1',
                Hsp_midline: '+++  +GLLLW+G +   + S DF+SLGLQDG' } },
           { Hit_def: 'gi|125817957|ref|XP_001339765.1| PREDICTED: hypothetical protein [Danio rerio]',
             Hit_num: '25',
             Hit_accession: '108746',
             Hit_id: 'gnl|BL_ORD_ID|108746',
             Hit_len: '1048',
             first_hsp: 
              { 'Hsp_bit-score': '33.8834',
                Hsp_score: '76',
                Hsp_positive: '25',
                Hsp_identity: '15',
                'Hsp_query-from': '90',
                Hsp_evalue: '1.52284',
                Hsp_num: '1',
                'Hsp_hit-to': '931',
                'Hsp_hit-from': '901',
                Hsp_gaps: '1',
                'Hsp_query-frame': '1',
                Hsp_hseq: 'KSTSKDGLLLWRGESPMRANS-DYLSLGLQDG',
                'Hsp_align-len': '32',
                Hsp_qseq: 'RTSTANGLLLWQGVAKESSRSKDFISLGLQDG',
                'Hsp_query-to': '121',
                'Hsp_hit-frame': '1',
                Hsp_midline: '++++ +GLLLW+G +   + S D++SLGLQDG' } },
           { Hit_def: 'gi|24654009|ref|NP_611082.2| SP2353 CG8403-PA [Drosophila melanogaster] >gi|21645330|gb|AAF58071.2| CG8403-PA [Drosophila melanogaster]',
             Hit_num: '26',
             Hit_accession: '36578',
             Hit_id: 'gnl|BL_ORD_ID|36578',
             Hit_len: '1361',
             first_hsp: 
              { 'Hsp_bit-score': '33.8834',
                Hsp_score: '76',
                Hsp_positive: '38',
                Hsp_identity: '19',
                'Hsp_query-from': '46',
                Hsp_evalue: '1.62796',
                Hsp_num: '1',
                'Hsp_hit-to': '1242',
                'Hsp_hit-from': '1166',
                Hsp_gaps: '3',
                'Hsp_query-frame': '1',
                Hsp_hseq: 'HQSQVQGVRKNFGACFAGSDSYFHYNDADTMSQVISYSID-LNLRIKTHSENGVILWTGRQGTTEEHDDYLSLGIEQG',
                'Hsp_align-len': '78',
                Hsp_qseq: 'HSPGPESVPGQYGAYF--QDNGFLALPGNSFSRSLPEVPETIEFEVRTSTANGLLLWQGVAKESSRSKDFISLGLQDG',
                'Hsp_query-to': '121',
                'Hsp_hit-frame': '1',
                Hsp_midline: 'H    + V   +GA F   D+ F     ++ S+ +    + +   ++T + NG++LW G    +    D++SLG++ G' } },
           { Hit_def: 'gi|119924945|ref|XP_604151.3| PREDICTED: similar to agrin [Bos taurus]',
             Hit_num: '27',
             Hit_accession: '22199',
             Hit_id: 'gnl|BL_ORD_ID|22199',
             Hit_len: '2178',
             first_hsp: 
              { 'Hsp_bit-score': '33.8834',
                Hsp_score: '76',
                Hsp_positive: '31',
                Hsp_identity: '22',
                'Hsp_query-from': '63',
                Hsp_evalue: '1.65535',
                Hsp_num: '1',
                'Hsp_hit-to': '2059',
                'Hsp_hit-from': '1996',
                Hsp_gaps: '11',
                'Hsp_query-frame': '1',
                Hsp_hseq: 'DLDALAFDGRTYIEYLNAVTESEKALQSNHFELSLRTEATQGLVLWSGKATERA---DYIALAIVDG',
                'Hsp_align-len': '67',
                Hsp_qseq: 'DNGFLALPGNSFSRSLPEVPET--------IEFEVRTSTANGLLLWQGVAKESSRSKDFISLGLQDG',
                'Hsp_query-to': '121',
                'Hsp_hit-frame': '1',
                Hsp_midline: 'D   LA  G ++   L  V E+         E  +RT    GL+LW G A E +   D+I+L + DG' } },
           { Hit_def: 'gi|125811151|ref|XP_001361768.1| GA21051-PA [Drosophila pseudoobscura] >gi|54636944|gb|EAL26347.1| GA21051-PA [Drosophila pseudoobscura]',
             Hit_num: '28',
             Hit_accession: '57982',
             Hit_id: 'gnl|BL_ORD_ID|57982',
             Hit_len: '1276',
             first_hsp: 
              { 'Hsp_bit-score': '33.4982',
                Hsp_score: '75',
                Hsp_positive: '22',
                Hsp_identity: '11',
                'Hsp_query-from': '85',
                Hsp_evalue: '2.00556',
                Hsp_num: '1',
                'Hsp_hit-to': '1157',
                'Hsp_hit-from': '1121',
                'Hsp_query-frame': '1',
                Hsp_hseq: 'LNLRIKTHSENGVILWTGRQGTTDEHDDYLSLGIEKG',
                'Hsp_align-len': '37',
                Hsp_qseq: 'IEFEVRTSTANGLLLWQGVAKESSRSKDFISLGLQDG',
                'Hsp_query-to': '121',
                'Hsp_hit-frame': '1',
                Hsp_midline: '+   ++T + NG++LW G    +    D++SLG++ G' } },
           { Hit_def: 'gi|125852141|ref|XP_693741.2| PREDICTED: hypothetical protein [Danio rerio]',
             Hit_num: '29',
             Hit_accession: '76432',
             Hit_id: 'gnl|BL_ORD_ID|76432',
             Hit_len: '1258',
             first_hsp: 
              { 'Hsp_bit-score': '33.4982',
                Hsp_score: '75',
                Hsp_positive: '21',
                Hsp_identity: '15',
                'Hsp_query-from': '85',
                Hsp_evalue: '2.0393',
                Hsp_num: '1',
                'Hsp_hit-to': '956',
                'Hsp_hit-from': '923',
                Hsp_gaps: '3',
                'Hsp_query-frame': '1',
                Hsp_hseq: 'FELSIRTEATHGLILWSGKGVERS---DYIALAIVDG',
                'Hsp_align-len': '37',
                Hsp_qseq: 'IEFEVRTSTANGLLLWQGVAKESSRSKDFISLGLQDG',
                'Hsp_query-to': '121',
                'Hsp_hit-frame': '1',
                Hsp_midline: 'E  +RT   +GL+LW G   E S   D+I+L + DG' } },
           { Hit_def: 'gi|119622033|gb|EAX01628.1| laminin, alpha 1, isoform CRA_a [Homo sapiens]',
             Hit_num: '30',
             Hit_accession: '6282',
             Hit_id: 'gnl|BL_ORD_ID|6282',
             Hit_len: '2703',
             first_hsp: 
              { 'Hsp_bit-score': '33.4982',
                Hsp_score: '75',
                Hsp_positive: '34',
                Hsp_identity: '26',
                'Hsp_query-from': '55',
                Hsp_evalue: '2.27295',
                Hsp_num: '1',
                'Hsp_hit-to': '2698',
                'Hsp_hit-from': '2640',
                Hsp_gaps: '8',
                'Hsp_query-frame': '1',
                Hsp_hseq: 'AQEGTYFDGSGYAALVKEGY-KVQSDVNITLEF--RTSSQNGVLLGISTAK-----VDAIGLELVDG',
                'Hsp_align-len': '67',
                Hsp_qseq: 'GQYGAYFQDNGFLALPGNSFSRSLPEVPETIEFEVRTSTANGLLLWQGVAKESSRSKDFISLGLQDG',
                'Hsp_query-to': '121',
                'Hsp_hit-frame': '1',
                Hsp_midline: 'Q G YF  +G+ AL    + +   +V  T+EF  RTS+ NG+LL    AK      D I L L DG' } },
           { Hit_def: 'gi|149470138|ref|XP_001520451.1| PREDICTED: hypothetical protein [Ornithorhynchus anatinus]',
             Hit_num: '31',
             Hit_accession: '1522843',
             Hit_id: 'gnl|BL_ORD_ID|1522843',
             Hit_len: '248',
             first_hsp: 
              { 'Hsp_bit-score': '33.113',
                Hsp_score: '74',
                Hsp_positive: '22',
                Hsp_identity: '16',
                'Hsp_query-from': '87',
                Hsp_evalue: '2.70823',
                Hsp_num: '1',
                'Hsp_hit-to': '130',
                'Hsp_hit-from': '97',
                Hsp_gaps: '1',
                'Hsp_query-frame': '1',
                Hsp_hseq: 'MRFKTTAQDGLLMWRGDSHVKPNS-DFISLGLQQG',
                'Hsp_align-len': '35',
                Hsp_qseq: 'FEVRTSTANGLLLWQGVAKESSRSKDFISLGLQDG',
                'Hsp_query-to': '121',
                'Hsp_hit-frame': '1',
                Hsp_midline: '+T+  +GLL+W+G +     S DFISLGLQ G' } },
           { Hit_def: 'gi|158291900|ref|XP_313432.4| AGAP003656-PA [Anopheles gambiae str. PEST] >gi|157017509|gb|EAA44666.4| AGAP003656-PA [Anopheles gambiae str. PEST]',
             Hit_num: '32',
             Hit_accession: '9023',
             Hit_id: 'gnl|BL_ORD_ID|9023',
             Hit_len: '4224',
             first_hsp: 
              { 'Hsp_bit-score': '33.113',
                Hsp_score: '74',
                Hsp_positive: '32',
                Hsp_identity: '21',
                'Hsp_query-from': '61',
                Hsp_evalue: '2.96856',
                Hsp_num: '1',
                'Hsp_hit-to': '4096',
                'Hsp_hit-from': '4035',
                Hsp_gaps: '5',
                'Hsp_query-frame': '1',
                Hsp_hseq: 'FSGNGFIEVSPKAFKHSESQI--TTEFAIMFSAYEPNGLLIWYGQRNGEEFLGNDYVALSLSNG',
                'Hsp_align-len': '64',
                Hsp_qseq: 'FQDNGFLALPGNSFSRSLPEVPETIEFEVRTST--ANGLLLWQGVAK-ESSRSKDFISLGLQDG',
                'Hsp_query-to': '121',
                'Hsp_hit-frame': '1',
                Hsp_midline: 'F  NGF+ +   +F  S  ++  T EF +  S    NGLL+W G    E     D+++L L +G' } },
           { Hit_def: 'gi|153892520|ref|ZP_02013415.1| Exo-alpha-sialidase [Opitutaceae bacterium TAV2] >gi|151581409|gb|EDN45067.1| Exo-alpha-sialidase [Opitutaceae bacterium TAV2]',
             Hit_num: '33',
             Hit_accession: '481415',
             Hit_id: 'gnl|BL_ORD_ID|481415',
             Hit_len: '532',
             first_hsp: 
              { 'Hsp_bit-score': '32.7278',
                Hsp_score: '73',
                Hsp_positive: '30',
                Hsp_identity: '20',
                'Hsp_query-from': '54',
                Hsp_evalue: '3.28118',
                Hsp_num: '1',
                'Hsp_hit-to': '455',
                'Hsp_hit-from': '405',
                Hsp_gaps: '7',
                'Hsp_query-frame': '1',
                Hsp_hseq: 'PGQKAGYVGKGYRRATSGDSTARFLPDLPQAGEYEVR-------LLYPVTGKNTSKAK',
                'Hsp_align-len': '58',
                Hsp_qseq: 'PGQYGAYFQDNGFLALPGNSFSRSLPEVPETIEFEVRTSTANGLLLWQGVAKESSRSK',
                'Hsp_query-to': '111',
                'Hsp_hit-frame': '1',
                Hsp_midline: 'PGQ   Y       A  G+S +R LP++P+  E+EVR       LL+    K +S++K' } },
           { Hit_def: 'gi|158292692|ref|XP_314061.4| AGAP005165-PA [Anopheles gambiae str. PEST] >gi|157017112|gb|EAA09434.5| AGAP005165-PA [Anopheles gambiae str. PEST]',
             Hit_num: '34',
             Hit_accession: '52556',
             Hit_id: 'gnl|BL_ORD_ID|52556',
             Hit_len: '1345',
             first_hsp: 
              { 'Hsp_bit-score': '32.7278',
                Hsp_score: '73',
                Hsp_positive: '23',
                Hsp_identity: '14',
                'Hsp_query-from': '85',
                Hsp_evalue: '3.39253',
                Hsp_num: '1',
                'Hsp_hit-to': '1226',
                'Hsp_hit-from': '1191',
                Hsp_gaps: '1',
                'Hsp_query-frame': '1',
                Hsp_hseq: 'LNLRFKTHSANGLILWTG-RHSALEGDDFLSLGIENG',
                'Hsp_align-len': '37',
                Hsp_qseq: 'IEFEVRTSTANGLLLWQGVAKESSRSKDFISLGLQDG',
                'Hsp_query-to': '121',
                'Hsp_hit-frame': '1',
                Hsp_midline: '+    +T +ANGL+LW G    +    DF+SLG+++G' } },
           { Hit_def: 'gi|47222748|emb|CAG01715.1| unnamed protein product [Tetraodon nigroviridis]',
             Hit_num: '35',
             Hit_accession: '62622',
             Hit_id: 'gnl|BL_ORD_ID|62622',
             Hit_len: '1109',
             first_hsp: 
              { 'Hsp_bit-score': '32.7278',
                Hsp_score: '73',
                Hsp_positive: '20',
                Hsp_identity: '15',
                'Hsp_query-from': '85',
                Hsp_evalue: '3.62672',
                Hsp_num: '1',
                'Hsp_hit-to': '992',
                'Hsp_hit-from': '959',
                Hsp_gaps: '3',
                'Hsp_query-frame': '1',
                Hsp_hseq: 'FELSIRTEATQGLVLWSGKGVERS---DYIALAIVDG',
                'Hsp_align-len': '37',
                Hsp_qseq: 'IEFEVRTSTANGLLLWQGVAKESSRSKDFISLGLQDG',
                'Hsp_query-to': '121',
                'Hsp_hit-frame': '1',
                Hsp_midline: 'E  +RT    GL+LW G   E S   D+I+L + DG' } },
           { Hit_def: 'gi|157129807|ref|XP_001655481.1| perlecan [Aedes aegypti] >gi|108872076|gb|EAT36301.1| perlecan [Aedes aegypti]',
             Hit_num: '36',
             Hit_accession: '4926',
             Hit_id: 'gnl|BL_ORD_ID|4926',
             Hit_len: '3652',
             first_hsp: 
              { 'Hsp_bit-score': '32.7278',
                Hsp_score: '73',
                Hsp_positive: '33',
                Hsp_identity: '17',
                'Hsp_query-from': '58',
                Hsp_evalue: '3.9423',
                Hsp_num: '1',
                'Hsp_hit-to': '3522',
                'Hsp_hit-from': '3458',
                Hsp_gaps: '1',
                'Hsp_query-frame': '1',
                Hsp_hseq: 'GSQFSGDGFLEINPRAITDGVDQYGTKLAVMFSTTHNNGMLLWYGQRNGDNFAGEDYISLSVHEG',
                'Hsp_align-len': '65',
                Hsp_qseq: 'GAYFQDNGFLALPGNSFSRSLPEVPETIEFEVRTSTANGLLLWQGVAK-ESSRSKDFISLGLQDG',
                'Hsp_query-to': '121',
                'Hsp_hit-frame': '1',
                Hsp_midline: 'G+ F  +GFL +   + +  + +    +     T+  NG+LLW G    ++   +D+ISL + +G' } },
           { Hit_def: 'gi|118103734|ref|XP_425019.2| PREDICTED: similar to EGF-like, fibronectin type III and laminin G domains [Gallus gallus]',
             Hit_num: '37',
             Hit_accession: '105822',
             Hit_id: 'gnl|BL_ORD_ID|105822',
             Hit_len: '1062',
             first_hsp: 
              { 'Hsp_bit-score': '32.3426',
                Hsp_score: '72',
                Hsp_positive: '22',
                Hsp_identity: '16',
                'Hsp_query-from': '90',
                Hsp_evalue: '4.93842',
                Hsp_num: '1',
                'Hsp_hit-to': '944',
                'Hsp_hit-from': '914',
                Hsp_gaps: '1',
                'Hsp_query-frame': '1',
                Hsp_hseq: 'KTTMKEGLLMWRGDSPMRPNS-DFISLGLQEG',
                'Hsp_align-len': '32',
                Hsp_qseq: 'RTSTANGLLLWQGVAKESSRSKDFISLGLQDG',
                'Hsp_query-to': '121',
                'Hsp_hit-frame': '1',
                Hsp_midline: '+T+   GLL+W+G +     S DFISLGLQ+G' } },
           { Hit_def: 'gi|170038499|ref|XP_001847087.1| laminin gamma-3 chain [Culex pipiens quinquefasciatus] >gi|167882197|gb|EDS45580.1| laminin gamma-3 chain [Culex pipiens quinquefasciatus]',
             Hit_num: '38',
             Hit_accession: '277173',
             Hit_id: 'gnl|BL_ORD_ID|277173',
             Hit_len: '703',
             first_hsp: 
              { 'Hsp_bit-score': '32.3426',
                Hsp_score: '72',
                Hsp_positive: '23',
                Hsp_identity: '14',
                'Hsp_query-from': '85',
                Hsp_evalue: '5.0636',
                Hsp_num: '1',
                'Hsp_hit-to': '527',
                'Hsp_hit-from': '492',
                Hsp_gaps: '1',
                'Hsp_query-frame': '1',
                Hsp_hseq: 'LNLRFKTHSANGLILWTG-RHSALEGDDFLSLGVENG',
                'Hsp_align-len': '37',
                Hsp_qseq: 'IEFEVRTSTANGLLLWQGVAKESSRSKDFISLGLQDG',
                'Hsp_query-to': '121',
                'Hsp_hit-frame': '1',
                Hsp_midline: '+    +T +ANGL+LW G    +    DF+SLG+++G' } },
           { Hit_def: 'gi|28556864|dbj|BAC57513.1| perlecan homologue [Ciona intestinalis]',
             Hit_num: '39',
             Hit_accession: '557051',
             Hit_id: 'gnl|BL_ORD_ID|557051',
             Hit_len: '478',
             first_hsp: 
              { 'Hsp_bit-score': '32.3426',
                Hsp_score: '72',
                Hsp_positive: '41',
                Hsp_identity: '24',
                'Hsp_query-from': '50',
                Hsp_evalue: '5.14881',
                Hsp_num: '1',
                'Hsp_hit-to': '366',
                'Hsp_hit-from': '284',
                Hsp_gaps: '16',
                'Hsp_query-frame': '1',
                Hsp_hseq: 'PGVSPPRHLARFSGDSFASFEPTTFPHD--GSAEQISFDMRATSPDGLVLFHGEDLTSEPSETSRLHKRSHRGRSKDYISVGIQE',
                'Hsp_align-len': '85',
                Hsp_qseq: 'PESVPGQYGAYFQDNGFLALPGNSFSRSLPEVPETIEFEVRTSTANGLLLWQG------------VAKESSR--SKDFISLGLQD',
                'Hsp_query-to': '120',
                'Hsp_hit-frame': '1',
                Hsp_midline: 'P   P ++ A F  + F +    +F        E I F++R ++ +GL+L+ G            + K S R  SKD+IS+G+Q+' } } ],
        BlastOutput_version: 'blastp 2.2.26 [Sep-21-2011]',
        BlastOutput_program: 'blastp',
        BlastOutput_reference: '~Reference: Altschul, Stephen F., Thomas L. Madden, Alejandro A. Schaffer, ~Jinghui Zhang, Zheng Zhang, Webb Miller, and David J. Lipman (1997), ~"Gapped BLAST and PSI-BLAST: a new generation of protein database search~programs",  Nucleic Acids Res. 25:3389-3402.',
        'BlastOutput_query-def': 'No definition line found',
        'BlastOutput_query-ID': 'lcl|QUERY',
        BlastOutput_db: 'nr70',
        BlastOutput_param: 
         { Parameters: 
            { Parameters_filter: 'F',
              Parameters_matrix: 'BLOSUM62',
              'Parameters_gap-extend': '1',
              Parameters_expect: '10',
              'Parameters_gap-open': '11' } },
        'BlastOutput_query-len': '121' } } }
OOOO=======
{ out: 
   { BlastOutput: 
      { Hits: 
         [ { Hit_def: 'gi|4826754|ref|NP_005121.1| fibroblast growth factor binding protein 1 [Homo sapiens] >gi|74739840|sp|Q14512|FGFP1_HUMAN Fibroblast growth factor-binding protein 1 precursor (FGF-binding protein 1) (FGF-BP1) (FGFBP-1) (FGF-BP) (17 kDa heparin-binding growth factor-binding protein) (17 kDa HBGF-binding protein) (HBp17) >gi|5070624|gb|AAD39216.1|AF149412_1 HBP17 heparin-binding and FGF-binding protein [Homo sapiens] >gi|183951|gb|AAA58636.1| heparin binding protein >gi|13177694|gb|AAH03628.1| Fibroblast growth factor binding protein 1 [Homo sapiens] >gi|14286228|gb|AAH08910.1| Fibroblast growth factor binding protein 1 [Homo sapiens] >gi|119613154|gb|EAW92748.1| fibroblast growth factor binding protein 1 [Homo sapiens] >gi|158256050|dbj|BAF83996.1| unnamed protein product [Homo sapiens]',
             Hit_num: '1',
             Hit_accession: '1597139',
             Hit_id: 'gnl|BL_ORD_ID|1597139',
             Hit_len: '234',
             first_hsp: 
              { 'Hsp_bit-score': '480.33',
                Hsp_score: '1235',
                Hsp_positive: '234',
                Hsp_identity: '234',
                'Hsp_query-from': '75',
                Hsp_evalue: '2.86999e-134',
                Hsp_num: '1',
                'Hsp_hit-to': '234',
                'Hsp_hit-from': '1',
                'Hsp_query-frame': '1',
                Hsp_hseq: 'MKICSLTLLSFLLLAAQVLLVEGKKKVKNGLHSKVVSEQKDTLGNTQIKQKSRPGNKGKFVTKDQANCRWAATEQEEGISLKVECTQLDHEFSCVFAGNPTSCLKLKDERVYWKQVARNLRSQKDICRYSKTAVKTRVCRKDFPESSLKLVSSTLFGNTKPRKEKTEMSPREHIKGKETTPSSLAVTQTMATKAPECVEDPDMANQRKTALEFCGETWSSLCTFFLSIVQDTSC',
                'Hsp_align-len': '234',
                Hsp_qseq: 'MKICSLTLLSFLLLAAQVLLVEGKKKVKNGLHSKVVSEQKDTLGNTQIKQKSRPGNKGKFVTKDQANCRWAATEQEEGISLKVECTQLDHEFSCVFAGNPTSCLKLKDERVYWKQVARNLRSQKDICRYSKTAVKTRVCRKDFPESSLKLVSSTLFGNTKPRKEKTEMSPREHIKGKETTPSSLAVTQTMATKAPECVEDPDMANQRKTALEFCGETWSSLCTFFLSIVQDTSC',
                'Hsp_query-to': '308',
                'Hsp_hit-frame': '1',
                Hsp_midline: 'MKICSLTLLSFLLLAAQVLLVEGKKKVKNGLHSKVVSEQKDTLGNTQIKQKSRPGNKGKFVTKDQANCRWAATEQEEGISLKVECTQLDHEFSCVFAGNPTSCLKLKDERVYWKQVARNLRSQKDICRYSKTAVKTRVCRKDFPESSLKLVSSTLFGNTKPRKEKTEMSPREHIKGKETTPSSLAVTQTMATKAPECVEDPDMANQRKTALEFCGETWSSLCTFFLSIVQDTSC' } },
           { Hit_def: 'gi|149703150|ref|XP_001498791.1| PREDICTED: similar to fibroblast growth factor-binding protein [Equus caballus]',
             Hit_num: '2',
             Hit_accession: '1645230',
             Hit_id: 'gnl|BL_ORD_ID|1645230',
             Hit_len: '237',
             first_hsp: 
              { 'Hsp_bit-score': '272.322',
                Hsp_score: '695',
                Hsp_positive: '180',
                Hsp_identity: '143',
                'Hsp_query-from': '75',
                Hsp_evalue: '1.14806e-71',
                Hsp_num: '1',
                'Hsp_hit-to': '237',
                'Hsp_hit-from': '1',
                Hsp_gaps: '3',
                'Hsp_query-frame': '1',
                Hsp_hseq: 'MRIHSLTLLPFLLLAAQVFLVEGQKEIQNQHVSKATTDKLHTLGNPQIEQRSQPVKHLKKGKFVTQDHADCRWVVTELGKGISLKIECTQQEKKFSCVFTGNPTSCLELNKKNMYWKQIGRSLRSQKAICGDSKSVLKTRVCRKKFPESNLKLVNSTLIDSKKPSQEYMEPSPSKQSKVKENTPTSPMETQTMAINNPECVDDPDMVNQRKTALDYCGESWSSFCLFFLTMFQSNTC',
                'Hsp_align-len': '237',
                Hsp_qseq: 'MKICSLTLLSFLLLAAQVLLVEGKKKVKNGLHSKVVSEQKDTLGNTQIKQKSRPGN---KGKFVTKDQANCRWAATEQEEGISLKVECTQLDHEFSCVFAGNPTSCLKLKDERVYWKQVARNLRSQKDICRYSKTAVKTRVCRKDFPESSLKLVSSTLFGNTKPRKEKTEMSPREHIKGKETTPSSLAVTQTMATKAPECVEDPDMANQRKTALEFCGETWSSLCTFFLSIVQDTSC',
                'Hsp_query-to': '308',
                'Hsp_hit-frame': '1',
                Hsp_midline: 'M+I SLTLL FLLLAAQV LVEG+K+++N   SK  +++  TLGN QI+Q+S+P     KGKFVT+D A+CRW  TE  +GISLK+ECTQ + +FSCVF GNPTSCL+L  + +YWKQ+ R+LRSQK IC  SK+ +KTRVCRK FPES+LKLV+STL  + KP +E  E SP +  K KE TP+S   TQTMA   PECV+DPDM NQRKTAL++CGE+WSS C FFL++ Q  +C' } },
           { Hit_def: 'gi|47132512|ref|NP_032035.2| fibroblast growth factor binding protein 1 [Mus musculus] >gi|81882174|sp|O70514|FGFP1_MOUSE Fibroblast growth factor-binding protein 1 precursor (FGF-binding protein 1) (FGF-BP1) (FGFBP-1) (FGF-BP) >gi|3153885|gb|AAC17439.1| FGF binding protein 1 [Mus musculus] >gi|41351231|gb|AAH65774.1| Fibroblast growth factor binding protein 1 [Mus musculus] >gi|74144658|dbj|BAE27314.1| unnamed protein product [Mus musculus] >gi|148705652|gb|EDL37599.1| fibroblast growth factor binding protein 1 [Mus musculus]',
             Hit_num: '3',
             Hit_accession: '1455116',
             Hit_id: 'gnl|BL_ORD_ID|1455116',
             Hit_len: '251',
             first_hsp: 
              { 'Hsp_bit-score': '269.626',
                Hsp_score: '688',
                Hsp_positive: '169',
                Hsp_identity: '139',
                'Hsp_query-from': '89',
                Hsp_evalue: '7.4415e-71',
                Hsp_num: '1',
                'Hsp_hit-to': '251',
                'Hsp_hit-from': '15',
                Hsp_gaps: '17',
                'Hsp_query-frame': '1',
                Hsp_hseq: 'ATQAFSEKVRKRAKNAPHSTAEEGVEGSAPSLGKAQNKQRSRTSKSLTHGKFVTKDQATCRWAVTEEEQGISLKVQCTQADQEFSCVFAGDPTDCLKHDKDQIYWKQVARTLRKQKNICRNAKSVLKTRVCRKRFPESNLKLVNPNARGNTKPRKEKAEVSAREHNKVQEAVSTEPNRVKEDITLNPAATQTMAIRDPECLEDPDVLNQRKTALEFCGESWSSICTFFLNMLQATSC',
                'Hsp_align-len': '237',
                Hsp_qseq: 'AAQVLLVEGKKKVKNGLHSKV---VSEQKDTLGNTQIKQKSRPGNK---GKFVTKDQANCRWAATEQEEGISLKVECTQLDHEFSCVFAGNPTSCLKLKDERVYWKQVARNLRSQKDICRYSKTAVKTRVCRKDFPESSLKLVSSTLFGNTKPRKEKTEMSPREHIKGKE---TTPSSL--------AVTQTMATKAPECVEDPDMANQRKTALEFCGETWSSLCTFFLSIVQDTSC',
                'Hsp_query-to': '308',
                'Hsp_hit-frame': '1',
                Hsp_midline: 'A Q    + +K+ KN  HS     V     +LG  Q KQ+SR       GKFVTKDQA CRWA TE+E+GISLKV+CTQ D EFSCVFAG+PT CLK   +++YWKQVAR LR QK+ICR +K+ +KTRVCRK FPES+LKLV+    GNTKPRKEK E+S REH K +E   T P+ +        A TQTMA + PEC+EDPD+ NQRKTALEFCGE+WSS+CTFFL+++Q TSC' } },
           { Hit_def: 'gi|73951821|ref|XP_545936.2| PREDICTED: similar to fibroblast growth factor binding protein 1 [Canis familiaris]',
             Hit_num: '4',
             Hit_accession: '1359656',
             Hit_id: 'gnl|BL_ORD_ID|1359656',
             Hit_len: '286',
             first_hsp: 
              { 'Hsp_bit-score': '254.988',
                Hsp_score: '650',
                Hsp_positive: '179',
                Hsp_identity: '148',
                'Hsp_query-from': '47',
                Hsp_evalue: '2.04468e-66',
                Hsp_num: '1',
                'Hsp_hit-to': '286',
                'Hsp_hit-from': '33',
                Hsp_gaps: '8',
                'Hsp_query-frame': '1',
                Hsp_hseq: 'INNRGVMSPAPVP------AGSHQAED-MRIHSLTLLSFLLLAVQVSLVKGKKEVKNRHVSKGTRDKLRALGETHT-EPHKQLTKGKFVTRDHANCRWVVTEQEEGIALKVECTRQDNKFSCVFTGNPTFCLESNKKNVYWKQIGRNLRSQKVICGDAKTILKTKVCRKKFPESNLKLVNSTLIWTKKPSQELTEPSPREQSKVKENIPSGSVETQTIATKDPKCEEDPDLIKQSKIALDYCGESWGSLCKFFITMVQGNSC',
                'Hsp_align-len': '262',
                Hsp_qseq: 'INOSHOMOSAPIENSOXGNFGFBPPESVMKICSLTLLSFLLLAAQVLLVEGKKKVKNGLHSKVVSEQKDTLGNTQIKQKSRPGNKGKFVTKDQANCRWAATEQEEGISLKVECTQLDHEFSCVFAGNPTSCLKLKDERVYWKQVARNLRSQKDICRYSKTAVKTRVCRKDFPESSLKLVSSTLFGNTKPRKEKTEMSPREHIKGKETTPSSLAVTQTMATKAPECVEDPDMANQRKTALEFCGETWSSLCTFFLSIVQDTSC',
                'Hsp_query-to': '308',
                'Hsp_hit-frame': '1',
                Hsp_midline: 'IN    M  AP+        G    E  M+I SLTLLSFLLLA QV LV+GKK+VKN   SK   ++   LG T   +  +   KGKFVT+D ANCRW  TEQEEGI+LKVECT+ D++FSCVF GNPT CL+   + VYWKQ+ RNLRSQK IC  +KT +KT+VCRK FPES+LKLV+STL    KP +E TE SPRE  K KE  PS    TQT+ATK P+C EDPD+  Q K AL++CGE+W SLC FF+++VQ  SC' } },
           { Hit_def: 'gi|27805911|ref|NP_776762.1| fibroblast growth factor-binding protein (FGF-BP) [Bos taurus] >gi|119894243|ref|XP_001250805.1| PREDICTED: similar to fibroblast growth factor-binding protein [Bos taurus] >gi|75050403|sp|Q9MZ06|FGFP1_BOVIN Fibroblast growth factor-binding protein 1 precursor (FGF-binding protein 1) (FGF-BP1) (FGFBP-1) (FGF-BP) >gi|8489873|gb|AAF75792.1|AF271896_1 fibroblast growth factor-binding protein [Bos taurus] >gi|113912191|gb|AAI22704.1| Fibroblast growth factor-binding protein (FGF-BP) [Bos taurus]',
             Hit_num: '5',
             Hit_accession: '1597352',
             Hit_id: 'gnl|BL_ORD_ID|1597352',
             Hit_len: '234',
             first_hsp: 
              { 'Hsp_bit-score': '236.884',
                Hsp_score: '603',
                Hsp_positive: '154',
                Hsp_identity: '126',
                'Hsp_query-from': '95',
                Hsp_evalue: '5.43527e-61',
                Hsp_num: '1',
                'Hsp_hit-to': '234',
                'Hsp_hit-from': '21',
                Hsp_gaps: '6',
                'Hsp_query-frame': '1',
                Hsp_hseq: 'VEAKKEGRNRRGSKASADESLALGKPGKEPRSQPTNYPIKGKFVTPDHADCRWAVTKQEEGIVLKVECTQRDNTFSCFFTGNPTSCLELHKNNAYWKQIGRNLRSQKVICGDAKSVLKTRVCRKKFPESNLKLVNSTLIRIKKPSQELMEPSPMDTV--EVTTSSSPEKTQTMATKDPQC-EEEDLKNQRKAALEYCGETWGSLCNFFLSMVQGSSC',
                'Hsp_align-len': '217',
                Hsp_qseq: 'VEGKKKVKNGLHSKVVSEQKDTLGNTQIKQKSRPGN---KGKFVTKDQANCRWAATEQEEGISLKVECTQLDHEFSCVFAGNPTSCLKLKDERVYWKQVARNLRSQKDICRYSKTAVKTRVCRKDFPESSLKLVSSTLFGNTKPRKEKTEMSPREHIKGKETTPSSLAVTQTMATKAPECVEDPDMANQRKTALEFCGETWSSLCTFFLSIVQDTSC',
                'Hsp_query-to': '308',
                'Hsp_hit-frame': '1',
                Hsp_midline: 'VE KK+ +N   SK  +++   LG    + +S+P N   KGKFVT D A+CRWA T+QEEGI LKVECTQ D+ FSC F GNPTSCL+L     YWKQ+ RNLRSQK IC  +K+ +KTRVCRK FPES+LKLV+STL    KP +E  E SP + +  + TT SS   TQTMATK P+C E+ D+ NQRK ALE+CGETW SLC FFLS+VQ +SC' } },
           { Hit_def: 'gi|149414380|ref|XP_001513284.1| PREDICTED: similar to MGC84401 protein [Ornithorhynchus anatinus]',
             Hit_num: '6',
             Hit_accession: '1644780',
             Hit_id: 'gnl|BL_ORD_ID|1644780',
             Hit_len: '235',
             first_hsp: 
              { 'Hsp_bit-score': '181.03',
                Hsp_score: '458',
                Hsp_positive: '146',
                Hsp_identity: '97',
                'Hsp_query-from': '75',
                Hsp_evalue: '4.07881e-44',
                Hsp_num: '1',
                'Hsp_hit-to': '235',
                'Hsp_hit-from': '1',
                Hsp_gaps: '11',
                'Hsp_query-frame': '1',
                Hsp_hseq: 'MRIRCIALFSILLLVSQLLFVEGEKQKERKNGREGKGERQQAGSPGPREKGQKSRGGKGFPKGKFSTKDKADCTWAVTRQDSTSTLTIECKRGNSMFGCTYAGNPSSCPQFEGNEKPYWKQISRVLKKQKGICQDPESVLRSRLCKKGSSGATLKMVNSTLSKTESGAEDKSEQGGLGGI-----IPTVRAENGAVTKGTPDCEEDEDIINQRKVADEYCGHSWSSLCRFFLTMFQDNTC',
                'Hsp_align-len': '240',
                Hsp_qseq: 'MKICSLTLLSFLLLAAQVLLVEGKKKV--KNGLHSKVVSEQKDTLGNTQIKQKSRPGN---KGKFVTKDQANCRWAATEQEEGISLKVECTQLDHEFSCVFAGNPTSCLKLK-DERVYWKQVARNLRSQKDICRYSKTAVKTRVCRKDFPESSLKLVSSTLFGNTKPRKEKTEMSPREHIKGKETTPSSLAVTQTMATKAPECVEDPDMANQRKTALEFCGETWSSLCTFFLSIVQDTSC',
                'Hsp_query-to': '308',
                'Hsp_hit-frame': '1',
                Hsp_midline: 'M+I  + L S LLL +Q+L VEG+K+   KNG   K   +Q  + G  +  QKSR G    KGKF TKD+A+C WA T Q+   +L +EC + +  F C +AGNP+SC + + +E+ YWKQ++R L+ QK IC+  ++ +++R+C+K    ++LK+V+STL       ++K+E      I      P+  A    +    P+C ED D+ NQRK A E+CG +WSSLC FFL++ QD +C' } },
           { Hit_def: 'gi|126331983|ref|XP_001369614.1| PREDICTED: hypothetical protein [Monodelphis domestica]',
             Hit_num: '7',
             Hit_accession: '1761460',
             Hit_id: 'gnl|BL_ORD_ID|1761460',
             Hit_len: '214',
             first_hsp: 
              { 'Hsp_bit-score': '145.591',
                Hsp_score: '366',
                Hsp_positive: '116',
                Hsp_identity: '77',
                'Hsp_query-from': '131',
                Hsp_evalue: '1.74706e-33',
                Hsp_num: '1',
                'Hsp_hit-to': '214',
                'Hsp_hit-from': '40',
                Hsp_gaps: '19',
                'Hsp_query-frame': '1',
                Hsp_hseq: 'RGRFSTRENVPCTWAVTEKE-GITLKVRCKGEEAQFECTYTGNPSSCPNFAGNEKAYWKQIGRALQKQKNLCADSKSVLKSRVCRKGAHSAHLKMVDSTIKNKSQEKKGK---------KHPPTSPSTVRPT-TLTTKPTGHQSTTEKCMEDVEVINQRRVAEEYCGESWSSLCTFLLTMLQDKKC',
                'Hsp_align-len': '186',
                Hsp_qseq: 'KGKFVTKDQANCRWAATEQEEGISLKVECTQLDHEFSCVFAGNPTSCLKLK-DERVYWKQVARNLRSQKDICRYSKTAVKTRVCRKDFPESSLKLVSSTLFGNTKPRKEKTEMSPREHIKGKETTPSSLAVTQTMATK-------APECVEDPDMANQRKTALEFCGETWSSLCTFFLSIVQDTSC',
                'Hsp_query-to': '308',
                'Hsp_hit-frame': '1',
                Hsp_midline: '+G+F T++   C WA TE+E GI+LKV C   + +F C + GNP+SC     +E+ YWKQ+ R L+ QK++C  SK+ +K+RVCRK    + LK+V ST+   ++ +K K         K   T+PS++  T T+ TK         +C+ED ++ NQR+ A E+CGE+WSSLCTF L+++QD  C' } },
           { Hit_def: 'gi|50747182|ref|XP_420773.1| PREDICTED: similar to MGC84401 protein [Gallus gallus]',
             Hit_num: '8',
             Hit_accession: '1598201',
             Hit_id: 'gnl|BL_ORD_ID|1598201',
             Hit_len: '237',
             first_hsp: 
              { 'Hsp_bit-score': '140.198',
                Hsp_score: '352',
                Hsp_positive: '129',
                Hsp_identity: '82',
                'Hsp_query-from': '75',
                Hsp_evalue: '7.71688e-32',
                Hsp_num: '1',
                'Hsp_hit-to': '237',
                'Hsp_hit-from': '1',
                Hsp_gaps: '17',
                'Hsp_query-frame': '1',
                Hsp_hseq: 'MWIKNVGLLCVLILVSQMLLASCERQKERRRGKQGIEHGGKKQAESNPEREKGRKPKGGKASP--KGKFKSKENADCSWAVTDMS-AATVHIECRNGDSAFWCEFSGDPSACPHYAANQKSYWKQVSRSLKKQKQICQDPRSILKPKICRKGPRGAHLKLTRSSLLAAVDPAK----GHPAHHAAEDAQGPAASETGKQPEHSPPDCVEDVDYIDQRKVAEEYCPESLLSLCNFFITMVQDKKC',
                'Hsp_align-len': '244',
                Hsp_qseq: 'MKICSLTLLSFLLLAAQVLLV---------EGKKKVKNGLHSKVVSEQKDTLGNTQIKQKSRPGNKGKFVTKDQANCRWAATEQEEGISLKVECTQLDHEFSCVFAGNPTSCLKLK-DERVYWKQVARNLRSQKDICRYSKTAVKTRVCRKDFPESSLKLVSSTLFGNTKPRKEKTEMSPREHIKGKETTPSSLAVTQTMATKAPECVEDPDMANQRKTALEFCGETWSSLCTFFLSIVQDTSC',
                'Hsp_query-to': '308',
                'Hsp_hit-frame': '1',
                Hsp_midline: 'M I ++ LL  L+L +Q+LL           GK+ +++G   +  S  +   G      K+ P  KGKF +K+ A+C WA T+     ++ +EC   D  F C F+G+P++C     +++ YWKQV+R+L+ QK IC+  ++ +K ++CRK    + LKL  S+L     P K      P  H       P++    +      P+CVED D  +QRK A E+C E+  SLC FF+++VQD  C' } },
           { Hit_def: 'gi|163914917|ref|NP_001106374.1| fibroblast growth factor binding protein 1 [Xenopus tropicalis] >gi|160774077|gb|AAI55369.1| Unknown (protein for MGC:180492) [Xenopus tropicalis]',
             Hit_num: '9',
             Hit_accession: '1658961',
             Hit_id: 'gnl|BL_ORD_ID|1658961',
             Hit_len: '224',
             first_hsp: 
              { 'Hsp_bit-score': '128.257',
                Hsp_score: '321',
                Hsp_positive: '129',
                Hsp_identity: '81',
                'Hsp_query-from': '75',
                Hsp_evalue: '2.61139e-28',
                Hsp_num: '1',
                'Hsp_hit-to': '224',
                'Hsp_hit-from': '1',
                Hsp_gaps: '28',
                'Hsp_query-frame': '1',
                Hsp_hseq: 'MKLVHIAFLGLITLLMSNVLLVEGNNQREGKKERGKAKGEKKAEADSPQGKGGRTRGGKGSLQGKFVSKENATCTWAVTE-AQSVTLRIDCRKEESSFSCSFGGNPSSCPKYAGNEKSYWKQIARALKKQKKICQDPKAVLKSKECKRGPQEAHLRYLGSQV-----PQQVG---SSHTHVEPDVQVP----------TTAPGKDCEEEADPAEKQRIAAEYCGNSWGSFCNFFLSMLQSKSC',
                'Hsp_align-len': '243',
                Hsp_qseq: 'MKICSLTLLSFL-LLAAQVLLVEGK-----KKVKNGLHSKVVSEQKDTLGNTQIKQKSRPGNKGKFVTKDQANCRWAATEQEEGISLKVECTQLDHEFSCVFAGNPTSCLKLK-DERVYWKQVARNLRSQKDICRYSKTAVKTRVCRKDFPESSLKLVSSTLFGNTKPRKEKTEMSPREHIKGKETTPSSLAVTQTMATKAP--ECVEDPDMANQRKTALEFCGETWSSLCTFFLSIVQDTSC',
                'Hsp_query-to': '308',
                'Hsp_hit-frame': '1',
                Hsp_midline: 'MK+  +  L  + LL + VLLVEG      KK +     +  +E     G     +  +   +GKFV+K+ A C WA TE  + ++L+++C + +  FSC F GNP+SC K   +E+ YWKQ+AR L+ QK IC+  K  +K++ C++   E+ L+ + S +     P++     S   H++     P          T AP  +C E+ D A +++ A E+CG +W S C FFLS++Q  SC' } },
           { Hit_def: 'gi|149703147|ref|XP_001498744.1| PREDICTED: similar to beta-3-adrenergic receptor [Equus caballus]',
             Hit_num: '10',
             Hit_accession: '863956',
             Hit_id: 'gnl|BL_ORD_ID|863956',
             Hit_len: '394',
             first_hsp: 
              { 'Hsp_bit-score': '123.25',
                Hsp_score: '308',
                Hsp_positive: '105',
                Hsp_identity: '71',
                'Hsp_query-from': '75',
                Hsp_evalue: '9.44145e-27',
                Hsp_num: '1',
                'Hsp_hit-to': '162',
                'Hsp_hit-from': '1',
                Hsp_gaps: '4',
                'Hsp_query-frame': '1',
                Hsp_hseq: 'MRIHSLTLLPFLLLATQVLLVVRAQELWELQNNMATKDDWMTLGKPQIVQKAGQHKPLVNGVIVTPDQASCTVTLMEHEEGTAMKAVCSRMDHDFSCVFTGNPTSCIEGYKSDMIFWRQIAYRLSCQRNLCEDANTVLRSRICSRRFPESNFKLVYSTLIDD',
                'Hsp_align-len': '162',
                Hsp_qseq: 'MKICSLTLLSFLLLAAQVLLVEGKKKVKNGLHSKVVSEQKDTLGNTQIKQKS---RPGNKGKFVTKDQANCRWAATEQEEGISLKVECTQLDHEFSCVFAGNPTSCLK-LKDERVYWKQVARNLRSQKDICRYSKTAVKTRVCRKDFPESSLKLVSSTLFGN',
                'Hsp_query-to': '232',
                'Hsp_hit-frame': '1',
                Hsp_midline: 'M+I SLTLL FLLLA QVLLV   +++    ++    +   TLG  QI QK+   +P   G  VT DQA+C     E EEG ++K  C+++DH+FSCVF GNPTSC++  K + ++W+Q+A  L  Q+++C  + T +++R+C + FPES+ KLV STL  +' } },
           { Hit_def: 'gi|125836651|ref|XP_001332813.1| PREDICTED: hypothetical protein [Danio rerio]',
             Hit_num: '11',
             Hit_accession: '1907769',
             Hit_id: 'gnl|BL_ORD_ID|1907769',
             Hit_len: '196',
             first_hsp: 
              { 'Hsp_bit-score': '80.8777',
                Hsp_score: '198',
                Hsp_positive: '83',
                Hsp_identity: '50',
                'Hsp_query-from': '114',
                Hsp_evalue: '4.98488e-14',
                Hsp_num: '1',
                'Hsp_hit-to': '195',
                'Hsp_hit-from': '28',
                Hsp_gaps: '39',
                'Hsp_query-frame': '1',
                Hsp_hseq: 'KDRKAQTDGKRRGRAQRTDGSLKGRFSLKDGPRCSWSAARDGDAFVLGITCKNGEETFGCKYVAKPTTCQQYASNTKLYWKQIGHSLTKQRRVCRDSRALVRAGVCRSAPADAHFKLMDA-------------RANSRVPLPGNNLC--------------------PDRIERLRVAEEYCSSSWSSLCTFLFLMLENDEC',
                'Hsp_align-len': '201',
                Hsp_qseq: 'KDTLGNTQIKQKSRPGN-----KGKFVTKDQANCRWAATEQEEGISLKVECTQLDHEFSCVFAGNPTSCLKL-KDERVYWKQVARNLRSQKDICRYSKTAVKTRVCRKDFPESSLKLVSSTLFGNTKPRKEKTEMSPREHIKGKETTPSSLAVTQTMATKAPECVEDPDMANQRKTALEFCGETWSSLCTFFLSIVQDTSC',
                'Hsp_query-to': '308',
                'Hsp_hit-frame': '1',
                Hsp_midline: 'KD    T  K++ R        KG+F  KD   C W+A    +   L + C   +  F C +   PT+C +   + ++YWKQ+  +L  Q+ +CR S+  V+  VCR    ++  KL+ +               + R  + G                        PD   + + A E+C  +WSSLCTF   ++++  C' } },
           { Hit_def: 'gi|149410499|ref|XP_001515230.1| PREDICTED: similar to FGF binding protein-2 [Ornithorhynchus anatinus]',
             Hit_num: '12',
             Hit_accession: '1770832',
             Hit_id: 'gnl|BL_ORD_ID|1770832',
             Hit_len: '205',
             first_hsp: 
              { 'Hsp_bit-score': '78.9518',
                Hsp_score: '193',
                Hsp_positive: '100',
                Hsp_identity: '63',
                'Hsp_query-from': '109',
                Hsp_evalue: '1.72814e-13',
                Hsp_num: '1',
                'Hsp_hit-to': '204',
                'Hsp_hit-from': '10',
                Hsp_gaps: '15',
                'Hsp_query-frame': '1',
                Hsp_hseq: 'VVSYCLGILGQVPKQSKGSSGEDIHFQTKGKDACTANISGQPE-IKLRIECKSPGKSYWCEFSGKPTLCRPFTNNPKLYWNQITQELKKLPHACQ-SVTVLKPSVCQKAPPDAQLRQIASSLKGALRSSTLPKSKETQ-SGKGTIKKAGKPKTTSPPVIKMTLP--GPEAGNDAESA---KIAKEYCWESLHSFCSYIISIFR',
                'Hsp_align-len': '203',
                Hsp_qseq: 'VVSEQKDTLGNTQIKQKSRPGNKGKFVTKDQANCRWAATEQEEGISLKVECTQLDHEFSCVFAGNPTSCLKL-KDERVYWKQVARNLRSQKDICRYSKTAVKTRVCRKDFPESSLKLVSSTLFG----NTKPRKEKTEMSPREHIK--GKETTPSSLAVTQTMATKAPECVEDPDMANQRKTALEFCGETWSSLCTFFLSIVQ',
                'Hsp_query-to': '304',
                'Hsp_hit-frame': '1',
                Hsp_midline: 'VVS     LG    + K   G    F TK +  C    + Q E I L++EC      + C F+G PT C     + ++YW Q+ + L+     C+ S T +K  VC+K  P++ L+ ++S+L G    +T P+ ++T+ S +  IK  GK  T S   +  T+    PE   D + A   K A E+C E+  S C++ +SI +' } },
           { Hit_def: 'gi|68384147|ref|XP_686320.1| PREDICTED: hypothetical protein [Danio rerio] >gi|125841734|ref|XP_001334606.1| PREDICTED: hypothetical protein [Danio rerio] >gi|159155607|gb|AAI54516.1| Unknown (protein for MGC:172069) [Danio rerio]',
             Hit_num: '13',
             Hit_accession: '1592136',
             Hit_id: 'gnl|BL_ORD_ID|1592136',
             Hit_len: '232',
             first_hsp: 
              { 'Hsp_bit-score': '75.485',
                Hsp_score: '184',
                Hsp_positive: '85',
                Hsp_identity: '51',
                'Hsp_query-from': '132',
                Hsp_evalue: '1.99208e-12',
                Hsp_num: '1',
                'Hsp_hit-to': '226',
                'Hsp_hit-from': '48',
                Hsp_gaps: '15',
                'Hsp_query-frame': '1',
                Hsp_hseq: 'GQLSTKDGHRCTWETLERGANIVLQVSCSVAGEDGLKHPYTCQFAGKPQECSAYNDQSSQYWKQVVSKLKRRENACEGEKV-LKTRLCKKASSVSHMKLTERSGVETTTHMSEGTQDSKRKTDVPGRKEKDVQKEKKEEEEEMKKDEDDGVEGIVNDEFSDM-EPAVGYCRESWHSLCRFF',
                'Hsp_align-len': '181',
                Hsp_qseq: 'GKFVTKDQANCRWAATEQEEGISLKVECT-----QLDHEFSCVFAGNPTSCLKLKDERV-YWKQVARNLRSQKDICRYSKTAVKTRVCRKDFPESSLKL-------VSSTLFGNTKPRKEKTEMSPREHIKGKETTPSSLAVTQTMATKAPECVEDPDMANQRKTALEFCGETWSSLCTFF',
                'Hsp_query-to': '299',
                'Hsp_hit-frame': '1',
                Hsp_midline: 'G+  TKD   C W   E+   I L+V C+      L H ++C FAG P  C    D+   YWKQV   L+ +++ C   K  +KTR+C+K    S +KL        ++ +   T+  K KT++  R+    ++         +       E + + + ++  + A+ +C E+W SLC FF' } },
           { Hit_def: 'gi|125803707|ref|XP_001339408.1| PREDICTED: hypothetical protein [Danio rerio]',
             Hit_num: '14',
             Hit_accession: '1395287',
             Hit_id: 'gnl|BL_ORD_ID|1395287',
             Hit_len: '286',
             first_hsp: 
              { 'Hsp_bit-score': '68.5514',
                Hsp_score: '166',
                Hsp_positive: '82',
                Hsp_identity: '48',
                'Hsp_query-from': '131',
                Hsp_evalue: '2.75981e-10',
                Hsp_num: '1',
                'Hsp_hit-to': '286',
                'Hsp_hit-from': '128',
                Hsp_gaps: '25',
                'Hsp_query-frame': '1',
                Hsp_hseq: 'KGKFIINDKTQQCTWVA-RGEDKYTMNVTCKPGSGDGFTCKYTAKPATCAEYSSNPKGYWKQIARSLQKQKKLCVDPRALIRAGMCKRAPLDAHFKLTEASQ--KKPPSTEKTPTATNTPPPDTEQG----------------CTERID---HRELAREKCGDSWASLCAFLFTVIQSGDC',
                'Hsp_align-len': '181',
                Hsp_qseq: 'KGKFVTKDQAN-CRWAATEQEEGISLKVECTQLDHE-FSCVFAGNPTSCLKLK-DERVYWKQVARNLRSQKDICRYSKTAVKTRVCRKDFPESSLKLVSSTLFGNTKPRKEKTEMSPREHIKGKETTPSSLAVTQTMATKAPECVEDPDMANQRKTALEFCGETWSSLCTFFLSIVQDTSC',
                'Hsp_query-to': '308',
                'Hsp_hit-frame': '1',
                Hsp_midline: 'KGKF+  D+   C W A   E+  ++ V C     + F+C +   P +C +   + + YWKQ+AR+L+ QK +C   +  ++  +C++   ++  KL  ++      P  EKT  +        E                  C E  D    R+ A E CG++W+SLC F  +++Q   C' } },
           { Hit_def: 'gi|13994345|ref|NP_114156.1| fibroblast growth factor binding protein 2 [Homo sapiens] >gi|74733476|sp|Q9BYJ0|FGFP2_HUMAN Fibroblast growth factor-binding protein 2 precursor (FGF-binding protein 2) (FGF-BP2) (FGFBP-2) (37 kDa killer-specific secretory protein) (Ksp37) (HBp17-related protein) (HBp17-RP) >gi|13991771|gb|AAK51503.1|AF361936_1 HBp17-related protein [Homo sapiens] >gi|13442782|dbj|BAB39770.1| Ksp37 [Homo sapiens] >gi|19343683|gb|AAH25720.1| Fibroblast growth factor binding protein 2 [Homo sapiens] >gi|37183074|gb|AAQ89337.1| KSP37 [Homo sapiens] >gi|119613155|gb|EAW92749.1| Ksp37 protein [Homo sapiens] >gi|123982494|gb|ABM82988.1| Ksp37 protein [synthetic construct] >gi|123997161|gb|ABM86182.1| Ksp37 protein [synthetic construct]',
             Hit_num: '15',
             Hit_accession: '1573394',
             Hit_id: 'gnl|BL_ORD_ID|1573394',
             Hit_len: '223',
             first_hsp: 
              { 'Hsp_bit-score': '61.2326',
                Hsp_score: '147',
                Hsp_positive: '86',
                Hsp_identity: '48',
                'Hsp_query-from': '116',
                Hsp_evalue: '4.59382e-08',
                Hsp_num: '1',
                'Hsp_hit-to': '222',
                'Hsp_hit-from': '17',
                Hsp_gaps: '19',
                'Hsp_query-frame': '1',
                Hsp_hseq: 'TLGQAPRQKQGSTGEEFHFQTGGRDSCTMRPSSLGQGAGEVWLRVDCRNTDQTYWCEYRGQPSMCQAFAADPKPYWNQALQELRRLHHACQGAPV-LRPSVCREAGPQAHMQQVTSSLKGSPEPNQQPEAGTPSLRPKATVKLTEATQLGKDSMEELGKAKPTTRPTAKPTQPGPRPGGNEEAKKKAWEHCWKPFQALCAFLISFFR',
                'Hsp_align-len': '207',
                Hsp_qseq: 'TLGNTQIKQKSRPGNKGKFVTKDQANCRWAATEQEEG---ISLKVECTQLDHEFSCVFAGNPTSCLKL-KDERVYWKQVARNLRSQKDICRYSKTAVKTRVCRKDFPESSLKLVSSTLFG----NTKPRKEKTEMSPREHIKGKETTPSSLAVTQTMATKAPEC--VEDPDMANQR--------KTALEFCGETWSSLCTFFLSIVQ',
                'Hsp_query-to': '304',
                'Hsp_hit-frame': '1',
                Hsp_midline: 'TLG    +++   G +  F T  + +C    +   +G   + L+V+C   D  + C + G P+ C     D + YW Q  + LR     C+ +   ++  VCR+  P++ ++ V+S+L G    N +P      + P+  +K  E T       + +    P       P     R        K A E C + + +LC F +S  +' } },
           { Hit_def: 'gi|161612007|gb|AAI55949.1| Unknown (protein for IMAGE:7391197) [Xenopus laevis]',
             Hit_num: '16',
             Hit_accession: '1419330',
             Hit_id: 'gnl|BL_ORD_ID|1419330',
             Hit_len: '277',
             first_hsp: 
              { 'Hsp_bit-score': '55.0694',
                Hsp_score: '131',
                Hsp_positive: '92',
                Hsp_identity: '55',
                'Hsp_query-from': '117',
                Hsp_evalue: '2.80951e-06',
                Hsp_num: '1',
                'Hsp_hit-to': '274',
                'Hsp_hit-from': '52',
                Hsp_gaps: '45',
                'Hsp_query-frame': '1',
                Hsp_hseq: 'LGKTE-KATSKRGDKQGFARSGEFSTKHQHECTWEIT-GDQIVNLTLVCQQQGVNSYTCSYTGDPLKCPSYKTKAKQYWKQILGKFKKVRNACE--EKTLRSHICKKSAAVESQLIKVDAGAGEEGKNIKTKGKTHMKEPGKGTEEKPRSTEANEDSGGEQKSSSKKRKPFPKSNHKPNPPTSSSSLPSLSTAAREVNDDIVELNEDLAETYCAEKWNSLCSFFVNF',
                'Hsp_align-len': '227',
                Hsp_qseq: 'LGNTQIKQKSRPGNK------GKFVTKDQANCRWAATEQEEGISLKVECTQLD-HEFSCVFAGNPTSCLKLKDE-RVYWKQVARNLRSQKDICRYSKTAVKTRVCRKDFP-ESSLKLVSSTLFGNTKPRKEKTEMSPREHIKGKETTPSSLAVTQTMATK--------------------------------APECVEDPDMANQRKTALEFCGETWSSLCTFFLSI',
                'Hsp_query-to': '302',
                'Hsp_hit-frame': '1',
                Hsp_midline: 'LG T+ K  S+ G+K      G+F TK Q  C W  T  ++ ++L + C Q   + ++C + G+P  C   K + + YWKQ+    +  ++ C   +  +++ +C+K    ES L  V +      K  K K +   +E  KG E  P S    +    +                                A   V D  +      A  +C E W+SLC+FF++' } },
           { Hit_def: 'gi|47211294|emb|CAF92143.1| unnamed protein product [Tetraodon nigroviridis]',
             Hit_num: '17',
             Hit_accession: '1704977',
             Hit_id: 'gnl|BL_ORD_ID|1704977',
             Hit_len: '216',
             first_hsp: 
              { 'Hsp_bit-score': '53.1434',
                Hsp_score: '126',
                Hsp_positive: '77',
                Hsp_identity: '53',
                'Hsp_query-from': '125',
                Hsp_evalue: '1.22009e-05',
                Hsp_num: '1',
                'Hsp_hit-to': '213',
                'Hsp_hit-from': '47',
                Hsp_gaps: '51',
                'Hsp_query-frame': '1',
                Hsp_hseq: 'KSSESRRGKFLIHEEKDTGMQCRWVAHDVPDAVRLSVECENPQARVRGGVTDLQCEYTGKPQLCPGYQSSPEGFWKQVSRAFRKLQGKVCYDVRALVRTGMC-KSAPRGALFKLDVDSSVVSAQSGGETPRP---------------GTPAPAA-----------CAE-----QARRKAQERCDSSWVSLCALFFSMLE',
                'Hsp_align-len': '199',
                Hsp_qseq: 'KSRPGNKGKFVTKDQAN----CRWAATEQEEGISLKVECTQLDH-------EFSCVFAGNPTSCLKLKDE-RVYWKQVARNLRS-QKDICRYSKTAVKTRVCRKDFPESSL-KL-----VSSTLFGNTKPRKEKTEMSPREHIKGKETTPSSLAVTQTMATKAPECVEDPDMANQRKTALEFCGETWSSLCTFFLSIVQ',
                'Hsp_query-to': '304',
                'Hsp_hit-frame': '1',
                Hsp_midline: 'KS    +GKF+  ++ +    CRW A +  + + L VEC            +  C + G P  C   +     +WKQV+R  R  Q  +C   +  V+T +C K  P  +L KL     V S   G   PR                 TP+  A           C E       R+ A E C  +W SLC  F S+++' } },
           { Hit_def: 'gi|109089921|ref|XP_001088750.1| PREDICTED: hypothetical protein [Macaca mulatta]',
             Hit_num: '18',
             Hit_accession: '1493287',
             Hit_id: 'gnl|BL_ORD_ID|1493287',
             Hit_len: '254',
             first_hsp: 
              { 'Hsp_bit-score': '51.6026',
                Hsp_score: '122',
                Hsp_positive: '78',
                Hsp_identity: '50',
                'Hsp_query-from': '129',
                Hsp_evalue: '3.6399e-05',
                Hsp_num: '1',
                'Hsp_hit-to': '251',
                'Hsp_hit-from': '47',
                Hsp_gaps: '43',
                'Hsp_query-frame': '1',
                Hsp_hseq: 'GSSGRFLSPEQHACSWQLLLPAPGAAAGSELALRCQSPDGARHQCAYRGEPQRCVAYAARRAHFWKQVLGGLRKKRRPCHDPTPLQARWRGKRARCELRLCHAR-PAARLRAGSRGV----QPRA-RSRGRPRERAPGPAAGITPPQSAPPKENPSERKTNGGKRKAALVPNEERPMGTGPDPDGLDGNAELTETYCAEKWHSLCNFFVNF',
                'Hsp_align-len': '211',
                Hsp_qseq: 'GNKGKFVTKDQANCRW----AATEQEEGISLKVECTQLDH-EFSCVFAGNPTSCLKLKDERV-YWKQVARNLRSQKDIC----------RYSKTAVKTRVCRKDFPESSLKLVSSTLFGNTKPRKEKTEMSPREHIKGKE---TTPSSLAVTQTMATKAPECVE-----------------DPDMANQRKTALE-FCGETWSSLCTFFLSI',
                'Hsp_query-to': '302',
                'Hsp_hit-frame': '1',
                Hsp_midline: 'G+ G+F++ +Q  C W     A     G  L + C   D     C + G P  C+     R  +WKQV   LR ++  C          R  +   + R+C    P + L+  S  +    +PR  ++   PRE   G     T P S    +  + +     +                 DPD  +      E +C E W SLC FF++' } },
           { Hit_def: 'gi|73998220|ref|XP_850051.1| PREDICTED: hypothetical protein XP_844958 [Canis familiaris]',
             Hit_num: '19',
             Hit_accession: '1475367',
             Hit_id: 'gnl|BL_ORD_ID|1475367',
             Hit_len: '259',
             first_hsp: 
              { 'Hsp_bit-score': '50.8322',
                Hsp_score: '120',
                Hsp_positive: '90',
                Hsp_identity: '57',
                'Hsp_query-from': '109',
                Hsp_evalue: '5.03978e-05',
                Hsp_num: '1',
                'Hsp_hit-to': '256',
                'Hsp_hit-from': '25',
                Hsp_gaps: '46',
                'Hsp_query-frame': '1',
                Hsp_hseq: 'VVAARRDKGLAGRVAEPA-PGPAGRSSGRFVSPERHACSWQLLLRAPGPAAGSELALRCRDPAGARQQCAYRGEPERCAAYAARGSHYWKQVLGGLRRKRRPCR-DPAPLKARLCAGKEGHGAELRLVPRASSPARPTAAGFARDPKPR-AGSRGPPREPAPGSATAARLPASASPRGKPSEKSKAGKR-KAASDPGVERPLGTRPEPDGLDENAKLTETYCAEKWHSLCNFFVNF',
                'Hsp_align-len': '236',
                Hsp_qseq: 'VVSEQKDTLGNTQIKQKSRPG----NKGKFVTKDQANCRWA----ATEQEEGISLKVECTQ-LDHEFSCVFAGNPTSCLKLKDERV-YWKQVARNLRSQKDICRYSKTAVKTRVCR-KDFPESSLKLV----------SSTLFGNTKPRKEKTEMSPREHIKGKET--------TPSSLAVTQTMATKAPECVEDPDMANQRKTALE-------------FCGETWSSLCTFFLSI',
                'Hsp_query-to': '302',
                'Hsp_hit-frame': '1',
                Hsp_midline: 'VV+ ++D     ++ + + PG    + G+FV+ ++  C W     A     G  L + C         C + G P  C         YWKQV   LR ++  CR     +K R+C  K+   + L+LV          ++    + KPR   +   PRE   G  T        +P      ++ A K  +   DP +     T  E             +C E W SLC FF++' } },
           { Hit_def: 'gi|139948267|ref|NP_082539.2| fibroblast growth factor binding protein 3 [Mus musculus] >gi|95116746|gb|ABF56583.1| growth factor biding protein 3 [Mus musculus] >gi|148709830|gb|EDL41776.1| RIKEN cDNA 2610306H15 [Mus musculus]',
             Hit_num: '20',
             Hit_accession: '1491648',
             Hit_id: 'gnl|BL_ORD_ID|1491648',
             Hit_len: '250',
             first_hsp: 
              { 'Hsp_bit-score': '45.0542',
                Hsp_score: '105',
                Hsp_positive: '76',
                Hsp_identity: '49',
                'Hsp_query-from': '121',
                Hsp_evalue: '0.00335046',
                Hsp_num: '1',
                'Hsp_hit-to': '247',
                'Hsp_hit-from': '42',
                Hsp_gaps: '40',
                'Hsp_query-frame': '1',
                Hsp_hseq: 'EVTRASRPTVGSSGRFVSPEQHACSWQLLVPAPGTPTGGELALRCQTPGGASLHCAYRGHPERCAATGARRAHYWRRLLGALRRRPRPC-LDPAPLPPRLCAR-------KTAGSDLHSPAHPSLPARPSEPPRSRARSPARSRQSVRSPSSQPEKKPLLVKSNSGGRKAGSDPVPEPPAAAGFQPNGLDQNAELTETYCTEKWHSLCNFFVNF',
                'Hsp_align-len': '214',
                Hsp_qseq: 'QIKQKSRP--GNKGKFVTKDQANCRW----AATEQEEGISLKVEC-TQLDHEFSCVFAGNPTSCLKLKDERV-YWKQVARNLRSQKDICRYSKTAVKTRVCRKDFPESSLKLVSSTLFGNTKPR-KEKTEMSPREHIKGKETTPSSLAVTQTMATKAPECV---------------EDPDMANQRKTALE--------FCGETWSSLCTFFLSI',
                'Hsp_query-to': '302',
                'Hsp_hit-frame': '1',
                Hsp_midline: '++ + SRP  G+ G+FV+ +Q  C W     A     G  L + C T       C + G+P  C      R  YW+++   LR +   C      +  R+C +       K   S L     P    +    PR   +    +  S+    +   K P  V               E P  A  +   L+        +C E W SLC FF++' } },
           { Hit_def: 'gi|125803702|ref|XP_686865.2| PREDICTED: hypothetical protein [Danio rerio]',
             Hit_num: '21',
             Hit_accession: '1395288',
             Hit_id: 'gnl|BL_ORD_ID|1395288',
             Hit_len: '279',
             first_hsp: 
              { 'Hsp_bit-score': '43.1282',
                Hsp_score: '100',
                Hsp_positive: '91',
                Hsp_identity: '49',
                'Hsp_query-from': '110',
                Hsp_evalue: '0.0117126',
                Hsp_num: '1',
                'Hsp_hit-to': '278',
                'Hsp_hit-from': '48',
                Hsp_gaps: '52',
                'Hsp_query-frame': '1',
                Hsp_hseq: 'ATDAQNSSNHIEITQHSRPQPQPKANLWDEPIRFNTKAKDTCTMVISSQTNTTKLRVSCKSKGKSYWCDFLGKPNLCKSYNNNPRHYFTQIMWDLRKLHNACQGSK-VYKPQMCRSASDEVQM------VFHNSWPKNSVPKPTQSSQNQQKHQQQVKSSVPPTKPPTKQQLKPQQPAKA-ASKPAKTGASKPASPRKPVKAITVRPTVAEESQSVKMAEEYCWKSLQGVCAYFISWFQ',
                'Hsp_align-len': '239',
                Hsp_qseq: 'VSEQKDTLGNTQIKQKSRPGNKGK---------FVTKDQANCRWAATEQEEGISLKVECTQLDHEFSCVFAGNPTSCLKLKDE-RVYWKQVARNLRSQKDICRYSKTAVKTRVCRKDFPESSLKLVSSTLFGNTKPRKE-----------------------------KTEMSPREHIKGKETTPSSLAVTQTMATKAP--ECVEDPDMANQR---KTALEFCGETWSSLCTFFLSIVQ',
                'Hsp_query-to': '304',
                'Hsp_hit-frame': '1',
                Hsp_midline: '++ +++  + +I Q SRP  + K         F TK +  C    + Q     L+V C      + C F G P  C    +  R Y+ Q+  +LR   + C+ SK   K ++CR    E  +      +F N+ P+                               K ++ P++  K   + P+    ++  + + P       P +A +    K A E+C ++   +C +F+S  Q' } },
           { Hit_def: 'gi|45383271|ref|NP_989778.1| Ksp37 protein [Gallus gallus] >gi|82098301|sp|Q802A9|FGFP2_CHICK Fibroblast growth factor-binding protein 2 precursor (FGF-binding protein 2) (FGF-BP2) (FGFBP-2) >gi|29468090|gb|AAO23116.1| FGF binding protein-2 [Gallus gallus]',
             Hit_num: '22',
             Hit_accession: '1723559',
             Hit_id: 'gnl|BL_ORD_ID|1723559',
             Hit_len: '208',
             first_hsp: 
              { 'Hsp_bit-score': '41.5874',
                Hsp_score: '96',
                Hsp_positive: '79',
                Hsp_identity: '40',
                'Hsp_query-from': '117',
                Hsp_evalue: '0.0352349',
                Hsp_num: '1',
                'Hsp_hit-to': '207',
                'Hsp_hit-from': '18',
                Hsp_gaps: '10',
                'Hsp_query-frame': '1',
                Hsp_hseq: 'LGQKLKPKKRSNGEEINFRTKTKDVCTMRISGDEE-MKARIECKGQGKSYWCEYTGMPLLCHPFQNNPKMYWNQITMELRKLPHACE-STQMLKASMCQKAPVDALMKQVAAGVEPEDGANRDKSSQKTSASVRGAGKSSVKKTGKPAVLPRIKPTQHGQGSENETEA--MKLAREHCWESLHEFCSYIIGFFR',
                'Hsp_align-len': '194',
                Hsp_qseq: 'LGNTQIKQKSRPGNKGKFVTKDQANCRWAATEQEEGISLKVECTQLDHEFSCVFAGNPTSCLKLKDE-RVYWKQVARNLRSQKDICRYSKTAVKTRVCRKDFPESSLKLVSSTLFGNTKPRKEKTEMSPREHIKGK-----ETTPSSLAVTQTMATKAPECVEDPDMANQRKTALEFCGETWSSLCTFFLSIVQ',
                'Hsp_query-to': '304',
                'Hsp_hit-frame': '1',
                Hsp_midline: 'LG     +K   G +  F TK +  C    +  EE +  ++EC      + C + G P  C   ++  ++YW Q+   LR     C  S   +K  +C+K   ++ +K V++ +       ++K+       ++G      + T     + +   T+  +  E+   A   K A E C E+    C++ +   +' } },
           { Hit_def: 'gi|126331981|ref|XP_001369585.1| PREDICTED: similar to Ksp37 [Monodelphis domestica]',
             Hit_num: '23',
             Hit_accession: '1635293',
             Hit_id: 'gnl|BL_ORD_ID|1635293',
             Hit_len: '223',
             first_hsp: 
              { 'Hsp_bit-score': '39.6614',
                Hsp_score: '91',
                Hsp_positive: '74',
                Hsp_identity: '44',
                'Hsp_query-from': '129',
                Hsp_evalue: '0.118141',
                Hsp_num: '1',
                'Hsp_hit-to': '220',
                'Hsp_hit-from': '30',
                Hsp_gaps: '21',
                'Hsp_query-frame': '1',
                Hsp_hseq: 'GEEIHFQTKGKDACSMRVSDQGE-IHLRLECRNQGQFSWCEYSGKLKLCGAFVSNPTLYWSQVVLGLRRLSEPC-LAAPVLRPPMCQGAGPEAQLKQEASSLKDAHLSSLQSEASRPSKLGFRSEGTPPKDSKEVQMVKVSAKKVGKAKPTALPPAKPTQQGQQARREEEARRMAKEYCWEPLHKICSYIIGI',
                'Hsp_align-len': '193',
                Hsp_qseq: 'GNKGKFVTKDQANCRWAATEQEEGISLKVECTQLDHEFSCVFAGNPTSCLK-LKDERVYWKQVARNLRSQKDICRYSKTAVKTRVCRKDFPESSLKLVSSTLFGNTKPRKEKTEMSPREHIKGKETTPSS-------LAVTQTMATKAPECVEDPDMANQ-----------RKTALEFCGETWSSLCTFFLSI',
                'Hsp_query-to': '302',
                'Hsp_hit-frame': '1',
                Hsp_midline: 'G +  F TK +  C    ++Q E I L++EC        C ++G    C   + +  +YW QV   LR   + C  +   ++  +C+   PE+ LK  +S+L        +     P +     E TP         + V+     KA      P    Q           R+ A E+C E    +C++ + I' } },
           { Hit_def: 'gi|126273287|ref|XP_001375628.1| PREDICTED: similar to Fibroblast growth factor binding protein 3 [Monodelphis domestica]',
             Hit_num: '24',
             Hit_accession: '1395963',
             Hit_id: 'gnl|BL_ORD_ID|1395963',
             Hit_len: '283',
             first_hsp: 
              { 'Hsp_bit-score': '37.7354',
                Hsp_score: '86',
                Hsp_positive: '34',
                Hsp_identity: '27',
                'Hsp_query-from': '133',
                Hsp_evalue: '0.548469',
                Hsp_num: '1',
                'Hsp_hit-to': '141',
                'Hsp_hit-from': '47',
                Hsp_gaps: '16',
                'Hsp_query-frame': '1',
                Hsp_hseq: 'RFSNPDQHACSWQILLPAPGDSSAAGAGGGGTGSELAVSCQSPDGSRYQCAYRGEPQRCAAYNARGPQYWKQVVGKLRKKKQPC-HDPAPLKARLC',
                'Hsp_align-len': '96',
                Hsp_qseq: 'KFVTKDQANCRW-------------AATEQEEGISLKVECTQLD-HEFSCVFAGNPTSCLKLKDERV-YWKQVARNLRSQKDICRYSKTAVKTRVC',
                'Hsp_query-to': '213',
                'Hsp_hit-frame': '1',
                Hsp_midline: '+F   DQ  C W              A     G  L V C   D   + C + G P  C         YWKQV   LR +K  C +    +K R+C' } },
           { Hit_def: 'gi|125836649|ref|XP_001332722.1| PREDICTED: hypothetical protein [Danio rerio]',
             Hit_num: '25',
             Hit_accession: '1760636',
             Hit_id: 'gnl|BL_ORD_ID|1760636',
             Hit_len: '215',
             first_hsp: 
              { 'Hsp_bit-score': '37.3502',
                Hsp_score: '85',
                Hsp_positive: '55',
                Hsp_identity: '28',
                'Hsp_query-from': '133',
                Hsp_evalue: '0.687053',
                Hsp_num: '1',
                'Hsp_hit-to': '151',
                'Hsp_hit-from': '26',
                Hsp_gaps: '4',
                'Hsp_query-frame': '1',
                Hsp_hseq: 'EFLTKGTKDECYMSVTGSGDLTKLRITCQGDERSYWCEYQGRPKVCRSYNGNPVHYYRQIMWSLRKLPNACQ-GQRVYKPLMCKRATDDAQMVFTTSS-SADAVPRDRPEPMRPAQKPMPKPTRPQPL',
                'Hsp_align-len': '128',
                Hsp_qseq: 'KFVTKDQAN-CRWAATEQEEGISLKVECTQLDHEFSCVFAGNPTSCLKLKDERV-YWKQVARNLRSQKDICRYSKTAVKTRVCRKDFPESSLKLVSSTLFGNTKPRKEKTEMSPREHIKGKETTPSSL',
                'Hsp_query-to': '258',
                'Hsp_hit-frame': '1',
                Hsp_midline: '+F+TK   + C  + T   +   L++ C   +  + C + G P  C       V Y++Q+  +LR   + C+  +   K  +C++   ++ +   +S+   +  PR     M P +    K T P  L' } },
           { Hit_def: 'gi|168057953|ref|XP_001780976.1| predicted protein [Physcomitrella patens subsp. patens] >gi|162667610|gb|EDQ54236.1| predicted protein [Physcomitrella patens subsp. patens]',
             Hit_num: '26',
             Hit_accession: '275092',
             Hit_id: 'gnl|BL_ORD_ID|275092',
             Hit_len: '718',
             first_hsp: 
              { 'Hsp_bit-score': '33.8834',
                Hsp_score: '76',
                Hsp_positive: '26',
                Hsp_identity: '22',
                'Hsp_query-from': '120',
                Hsp_evalue: '7.34692',
                Hsp_num: '1',
                'Hsp_hit-to': '640',
                'Hsp_hit-from': '582',
                Hsp_gaps: '9',
                'Hsp_query-frame': '1',
                Hsp_hseq: 'TDIKQASFLGEKGEFVASGSDDGRWFIWSKETGRLIKMLNGDENVVNCVQ-SHPFDCAIA',
                'Hsp_align-len': '60',
                Hsp_qseq: 'TQIKQKSRPGNKGKFVTKDQANCRWAATEQEEGISLK--------VECTQLDHEFSCVFA',
                'Hsp_query-to': '171',
                'Hsp_hit-frame': '1',
                Hsp_midline: 'T IKQ S  G KG+FV     + RW    +E G  +K        V C Q  H F C  A' } },
           { Hit_def: 'gi|17511224|dbj|BAB79235.1| nucleosome assembly protein 1 [Paramecium caudatum]',
             Hit_num: '27',
             Hit_accession: '892897',
             Hit_id: 'gnl|BL_ORD_ID|892897',
             Hit_len: '369',
             first_hsp: 
              { 'Hsp_bit-score': '33.4982',
                Hsp_score: '75',
                Hsp_positive: '64',
                Hsp_identity: '37',
                'Hsp_query-from': '122',
                Hsp_evalue: '8.32645',
                Hsp_num: '1',
                'Hsp_hit-to': '237',
                'Hsp_hit-from': '97',
                Hsp_gaps: '15',
                'Hsp_query-frame': '1',
                Hsp_hseq: 'IKQKFKPEDQAKAVALVYYMKKWSNAEQQ--YQEKVQKLSTDHIKACMPEQQEINALVNGEREPKAEELQGLKDLGSDIKSAEPIPNYWQKVLQHCSITGTRLSQKDVDVLASLKGISAVMGDNDKDFKIKFEFNPNEFFENK',
                'Hsp_align-len': '143',
                Hsp_qseq: 'IKQKSRPGNKGKFVTKDQANCRWAATEQEEGISLKVECTQLDHEFSCVFAGNPTSCL------KLKDERVYWKQVARNLRSQKDICRYSKTAVK------TRVCRKDFPE-SSLKLVSSTLFGNTKPRKEKTEMSPREHIKGK',
                'Hsp_query-to': '251',
                'Hsp_hit-frame': '1',
                Hsp_midline: 'IKQK +P ++ K V       +W+  EQ+     KV+    DH  +C+      + L         +E    K +  +++S + I  Y +  ++      TR+ +KD    +SLK +S+ +  N K  K K E +P E  + K' } } ],
        BlastOutput_version: 'blastp 2.2.26 [Sep-21-2011]',
        BlastOutput_program: 'blastp',
        BlastOutput_reference: '~Reference: Altschul, Stephen F., Thomas L. Madden, Alejandro A. Schaffer, ~Jinghui Zhang, Zheng Zhang, Webb Miller, and David J. Lipman (1997), ~"Gapped BLAST and PSI-BLAST: a new generation of protein database search~programs",  Nucleic Acids Res. 25:3389-3402.',
        'BlastOutput_query-def': 'No definition line found',
        'BlastOutput_query-ID': 'lcl|QUERY',
        BlastOutput_db: 'nr70',
        BlastOutput_param: 
         { Parameters: 
            { Parameters_filter: 'F',
              Parameters_matrix: 'BLOSUM62',
              'Parameters_gap-extend': '1',
              Parameters_expect: '10',
              'Parameters_gap-open': '11' } },
        'BlastOutput_query-len': '308' } } }
OOOO=======
{ out: 
   { BlastOutput: 
      { Hits: 
         [ { Hit_def: 'gi|62078605|ref|NP_001013960.1| von Willebrand factor A domain-related protein [Rattus norvegicus] >gi|81884089|sp|Q642A6|VWA1_RAT von Willebrand factor A domain-containing protein 1 precursor >gi|51980318|gb|AAH81983.1| Von Willebrand factor A domain containing 1 [Rattus norvegicus] >gi|149024826|gb|EDL81323.1| von Willebrand factor A domain containing 1 [Rattus norvegicus]',
             Hit_num: '1',
             Hit_accession: '755361',
             Hit_id: 'gnl|BL_ORD_ID|755361',
             Hit_len: '415',
             first_hsp: 
              { 'Hsp_bit-score': '750.355',
                Hsp_score: '1936',
                Hsp_positive: '394',
                Hsp_identity: '384',
                'Hsp_query-from': '81',
                Hsp_evalue: '0',
                Hsp_num: '1',
                'Hsp_hit-to': '415',
                'Hsp_hit-from': '1',
                'Hsp_query-frame': '1',
                Hsp_hseq: 'MLFWTVLSMALSLRLALAQSGIERGPTASAPQGDLLFLLDSSASVSHYEFSRVREFVGQLVATMPFGPGALRASLVHVGSRPHTEFTFDQYSSGQAIQDAVRVAPQRMGDTNTGLALAYAKEQLFAEEAGARLGVPKVLVWVTDGASSDSVGPPMQELKDLGVTIFIVSTGRGNLLELLAAASAPAEKHLHFVDVDDLPIIARELRGAIIDAMQPHQLHASEILSNGFRLSWPPLLTADSGYYVLELVPSGKLAATRRQQLPGNATSWTWTDLNPDTDYEVSLLPESNVRLLRPQHLRVRTLQEEAGPERIVISHTRPRSLRVSWAPALGPDSTLGYLVQLGPLQGGSLEHVEVPAGQNSTTIQGLTPCTTYLVTVTAAFRSGRQRALSAKACTASGERIRVPQAMRPEAGLREP',
                'Hsp_align-len': '415',
                Hsp_qseq: 'MLFWTAFSMALSLRLALARSSIERGSTASDPQGDLLFLLDSSASVSHYEFSRVREFVGQLVATMSFGPGALRASLVHVGSQPHTEFTFDQYSSGQAIQDAIRVAPQRMGDTNTGLALAYAKEQLFAEEAGARPGVPKVLVWVTDGGSSDPVGPPMQELKDLGVTIFIVSTGRGNLLELLAAASAPAEKHLHFVDVDDLPIIARELRGSITDAMQPQQLHASEVLSSGFRLSWPPLLTADSGYYVLELVPSGKLATTRRQQLPGNATSWTWTDLDPDTDYEVSLLPESNVHLLRPQHVRVRTLQEEAGPERIVISHARPRSLRVSWAPALGPDSALGYHVQLGPLQGGSLERVEVPAGQNSTTVQGLTPCTTYLVTVTAAFRSGRQRALSAKACTASGARTRAPQSMRPEAGPREP',
                'Hsp_query-to': '495',
                'Hsp_hit-frame': '1',
                Hsp_midline: 'MLFWT  SMALSLRLALA+S IERG TAS PQGDLLFLLDSSASVSHYEFSRVREFVGQLVATM FGPGALRASLVHVGS+PHTEFTFDQYSSGQAIQDA+RVAPQRMGDTNTGLALAYAKEQLFAEEAGAR GVPKVLVWVTDG SSD VGPPMQELKDLGVTIFIVSTGRGNLLELLAAASAPAEKHLHFVDVDDLPIIARELRG+I DAMQP QLHASE+LS+GFRLSWPPLLTADSGYYVLELVPSGKLA TRRQQLPGNATSWTWTDL+PDTDYEVSLLPESNV LLRPQH+RVRTLQEEAGPERIVISH RPRSLRVSWAPALGPDS LGY VQLGPLQGGSLE VEVPAGQNSTT+QGLTPCTTYLVTVTAAFRSGRQRALSAKACTASG R R PQ+MRPEAG REP' } },
           { Hit_def: 'gi|40068485|ref|NP_073745.2| von Willebrand factor A domain-related protein isoform 1 [Homo sapiens] >gi|74749155|sp|Q6PCB0|VWA1_HUMAN von Willebrand factor A domain-containing protein 1 precursor >gi|37747866|gb|AAH59409.1| Von Willebrand factor A domain containing 1 [Homo sapiens] >gi|56205506|emb|CAI22657.1| von Willebrand factor A domain containing 1 [Homo sapiens] >gi|119576602|gb|EAW56198.1| von Willebrand factor A domain containing 1, isoform CRA_b [Homo sapiens]',
             Hit_num: '2',
             Hit_accession: '696294',
             Hit_id: 'gnl|BL_ORD_ID|696294',
             Hit_len: '445',
             first_hsp: 
              { 'Hsp_bit-score': '601.282',
                Hsp_score: '1549',
                Hsp_positive: '346',
                Hsp_identity: '317',
                'Hsp_query-from': '81',
                Hsp_evalue: '2.10379e-170',
                Hsp_num: '1',
                'Hsp_hit-to': '421',
                'Hsp_hit-from': '1',
                Hsp_gaps: '27',
                'Hsp_query-frame': '1',
                Hsp_hseq: 'MLPWTALGLALSLRLALARSGAERGPPASAPRGDLMFLLDSSASVSHYEFSRVREFVGQLVAPLPLGTGALRASLVHVGSRPYTEFPFGQHSSGEAAQDAVRASAQRMGDTHTGLALVYAKEQLFAEASGARPGVPKVLVWVTDGGSSDPVGPPMQELKDLGVTVFIVSTGRGNFLELSAAASAPAEKHLHFVDVDDLHIIVQELRGSILDAMRPQQLHATEITSSGFRLAWPPLLTADSGYYVLELVPSAQPGAARRQQLPGNATDWIWAGLDPDTDYDVALVPESNVRLLRPQILRVRTRPGEAGPGASGPESGAGPAPTQLAALPAPEEAGPERIVISHARPRSLRVSWAPALGSAAALGYHVQFGPLRGGEAQRVEVPAGRNCTTLQGLAPGTAYLVTVTAAFRSGRESALSAKACT',
                'Hsp_align-len': '421',
                Hsp_qseq: 'MLFWTAFSMALSLRLALARSSIERGSTASDPQGDLLFLLDSSASVSHYEFSRVREFVGQLVATMSFGPGALRASLVHVGSQPHTEFTFDQYSSGQAIQDAIRVAPQRMGDTNTGLALAYAKEQLFAEEAGARPGVPKVLVWVTDGGSSDPVGPPMQELKDLGVTIFIVSTGRGNLLELLAAASAPAEKHLHFVDVDDLPIIARELRGSITDAMQPQQLHASEVLSSGFRLSWPPLLTADSGYYVLELVPSGKLATTRRQQLPGNATSWTWTDLDPDTDYEVSLLPESNVHLLRPQHVRVRT---------------------------LQEEAGPERIVISHARPRSLRVSWAPALGPDSALGYHVQLGPLQGGSLERVEVPAGQNSTTVQGLTPCTTYLVTVTAAFRSGRQRALSAKACT',
                'Hsp_query-to': '474',
                'Hsp_hit-frame': '1',
                Hsp_midline: 'ML WTA  +ALSLRLALARS  ERG  AS P+GDL+FLLDSSASVSHYEFSRVREFVGQLVA +  G GALRASLVHVGS+P+TEF F Q+SSG+A QDA+R + QRMGDT+TGLAL YAKEQLFAE +GARPGVPKVLVWVTDGGSSDPVGPPMQELKDLGVT+FIVSTGRGN LEL AAASAPAEKHLHFVDVDDL II +ELRGSI DAM+PQQLHA+E+ SSGFRL+WPPLLTADSGYYVLELVPS +    RRQQLPGNAT W W  LDPDTDY+V+L+PESNV LLRPQ +RVRT                             EEAGPERIVISHARPRSLRVSWAPALG  +ALGYHVQ GPL+GG  +RVEVPAG+N TT+QGL P T YLVTVTAAFRSGR+ ALSAKACT' } },
           { Hit_def: 'gi|126306639|ref|XP_001365694.1| PREDICTED: similar to Von Willebrand factor A domain containing 1 [Monodelphis domestica]',
             Hit_num: '3',
             Hit_accession: '417411',
             Hit_id: 'gnl|BL_ORD_ID|417411',
             Hit_len: '593',
             first_hsp: 
              { 'Hsp_bit-score': '442.195',
                Hsp_score: '1136',
                Hsp_positive: '282',
                Hsp_identity: '235',
                'Hsp_query-from': '108',
                Hsp_evalue: '1.88231e-122',
                Hsp_num: '1',
                'Hsp_hit-to': '388',
                'Hsp_hit-from': '8',
                Hsp_gaps: '4',
                'Hsp_query-frame': '1',
                Hsp_hseq: 'SSAAHGDLLFLLDSSASVSYYEFSRVKEFVGQLVQPLPLGPGSVQTSMVHVGSEPTVEFPFDRHHSGAAAQEAIQAAKQLMGDTNTGLALALAKKQLFTTEAGARSGVRKVLVWVTDGDSSDDVQAPMQVLKDLGVTVFIVSTGRGNFLDLSAAASQPPEKHLRFVDVDDLQIIIPELRGAILEAMRPQQLHATDVTSQSFRLVWPPLLSGDSGYYLLEVAPSANPGAKQSRQLFGNETSWVWDGLEPGTTYKVVLVPESNLQYLAPQTIQVTTLEEEVSPAQILISHWKPHSFHVSWGPS--PVGVLRYQVLYGPLPAGGAQLLEVPATENSTTLDNLSPNTTYLVTVAAIYQSGREKALSAKACTQEGEEVG--RKEHPPGGP',
                'Hsp_align-len': '385',
                Hsp_qseq: 'ASDPQGDLLFLLDSSASVSHYEFSRVREFVGQLVATMSFGPGALRASLVHVGSQPHTEFTFDQYSSGQAIQDAIRVAPQRMGDTNTGLALAYAKEQLFAEEAGARPGVPKVLVWVTDGGSSDPVGPPMQELKDLGVTIFIVSTGRGNLLELLAAASAPAEKHLHFVDVDDLPIIARELRGSITDAMQPQQLHASEVLSSGFRLSWPPLLTADSGYYVLELVPSGKLATTRRQQLPGNATSWTWTDLDPDTDYEVSLLPESNVHLLRPQHVRVRTLQEEAGPERIVISHARPRSLRVSWAPALGPDSALGYHVQLGPLQGGSLERVEVPAGQNSTTVQGLTPCTTYLVTVTAAFRSGRQRALSAKACTASGARTRAPQSMRPEAGP',
                'Hsp_query-to': '492',
                'Hsp_hit-frame': '1',
                Hsp_midline: '+S   GDLLFLLDSSASVS+YEFSRV+EFVGQLV  +  GPG+++ S+VHVGS+P  EF FD++ SG A Q+AI+ A Q MGDTNTGLALA AK+QLF  EAGAR GV KVLVWVTDG SSD V  PMQ LKDLGVT+FIVSTGRGN L+L AAAS P EKHL FVDVDDL II  ELRG+I +AM+PQQLHA++V S  FRL WPPLL+ DSGYY+LE+ PS      + +QL GN TSW W  L+P T Y+V L+PESN+  L PQ ++V TL+EE  P +I+ISH +P S  VSW P+  P   L Y V  GPL  G  + +EVPA +NSTT+  L+P TTYLVTV A ++SGR++ALSAKACT  G      +   P  GP' } },
           { Hit_def: 'gi|118101030|ref|XP_417574.2| PREDICTED: similar to Von Willebrand factor A domain containing 1 [Gallus gallus]',
             Hit_num: '4',
             Hit_accession: '582345',
             Hit_id: 'gnl|BL_ORD_ID|582345',
             Hit_len: '491',
             first_hsp: 
              { 'Hsp_bit-score': '431.024',
                Hsp_score: '1107',
                Hsp_positive: '284',
                Hsp_identity: '217',
                'Hsp_query-from': '81',
                Hsp_evalue: '3.55195e-119',
                Hsp_num: '1',
                'Hsp_hit-to': '402',
                'Hsp_hit-from': '1',
                Hsp_gaps: '5',
                'Hsp_query-frame': '1',
                Hsp_hseq: 'MLAEAALVLGVWLQLAAGQEAPGQGPQPSISSSEGDILFLLDSSGSVSYYEFSKVKEFMWDLVRPFTFGPNDVQTSIIHISTTPTMEFPFDRYLSRGTVQQAIRNTQQLMGDTNTGKALSFAKEKLFSNDAGARPDVPKVLVWVTDGFSSDDISEPMQLLKDMGVTVFIVSTGRGNYLELSAAASQPPEKHLHFVDVDDLPIITKELRDAMLDVIQANRLRVVDITSSSFRLTWPQLLSQETGYYTLQYAPTDDLAAKRTTQVSGAHTSLTLSNLAPETTYEVALVPESNIHYFPPQTIRVTTLTEEISPAQVLISDSRPHSFQVSWAPT--PDSVTSYQVLYGPLRGDSAQLLEVDGTHNSTVVENLAPNTTYLVTVTAIYSSGKEKSLSAKACTQEEGSKVR',
                'Hsp_align-len': '404',
                Hsp_qseq: 'MLFWTAFSMALSLRLALARSSIERGS--TASDPQGDLLFLLDSSASVSHYEFSRVREFVGQLVATMSFGPGALRASLVHVGSQPHTEFTFDQYSSGQAIQDAIRVAPQRMGDTNTGLALAYAKEQLFAEEAGARPGVPKVLVWVTDGGSSDPVGPPMQELKDLGVTIFIVSTGRGNLLELLAAASAPAEKHLHFVDVDDLPIIARELRGSITDAMQPQQLHASEVLSSGFRLSWPPLLTADSGYYVLELVPSGKLATTRRQQLPGNATSWTWTDLDPDTDYEVSLLPESNVHLLRPQHVRVRTLQEEAGPERIVISHARPRSLRVSWAPALGPDSALGYHVQLGPLQGGSLERVEVPAGQNSTTVQGLTPCTTYLVTVTAAFRSGRQRALSAKACT-ASGARTR',
                'Hsp_query-to': '481',
                'Hsp_hit-frame': '1',
                Hsp_midline: 'ML   A  + + L+LA  + +  +G   + S  +GD+LFLLDSS SVS+YEFS+V+EF+  LV   +FGP  ++ S++H+ + P  EF FD+Y S   +Q AIR   Q MGDTNTG AL++AKE+LF+ +AGARP VPKVLVWVTDG SSD +  PMQ LKD+GVT+FIVSTGRGN LEL AAAS P EKHLHFVDVDDLPII +ELR ++ D +Q  +L   ++ SS FRL+WP LL+ ++GYY L+  P+  LA  R  Q+ G  TS T ++L P+T YEV+L+PESN+H   PQ +RV TL EE  P +++IS +RP S +VSWAP   PDS   Y V  GPL+G S + +EV    NST V+ L P TTYLVTVTA + SG++++LSAKACT   G++ R' } },
           { Hit_def: 'gi|149758364|ref|XP_001496327.1| PREDICTED: similar to Von Willebrand factor A domain containing 1 [Equus caballus]',
             Hit_num: '5',
             Hit_accession: '1645606',
             Hit_id: 'gnl|BL_ORD_ID|1645606',
             Hit_len: '239',
             first_hsp: 
              { 'Hsp_bit-score': '318.931',
                Hsp_score: '816',
                Hsp_positive: '166',
                Hsp_identity: '159',
                'Hsp_query-from': '112',
                Hsp_evalue: '2.44377e-85',
                Hsp_num: '1',
                'Hsp_hit-to': '221',
                'Hsp_hit-from': '44',
                'Hsp_query-frame': '1',
                Hsp_hseq: 'QGDLLFLLDSSASVSHYEFSRVREFLGQLAAPLPLGPEALRASLVHVGSWPHTEFPFNQHSSGAAVQDAIRAATQRMGDTNTGLALAYAKEQLFAEEAGARPGVPKVLVWVTDGGSSDPMGPPMQELKDLGVTIFIVSTGRGNLLELSAAASAPAEKHLHFVDVDDLHIIAQELRGSI',
                'Hsp_align-len': '178',
                Hsp_qseq: 'QGDLLFLLDSSASVSHYEFSRVREFVGQLVATMSFGPGALRASLVHVGSQPHTEFTFDQYSSGQAIQDAIRVAPQRMGDTNTGLALAYAKEQLFAEEAGARPGVPKVLVWVTDGGSSDPVGPPMQELKDLGVTIFIVSTGRGNLLELLAAASAPAEKHLHFVDVDDLPIIARELRGSI',
                'Hsp_query-to': '289',
                'Hsp_hit-frame': '1',
                Hsp_midline: 'QGDLLFLLDSSASVSHYEFSRVREF+GQL A +  GP ALRASLVHVGS PHTEF F+Q+SSG A+QDAIR A QRMGDTNTGLALAYAKEQLFAEEAGARPGVPKVLVWVTDGGSSDP+GPPMQELKDLGVTIFIVSTGRGNLLEL AAASAPAEKHLHFVDVDDL IIA+ELRGSI' } },
           { Hit_def: 'gi|47222734|emb|CAG01701.1| unnamed protein product [Tetraodon nigroviridis]',
             Hit_num: '6',
             Hit_accession: '505543',
             Hit_id: 'gnl|BL_ORD_ID|505543',
             Hit_len: '505',
             first_hsp: 
              { 'Hsp_bit-score': '256.914',
                Hsp_score: '655',
                Hsp_positive: '223',
                Hsp_identity: '152',
                'Hsp_query-from': '112',
                Hsp_evalue: '9.1804e-67',
                Hsp_num: '1',
                'Hsp_hit-to': '440',
                'Hsp_hit-from': '36',
                Hsp_gaps: '23',
                'Hsp_query-frame': '1',
                Hsp_hseq: 'EGDVLFLLDSSGSVSSYEHSRMLAFLSELLQPFSLGEDQVRVGVLQVGTEPRLEFGFDAHATQSSLQGSLRNIKPLRGDTNTVEALKVAQERVLRPGVPGGARAGLPRVLVWLTDGVNPGDISGPMAELREEGVAVLVVSTGHSNYLVLREIVTAPVENHLHFVDIDDMSIITDDLRDAIIELIRAERLNVRDISTNSASLHWRPVLAGMRGYYEVRFAPLPTKVPGGGGENTGTSPSTGGSQYQRLVQPAASSTAKLTGLKPDTTYTVTLIPESNEHTFNALTTTFTTKPEVLSPVVVTVTESGATSVRLSWGP-LQPQTVRDYYIEYSALPRGELRTATVDRTQNSTLLRRLQPGTTYLVTVTARHASGKEKAMSVKVCTEEGKGADLRGMIHSLRRSANPAQP',
                'Hsp_align-len': '406',
                Hsp_qseq: 'QGDLLFLLDSSASVSHYEFSRVREFVGQLVATMSFGPGALRASLVHVGSQPHTEFTFDQYSSGQAIQDAIRVAPQRMGDTNTGLALAYAKEQLF--AEEAGARPGVPKVLVWVTDGGSSDPVGPPMQELKDLGVTIFIVSTGRGNLLELLAAASAPAEKHLHFVDVDDLPIIARELRGSITDAMQPQQLHASEVLSSGFRLSWPPLLTADSGYYVLEL------VPSGKLATT-----------RRQQLPGNATSWTWTDLDPDTDYEVSLLPESNVHLLRPQHVRVRTLQEEAGPERIVISHARPRSLRVSWAPALGPDSALGYHVQLGPLQGGSLERVEVPAGQNSTTVQGLTPCTTYLVTVTAAFRSGRQRALSAKACT--ASGARTRA-PQSMRPEAGPREP',
                'Hsp_query-to': '495',
                'Hsp_hit-frame': '1',
                Hsp_midline: '+GD+LFLLDSS SVS YE SR+  F+ +L+   S G   +R  ++ VG++P  EF FD +++  ++Q ++R      GDTNT  AL  A+E++       GAR G+P+VLVW+TDG +   +  PM EL++ GV + +VSTG  N L L    +AP E HLHFVD+DD+ II  +LR +I + ++ ++L+  ++ ++   L W P+L    GYY +        VP G    T           +R   P  +++   T L PDT Y V+L+PESN H          T  E   P  + ++ +   S+R+SW P L P +   Y+++   L  G L    V   QNST ++ L P TTYLVTVTA   SG+++A+S K CT    GA  R    S+R  A P +P' } },
           { Hit_def: 'gi|125852492|ref|XP_696796.2| PREDICTED: hypothetical protein [Danio rerio]',
             Hit_num: '7',
             Hit_accession: '530195',
             Hit_id: 'gnl|BL_ORD_ID|530195',
             Hit_len: '503',
             first_hsp: 
              { 'Hsp_bit-score': '241.121',
                Hsp_score: '614',
                Hsp_positive: '216',
                Hsp_identity: '153',
                'Hsp_query-from': '112',
                Hsp_evalue: '6.21126e-62',
                Hsp_num: '1',
                'Hsp_hit-to': '417',
                'Hsp_hit-from': '34',
                Hsp_gaps: '25',
                'Hsp_query-frame': '1',
                Hsp_hseq: 'EGDVLFLLDSSGSVASYEFSRMVDFLSELLLPFSLGPDHVRVGLLQVGTEPHLEFGFDAYSSQQGLQAALERTKQLKGDTNTVEALLMARAQVLRVGVPGGARPDLPRVLVWLTDGVDPGNVQEPMARLRDEGVAVLVVSTGHGNYQVLREVVSPPTEEHLFFVDIDDISIIGEDLRNSIIEIIRAERLQVKSVSSTSAQLEWRPVLSGSGSGYYDIKFGPMRTGQIPGVPGGASTDPGSFQRITRPADSSSAQLTGLRPDTTYTVTLTPKNNQQVLNTLQTSFTT-QTVNPPEPQIQLLSSLSVSESSSNSVRVSWAPLL-PRLIQEYQLEYSALPSGPLRVLRVSNTHNSTVITDLQPDTQYLLTVSAKQTSGKERAMTVKVCT',
                'Hsp_align-len': '386',
                Hsp_qseq: 'QGDLLFLLDSSASVSHYEFSRVREFVGQLVATMSFGPGALRASLVHVGSQPHTEFTFDQYSSGQAIQDAIRVAPQRMGDTNTGLALAYAKEQLF--AEEAGARPGVPKVLVWVTDGGSSDPVGPPMQELKDLGVTIFIVSTGRGNLLELLAAASAPAEKHLHFVDVDDLPIIARELRGSITDAMQPQQLHASEVLSSGFRLSWPPLLTAD-SGYYVLELVP--SGKL-----------ATTRRQQLPGNATSWTWTDLDPDTDYEVSLLPESNVHLLRPQHVRVRTLQEEAGPERIV-------ISHARPRSLRVSWAPALGPDSALGYHVQLGPLQGGSLERVEVPAGQNSTTVQGLTPCTTYLVTVTAAFRSGRQRALSAKACT',
                'Hsp_query-to': '474',
                'Hsp_hit-frame': '1',
                Hsp_midline: '+GD+LFLLDSS SV+ YEFSR+ +F+ +L+   S GP  +R  L+ VG++PH EF FD YSS Q +Q A+    Q  GDTNT  AL  A+ Q+       GARP +P+VLVW+TDG     V  PM  L+D GV + +VSTG GN   L    S P E+HL FVD+DD+ II  +LR SI + ++ ++L    V S+  +L W P+L+   SGYY ++  P  +G++            + +R   P +++S   T L PDT Y V+L P++N  +L        T Q    PE  +       +S +   S+RVSWAP L P     Y ++   L  G L  + V    NST +  L P T YL+TV+A   SG++RA++ K CT' } },
           { Hit_def: 'gi|149638912|ref|XP_001511941.1| PREDICTED: similar to Collagen alpha-1(XII) chain [Ornithorhynchus anatinus]',
             Hit_num: '8',
             Hit_accession: '8449',
             Hit_id: 'gnl|BL_ORD_ID|8449',
             Hit_len: '3176',
             first_hsp: 
              { 'Hsp_bit-score': '183.341',
                Hsp_score: '464',
                Hsp_positive: '184',
                Hsp_identity: '123',
                'Hsp_query-from': '106',
                Hsp_evalue: '1.4498e-44',
                Hsp_num: '1',
                'Hsp_hit-to': '862',
                'Hsp_hit-from': '484',
                Hsp_gaps: '18',
                'Hsp_query-frame': '1',
                Hsp_hseq: 'SRGVDIKADIVFLVDGSYSIGIGNFIKVRAFLEVLAKSFEISPNRVQISLVQYSRDPHTEFTLKKFTKVEDIIEAINTFPYRGGSTNTGKAMTYVREKIFVASKGSRSNVPKVMILITDGKSSDAFKEPAIKLRNSDVEIFAVGVKDAVRSELETIASPPAETHVYTVEDFDAFQRISFELTQSICLRIEQELQAIKKKSYVPPRDLRFSDVTSYSFKANWSPAGENVFSYHIKYKEAAGTEETTVVE--PASSTSVILNNLHPETLYVVNVTAEYEDGFSVPLSGEETTLEVKGAPRNLKVTDETTDSFKISWTQA--PGRVMRYRVLYRPVAGGERQEVTVPANERRRTLENLTPDTRYEVSVVPEYYSGPGVPLTGYAAT',
                'Hsp_align-len': '383',
                Hsp_qseq: 'STASDPQGDLLFLLDSSASVSHYEFSRVREFVGQLVATMSFGPGALRASLVHVGSQPHTEFTFDQYSSGQAIQDAIRVAPQRMGDTNTGLALAYAKEQLFAEEAGARPGVPKVLVWVTDGGSSDPVGPPMQELKDLGVTIFIVSTGRGNLLELLAAASAPAEKHLHFV-DVDDLPIIARELRGSITDAMQ-------------PQQLHASEVLSSGFRLSWPPLLTADSGYYVLELVPSGKLATTRRQQLPGNATSWTWTDLDPDTDYEVSLLPESNVHLLRPQHVRVRTLQEEAGPERIVISHARPRSLRVSWAPALGPDSALGYHVQLGPLQGGSLERVEVPAGQNSTTVQGLTPCTTYLVTVTAAFRSGRQRALSAKACT',
                'Hsp_query-to': '474',
                'Hsp_hit-frame': '1',
                Hsp_midline: 'S   D + D++FL+D S S+    F +VR F+  L  +    P  ++ SLV     PHTEFT  +++  + I +AI   P R G TNTG A+ Y +E++F    G+R  VPKV++ +TDG SSD    P  +L++  V IF V        EL   AS PAE H++ V D D    I+ EL  SI   ++             P+ L  S+V S  F+ +W P       Y++     +G   TT  +  P ++TS    +L P+T Y V++  E       P      TL+ +  P  + ++     S ++SW  A  P   + Y V   P+ GG  + V VPA +   T++ LTP T Y V+V   + SG    L+  A T' } },
           { Hit_def: 'gi|119901095|ref|XP_611630.3| PREDICTED: similar to collagen, type XII, alpha 1 isoform 1 [Bos taurus]',
             Hit_num: '9',
             Hit_accession: '6307',
             Hit_id: 'gnl|BL_ORD_ID|6307',
             Hit_len: '3124',
             first_hsp: 
              { 'Hsp_bit-score': '183.341',
                Hsp_score: '464',
                Hsp_positive: '184',
                Hsp_identity: '122',
                'Hsp_query-from': '106',
                Hsp_evalue: '1.54988e-44',
                Hsp_num: '1',
                'Hsp_hit-to': '810',
                'Hsp_hit-from': '432',
                Hsp_gaps: '18',
                'Hsp_query-frame': '1',
                Hsp_hseq: 'SRGVDIKADIVFLVDGSYSIGIANFVKVRAFLEVLVKSFEISPNRVQISLVQYSRDPHTEFTLKKFTKVEDIIEAINTFPYRGGSTNTGKAMTYVREKIFVPSKGSRSNVPKVMILITDGKSSDAFRDPAIKLRNSDVEIFAVGVKDAVRSELEAIASPPAETHVFTVEDFDAFQRISFELTQSICLRIEQELAAIKKKAYVPPKDINFSEVTSNSLKTSWSPAGENVFSYHITYKEATGDDQVTLVE--PASSTSVVLSNLKPETLYLVNVTAEYEDGFSIPLAGEETTAEVKGAPRNLKVTDETTDSFKITWTQA--PGRVLRYRITYRPVAGGESKEVTTPANQRRRTLENLTPDTKYEVSVIPEYVSGPGSPLTGNAAT',
                'Hsp_align-len': '383',
                Hsp_qseq: 'STASDPQGDLLFLLDSSASVSHYEFSRVREFVGQLVATMSFGPGALRASLVHVGSQPHTEFTFDQYSSGQAIQDAIRVAPQRMGDTNTGLALAYAKEQLFAEEAGARPGVPKVLVWVTDGGSSDPVGPPMQELKDLGVTIFIVSTGRGNLLELLAAASAPAEKHLHFV-DVDDLPIIARELRGSITDAMQ-------------PQQLHASEVLSSGFRLSWPPLLTADSGYYVLELVPSGKLATTRRQQLPGNATSWTWTDLDPDTDYEVSLLPESNVHLLRPQHVRVRTLQEEAGPERIVISHARPRSLRVSWAPALGPDSALGYHVQLGPLQGGSLERVEVPAGQNSTTVQGLTPCTTYLVTVTAAFRSGRQRALSAKACT',
                'Hsp_query-to': '474',
                'Hsp_hit-frame': '1',
                Hsp_midline: 'S   D + D++FL+D S S+    F +VR F+  LV +    P  ++ SLV     PHTEFT  +++  + I +AI   P R G TNTG A+ Y +E++F    G+R  VPKV++ +TDG SSD    P  +L++  V IF V        EL A AS PAE H+  V D D    I+ EL  SI   ++             P+ ++ SEV S+  + SW P       Y++     +G    T  +  P ++TS   ++L P+T Y V++  E       P      T + +  P  + ++     S +++W  A  P   L Y +   P+ GG  + V  PA Q   T++ LTP T Y V+V   + SG    L+  A T' } },
           { Hit_def: 'gi|125829728|ref|XP_700536.2| PREDICTED: hypothetical protein [Danio rerio]',
             Hit_num: '10',
             Hit_accession: '144440',
             Hit_id: 'gnl|BL_ORD_ID|144440',
             Hit_len: '915',
             first_hsp: 
              { 'Hsp_bit-score': '177.948',
                Hsp_score: '450',
                Hsp_positive: '178',
                Hsp_identity: '126',
                'Hsp_query-from': '110',
                Hsp_evalue: '6.67669e-43',
                Hsp_num: '1',
                'Hsp_hit-to': '800',
                'Hsp_hit-from': '434',
                Hsp_gaps: '21',
                'Hsp_query-frame': '1',
                Hsp_hseq: 'DVQADIVLLVDGSYSIGITNFAKVRAFLEVLVNTFDIGPNKVQISLVQYSRDPYTEFYLNTHHDLNAVVKAVRTFPYRGGSTNTGKAMTYVRERIFIATRGARENVPRVTILITDGKSSDAFKDPAAKLRNTDVEIFAVGVKDAVRSELEAIANPPAETHVYTVEDFDAFQRISNELTQSICLRIEQELLNIKRRSLVAPRSLTLSEVTSRSFRASW-EIDAVDVQAYLVQYKPDADAEASYTSVSIPGDSTTTVLYHLTPVTKYEVKVYAQYEKGESFPLSGYETTLDELGSVTNLKVSEETSSSFRVSWREAPGP--VVRYRLTYVPVQGDSGLLETATV-GPETTIVLQQLYPVTTYRVSVAAEYPSG',
                'Hsp_align-len': '371',
                Hsp_qseq: 'DPQGDLLFLLDSSASVSHYEFSRVREFVGQLVATMSFGPGALRASLVHVGSQPHTEFTFDQYSSGQAIQDAIRVAPQRMGDTNTGLALAYAKEQLFAEEAGARPGVPKVLVWVTDGGSSDPVGPPMQELKDLGVTIFIVSTGRGNLLELLAAASAPAEKHLHFV-DVDDLPIIARELRGSITDAMQ-------------PQQLHASEVLSSGFRLSWPPLLTADSGYYVLELVPSGKL-ATTRRQQLPGNATSWTWTDLDPDTDYEVSLLPESNVHLLRPQHVRVRTLQEEAGPERIVISHARPRSLRVSWAPALGPDSALGYHVQLGPLQG--GSLERVEVPAGQNSTTVQGLTPCTTYLVTVTAAFRSG',
                'Hsp_query-to': '463',
                'Hsp_hit-frame': '1',
                Hsp_midline: 'D Q D++ L+D S S+    F++VR F+  LV T   GP  ++ SLV     P+TEF  + +    A+  A+R  P R G TNTG A+ Y +E++F    GAR  VP+V + +TDG SSD    P  +L++  V IF V        EL A A+ PAE H++ V D D    I+ EL  SI   ++             P+ L  SEV S  FR SW  +   D   Y+++  P     A+     +PG++T+     L P T YEV +  +       P      TL E      + +S     S RVSW  A GP   + Y +   P+QG  G LE   V   + +  +Q L P TTY V+V A + SG' } },
           { Hit_def: 'gi|47214619|emb|CAG01460.1| unnamed protein product [Tetraodon nigroviridis]',
             Hit_num: '11',
             Hit_accession: '14123',
             Hit_id: 'gnl|BL_ORD_ID|14123',
             Hit_len: '1723',
             first_hsp: 
              { 'Hsp_bit-score': '171.014',
                Hsp_score: '432',
                Hsp_positive: '179',
                Hsp_identity: '125',
                'Hsp_query-from': '106',
                Hsp_evalue: '6.62505e-41',
                Hsp_num: '1',
                'Hsp_hit-to': '800',
                'Hsp_hit-from': '430',
                Hsp_gaps: '19',
                'Hsp_query-frame': '1',
                Hsp_hseq: 'SLGVDVQADVVLLVDGSYSIGLANFAKVRAFLEVLVNTFDIGPDKVQISLVQYSRDPHTEFYLDSHHNLEAVVTALRTFPYRGGSTNTGRAMTYVRETVFQASRGARAHVPRVTILITDGKSSDAFQEPAANLRNSDVEIFAVGVKDAVRSELEAIANAPAETHVYTVEDFDAFQRISTELTQSICLRIEQELQIINQRRLVQPRDLYFSDVGPRSFRASW-EINANNVESYLVQFRPTEGEDSHYVSMSVPGDVLTALLPHLTPLTRYEVSVSAQYAKGTSLPVTGYGTTAEERGSVQNLKVTEESPQSFRVSWRAA--PGAVARYRLTYQPAGAGEAQLEAFTAGPELTMVLQDLQPRTTYRVTVTPEYKGG',
                'Hsp_align-len': '374',
                Hsp_qseq: 'STASDPQGDLLFLLDSSASVSHYEFSRVREFVGQLVATMSFGPGALRASLVHVGSQPHTEFTFDQYSSGQAIQDAIRVAPQRMGDTNTGLALAYAKEQLFAEEAGARPGVPKVLVWVTDGGSSDPVGPPMQELKDLGVTIFIVSTGRGNLLELLAAASAPAEKHLHFV-DVDDLPIIARELRGSIT-------------DAMQPQQLHASEVLSSGFRLSWPPLLTADSGYYVLELVPS-GKLATTRRQQLPGNATSWTWTDLDPDTDYEVSLLPESNVHLLRPQHVRVRTLQEEAGPERIVISHARPRSLRVSWAPALGPDSALGYHVQLGPLQGGSLERVEVPAGQNSTTV-QGLTPCTTYLVTVTAAFRSG',
                'Hsp_query-to': '463',
                'Hsp_hit-frame': '1',
                Hsp_midline: 'S   D Q D++ L+D S S+    F++VR F+  LV T   GP  ++ SLV     PHTEF  D + + +A+  A+R  P R G TNTG A+ Y +E +F    GAR  VP+V + +TDG SSD    P   L++  V IF V        EL A A+APAE H++ V D D    I+ EL  SI                +QP+ L+ S+V    FR SW  +   +   Y+++  P+ G+ +      +PG+  +     L P T YEVS+  +       P      T +E    + + ++   P+S RVSW  A  P +   Y +   P   G  +     AG   T V Q L P TTY VTVT  ++ G' } },
           { Hit_def: 'gi|47219516|emb|CAG09870.1| unnamed protein product [Tetraodon nigroviridis]',
             Hit_num: '12',
             Hit_accession: '63641',
             Hit_id: 'gnl|BL_ORD_ID|63641',
             Hit_len: '1259',
             first_hsp: 
              { 'Hsp_bit-score': '155.221',
                Hsp_score: '391',
                Hsp_positive: '182',
                Hsp_identity: '124',
                'Hsp_query-from': '106',
                Hsp_evalue: '4.71248e-36',
                Hsp_num: '1',
                'Hsp_hit-to': '820',
                'Hsp_hit-from': '387',
                Hsp_gaps: '80',
                'Hsp_query-frame': '1',
                Hsp_hseq: 'SLGVDVQADVVLLVDGSYSIGLQNFAKVRAFLEVLVNSFDIGPSKVQISLVQYSRDPHTEFALNTHHDINAVVRAVRTFPYRGGSTNTGKAMKYVKDKIFVASRGARQNVPRVMVLITDGKSSDSFKDAATNLRNIDVEIFAVGVKDAVRSELEAIANPPADNHVFEVEDFDAFQRISKELTQSICLRIEQELLNIKKRSLLPPTDLQFSEITSRSFRTSWTPPAARVMSYLVRYRKAEDITGDYISIALPSDATSVVLQHLSPLTAYEVNVFAQYDKGDSFPLSGEETTLEVIRYRLSYVPLSGTGEILEAQTIEDETSIVLQELFPITTYRVSVFAEYSTGMGSEMQIDGTTKEVLGAPRDLRVFDETISTMKLAWQPARG--NVLQYRIVYKPVEGGDRKEISVKGDTTQAVLKNLQPATEYDLFVSAHYTSG',
                'Hsp_align-len': '436',
                Hsp_qseq: 'STASDPQGDLLFLLDSSASVSHYEFSRVREFVGQLVATMSFGPGALRASLVHVGSQPHTEFTFDQYSSGQAIQDAIRVAPQRMGDTNTGLALAYAKEQLFAEEAGARPGVPKVLVWVTDGGSSDPVGPPMQELKDLGVTIFIVSTGRGNLLELLAAASAPAEKHLHFV-DVDDLPIIARELRGSITDAMQ-------------PQQLHASEVLSSGFRLSWPPLLTADSGYYVLELVPSGKLATTRRQQLPGNATSWTWTDLDPDTDYEVSLL-------------PESNVHLLR-----------PQHVRVRTLQEEAG---PERIVISHAR---------------------------PRSLRV----------SWAPALGPDSALGYHVQLGPLQGGSLERVEVPAGQNSTTVQGLTPCTTYLVTVTAAFRSG',
                'Hsp_query-to': '463',
                'Hsp_hit-frame': '1',
                Hsp_midline: 'S   D Q D++ L+D S S+    F++VR F+  LV +   GP  ++ SLV     PHTEF  + +    A+  A+R  P R G TNTG A+ Y K+++F    GAR  VP+V+V +TDG SSD        L+++ V IF V        EL A A+ PA+ H+  V D D    I++EL  SI   ++             P  L  SE+ S  FR SW P       Y V                LP +ATS     L P T YEV++               E+ + ++R            + +  +T+++E      E   I+  R                           PR LRV          +W PA G  + L Y +   P++GG  + + V        ++ L P T Y + V+A + SG' } },
           { Hit_def: 'gi|45384490|ref|NP_990665.1| collagen, type XIV, alpha 1 [Gallus gallus] >gi|1705533|sp|P32018|COEA1_CHICK Collagen alpha-1(XIV) chain precursor (Undulin) >gi|288873|emb|CAA50064.1| collagen XIV [Gallus gallus]',
             Hit_num: '13',
             Hit_accession: '13592',
             Hit_id: 'gnl|BL_ORD_ID|13592',
             Hit_len: '1888',
             first_hsp: 
              { 'Hsp_bit-score': '141.354',
                Hsp_score: '355',
                Hsp_positive: '180',
                Hsp_identity: '113',
                'Hsp_query-from': '114',
                Hsp_evalue: '5.81225e-32',
                Hsp_num: '1',
                'Hsp_hit-to': '532',
                'Hsp_hit-from': '158',
                Hsp_gaps: '32',
                'Hsp_query-frame': '1',
                Hsp_hseq: 'DIVILVDGSWSIGRFNFRLVRLFLENLVSAFNVGSEKTRVGLAQYSGDPRIEWHLNAYGTKDAVLDAVRNLPYKGGNTLTGLALTYILENSFKPEAGARPGVSKIGILITDGKSQDDVIPPAKNLRDAGIELFAIGVKNADINELKEIASEPDSTHVYNVADFNFMNSIVEGLTRTVCSRVEEQEKEIKGTIAASLGAPTDLVTSDITARGFRVSWTHSPGKVEKYRVVYYPTRG--GQPEEVVVDGSSSTAVLKNLMSLTEYQIAVFAIYSNAASEGLRGTETTL-ALPMASDLKLYDVSHS---SMRAKWNGVAG---ATGYMILYAPLTEGLAADEKEIKIGEASTELELDGLLPNTEYTVTVYAMFGEEASDPLTGQETT',
                'Hsp_align-len': '384',
                Hsp_qseq: 'DLLFLLDSSASVSHYEFSRVREFVGQLVATMSFGPGALRASLVHVGSQPHTEFTFDQYSSGQAIQDAIRVAPQRMGDTNTGLALAYAKEQLFAEEAGARPGVPKVLVWVTDGGSSDPVGPPMQELKDLGVTIFIVSTGRGNLLELLAAASAPAEKHLHFV-DVDDLPIIA---------------RELRGSITDAM-QPQQLHASEVLSSGFRLSWPPLLTADSGYYVLELVPSGKLATTRRQQLPGNATSWTWTDLDPDTDYEVSLLP-ESNV--HLLRPQHVRVRTLQEEAGPERIVISHARPRSLRVSWAPALGPDSALGYHVQLGPL-QGGSLERVEVPAGQNSTTVQ--GLTPCTTYLVTVTAAFRSGRQRALSAKACT',
                'Hsp_query-to': '474',
                'Hsp_hit-frame': '1',
                Hsp_midline: 'D++ L+D S S+  + F  VR F+  LV+  + G    R  L      P  E+  + Y +  A+ DA+R  P + G+T TGLAL Y  E  F  EAGARPGV K+ + +TDG S D V PP + L+D G+ +F +     ++ EL   AS P   H++ V D + +  I                +E++G+I  ++  P  L  S++ + GFR+SW         Y V+     G         + G++++    +L   T+Y++++    SN     LR     +  L   +  +   +SH+   S+R  W    G   A GY +   PL +G + +  E+  G+ ST ++  GL P T Y VTV A F       L+ +  T' } },
           { Hit_def: 'gi|126322632|ref|XP_001381040.1| PREDICTED: similar to collagen, type XIV, alpha 1 [Monodelphis domestica]',
             Hit_num: '14',
             Hit_accession: '23857',
             Hit_id: 'gnl|BL_ORD_ID|23857',
             Hit_len: '1892',
             first_hsp: 
              { 'Hsp_bit-score': '134.42',
                Hsp_score: '337',
                Hsp_positive: '162',
                Hsp_identity: '109',
                'Hsp_query-from': '114',
                Hsp_evalue: '7.72325e-30',
                Hsp_num: '1',
                'Hsp_hit-to': '665',
                'Hsp_hit-from': '305',
                Hsp_gaps: '26',
                'Hsp_query-frame': '1',
                Hsp_hseq: 'DIVILVDGSWSIGRFNFRLVRLFLENLVTAFNVGANKTRIGLAQYSGDPRIEWHLNTFSTKDAVIDAVRNLPYKGGNTLTGLALNYIFENSFKPEAGARTGVSKIGILITDGKSQDDIIPASKTLRDSGVELFAIGVKNADVAELQEIASEPDSTHVYNVAEFDLMHTVVEGLTKTVCTRVEEQEKEIRGSRVTNIGPPTDLVTSEVAARSFRVTWTPAPGEVEKYRVVYYPTRG--GKPEEVVVDGTESTTILKGLMSLTEYQIAVFAIYSTTASEGLRGTEMTLALPMA-SNLELYDVTENSLRVRWNAVPG---ASGYMILYAPLTEGLAGDEKEMKIGETLTDIQLKGLLPNTEYTVTVYAMF',
                'Hsp_align-len': '367',
                Hsp_qseq: 'DLLFLLDSSASVSHYEFSRVREFVGQLVATMSFGPGALRASLVHVGSQPHTEFTFDQYSSGQAIQDAIRVAPQRMGDTNTGLALAYAKEQLFAEEAGARPGVPKVLVWVTDGGSSDPVGPPMQELKDLGVTIFIVSTGRGNLLELLAAASAPAEKHLHFVDVDDLPIIA----------------RELRGS-ITDAMQPQQLHASEVLSSGFRLSWPPLLTADSGYYVLELVPSGKLATTRRQQLPGNATSWTWTDLDPDTDYEVSLLPESNVHLLRPQHVRVRTLQEEAGPERIVISHARPRSLRVSWAPALGPDSALGYHVQLGPL-QGGSLERVEVPAGQNSTTVQ--GLTPCTTYLVTVTAAF',
                'Hsp_query-to': '460',
                'Hsp_hit-frame': '1',
                Hsp_midline: 'D++ L+D S S+  + F  VR F+  LV   + G    R  L      P  E+  + +S+  A+ DA+R  P + G+T TGLAL Y  E  F  EAGAR GV K+ + +TDG S D + P  + L+D GV +F +     ++ EL   AS P   H++ V   DL                    +E+RGS +T+   P  L  SEV +  FR++W P       Y V+     G         + G  ++     L   T+Y++++    +            TL        + +      SLRV W    G   A GY +   PL +G + +  E+  G+  T +Q  GL P T Y VTV A F' } },
           { Hit_def: 'gi|47211020|emb|CAF94689.1| unnamed protein product [Tetraodon nigroviridis]',
             Hit_num: '15',
             Hit_accession: '14665',
             Hit_id: 'gnl|BL_ORD_ID|14665',
             Hit_len: '2225',
             first_hsp: 
              { 'Hsp_bit-score': '132.494',
                Hsp_score: '332',
                Hsp_positive: '171',
                Hsp_identity: '117',
                'Hsp_query-from': '114',
                Hsp_evalue: '3.32612e-29',
                Hsp_num: '1',
                'Hsp_hit-to': '386',
                'Hsp_hit-from': '8',
                Hsp_gaps: '52',
                'Hsp_query-frame': '1',
                Hsp_hseq: 'DMVFLVDGSWSIGRTNFRLVRVFLESLVKAFDVDLDRTRIGLAQFSGEPRIEWHLNTHTTKEAVMEAARNLPYKGGNTLTGLALTFILENSFSPESGSRPGIPKIGVLLTDGKSQDDVIPPAQRLRDAGVEVFAIGVKNADEGELRAIASVSEDTHVYNVADFHLMADIVDVLTRTICERMETLHKQIAGLSSSHVTWPSAAGRVDSAPPAAAVSPPSDLRVSEVTAHSFRVSWTQAPGQVEKYRVVYYPASG--GQPEEKVVPGTETSVLLTYLNSLTEYQLAVF--SVHHSSASQALRGGATTL---ALPTVDHLQLLHITHSSMLVRWTPAPG---ASGYMVLYAPLSQEEPADEKEVKVDGSPTEVELSHLTPATEYTVTVYAMF',
                'Hsp_align-len': '389',
                Hsp_qseq: 'DLLFLLDSSASVSHYEFSRVREFVGQLVATMSFGPGALRASLVHVGSQPHTEFTFDQYSSGQAIQDAIRVAPQRMGDTNTGLALAYAKEQLFAEEAGARPGVPKVLVWVTDGGSSDPVGPPMQELKDLGVTIFIVSTGRGNLLELLAAASAPAEKHLHFV-DVDDLPIIARELRGSITDAMQ----------------------------------PQQLHASEVLSSGFRLSWPPLLTADSGYYVLELVPSGKLATTRRQQLPGNATSWTWTDLDPDTDYEVSLLPESNVHLLRPQHVR--VRTLQEEAGP--ERIVISHARPRSLRVSWAPALGPDSALGYHVQLGPL---QGGSLERVEVPAGQNSTTVQGLTPCTTYLVTVTAAF',
                'Hsp_query-to': '460',
                'Hsp_hit-frame': '1',
                Hsp_midline: 'D++FL+D S S+    F  VR F+  LV          R  L     +P  E+  + +++ +A+ +A R  P + G+T TGLAL +  E  F+ E+G+RPG+PK+ V +TDG S D V PP Q L+D GV +F +     +  EL A AS   + H++ V D   +  I   L  +I + M+                                  P  L  SEV +  FR+SW         Y V+    SG       + +PG  TS   T L+  T+Y++++   S  H    Q +R    TL   A P  + + + H    S+ V W PA G   A GY V   PL   +    + V+V        +  LTP T Y VTV A F' } },
           { Hit_def: 'gi|149636044|ref|XP_001506552.1| PREDICTED: similar to collagen type XX alpha 1 [Ornithorhynchus anatinus]',
             Hit_num: '16',
             Hit_accession: '50720',
             Hit_id: 'gnl|BL_ORD_ID|50720',
             Hit_len: '1500',
             first_hsp: 
              { 'Hsp_bit-score': '128.257',
                Hsp_score: '321',
                Hsp_positive: '181',
                Hsp_identity: '122',
                'Hsp_query-from': '98',
                Hsp_evalue: '6.06689e-28',
                Hsp_num: '1',
                'Hsp_hit-to': '601',
                'Hsp_hit-from': '217',
                Hsp_gaps: '54',
                'Hsp_query-frame': '1',
                Hsp_hseq: 'AQDTLKRGSHFQCNSSAPV-DIIFLVDGSWSIGRSNFRLVREFLASLISPFNIARDKISIGLSQYSGDPRTEWDLNKFASKDKVLEAVRNLRYKGGNTFTGLALTHVLEQNLKLEAGPRPEADKIVILLTDGKSQDEANAAAQALKDLGISIFAIGVKNADEAELRQVASHPLDITVH--NVLDFPLLSSLADPLSRILCKKIKERSKSGQSGKSKTLRDLPTVTHPGPTNLIISEVTSKTFRLSWTPPLQPVEKYRIV-YYPSVEGVLSEV---TVDGSASSVMLVNLTSHTEYLVSVFPVYESSVG----DGLRGVTATLPLSPPRSLRVTEVTHHSIKVSWQPT---DETTEYLV-LCTLTSNSEEEEDGKEVKVEQTEVLLEGLRPGTEYTVAVYA',
                'Hsp_align-len': '400',
                Hsp_qseq: 'ARSSIERGS----TASDPQGDLLFLLDSSASVSHYEFSRVREFVGQLVATMSFGPGALRASLVHVGSQPHTEFTFDQYSSGQAIQDAIRVAPQRMGDTNTGLALAYAKEQLFAEEAGARPGVPKVLVWVTDGGSSDPVGPPMQELKDLGVTIFIVSTGRGNLLELLAAASAPAEKHLHFVDVDDLPI-------IARELRGSITDAMQ--------------------PQQLHASEVLSSGFRLSWPPLLTADSGYYVLELVPS--GKLATTRRQQLPGNATSWTWTDLDPDTDYEVSLLP--ESNVHLLRPQHVRVRTLQEEAGPER-IVISHARPRSLRVSWAPALGPDSALGYHVQLGPLQGGSLER---VEVPAGQNSTTVQGLTPCTTYLVTVTA',
                'Hsp_query-to': '458',
                'Hsp_hit-frame': '1',
                Hsp_midline: 'A+ +++RGS     +S P  D++FL+D S S+    F  VREF+  L++  +     +   L      P TE+  ++++S   + +A+R    + G+T TGLAL +  EQ    EAG RP   K+++ +TDG S D      Q LKDLG++IF +     +  EL   AS P +  +H  +V D P+       ++R L   I +  +                    P  L  SEV S  FRLSW P L     Y ++   PS  G L+      + G+A+S    +L   T+Y VS+ P  ES+V       +R  T      P R + ++     S++VSW P    D    Y V L  L   S E     EV   Q    ++GL P T Y V V A' } },
           { Hit_def: 'gi|119905613|ref|XP_597723.3| PREDICTED: hypothetical protein [Bos taurus]',
             Hit_num: '17',
             Hit_accession: '45670',
             Hit_id: 'gnl|BL_ORD_ID|45670',
             Hit_len: '1585',
             first_hsp: 
              { 'Hsp_bit-score': '126.331',
                Hsp_score: '316',
                Hsp_positive: '174',
                Hsp_identity: '117',
                'Hsp_query-from': '114',
                Hsp_evalue: '2.05125e-27',
                Hsp_num: '1',
                'Hsp_hit-to': '756',
                'Hsp_hit-from': '376',
                Hsp_gaps: '48',
                'Hsp_query-frame': '1',
                Hsp_hseq: 'DMIFLVDGSWSIGHSHFQQVKDFLASVIEPFEIGPGKVQVGLTQYSGAPQTEWDLNAFGTKEEVLNAVHNLHYRGGNTFTGLALTHVLEQNLKPRAGLRPEAAKLVILVTDGKSQDDAHTAGHVLKGLGVDIFAVGVKNADETELRLLASQPLDITVH--NVQDFPQLSTLSGLLSRLICQKVQGRSPRGSPATPALDPPPAPTRLVLTQVTSSSVLLSWSPAPQPPL------KYLIVWRPS-KGGTPREVVVEGPTSSAQLHNLTSSTEYLVSVFPLYKAGVGEGLQ-GLATTAPLPPPQALTLAAVTPKTVRLTWQPS---AEATQYLVRWSPASPKGEEERREVRVGRPEVLLDGLAPGRDYDVWV--------QSLRGAEISEAQGIRARTPALTTP',
                'Hsp_align-len': '402',
                Hsp_qseq: 'DLLFLLDSSASVSHYEFSRVREFVGQLVATMSFGPGALRASLVHVGSQPHTEFTFDQYSSGQAIQDAIRVAPQRMGDTNTGLALAYAKEQLFAEEAGARPGVPKVLVWVTDGGSSDPVGPPMQELKDLGVTIFIVSTGRGNLLELLAAASAPAEKHLHFVDVDDLP----------------IIARELRGS-ITDAMQ----PQQLHASEVLSSGFRLSW-----PPLLTADSGYYVLELVPSGKLATTRRQQLPGNATSWTWTDLDPDTDYEVSLLPESNVHLLRPQHVRVRTLQEEAGPERIVISHARPRSLRVSWAPALGPDSALGYHVQLGPLQ-GGSLERVEVPAGQNSTTVQGLTPCTTYLVTVTAAFRSGRQRALSAKACTASGARTRAPQSMRP',
                'Hsp_query-to': '488',
                'Hsp_hit-frame': '1',
                Hsp_midline: 'D++FL+D S S+ H  F +V++F+  ++     GPG ++  L      P TE+  + + + + + +A+     R G+T TGLAL +  EQ     AG RP   K+++ VTDG S D        LK LGV IF V     +  EL   AS P +  +H  +V D P                +  R  RGS  T A+     P +L  ++V SS   LSW     PPL       Y++   PS K  T R   + G  +S    +L   T+Y VS+ P     +       + T      P+ + ++   P+++R++W P+     A  Y V+  P    G  ER EV  G+    + GL P   Y V V        Q    A+   A G R R P    P' } },
           { Hit_def: 'gi|125839259|ref|XP_689265.2| PREDICTED: similar to collagen XIV [Danio rerio]',
             Hit_num: '18',
             Hit_accession: '363595',
             Hit_id: 'gnl|BL_ORD_ID|363595',
             Hit_len: '602',
             first_hsp: 
              { 'Hsp_bit-score': '125.561',
                Hsp_score: '314',
                Hsp_positive: '158',
                Hsp_identity: '104',
                'Hsp_query-from': '113',
                Hsp_evalue: '3.19206e-27',
                Hsp_num: '1',
                'Hsp_hit-to': '379',
                'Hsp_hit-from': '17',
                Hsp_gaps: '33',
                'Hsp_query-frame': '1',
                Hsp_hseq: 'ADIVILVDGSWSIGRINFRLVRMFLENLVNAFDVGIDKTRIGLAQYSGDPRIEWHLNGFSTKEAVIDAVKNLPYKGGNTLTGLALTYVLENSFKPESGARDNIPKIGILITDGKSQDDVISPAQTLRSSGVELFAIGVKNADENELKAIASEPEDTHVYNVADFSIMGTIVEGLTRTVCDGVEQQDKEIKQDSVPEETVSTPLNLLISEVTAHSFRVSWTHSAGKVEKYRVVYHPTDADIP--EEIVVGGLENSVVLQNLNSLTEYEIAVFAVYRSAASDALRGSEIT----QALPTVSDLELYDVTDSSMRARWRDAEG---ASGYMILYAPLSSDTPDERELKVDETVTDVELTGLIPDTEYTVTVYATF',
                'Hsp_align-len': '372',
                Hsp_qseq: 'GDLLFLLDSSASVSHYEFSRVREFVGQLVATMSFGPGALRASLVHVGSQPHTEFTFDQYSSGQAIQDAIRVAPQRMGDTNTGLALAYAKEQLFAEEAGARPGVPKVLVWVTDGGSSDPVGPPMQELKDLGVTIFIVSTGRGNLLELLAAASAPAEKHLHFV-DVDDLPIIARELRGSITDAMQ------------------PQQLHASEVLSSGFRLSWPPLLTADSGYYVLELVPSGKLATTRRQQLPGNATSWTWTDLDPDTDYEVSLLP---ESNVHLLRPQHVRVRTLQEEAGPERIVISHARPRSLRVSWAPALGPDSALGYHVQLGPLQGGSLERVEVPAGQNSTTVQ--GLTPCTTYLVTVTAAF',
                'Hsp_query-to': '460',
                'Hsp_hit-frame': '1',
                Hsp_midline: 'D++ L+D S S+    F  VR F+  LV     G    R  L      P  E+  + +S+ +A+ DA++  P + G+T TGLAL Y  E  F  E+GAR  +PK+ + +TDG S D V  P Q L+  GV +F +     +  EL A AS P + H++ V D   +  I   L  ++ D ++                  P  L  SEV +  FR+SW         Y V+       +       + G   S    +L+  T+YE+++      +    LR   +     Q       + +      S+R  W  A G   A GY +   PL   + +  E+   +  T V+  GL P T Y VTV A F' } },
           { Hit_def: 'gi|73992734|ref|XP_543096.2| PREDICTED: similar to Protein KIAA1510 precursor [Canis familiaris]',
             Hit_num: '19',
             Hit_accession: '37793',
             Hit_id: 'gnl|BL_ORD_ID|37793',
             Hit_len: '1405',
             first_hsp: 
              { 'Hsp_bit-score': '125.561',
                Hsp_score: '314',
                Hsp_positive: '165',
                Hsp_identity: '112',
                'Hsp_query-from': '114',
                Hsp_evalue: '3.38405e-27',
                Hsp_num: '1',
                'Hsp_hit-to': '578',
                'Hsp_hit-from': '206',
                Hsp_gaps: '37',
                'Hsp_query-frame': '1',
                Hsp_hseq: 'DMIFLVDGSWSIGHSHFQQVKDFLASVIEPFEIGPSKVQVGLTQYSGDPQTEWDLNALRTKEDVLAAVRRLRYKGGNTFTGLALTHVLEHNLRPAAGPRPEATKVLILVTDGKSQDDARAAGRILKDLGVAIFAVGVKNADEAELQLLASQPLDITVH--NVQDFPQLGTLAGLLGRLICQKVQGGSRDPAATPALDTLFTPSSLLLTQVTSSSAHLSWTPAAQLPLKYLIVWRPSRG--GPPREVVVDGPTLSAELHDLAAGTEYSVSVIPVGKAGVGEGLRGLVTTAPLPP-PQALTVAAVTPRTIRLTWRPSAG---ATQYLVRCLPASPAGQEEGREVRVGQPEVLLDGLEPGRDYDVRV--------QSLQGTEASEARGVRAR',
                'Hsp_align-len': '389',
                Hsp_qseq: 'DLLFLLDSSASVSHYEFSRVREFVGQLVATMSFGPGALRASLVHVGSQPHTEFTFDQYSSGQAIQDAIRVAPQRMGDTNTGLALAYAKEQLFAEEAGARPGVPKVLVWVTDGGSSDPVGPPMQELKDLGVTIFIVSTGRGNLLELLAAASAPAEKHLHFVDVDDLP-----------IIARELRGSITDA---------MQPQQLHASEVLSSGFRLSWPPLLTADSGYYVLELVPSGKLATTRRQQLPGNATSWTWTDLDPDTDYEVSLLPESNVHLLRPQHVRVRTLQEEAGPERIVISHARPRSLRVSWAPALGPDSALGYHVQLGPLQ-GGSLERVEVPAGQNSTTVQGLTPCTTYLVTVTAAFRSGRQRALSAKACTASGARTR',
                'Hsp_query-to': '481',
                'Hsp_hit-frame': '1',
                Hsp_midline: 'D++FL+D S S+ H  F +V++F+  ++     GP  ++  L      P TE+  +   + + +  A+R    + G+T TGLAL +  E      AG RP   KVL+ VTDG S D      + LKDLGV IF V     +  EL   AS P +  +H  +V D P           +I ++++G   D            P  L  ++V SS   LSW P       Y ++     G     R   + G   S    DL   T+Y VS++P     +       V T      P+ + ++   PR++R++W P+ G   A  Y V+  P    G  E  EV  GQ    + GL P   Y V V        Q     +A  A G R R' } },
           { Hit_def: 'gi|149728925|ref|XP_001494879.1| PREDICTED: similar to type VII collagen [Equus caballus]',
             Hit_num: '20',
             Hit_accession: '8488',
             Hit_id: 'gnl|BL_ORD_ID|8488',
             Hit_len: '3066',
             first_hsp: 
              { 'Hsp_bit-score': '125.561',
                Hsp_score: '314',
                Hsp_positive: '167',
                Hsp_identity: '119',
                'Hsp_query-from': '114',
                Hsp_evalue: '3.64796e-27',
                Hsp_num: '1',
                'Hsp_hit-to': '397',
                'Hsp_hit-from': '38',
                Hsp_gaps: '27',
                'Hsp_query-frame': '1',
                Hsp_hseq: 'DIVFLLDGSSSIGRSNFREVRGFLEGLVLPFSGAASAQGVRFAAVQYSDDPRTEFGLDALGSGGDVIHAIRELSYKGGNTRTGAAILHVADHVFLPQL-ARPGVPKVCILITDGKSQDLVDTAAQRLKGQGVKLFAVGIKNADHEELKRVASQPTSDFFFFVNDFSILRTLLPLVSRRVCTTAGGVPVILPPDGSTSGPRDLVLSEPGSQSLRVQWTAASGPVTGYKVQYTPLTGLGQPLPSERREVSIPAGETSIQLQGLRPLTEYQVTVVALYANSIGEAVSATAWTTALE-GPE-LTIQNTTARSLLVAWQSVPG---ATGYRVTWGVLSGGALQQQELGPGRGSVLLHDLEPGTDYEVTVSA',
                'Hsp_align-len': '366',
                Hsp_qseq: 'DLLFLLDSSASVSHYEFSRVREFVGQLVATMSFGPGA--LRASLVHVGSQPHTEFTFDQYSSGQAIQDAIRVAPQRMGDTNTGLALAYAKEQLFAEEAGARPGVPKVLVWVTDGGSSDPVGPPMQELKDLGVTIFIVSTGRGNLLELLAAASAPAEKHLHFVDVDD-----LPIIAREL---RGSI-------TDAMQPQQLHASEVLSSGFRLSWPPLLTADSGYYVLELVPSG---KLATTRRQ-QLPGNATSWTWTDLDPDTDYEVSLLPESNVHLLRPQHVRVRTLQEEAGPERIVISHARPRSLRVSWAPALGPDSALGYHVQLGPLQGGSLERVEVPAGQNSTTVQGLTPCTTYLVTVTA',
                'Hsp_query-to': '458',
                'Hsp_hit-frame': '1',
                Hsp_midline: 'D++FLLD S+S+    F  VR F+  LV   S    A  +R + V     P TEF  D   SG  +  AIR    + G+T TG A+ +  + +F  +  ARPGVPKV + +TDG S D V    Q LK  GV +F V     +  EL   AS P      FV+        LP+++R +    G +            P+ L  SE  S   R+ W       +GY V     +G    L + RR+  +P   TS     L P T+Y+V+++      +         T   E GPE + I +   RSL V+W    G   A GY V  G L GG+L++ E+  G+ S  +  L P T Y VTV+A' } },
           { Hit_def: 'gi|495866|gb|AAA58965.1| collagen type VII [Homo sapiens]',
             Hit_num: '21',
             Hit_accession: '3785',
             Hit_id: 'gnl|BL_ORD_ID|3785',
             Hit_len: '2912',
             first_hsp: 
              { 'Hsp_bit-score': '122.479',
                Hsp_score: '306',
                Hsp_positive: '176',
                Hsp_identity: '127',
                'Hsp_query-from': '114',
                Hsp_evalue: '2.74771e-26',
                Hsp_num: '1',
                'Hsp_hit-to': '423',
                'Hsp_hit-from': '38',
                Hsp_gaps: '35',
                'Hsp_query-frame': '1',
                Hsp_hseq: 'DIVFLLDGSSSIGRSNFREVRSFLEGLVLPFSGAASAQGVRFATVQYSDDPRTEFGLDALGSGGDVIRAIRELSYKGGNTRTGAAILHVADHVFLPQL-ARPGVPKVCILITDGKSQDLVDTAAQRLKGQGVKLFAVGIKNADPEELKRVASQPTSDFFFFVNDFSILRTLLPLVSRRVCTTAGGVPVTRPPDDSTSAPRDLVLSEPSSQSLRVQWTAASGPVTGYKVQYTPLTGLGQPLPSERQEVNVPAGETSVRLRGLRPLTEYQVTVIALYANSIGEAVSGTARTTALE-GPE-LTIQNTTAHSLLVAWRSVPG---ATGYRVTWRVLSGGPTQQQELGPGQGSVLLRDLEPGTDYEVTVSTLF------GRSVGPATSLMARTDASVEQTLRP',
                'Hsp_align-len': '398',
                Hsp_qseq: 'DLLFLLDSSASVSHYEFSRVREFVGQLVATMSFGPGA--LRASLVHVGSQPHTEFTFDQYSSGQAIQDAIRVAPQRMGDTNTGLALAYAKEQLFAEEAGARPGVPKVLVWVTDGGSSDPVGPPMQELKDLGVTIFIVSTGRGNLLELLAAASAPAEKHLHFVDVDD-----LPIIAREL----------RGSITDAMQPQQLHASEVLSSGFRLSWPPLLTADSGYYV--LELVPSGKLATTRRQQ--LPGNATSWTWTDLDPDTDYEVSLLPESNVHLLRPQHVRVRTLQEEAGPERIVISHARPRSLRVSWAPALGPDSALGYHVQLGPLQGGSLERVEVPAGQNSTTVQGLTPCTTYLVTVTAAFRSGRQRALSAKACTASGARTRA--PQSMRP',
                'Hsp_query-to': '488',
                'Hsp_hit-frame': '1',
                Hsp_midline: 'D++FLLD S+S+    F  VR F+  LV   S    A  +R + V     P TEF  D   SG  +  AIR    + G+T TG A+ +  + +F  +  ARPGVPKV + +TDG S D V    Q LK  GV +F V     +  EL   AS P      FV+        LP+++R +          R        P+ L  SE  S   R+ W       +GY V    L   G+   + RQ+  +P   TS     L P T+Y+V+++      +        RT   E GPE + I +    SL V+W    G   A GY V    L GG  ++ E+  GQ S  ++ L P T Y VTV+  F        S    T+  ART A   Q++RP' } },
           { Hit_def: 'gi|46362531|gb|AAH68979.1| Slc35c2 protein [Danio rerio]',
             Hit_num: '22',
             Hit_accession: '18554',
             Hit_id: 'gnl|BL_ORD_ID|18554',
             Hit_len: '1816',
             first_hsp: 
              { 'Hsp_bit-score': '120.939',
                Hsp_score: '302',
                Hsp_positive: '159',
                Hsp_identity: '102',
                'Hsp_query-from': '108',
                Hsp_evalue: '9.60546e-26',
                Hsp_num: '1',
                'Hsp_hit-to': '941',
                'Hsp_hit-from': '570',
                Hsp_gaps: '29',
                'Hsp_query-frame': '1',
                Hsp_hseq: 'SAEAQAELVLLVDGSWSIGRTNFRKVREFLQGLAVPFHIGPEGVQIALSQYSGDPRTEWHLNNFTSKEPLLEAVRNFRYKGGNTFTGQALIHALENNLKEEVGARPNTPQFLLLLTDGKSQDDAIAAANRLKNAGVEIIAIGVKNADEAELRQVASEPLE--LNVYKVNDFPLLSKLVGKLARILCGKIEDRIKAKRMEHPTQEPVLSFPSPTDLQYVGLGSRELRLRWTVPSRNPQQYRVVYHTAEGQ--SLNELVVNGTESTTLLTGLSSQTQYHLSIFPVYENKVGSALRGTFTTL-PLAIPEALEVTASSASSLRVRWQPAAGATQYMALYSALNDGEPDDAKEVKFGPAQTDVELVDLIPSTDYSVTLYALY',
                'Hsp_align-len': '377',
                Hsp_qseq: 'ASDPQGDLLFLLDSSASVSHYEFSRVREFVGQLVATMSFGPGALRASLVHVGSQPHTEFTFDQYSSGQAIQDAIRVAPQRMGDTNTGLALAYAKEQLFAEEAGARPGVPKVLVWVTDGGSSDPVGPPMQELKDLGVTIFIVSTGRGNLLELLAAASAPAEKHLHFVDVDDLPI-------IARELRGSITDAMQ-----------------PQQLHASEVLSSGFRLSWPPLLTADSGYYVLELVPSGKLATTRRQQLPGNATSWTWTDLDPDTDYEVSLLPESNVHLLRPQHVRVRTLQEEAGPERIVISHARPRSLRVSWAPALGPDSALGYHVQLGPLQGGSLERVEVPAGQNSTTVQGLTPCTTYLVTVTAAF',
                'Hsp_query-to': '460',
                'Hsp_hit-frame': '1',
                Hsp_midline: '+++ Q +L+ L+D S S+    F +VREF+  L      GP  ++ +L      P TE+  + ++S + + +A+R    + G+T TG AL +A E    EE GARP  P+ L+ +TDG S D        LK+ GV I  +     +  EL   AS P E  L+   V+D P+       +AR L G I D ++                 P  L    + S   RL W         Y V+     G+  +     + G  ++   T L   T Y +S+ P     +         TL   A PE + ++ +   SLRV W PA G    +  +  L   +    + V+    Q    +  L P T Y VT+ A +' } },
           { Hit_def: 'gi|148675425|gb|EDL07372.1| mCG142757 [Mus musculus]',
             Hit_num: '23',
             Hit_accession: '49905',
             Hit_id: 'gnl|BL_ORD_ID|49905',
             Hit_len: '1320',
             first_hsp: 
              { 'Hsp_bit-score': '120.553',
                Hsp_score: '301',
                Hsp_positive: '164',
                Hsp_identity: '107',
                'Hsp_query-from': '114',
                Hsp_evalue: '1.1162e-25',
                Hsp_num: '1',
                'Hsp_hit-to': '534',
                'Hsp_hit-from': '177',
                Hsp_gaps: '43',
                'Hsp_query-frame': '1',
                Hsp_hseq: 'DIIFLVDGSWSIGHNHFQQVKDFLASIITQFAIGPDKVQVGLTQYSGDPQTEWDLNSFQTKEQVLAAVHHLRYKGGNTFTGLALTHVLEQNLKPAAGVRPEAAKVLILVTDGKSQDDVRTAARILKDQDIDVFVVGVKNVDEAELKLLASQPLDITVHNVLDFPQLDTLAPLLSRLICQKIQGRGPVKPAAGTRVLDPLPTPTRLILTHATSSSIHLSWTPALYPPLKYLIVWQPSRG--GAPKEVVVEGPVSSMELGNLTSSTEYLVSVLPVYESGVG---------KSLQGRATTAPLPPPGPLTLAAVTPRTLHVTWPPSAG---VTQYLVQYLLATSTGEEQKREVHVGQPEVLLDGLEPGQDYDVSV',
                'Hsp_align-len': '372',
                Hsp_qseq: 'DLLFLLDSSASVSHYEFSRVREFVGQLVATMSFGPGALRASLVHVGSQPHTEFTFDQYSSGQAIQDAIRVAPQRMGDTNTGLALAYAKEQLFAEEAGARPGVPKVLVWVTDGGSSDPVGPPMQELKDLGVTIFIVSTGRGNLLELLAAASAPAEKHLH----FVDVDDL-PIIAREL------RGSITDAM---------QPQQLHASEVLSSGFRLSWPPLLTADSGYYVLELVPSGKLATTRRQQLPGNATSWTWTDLDPDTDYEVSLLP--ESNVHLLRPQHVRVRTLQEEAGPERIVISH------ARPRSLRVSWAPALGPDSALGYHVQ-LGPLQGGSLERVEVPAGQNSTTVQGLTPCTTYLVTV',
                'Hsp_query-to': '456',
                'Hsp_hit-frame': '1',
                Hsp_midline: 'D++FL+D S S+ H  F +V++F+  ++   + GP  ++  L      P TE+  + + + + +  A+     + G+T TGLAL +  EQ     AG RP   KVL+ VTDG S D V    + LKD  + +F+V     +  EL   AS P +  +H    F  +D L P+++R +      RG +  A           P +L  +   SS   LSW P L     Y ++     G     +   + G  +S    +L   T+Y VS+LP  ES V          ++LQ  A    +            PR+L V+W P+ G      Y VQ L     G  ++ EV  GQ    + GL P   Y V+V' } },
           { Hit_def: 'gi|52138687|ref|NP_001004392.1| collagen, type XX, alpha 1 [Gallus gallus] >gi|14280020|gb|AAK58847.1| collagen type XX alpha 1 precursor [Gallus gallus]',
             Hit_num: '24',
             Hit_accession: '39814',
             Hit_id: 'gnl|BL_ORD_ID|39814',
             Hit_len: '1472',
             first_hsp: 
              { 'Hsp_bit-score': '117.857',
                Hsp_score: '294',
                Hsp_positive: '167',
                Hsp_identity: '103',
                'Hsp_query-from': '99',
                Hsp_evalue: '6.65586e-25',
                Hsp_num: '1',
                'Hsp_hit-to': '607',
                'Hsp_hit-from': '223',
                Hsp_gaps: '39',
                'Hsp_query-frame': '1',
                Hsp_hseq: 'RDSLRRGSQLQCDTSAMTDIVLLVDGSWSIGRSNFKLIKEFLSALISPFNIAQDKIRVGLSQYSSDPRTEWDLSAYATRDQVLEAVRNLRYKGGNTFTGLALTHVLEQNLKPDAGARLEAEKLVILLTDGKSQDDANLAAQTLKNMGIEIFAIGVKNADEAELKQVASEPLE--LTVYNVLDFPLLSSLVGRLTRVLCTRIKERSSKESAGRAVKDIPTNTGPELSPTDLKISAVTSKSMHLAWSPPLSPPKKYRVVYYPSEG--GTPKEVLLDGAVSSLRLSNLTSHTEYLVSVFPVYDTAVGDGLRGVTSTLPLSA-PRSLRVSELSHNSIRLSWKAAQG---ATQYLVLCSAAPDGAEDYTTEIKVAEPEVLLDGLSPSTEYSIAVYALY',
                'Hsp_align-len': '393',
                Hsp_qseq: 'RSSIERGS---TASDPQGDLLFLLDSSASVSHYEFSRVREFVGQLVATMSFGPGALRASLVHVGSQPHTEFTFDQYSSGQAIQDAIRVAPQRMGDTNTGLALAYAKEQLFAEEAGARPGVPKVLVWVTDGGSSDPVGPPMQELKDLGVTIFIVSTGRGNLLELLAAASAPAEKHLHFVDVDDLPIIA---------------------------RELRGSITDAMQPQQLHASEVLSSGFRLSWPPLLTADSGYYVLELVPSGKLATTRRQQLPGNATSWTWTDLDPDTDYEVSLLPESNVHLLRPQHVRVRTLQEEAGPERIVISHARPRSLRVSWAPALGPDSALGYHVQLGPLQGGSLE-RVEVPAGQNSTTVQGLTPCTTYLVTVTAAF',
                'Hsp_query-to': '460',
                'Hsp_hit-frame': '1',
                Hsp_midline: 'R S+ RGS     +    D++ L+D S S+    F  ++EF+  L++  +     +R  L    S P TE+    Y++   + +A+R    + G+T TGLAL +  EQ    +AGAR    K+++ +TDG S D      Q LK++G+ IF +     +  EL   AS P E  L   +V D P+++                           +++  +    + P  L  S V S    L+W P L+    Y V+     G   T +   L G  +S   ++L   T+Y VS+ P  +  +         TL   A P  + +S     S+R+SW  A G   A  Y V       G+ +   E+   +    + GL+P T Y + V A +' } },
           { Hit_def: 'gi|125842663|ref|XP_683613.2| PREDICTED: similar to alpha 1 chain of type XII collagen [Danio rerio]',
             Hit_num: '25',
             Hit_accession: '23658',
             Hit_id: 'gnl|BL_ORD_ID|23658',
             Hit_len: '1892',
             first_hsp: 
              { 'Hsp_bit-score': '115.546',
                Hsp_score: '288',
                Hsp_positive: '157',
                Hsp_identity: '98',
                'Hsp_query-from': '114',
                Hsp_evalue: '3.56087e-24',
                Hsp_num: '1',
                'Hsp_hit-to': '372',
                'Hsp_hit-from': '22',
                Hsp_gaps: '26',
                'Hsp_query-frame': '1',
                Hsp_hseq: 'DLVFLVDGSWSVGRENFRFIRSFIGAMAGAFDIEEDKTRVAVVQYSSDTRTEFSLNTHFRRPDVLRAIKNLPYKGGNTMTGDAMDYLVKNTFTQAAGARKGFPKVAMIITDGKSQDPVEEYAERLRNIGVEIFVLGIKGADEDELKEIASRPHSKHVY--NVPNFDMINQVQKALITEVCSGTCGTGELEPPTDLTTSEVTHYSFRATW----VAPDGPVEKYRVEYVSTAGGEPQQQMFVDGTVTTVVLEGLTPLTEYIVKVYSVVGEDSSDPLR----GIETTLPLSAVRSMNIYKERSTTMNVRWDAATGATGYMLLYKALNATEPSVEQEMRVKGMVTDVQLKKLLPNTAYSVSLFA',
                'Hsp_align-len': '361',
                Hsp_qseq: 'DLLFLLDSSASVSHYEFSRVREFVGQLVATMSFGPGALRASLVHVGSQPHTEFTFDQYSSGQAIQDAIRVAPQRMGDTNTGLALAYAKEQLFAEEAGARPGVPKVLVWVTDGGSSDPVGPPMQELKDLGVTIFIVSTGRGNLLELLAAASAPAEKHLHFVDVDDLPIIARELRGSITDAMQ----------PQQLHASEVLSSGFRLSWPPLLTADSG---YYVLELVPSGKLATTRRQQLPGNATSWTWTDLDPDTDYEV---SLLPESNVHLLRPQHVRVRTLQEEAGPERIVISHARPRSLRVSWAPALGPDSALGYHVQLGPLQGGSLERVEVPAGQNSTTVQGLTPCTTYLVTVTA',
                'Hsp_query-to': '458',
                'Hsp_hit-frame': '1',
                Hsp_midline: 'DL+FL+D S SV    F  +R F+G +           R ++V   S   TEF+ + +     +  AI+  P + G+T TG A+ Y  +  F + AGAR G PKV + +TDG S DPV    + L+++GV IF++     +  EL   AS P  KH++  +V +  +I +  +  IT+             P  L  SEV    FR +W     A  G    Y +E V +      ++  + G  T+     L P T+Y V   S++ E +   LR     + T    +    + I   R  ++ V W  A G    +  +  L   +    + + V        ++ L P T Y V++ A' } },
           { Hit_def: 'gi|109469364|ref|XP_230973.4| PREDICTED: similar to collagen-like protein [Rattus norvegicus]',
             Hit_num: '26',
             Hit_accession: '42815',
             Hit_id: 'gnl|BL_ORD_ID|42815',
             Hit_len: '1346',
             first_hsp: 
              { 'Hsp_bit-score': '115.161',
                Hsp_score: '287',
                Hsp_positive: '164',
                Hsp_identity: '104',
                'Hsp_query-from': '114',
                Hsp_evalue: '4.80848e-24',
                Hsp_num: '1',
                'Hsp_hit-to': '599',
                'Hsp_hit-from': '242',
                Hsp_gaps: '47',
                'Hsp_query-frame': '1',
                Hsp_hseq: 'DIIFLVDGSWSIGHNNFQQVKDFLASIITHFAIGPDKVQVGLTQYSGDPQTEWDLNSFHTKEQVLAAVHHLHYKGGNTFTGLALTHVLGQNLKPAAGVRPEAAKVLILVTDGKSQDDVRTAARVLKDQDIDVFTVGVKNVDEAELKLLASQPLDITVH--NVLDFPQLTTLAPLLSRLICQKIQGRGPVKPAAGTRILDPLPTPTRLTLTHVTSSSIHLSWTPALYPPLKYLIVWQPSRG--GAPKEVVVEGPVSSMELGNLTSNTEYSVSVLPVYESGVG---------KSLQGRATTAPLPPPGPLTLAAVTPRTLHLTWQPSAG---ATQYLVQYLLAASTGEEQKREVHVGRPEVVLDDLEPGQDYEVSV',
                'Hsp_align-len': '374',
                Hsp_qseq: 'DLLFLLDSSASVSHYEFSRVREFVGQLVATMSFGPGALRASLVHVGSQPHTEFTFDQYSSGQAIQDAIRVAPQRMGDTNTGLALAYAKEQLFAEEAGARPGVPKVLVWVTDGGSSDPVGPPMQELKDLGVTIFIVSTGRGNLLELLAAASAPAEKHLHFVDVDDLP-----------IIARELRG----------SITDAM-QPQQLHASEVLSSGFRLSWPPLLTADSGYYVLELVPSGKLATTRRQQLPGNATSWTWTDLDPDTDYEVSLLP--ESNVHLLRPQHVRVRTLQEEAGPERIVISH------ARPRSLRVSWAPALGPDSALGYHVQ-LGPLQGGSLERVEVPAGQNSTTVQGLTPCTTYLVTV',
                'Hsp_query-to': '456',
                'Hsp_hit-frame': '1',
                Hsp_midline: 'D++FL+D S S+ H  F +V++F+  ++   + GP  ++  L      P TE+  + + + + +  A+     + G+T TGLAL +   Q     AG RP   KVL+ VTDG S D V    + LKD  + +F V     +  EL   AS P +  +H  +V D P           +I ++++G           I D +  P +L  + V SS   LSW P L     Y ++     G     +   + G  +S    +L  +T+Y VS+LP  ES V          ++LQ  A    +            PR+L ++W P+ G   A  Y VQ L     G  ++ EV  G+    +  L P   Y V+V' } },
           { Hit_def: 'gi|125839255|ref|XP_001344573.1| PREDICTED: similar to gag-pol fusion polyprotein [Danio rerio]',
             Hit_num: '27',
             Hit_accession: '7200',
             Hit_id: 'gnl|BL_ORD_ID|7200',
             Hit_len: '2607',
             first_hsp: 
              { 'Hsp_bit-score': '115.161',
                Hsp_score: '287',
                Hsp_positive: '107',
                Hsp_identity: '67',
                'Hsp_query-from': '112',
                Hsp_evalue: '4.84877e-24',
                Hsp_num: '1',
                'Hsp_hit-to': '1990',
                'Hsp_hit-from': '1788',
                Hsp_gaps: '6',
                'Hsp_query-frame': '1',
                Hsp_hseq: 'KADLTFLVDGSWSIGDDNFQKIIRFLYSTTGALDVIGPEGTQVAIAQFSDDARTEFKLNSYSDKEALLDAVQRISYKGGNTKTGRAIKHVKEAIFSEDAGVRRGIPKVLVVLTDGRSQDDVNKISKEMQMEGYIIFAIGFADADYGELVNIASKPSERHVFFVDDLDAFKKIEEQLITFVCEAATATCPSVLMSGNTL-AGFRM',
                'Hsp_align-len': '204',
                Hsp_qseq: 'QGDLLFLLDSSASVSHYEFSRVREFVGQLVATMS-FGPGALRASLVHVGSQPHTEFTFDQYSSGQAIQDAIRVAPQRMGDTNTGLALAYAKEQLFAEEAGARPGVPKVLVWVTDGGSSDPVGPPMQELKDLGVTIFIVSTGRGNLLELLAAASAPAEKHLHFV-DVDDLPIIARELRGSITDAMQ---PQQLHASEVLSSGFRL',
                'Hsp_query-to': '310',
                'Hsp_hit-frame': '1',
                Hsp_midline: '+ DL FL+D S S+    F ++  F+      +   GP   + ++        TEF  + YS  +A+ DA++    + G+T TG A+ + KE +F+E+AG R G+PKVLV +TDG S D V    +E++  G  IF +     +  EL+  AS P+E+H+ FV D+D    I  +L   + +A     P  L +   L +GFR+' } },
           { Hit_def: 'gi|118087212|ref|XP_424219.2| PREDICTED: similar to matrilin 2 [Gallus gallus]',
             Hit_num: '28',
             Hit_accession: '21568',
             Hit_id: 'gnl|BL_ORD_ID|21568',
             Hit_len: '1799',
             first_hsp: 
              { 'Hsp_bit-score': '114.39',
                Hsp_score: '285',
                Hsp_positive: '95',
                Hsp_identity: '60',
                'Hsp_query-from': '106',
                Hsp_evalue: '9.21832e-24',
                Hsp_num: '1',
                'Hsp_hit-to': '194',
                'Hsp_hit-from': '24',
                Hsp_gaps: '3',
                'Hsp_query-frame': '1',
                Hsp_hseq: 'NTCNNKRLDLVFIIDSSRSVRPYDFEKVKEFILTILQFLDVSPDATRVGLIQYGSTVKHEFSLKTFRRKQEIERAVRRMMHLATGTMTGLAIQYAVNIAFSESEGARPLNQNVPRIIMIVTDGRPQDPVGEIAAKARNSGILIFAIGVGRVDMNTLKSIGSEPHEEHIFLV',
                'Hsp_align-len': '171',
                Hsp_qseq: 'STASDPQGDLLFLLDSSASVSHYEFSRVREFVGQLVATMSFGPGALRASLVHVGSQPHTEFTFDQYSSGQAIQDAIRVAPQRMGDTNTGLALAYAKEQLFAEEAGARP---GVPKVLVWVTDGGSSDPVGPPMQELKDLGVTIFIVSTGRGNLLELLAAASAPAEKHLHFV',
                'Hsp_query-to': '273',
                'Hsp_hit-frame': '1',
                Hsp_midline: '+T ++ + DL+F++DSS SV  Y+F +V+EF+  ++  +   P A R  L+  GS    EF+   +   Q I+ A+R        T TGLA+ YA    F+E  GARP    VP++++ VTDG   DPVG    + ++ G+ IF +  GR ++  L +  S P E+H+  V' } },
           { Hit_def: 'gi|47220812|emb|CAG00019.1| unnamed protein product [Tetraodon nigroviridis]',
             Hit_num: '29',
             Hit_accession: '35560',
             Hit_id: 'gnl|BL_ORD_ID|35560',
             Hit_len: '1557',
             first_hsp: 
              { 'Hsp_bit-score': '112.464',
                Hsp_score: '280',
                Hsp_positive: '169',
                Hsp_identity: '106',
                'Hsp_query-from': '114',
                Hsp_evalue: '2.77315e-23',
                Hsp_num: '1',
                'Hsp_hit-to': '409',
                'Hsp_hit-from': '8',
                Hsp_gaps: '73',
                'Hsp_query-frame': '1',
                Hsp_hseq: 'DIVILVDGSWSIGRLNFRLVRMFLENLVNAFDVGIDKTRIGGALLLSLMLLYYLCNFSFPGMFMFFVHLKFLYVCVFLGLAQYSGDPRIEWHLNAYSTKDAVIDAVRNLPYKGGNTLTGLALNFILENCFKPESGSREGLPKIGILITDGKSQDDVVPPAESLRNAGIELFAIGVKNADENELQSIASPPEDTHVYNVADFSVMNSIVEALTRTVCEQVVQQDKEIKQISEHVPETVGAPHELVTSEVTARNFRVSWSPAPGNVEKYRVVYYAARGE--EPHEAVVDGSETSVVLDHLSSLTEYQLAVFAVYATEASEALRGSETTL-ALPSVTGLQLLDVTHS---TMKVTWDRVEG---ASGYLLLYGPLIEDGQLNEKELKLSNAVTELELQALNPHTEYTVTVYAMY',
                'Hsp_align-len': '411',
                Hsp_qseq: 'DLLFLLDSSASVSHYEFSRVREFVGQLVATMSFG-------------------------PG-------------ALRASLVHVGSQPHTEFTFDQYSSGQAIQDAIRVAPQRMGDTNTGLALAYAKEQLFAEEAGARPGVPKVLVWVTDGGSSDPVGPPMQELKDLGVTIFIVSTGRGNLLELLAAASAPAEKHLHFV-DVDDLPIIARELRGSITDAM-------------------QPQQLHASEVLSSGFRLSWPPLLTADSGYYVLELVPSGKLATTRRQQLPGNATSWTWTDLDPDTDYEVSLL---PESNVHLLRPQHVRVRTLQEEAGPERIVISHARPRSLRVSWAPALGPDSALGYHVQLGPL-QGGSLERVEVPAGQNST--TVQGLTPCTTYLVTVTAAF',
                'Hsp_query-to': '460',
                'Hsp_hit-frame': '1',
                Hsp_midline: 'D++ L+D S S+    F  VR F+  LV     G                         PG              +   L      P  E+  + YS+  A+ DA+R  P + G+T TGLAL +  E  F  E+G+R G+PK+ + +TDG S D V PP + L++ G+ +F +     +  EL + AS P + H++ V D   +  I   L  ++ + +                    P +L  SEV +  FR+SW P       Y V+     G+        + G+ TS     L   T+Y++++           LR     +  L    G + + ++H+   +++V+W    G   A GY +  GPL + G L   E+      T   +Q L P T Y VTV A +' } },
           { Hit_def: 'gi|149066378|gb|EDM16251.1| procollagen, type XIV, alpha 1 (predicted), isoform CRA_b [Rattus norvegicus]',
             Hit_num: '30',
             Hit_accession: '79346',
             Hit_id: 'gnl|BL_ORD_ID|79346',
             Hit_len: '1127',
             first_hsp: 
              { 'Hsp_bit-score': '112.464',
                Hsp_score: '280',
                Hsp_positive: '107',
                Hsp_identity: '63',
                'Hsp_query-from': '114',
                Hsp_evalue: '3.5619e-23',
                Hsp_num: '1',
                'Hsp_hit-to': '367',
                'Hsp_hit-from': '159',
                Hsp_gaps: '4',
                'Hsp_query-frame': '1',
                Hsp_hseq: 'DIVILVDGSWSIGRFNFRLVRNFLENLVTAFNVGSEKTRIGLAQYSGDPRIEWHLNAFNTKDEVIDAVRSLPYKGGNTLTGLALNFIFENSFKPEAGSRSGVSKIGILITDGKSQDDIIPPSRNLREAGVELFAIGVKNADLSELQEIASEPDSTHVYNVAEFDLMHTVVESLTRTVCSRVEEQD---KEIKDTEYKVTVTPIYTVGEGVSV',
                'Hsp_align-len': '212',
                Hsp_qseq: 'DLLFLLDSSASVSHYEFSRVREFVGQLVATMSFGPGALRASLVHVGSQPHTEFTFDQYSSGQAIQDAIRVAPQRMGDTNTGLALAYAKEQLFAEEAGARPGVPKVLVWVTDGGSSDPVGPPMQELKDLGVTIFIVSTGRGNLLELLAAASAPAEKHLHFV-DVDDLPIIARELRGSITDAMQPQQLHASEVLSSGFRLSWPPLLTADSGYYV',
                'Hsp_query-to': '324',
                'Hsp_hit-frame': '1',
                Hsp_midline: 'D++ L+D S S+  + F  VR F+  LV   + G    R  L      P  E+  + +++   + DA+R  P + G+T TGLAL +  E  F  EAG+R GV K+ + +TDG S D + PP + L++ GV +F +     +L EL   AS P   H++ V + D +  +   L  ++   ++ Q     E+  + ++++  P+ T   G  V' } },
           { Hit_def: 'gi|149635474|ref|XP_001506111.1| PREDICTED: similar to alpha-1 type VII collagen [Ornithorhynchus anatinus]',
             Hit_num: '31',
             Hit_accession: '8434',
             Hit_id: 'gnl|BL_ORD_ID|8434',
             Hit_len: '2993',
             first_hsp: 
              { 'Hsp_bit-score': '111.694',
                Hsp_score: '278',
                Hsp_positive: '174',
                Hsp_identity: '117',
                'Hsp_query-from': '114',
                Hsp_evalue: '5.68338e-23',
                Hsp_num: '1',
                'Hsp_hit-to': '417',
                'Hsp_hit-from': '38',
                Hsp_gaps: '40',
                'Hsp_query-frame': '1',
                Hsp_hseq: 'DVVFLVDGSSSIGRNNFRMVRDFLEGLVLPFVNVVRDTG---VRFGAVQYSDDPRTEFALGTHASGQEVMRAVRELNYKRGNTRTGAGLRHVAEHFFHPQL-ARPGVPKVCILITDGRSQDDVEQGALKLKNQNVKVFAVGIKNAHEEELRKVASSPVEEYHFFIPDFAILRTLVPLVSHRVCTSTGGTPQRLPAEGPYFGPSNLVFSEFTGDSLRAQW----TAASGPVIGYKVQFVPLTGLGQPIAAERQEVSVPAGETSVVLRRLRSQTDYQVTVVAQYANSISEAITGTAHTPQLE-GLQQLVVQNTTAHSLGLAW---RGVPGASGYRITWRGPTGLAPQQQDVGPGQLSFLLQGLTPDTDYTVSVAPLYGQVAGPAASVQRRTESG',
                'Hsp_align-len': '392',
                Hsp_qseq: 'DLLFLLDSSASVSHYEFSRVREFVGQLV-----ATMSFGPGALRASLVHVGSQPHTEFTFDQYSSGQAIQDAIRVAPQRMGDTNTGLALAYAKEQLFAEEAGARPGVPKVLVWVTDGGSSDPVGPPMQELKDLGVTIFIVSTGRGNLLELLAAASAPAEKHLHFV-DVDDL----PIIARELRGSITDAMQ----------PQQLHASEVLSSGFRLSWPPLLTADSG---YYVLELVP---SGKLATTRRQQ--LPGNATSWTWTDLDPDTDYEVSLLPESNVHLLRPQHVRVRTLQEEAGPERIVISHARPRSLRVSWAPALGPDSALGYHVQLGPLQGGSLERVEVPAGQNSTTVQGLTPCTTYLVTVTAAFRSGRQRALSAKACTASG',
                'Hsp_query-to': '477',
                'Hsp_hit-frame': '1',
                Hsp_midline: 'D++FL+D S+S+    F  VR+F+  LV          G   +R   V     P TEF    ++SGQ +  A+R    + G+T TG  L +  E  F  +  ARPGVPKV + +TDG S D V     +LK+  V +F V     +  EL   AS+P E++  F+ D   L    P+++  +  S     Q          P  L  SE      R  W    TA SG    Y ++ VP    G+     RQ+  +P   TS     L   TDY+V+++ +    +         T Q E G +++V+ +    SL ++W    G   A GY +      G + ++ +V  GQ S  +QGLTP T Y V+V   +      A S +  T SG' } },
           { Hit_def: 'gi|114621486|ref|XP_001143977.1| PREDICTED: collagen, type XIV, alpha 1 isoform 2 [Pan troglodytes]',
             Hit_num: '32',
             Hit_accession: '20696',
             Hit_id: 'gnl|BL_ORD_ID|20696',
             Hit_len: '1685',
             first_hsp: 
              { 'Hsp_bit-score': '110.538',
                Hsp_score: '275',
                Hsp_positive: '105',
                Hsp_identity: '60',
                'Hsp_query-from': '112',
                Hsp_evalue: '1.2043e-22',
                Hsp_num: '1',
                'Hsp_hit-to': '1137',
                'Hsp_hit-from': '935',
                Hsp_gaps: '4',
                'Hsp_query-frame': '1',
                Hsp_hseq: 'KADLVFMVDGSWSIGDENFNKIISFLYSTVGALHKIGTDGTQVAMVQFTDDPRTEFKLNAYKTKETLLDAIKHISYKGGNTKTGKAIKYVRDTLFTAESGTRRGIPKVIVVITDGRSQDDVNKISREMQLDGYSIFAIGVADADYSELVSIGSKPSARHVFFVDDFDAFKKIEDELITFVCETASATCPMVHKDGIDLAGFKM',
                'Hsp_align-len': '203',
                Hsp_qseq: 'QGDLLFLLDSSASVSHYEFSRVREFVGQLVATM-SFGPGALRASLVHVGSQPHTEFTFDQYSSGQAIQDAIRVAPQRMGDTNTGLALAYAKEQLFAEEAGARPGVPKVLVWVTDGGSSDPVGPPMQELKDLGVTIFIVSTGRGNLLELLAAASAPAEKHLHFV-DVDDLPIIARELRGSITDAMQPQ--QLHASEVLSSGFRL',
                'Hsp_query-to': '310',
                'Hsp_hit-frame': '1',
                Hsp_midline: '+ DL+F++D S S+    F+++  F+   V  +   G    + ++V     P TEF  + Y + + + DAI+    + G+T TG A+ Y ++ LF  E+G R G+PKV+V +TDG S D V    +E++  G +IF +     +  EL++  S P+ +H+ FV D D    I  EL   + +        +H   +  +GF++' } },
           { Hit_def: 'gi|47219514|emb|CAG09868.1| unnamed protein product [Tetraodon nigroviridis]',
             Hit_num: '33',
             Hit_accession: '35243',
             Hit_id: 'gnl|BL_ORD_ID|35243',
             Hit_len: '1450',
             first_hsp: 
              { 'Hsp_bit-score': '109.768',
                Hsp_score: '273',
                Hsp_positive: '101',
                Hsp_identity: '62',
                'Hsp_query-from': '82',
                Hsp_evalue: '2.05422e-22',
                Hsp_num: '1',
                'Hsp_hit-to': '859',
                'Hsp_hit-from': '662',
                Hsp_gaps: '2',
                'Hsp_query-frame': '1',
                Hsp_hseq: 'MKWTDCSFSPSALNCCLDKHLYFLATVCKGAKADLVFLIDGSWSIGDESFNKVIQFVTSMIGAFEVISPNGMQVSLVQYSDDAKTEFKLNTYYNKGIVISALKSVRYRGGNTKTGIALKHVYEKVFTSDSGMRRNVPKVLVVLTDGRSQDDVKKSAEKLQHSGYSVFVVGVADVDMTELRIIGSKPSERHVFVVDDYD',
                'Hsp_align-len': '198',
                Hsp_qseq: 'LFWTAFSMALS-LRLALARSSIERGSTASDPQGDLLFLLDSSASVSHYEFSRVREFVGQLVATMS-FGPGALRASLVHVGSQPHTEFTFDQYSSGQAIQDAIRVAPQRMGDTNTGLALAYAKEQLFAEEAGARPGVPKVLVWVTDGGSSDPVGPPMQELKDLGVTIFIVSTGRGNLLELLAAASAPAEKHLHFVDVDD',
                'Hsp_query-to': '277',
                'Hsp_hit-frame': '1',
                Hsp_midline: '+ WT  S + S L   L +      +     + DL+FL+D S S+    F++V +FV  ++       P  ++ SLV       TEF  + Y +   +  A++    R G+T TG+AL +  E++F  ++G R  VPKVLV +TDG S D V    ++L+  G ++F+V     ++ EL    S P+E+H+  VD  D' } },
           { Hit_def: 'gi|125833895|ref|XP_001334712.1| PREDICTED: similar to alpha 1 chain of type XII collagen [Danio rerio]',
             Hit_num: '34',
             Hit_accession: '1634383',
             Hit_id: 'gnl|BL_ORD_ID|1634383',
             Hit_len: '233',
             first_hsp: 
              { 'Hsp_bit-score': '107.842',
                Hsp_score: '268',
                Hsp_positive: '104',
                Hsp_identity: '66',
                'Hsp_query-from': '114',
                Hsp_evalue: '6.88773e-22',
                Hsp_num: '1',
                'Hsp_hit-to': '231',
                'Hsp_hit-from': '32',
                Hsp_gaps: '10',
                'Hsp_query-frame': '1',
                Hsp_hseq: 'DIVFLVDGSASIGLDNFQQIRQFLSSLVENFEVAPDKVRIGLVQYSDTPRTEFSLNTYQNKEEILDYIRNLRYKTGGTHTGQGLEFILKQHFIEEAGSRAQQNVPQIAIVITDGDSQDEVDLQAQELRQRGIKIFAIGIKDADVRLLRQIANEPYDQYVYSVSDFAALQGISQSVVRELCTSVKDVIETTRGNNLHTSHL',
                'Hsp_align-len': '200',
                Hsp_qseq: 'DLLFLLDSSASVSHYEFSRVREFVGQLVATMSFGPGALRASLVHVGSQPHTEFTFDQYSSGQAIQDAIRVAPQRMGDTNTGLALAYAKEQLFAEEAGARP--GVPKVLVWVTDGGSSDPVGPPMQELKDLGVTIFIVSTGRGNLLELLAAASAPAEKHLHFV-DVDDLPIIA----RELRGSITDAMQP---QQLHASEV',
                'Hsp_query-to': '303',
                'Hsp_hit-frame': '1',
                Hsp_midline: 'D++FL+D SAS+    F ++R+F+  LV      P  +R  LV     P TEF+ + Y + + I D IR    + G T+TG  L +  +Q F EEAG+R    VP++ + +TDG S D V    QEL+  G+ IF +     ++  L   A+ P +++++ V D   L  I+    REL  S+ D ++      LH S +' } },
           { Hit_def: 'gi|118093056|ref|XP_421769.2| PREDICTED: similar to AMACO [Gallus gallus]',
             Hit_num: '35',
             Hit_accession: '217391',
             Hit_id: 'gnl|BL_ORD_ID|217391',
             Hit_len: '800',
             first_hsp: 
              { 'Hsp_bit-score': '107.457',
                Hsp_score: '267',
                Hsp_positive: '82',
                Hsp_identity: '58',
                'Hsp_query-from': '114',
                Hsp_evalue: '1.14583e-21',
                Hsp_num: '1',
                'Hsp_hit-to': '206',
                'Hsp_hit-from': '50',
                Hsp_gaps: '2',
                'Hsp_query-frame': '1',
                Hsp_hseq: 'DILFLLDGSYSIGRGSFERSKHFAGKLCDALDIHPGRVRVGMVQFSSAPHLEFSLDSYLTKQEVKERIKRTAFRGGSTETGRALKYILHKGFP--GGRNLTVPKILIIISDGKSQGSTAVPAMQVKERGTTVFAVGIKFPRWEELHAVASEPTEQHVLF',
                'Hsp_align-len': '159',
                Hsp_qseq: 'DLLFLLDSSASVSHYEFSRVREFVGQLVATMSFGPGALRASLVHVGSQPHTEFTFDQYSSGQAIQDAIRVAPQRMGDTNTGLALAYAKEQLFAEEAGARPGVPKVLVWVTDGGSSDPVGPPMQELKDLGVTIFIVSTGRGNLLELLAAASAPAEKHLHF',
                'Hsp_query-to': '272',
                'Hsp_hit-frame': '1',
                Hsp_midline: 'D+LFLLD S S+    F R + F G+L   +   PG +R  +V   S PH EF+ D Y + Q +++ I+    R G T TG AL Y   + F    G    VPK+L+ ++DG S      P  ++K+ G T+F V        EL A AS P E+H+ F' } },
           { Hit_def: 'gi|94732541|emb|CAK05117.1| novel protein similar to vertebrate collagen family [Danio rerio]',
             Hit_num: '36',
             Hit_accession: '19483',
             Hit_id: 'gnl|BL_ORD_ID|19483',
             Hit_len: '1721',
             first_hsp: 
              { 'Hsp_bit-score': '107.071',
                Hsp_score: '266',
                Hsp_positive: '100',
                Hsp_identity: '61',
                'Hsp_query-from': '114',
                Hsp_evalue: '1.23518e-21',
                Hsp_num: '1',
                'Hsp_hit-to': '1032',
                'Hsp_hit-from': '849',
                Hsp_gaps: '3',
                'Hsp_query-frame': '1',
                Hsp_hseq: 'DIVFLVDESWSIGTNNFGKLKDFLFRTVTYFPSIGPKGTQIAVVHYSDQPRIEFNFNTHKDRNSVLRALREVRYGGGNTKTGRGISYVLREMFQESLGMRQEAPHVLVLLTDGRAQDDVEPPSRIAHALGVSVLVIGIAHADMEEVRTIASPTTYKNIFYASDFDDLPSIEREFIGSICSEALQ',
                'Hsp_align-len': '184',
                Hsp_qseq: 'DLLFLLDSSASVSHYEFSRVREFVGQLVATM-SFGPGALRASLVHVGSQPHTEFTFDQYSSGQAIQDAIRVAPQRMGDTNTGLALAYAKEQLFAEEAGARPGVPKVLVWVTDGGSSDPVGPPMQELKDLGVTIFIVSTGRGNLLELLAAASAPAEKHLHFV-DVDDLPIIARELRGSI-TDAMQ',
                'Hsp_query-to': '294',
                'Hsp_hit-frame': '1',
                Hsp_midline: 'D++FL+D S S+    F ++++F+ + V    S GP   + ++VH   QP  EF F+ +    ++  A+R      G+T TG  ++Y   ++F E  G R   P VLV +TDG + D V PP +    LGV++ ++     ++ E+   AS    K++ +  D DDLP I RE  GSI ++A+Q' } },
           { Hit_def: 'gi|37182908|gb|AAQ89254.1| MATN2 [Homo sapiens]',
             Hit_num: '37',
             Hit_accession: '133034',
             Hit_id: 'gnl|BL_ORD_ID|133034',
             Hit_len: '915',
             first_hsp: 
              { 'Hsp_bit-score': '105.145',
                Hsp_score: '261',
                Hsp_positive: '91',
                Hsp_identity: '54',
                'Hsp_query-from': '106',
                Hsp_evalue: '4.53962e-21',
                Hsp_num: '1',
                'Hsp_hit-to': '219',
                'Hsp_hit-from': '49',
                Hsp_gaps: '3',
                'Hsp_query-frame': '1',
                Hsp_hseq: 'SSCENKRADLVFIIDSSRSVNTHDYAKVKEFIVDILQFLDIGPDVTRVGLLQYGSTVKNEFSLKTFKRKSEVERAVKRMRHLSTGTMTGLAIQYALNIAFSEAEGARPLRENVPRVIMIVTDGRPQDSVAEVAAKARDTGILIFAIGVGQVDFNTLKSIGSEPHEDHVFLV',
                'Hsp_align-len': '171',
                Hsp_qseq: 'STASDPQGDLLFLLDSSASVSHYEFSRVREFVGQLVATMSFGPGALRASLVHVGSQPHTEFTFDQYSSGQAIQDAIRVAPQRMGDTNTGLALAYAKEQLFAEEAGARP---GVPKVLVWVTDGGSSDPVGPPMQELKDLGVTIFIVSTGRGNLLELLAAASAPAEKHLHFV',
                'Hsp_query-to': '273',
                'Hsp_hit-frame': '1',
                Hsp_midline: 'S+  + + DL+F++DSS SV+ +++++V+EF+  ++  +  GP   R  L+  GS    EF+   +     ++ A++        T TGLA+ YA    F+E  GARP    VP+V++ VTDG   D V     + +D G+ IF +  G+ +   L +  S P E H+  V' } },
           { Hit_def: 'gi|118086119|ref|XP_426008.2| PREDICTED: similar to alpha 3 type VI collagen [Gallus gallus]',
             Hit_num: '38',
             Hit_accession: '5959',
             Hit_id: 'gnl|BL_ORD_ID|5959',
             Hit_len: '2533',
             first_hsp: 
              { 'Hsp_bit-score': '105.145',
                Hsp_score: '261',
                Hsp_positive: '101',
                Hsp_identity: '59',
                'Hsp_query-from': '113',
                Hsp_evalue: '4.93465e-21',
                Hsp_num: '1',
                'Hsp_hit-to': '231',
                'Hsp_hit-from': '45',
                Hsp_gaps: '3',
                'Hsp_query-frame': '1',
                Hsp_hseq: 'ADVVFIVDTSTSIAQENFQKVKNFLSSLVSSLDIGLDMIRVGLAQYSDEAYQVFLLNQYLLKSDVLDQIGNLPYRGGETYTGRALDFVSTRYFTESAGSRAKGYVPQLAVLITSGESNDEVEQPAKKLRYRGISIYVVGIGIQNTTELQQIASKPFRRYLYSIGSFDDLPDLSTRLLQNFCIAIESQ',
                'Hsp_align-len': '187',
                Hsp_qseq: 'GDLLFLLDSSASVSHYEFSRVREFVGQLVATMSFGPGALRASLVHVGSQPHTEFTFDQYSSGQAIQDAIRVAPQRMGDTNTGLALAYAKEQLFAEEAGARPG--VPKVLVWVTDGGSSDPVGPPMQELKDLGVTIFIVSTGRGNLLELLAAASAPAEKHLHFV-DVDDLPIIARELRGSITDAMQPQ',
                'Hsp_query-to': '296',
                'Hsp_hit-frame': '1',
                Hsp_midline: 'D++F++D+S S++   F +V+ F+  LV+++  G   +R  L     + +  F  +QY     + D I   P R G+T TG AL +   + F E AG+R    VP++ V +T G S+D V  P ++L+  G++I++V  G  N  EL   AS P  ++L+ +   DDLP ++  L  +   A++ Q' } },
           { Hit_def: 'gi|149641369|ref|XP_001505343.1| PREDICTED: similar to matrilin-3, partial [Ornithorhynchus anatinus]',
             Hit_num: '39',
             Hit_accession: '1018108',
             Hit_id: 'gnl|BL_ORD_ID|1018108',
             Hit_len: '354',
             first_hsp: 
              { 'Hsp_bit-score': '105.145',
                Hsp_score: '261',
                Hsp_positive: '95',
                Hsp_identity: '60',
                'Hsp_query-from': '114',
                Hsp_evalue: '5.05973e-21',
                Hsp_num: '1',
                'Hsp_hit-to': '314',
                'Hsp_hit-from': '151',
                Hsp_gaps: '5',
                'Hsp_query-frame': '1',
                Hsp_hseq: 'DLVFIVDSSRSVRPREFEKVKTFLSQVIDTLDIGETATRVAVVNYASTVKVEFHLQTHSDKESLKQAVSRIAPLATG-TMSGLAIRTAMDEVFTVEAGARAPAFNIPKVVVIVTDGRPQDQVQEAVAQAQASGIEIYAVGVGRADMQSLRQLASEPVETHAFYVE',
                'Hsp_align-len': '165',
                Hsp_qseq: 'DLLFLLDSSASVSHYEFSRVREFVGQLVATMSFGPGALRASLVHVGSQPHTEFTFDQYSSGQAIQDAI-RVAPQRMGDTNTGLALAYAKEQLFAEEAGARP---GVPKVLVWVTDGGSSDPVGPPMQELKDLGVTIFIVSTGRGNLLELLAAASAPAEKHLHFVD',
                'Hsp_query-to': '274',
                'Hsp_hit-frame': '1',
                Hsp_midline: 'DL+F++DSS SV   EF +V+ F+ Q++ T+  G  A R ++V+  S    EF    +S  ++++ A+ R+AP   G T +GLA+  A +++F  EAGAR     +PKV+V VTDG   D V   + + +  G+ I+ V  GR ++  L   AS P E H  +V+' } },
           { Hit_def: 'gi|114621091|ref|XP_528309.2| PREDICTED: hypothetical protein [Pan troglodytes]',
             Hit_num: '40',
             Hit_accession: '72329',
             Hit_id: 'gnl|BL_ORD_ID|72329',
             Hit_len: '1150',
             first_hsp: 
              { 'Hsp_bit-score': '104.76',
                Hsp_score: '260',
                Hsp_positive: '91',
                Hsp_identity: '54',
                'Hsp_query-from': '106',
                Hsp_evalue: '7.42702e-21',
                Hsp_num: '1',
                'Hsp_hit-to': '449',
                'Hsp_hit-from': '279',
                Hsp_gaps: '3',
                'Hsp_query-frame': '1',
                Hsp_hseq: 'SSCENKRADLVFIIDSSRSVNTHDYAKVKEFIVDILQFLDIGPDVTRVGLLQYGSTVKNEFSLKTFKRKSEVERAVKRMRHLSTGTMTGLAIQYALNIAFSEAEGARPLRENVPRVIMIVTDGRPQDSVAEVAAKARDTGILIFAIGVGQVDFNTLKSIGSEPHEDHVFLV',
                'Hsp_align-len': '171',
                Hsp_qseq: 'STASDPQGDLLFLLDSSASVSHYEFSRVREFVGQLVATMSFGPGALRASLVHVGSQPHTEFTFDQYSSGQAIQDAIRVAPQRMGDTNTGLALAYAKEQLFAEEAGARP---GVPKVLVWVTDGGSSDPVGPPMQELKDLGVTIFIVSTGRGNLLELLAAASAPAEKHLHFV',
                'Hsp_query-to': '273',
                'Hsp_hit-frame': '1',
                Hsp_midline: 'S+  + + DL+F++DSS SV+ +++++V+EF+  ++  +  GP   R  L+  GS    EF+   +     ++ A++        T TGLA+ YA    F+E  GARP    VP+V++ VTDG   D V     + +D G+ IF +  G+ +   L +  S P E H+  V' } },
           { Hit_def: 'gi|125844332|ref|XP_001332021.1| PREDICTED: similar to collagen XIV [Danio rerio]',
             Hit_num: '41',
             Hit_accession: '76390',
             Hit_id: 'gnl|BL_ORD_ID|76390',
             Hit_len: '1192',
             first_hsp: 
              { 'Hsp_bit-score': '104.375',
                Hsp_score: '259',
                Hsp_positive: '88',
                Hsp_identity: '57',
                'Hsp_query-from': '112',
                Hsp_evalue: '8.0733e-21',
                Hsp_num: '1',
                'Hsp_hit-to': '698',
                'Hsp_hit-from': '535',
                Hsp_gaps: '1',
                'Hsp_query-frame': '1',
                Hsp_hseq: 'KADLVFLVDGSWSIGDDNFQKIIRFLHSTAGALDQIGPDGTQVAIAQFSDDARTEFSLSSHSSKEELLTAIQRVSYKGGNTKTGRAMKHVKDSVFAPVGGARRGVPKVLVVLTDGRSQDDVLQVSQELQAEGYIVFAIGFADADYGELLSIASRPGDRHVFFVD',
                'Hsp_align-len': '164',
                Hsp_qseq: 'QGDLLFLLDSSASVSHYEFSRVREFVGQLVATMS-FGPGALRASLVHVGSQPHTEFTFDQYSSGQAIQDAIRVAPQRMGDTNTGLALAYAKEQLFAEEAGARPGVPKVLVWVTDGGSSDPVGPPMQELKDLGVTIFIVSTGRGNLLELLAAASAPAEKHLHFVD',
                'Hsp_query-to': '274',
                'Hsp_hit-frame': '1',
                Hsp_midline: '+ DL+FL+D S S+    F ++  F+      +   GP   + ++        TEF+   +SS + +  AI+    + G+T TG A+ + K+ +FA   GAR GVPKVLV +TDG S D V    QEL+  G  +F +     +  ELL+ AS P ++H+ FVD' } },
           { Hit_def: 'gi|125814528|ref|XP_687953.2| PREDICTED: hypothetical protein [Danio rerio]',
             Hit_num: '42',
             Hit_accession: '23485',
             Hit_id: 'gnl|BL_ORD_ID|23485',
             Hit_len: '1903',
             first_hsp: 
              { 'Hsp_bit-score': '103.99',
                Hsp_score: '258',
                Hsp_positive: '173',
                Hsp_identity: '101',
                'Hsp_query-from': '114',
                Hsp_evalue: '1.205e-20',
                Hsp_num: '1',
                'Hsp_hit-to': '775',
                'Hsp_hit-from': '393',
                Hsp_gaps: '42',
                'Hsp_query-frame': '1',
                Hsp_hseq: 'DIVFLVDDSWSVGPTSFQQIKEFIADIIRAFQGNVFGQEGIRFGVTVYSDLPRMRIALTDYSTLDEVLRAVEDVPYEGGSSRTGLALEFLEESVFSPSI-IRESAPKIAVLITNGQSDDQVDDPAKAVADSGISLFAVGVRNADQSELKKIVTEPHEEHLMLSPDFSFLEHLLPKLSRRICFTASEPPRPVKQKPPVVERIIGPKDLQVSELSYSSLQLTWSQATGDVTGYRLLITPVSPKGHLLPAQQTQIDLKGDISSTPVTGLNPKTEYSLS------VYAIYPGRIGESATVATVTMKLVPVGDLLVQNATTDTVQARWSSVRG---ATGYRLTWSSSE-GHIENVNLGDNFNFYMVQGLHAGTEYTITINPIFGDIEGPVTSAKAKTCK',
                'Hsp_align-len': '394',
                Hsp_qseq: 'DLLFLLDSSASVSHYEFSRVREFVGQLVATMS---FGPGALRASLVHVGSQPHTEFTFDQYSSGQAIQDAIRVAPQRMGDTNTGLALAYAKEQLFAEEAGARPGVPKVLVWVTDGGSSDPVGPPMQELKDLGVTIFIVSTGRGNLLELLAAASAPAEKHL----HFVDVDD-LPIIARELRGSITDA--------------MQPQQLHASEVLSSGFRLSWPPLLTADSGYYVL--ELVPSGKLATTRRQQ--LPGNATSWTWTDLDPDTDYEVSLLPESNVHLLRPQHV----RVRTLQEEAGP-ERIVISHARPRSLRVSWAPALGPDSALGYHVQLGPLQGGSLERVEVPAGQNSTTVQGLTPCTTYLVTVTAAFRSGRQRALSAKACTAS',
                'Hsp_query-to': '476',
                'Hsp_hit-frame': '1',
                Hsp_midline: 'D++FL+D S SV    F +++EF+  ++       FG   +R  +      P        YS+   +  A+   P   G + TGLAL + +E +F+     R   PK+ V +T+G S D V  P + + D G+++F V     +  EL    + P E+HL     F  ++  LP ++R +  + ++               + P+ L  SE+  S  +L+W       +GY +L   + P G L   ++ Q  L G+ +S   T L+P T+Y +S      V+ + P  +     V T+  +  P   +++ +A   +++  W+   G   A GY +     + G +E V +    N   VQGL   T Y +T+   F        SAKA T' } },
           { Hit_def: 'gi|3182939|sp|Q91145|COCA1_NOTVI Collagen alpha-1(XII) chain >gi|632648|gb|AAA80217.1| type XII collagen alpha-1 chain',
             Hit_num: '43',
             Hit_accession: '125807',
             Hit_id: 'gnl|BL_ORD_ID|125807',
             Hit_len: '929',
             first_hsp: 
              { 'Hsp_bit-score': '101.679',
                Hsp_score: '252',
                Hsp_positive: '126',
                Hsp_identity: '71',
                'Hsp_query-from': '112',
                Hsp_evalue: '4.89507e-20',
                Hsp_num: '1',
                'Hsp_hit-to': '888',
                'Hsp_hit-from': '631',
                Hsp_gaps: '16',
                'Hsp_query-frame': '1',
                Hsp_hseq: 'QADIVLLVDGSWSIGRPNFKIVRNFISRVVEVFDIGSDRVQIAVSQYSGDPRTEWQLNTHKTKKSLMDAVANLPYKGGNTNTGSALKFILENNFRPGVGMREKARKIAILLTDGKSQDDIVAPSKRYADEGIELYAVGIKNADENELKEIASDPDELYMYNVADFSLLTNIVNDLTENVCNSVKGPGGLNPPSNLVTSEPTPRSFRVTWVPPSQSVER--FKVEYYP---VAGGRPQEVYVRGTQTTTVLVGLKPETEYYVNV',
                'Hsp_align-len': '263',
                Hsp_qseq: 'QGDLLFLLDSSASVSHYEFSRVREFVGQLVATMSFGPGALRASLVHVGSQPHTEFTFDQYSSGQAIQDAIRVAPQRMGDTNTGLALAYAKEQLFAEEAGARPGVPKVLVWVTDGGSSDPVGPPMQELKDLGVTIFIVSTGRGNLLELLAAASAPAEKHLHFV-DVDDLPIIARELRGSITDAMQ-------PQQLHASEVLSSGFRLSW-PPLLTADSGYYVLELVPSGKLATTRRQQ--LPGNATSWTWTDLDPDTDYEVSL',
                'Hsp_query-to': '363',
                'Hsp_hit-frame': '1',
                Hsp_midline: 'Q D++ L+D S S+    F  VR F+ ++V     G   ++ ++      P TE+  + + + +++ DA+   P + G+TNTG AL +  E  F    G R    K+ + +TDG S D +  P +   D G+ ++ V     +  EL   AS P E +++ V D   L  I  +L  ++ ++++       P  L  SE     FR++W PP  + +   + +E  P   +A  R Q+  + G  T+     L P+T+Y V++' } },
           { Hit_def: 'gi|47217883|emb|CAG05005.1| unnamed protein product [Tetraodon nigroviridis]',
             Hit_num: '44',
             Hit_accession: '290231',
             Hit_id: 'gnl|BL_ORD_ID|290231',
             Hit_len: '647',
             first_hsp: 
              { 'Hsp_bit-score': '101.679',
                Hsp_score: '252',
                Hsp_positive: '84',
                Hsp_identity: '55',
                'Hsp_query-from': '114',
                Hsp_evalue: '4.97744e-20',
                Hsp_num: '1',
                'Hsp_hit-to': '216',
                'Hsp_hit-from': '54',
                Hsp_gaps: '3',
                'Hsp_query-frame': '1',
                Hsp_hseq: 'DFVFVIDSSRSIRPRDYEKVKTFIVNLVQFLEVGPEATRVGLLQYGSVVQPEFSLSTFSTKAEVEQAVRNMKHLATGTMTGLAIQYAAETSFTEADGARPAHLHIPRIAVVVTDGRPQDRVEEVAAQARQAGIQIFAIGVGRVDMKTLKTIGSEPHSEHVHLV',
                'Hsp_align-len': '163',
                Hsp_qseq: 'DLLFLLDSSASVSHYEFSRVREFVGQLVATMSFGPGALRASLVHVGSQPHTEFTFDQYSSGQAIQDAIRVAPQRMGDTNTGLALAYAKEQLFAEEAGARPG---VPKVLVWVTDGGSSDPVGPPMQELKDLGVTIFIVSTGRGNLLELLAAASAPAEKHLHFV',
                'Hsp_query-to': '273',
                'Hsp_hit-frame': '1',
                Hsp_midline: 'D +F++DSS S+   ++ +V+ F+  LV  +  GP A R  L+  GS    EF+   +S+   ++ A+R        T TGLA+ YA E  F E  GARP    +P++ V VTDG   D V     + +  G+ IF +  GR ++  L    S P  +H+H V' } },
           { Hit_def: 'gi|47212423|emb|CAF93579.1| unnamed protein product [Tetraodon nigroviridis]',
             Hit_num: '45',
             Hit_accession: '291627',
             Hit_id: 'gnl|BL_ORD_ID|291627',
             Hit_len: '688',
             first_hsp: 
              { 'Hsp_bit-score': '101.679',
                Hsp_score: '252',
                Hsp_positive: '89',
                Hsp_identity: '62',
                'Hsp_query-from': '114',
                Hsp_evalue: '6.23511e-20',
                Hsp_num: '1',
                'Hsp_hit-to': '171',
                'Hsp_hit-from': '7',
                Hsp_gaps: '2',
                'Hsp_query-frame': '1',
                Hsp_hseq: 'DLLFLIDSSRSVRPHEFETMRRFMIDILNTLDIGLNSTRVGVVQYSSQVRSEFSLRSHASLDSMVKAIQEMVPLAQG-TMTGLAIRYTMNVAFTAAEGDRPKVPNVVVIVTDGRPQDRVAEVAAEARERGMEIYAVGVARADMTSLRAMASPPFEDHVFLVESFDL',
                'Hsp_align-len': '166',
                Hsp_qseq: 'DLLFLLDSSASVSHYEFSRVREFVGQLVATMSFGPGALRASLVHVGSQPHTEFTFDQYSSGQAIQDAIR-VAPQRMGDTNTGLALAYAKEQLFAEEAGARPGVPKVLVWVTDGGSSDPVGPPMQELKDLGVTIFIVSTGRGNLLELLAAASAPAEKHLHFVDVDDL',
                'Hsp_query-to': '278',
                'Hsp_hit-frame': '1',
                Hsp_midline: 'DLLFL+DSS SV  +EF  +R F+  ++ T+  G  + R  +V   SQ  +EF+   ++S  ++  AI+ + P   G T TGLA+ Y     F    G RP VP V+V VTDG   D V     E ++ G+ I+ V   R ++  L A AS P E H+  V+  DL' } },
           { Hit_def: 'gi|77567855|gb|AAI07522.1| Matn3b protein [Danio rerio]',
             Hit_num: '46',
             Hit_accession: '1252970',
             Hit_id: 'gnl|BL_ORD_ID|1252970',
             Hit_len: '299',
             first_hsp: 
              { 'Hsp_bit-score': '100.908',
                Hsp_score: '250',
                Hsp_positive: '90',
                Hsp_identity: '60',
                'Hsp_query-from': '114',
                Hsp_evalue: '8.49022e-20',
                Hsp_num: '1',
                'Hsp_hit-to': '232',
                'Hsp_hit-from': '69',
                Hsp_gaps: '5',
                'Hsp_query-frame': '1',
                Hsp_hseq: 'DLVFIIDSSRSVRPAEFEKVKIFLSEMVDSLDIGSDATRVALVNYASTVNIEFHLKKYFSKAEVKQAFSRIDPLSTG-TMTGMAIKTAMEQVFTENAGARPLKKGIGKVAIIVTDGRPQDKVEEVSAAARASGIEIYAVGVDRAEVRSLKQMASQPLDDHVFYVE',
                'Hsp_align-len': '165',
                Hsp_qseq: 'DLLFLLDSSASVSHYEFSRVREFVGQLVATMSFGPGALRASLVHVGSQPHTEFTFDQYSSGQAIQDAI-RVAPQRMGDTNTGLALAYAKEQLFAEEAGARP---GVPKVLVWVTDGGSSDPVGPPMQELKDLGVTIFIVSTGRGNLLELLAAASAPAEKHLHFVD',
                'Hsp_query-to': '274',
                'Hsp_hit-frame': '1',
                Hsp_midline: 'DL+F++DSS SV   EF +V+ F+ ++V ++  G  A R +LV+  S  + EF   +Y S   ++ A  R+ P   G T TG+A+  A EQ+F E AGARP   G+ KV + VTDG   D V       +  G+ I+ V   R  +  L   AS P + H+ +V+' } },
           { Hit_def: 'gi|59939916|ref|NP_001012385.1| matrilin 3b [Danio rerio] >gi|56797875|emb|CAG30518.1| matrilin-3b precursor [Danio rerio]',
             Hit_num: '47',
             Hit_accession: '573864',
             Hit_id: 'gnl|BL_ORD_ID|573864',
             Hit_len: '478',
             first_hsp: 
              { 'Hsp_bit-score': '100.908',
                Hsp_score: '250',
                Hsp_positive: '90',
                Hsp_identity: '60',
                'Hsp_query-from': '114',
                Hsp_evalue: '9.15233e-20',
                Hsp_num: '1',
                'Hsp_hit-to': '367',
                'Hsp_hit-from': '204',
                Hsp_gaps: '5',
                'Hsp_query-frame': '1',
                Hsp_hseq: 'DLVFIIDSSRSVRPAEFEKVKIFLSEMVNSLDIGSDATRVALVNYASTVNIEFHLKKYFSKAEVKQAFSRIDPLSTG-TMTGMAIKTAMEQVFTENAGARPLKKGIGKVAIIVTDGRPQDKVEEVSAAARASGIEIYAVGVDRAEMRSLKQMASQPLDDHVFYVE',
                'Hsp_align-len': '165',
                Hsp_qseq: 'DLLFLLDSSASVSHYEFSRVREFVGQLVATMSFGPGALRASLVHVGSQPHTEFTFDQYSSGQAIQDAI-RVAPQRMGDTNTGLALAYAKEQLFAEEAGARP---GVPKVLVWVTDGGSSDPVGPPMQELKDLGVTIFIVSTGRGNLLELLAAASAPAEKHLHFVD',
                'Hsp_query-to': '274',
                'Hsp_hit-frame': '1',
                Hsp_midline: 'DL+F++DSS SV   EF +V+ F+ ++V ++  G  A R +LV+  S  + EF   +Y S   ++ A  R+ P   G T TG+A+  A EQ+F E AGARP   G+ KV + VTDG   D V       +  G+ I+ V   R  +  L   AS P + H+ +V+' } },
           { Hit_def: 'gi|47218505|emb|CAF97239.1| unnamed protein product [Tetraodon nigroviridis]',
             Hit_num: '48',
             Hit_accession: '93848',
             Hit_id: 'gnl|BL_ORD_ID|93848',
             Hit_len: '1060',
             first_hsp: 
              { 'Hsp_bit-score': '100.523',
                Hsp_score: '249',
                Hsp_positive: '169',
                Hsp_identity: '105',
                'Hsp_query-from': '112',
                Hsp_evalue: '1.38904e-19',
                Hsp_num: '1',
                'Hsp_hit-to': '850',
                'Hsp_hit-from': '460',
                Hsp_gaps: '36',
                'Hsp_query-frame': '1',
                Hsp_hseq: 'QADIVFLVDESWSVGQNSFSHVKDFISAIITSFKDSVVGTEGVRFGVTVFGDVPKMRIALTDYSSQEEVLRAIRDLPYEGRSRRIGDALTFLVQHVFSPVIRRDHG-PKIAVLITNGRSDDPVDAAARLVADSGISLFAVGVGGADASELRRMVSEPREEHLLLGADYSALENLLARLSRRVCVTASEPPRPVKMSPTVKVPVVGPRDLQVSELAHSSLRLTWSHATSDVRGYGLVVTPLTSQGHPLHLQQRQMELKAEVSTTVVTDLSPRTEYSLSVYAVYPGLIGDSATITVQTIK-LVPVSKLLVQNATTDTVQARWASVRG---ASGYRLTWQS-PDGHIENINLGDTFSFYMIQGLSSGTEYTVTINPIFGDTEGSITAAKIKTCDG----KPQSV',
                'Hsp_align-len': '401',
                Hsp_qseq: 'QGDLLFLLDSSASVSHYEFSRVREFVGQLVATMS---FGPGALRASLVHVGSQPHTEFTFDQYSSGQAIQDAIRVAPQRMGDTNTGLALAYAKEQLFAEEAGARPGVPKVLVWVTDGGSSDPVGPPMQELKDLGVTIFIVSTGRGNLLELLAAASAPAEKHLHF-VDVDDLP-IIARELRGSITDAMQ-----------------PQQLHASEVLSSGFRLSWPPLLTADSGY--YVLELVPSGK-LATTRRQ-QLPGNATSWTWTDLDPDTDYEVSLLPESNVHLLRPQHVRVRTLQEEAGPERIVISHARPRSLRVSWAPALGPDSALGYHVQLGPLQGGSLERVEVPAGQNSTTVQGLTPCTTYLVTVTAAFRSGRQRALSAKACTASGARTRAPQSM',
                'Hsp_query-to': '486',
                'Hsp_hit-frame': '1',
                Hsp_midline: 'Q D++FL+D S SV    FS V++F+  ++ +      G   +R  +   G  P        YSS + +  AIR  P        G AL +  + +F+       G PK+ V +T+G S DPV    + + D G+++F V  G  +  EL    S P E+HL    D   L  ++AR  R     A +                 P+ L  SE+  S  RL+W    +   GY   V  L   G  L   +RQ +L    ++   TDL P T+Y +S+       +     + V+T++      ++++ +A   +++  WA   G   A GY +       G +E + +    +   +QGL+  T Y VT+   F        +AK  T  G     PQS+' } },
           { Hit_def: 'gi|45384196|ref|NP_990403.1| matrilin-3 precursor [Gallus gallus] >gi|14548115|sp|O42401|MATN3_CHICK Matrilin-3 precursor >gi|2326444|emb|CAA03885.1| matrilin-3 [Gallus gallus]',
             Hit_num: '49',
             Hit_accession: '618131',
             Hit_id: 'gnl|BL_ORD_ID|618131',
             Hit_len: '452',
             first_hsp: 
              { 'Hsp_bit-score': '100.138',
                Hsp_score: '248',
                Hsp_positive: '92',
                Hsp_identity: '55',
                'Hsp_query-from': '114',
                Hsp_evalue: '1.44821e-19',
                Hsp_num: '1',
                'Hsp_hit-to': '217',
                'Hsp_hit-from': '54',
                Hsp_gaps: '5',
                'Hsp_query-frame': '1',
                Hsp_hseq: 'DLVFIIDSSRSVRPEEFEKVKIFLSKMIDTLDVGERTTRVAVMNYASTVKVEFPLRTYFDKASMKEAVSRIQPLSAG-TMTGLAIQAAMDEVFTEEMGTRPANFNIPKVVIIVTDGRPQDQVENVAANARTAGIEIYAVGVGRADMQSLRIMASEPLDEHVFYVE',
                'Hsp_align-len': '165',
                Hsp_qseq: 'DLLFLLDSSASVSHYEFSRVREFVGQLVATMSFGPGALRASLVHVGSQPHTEFTFDQYSSGQAIQDAI-RVAPQRMGDTNTGLALAYAKEQLFAEEAGARP---GVPKVLVWVTDGGSSDPVGPPMQELKDLGVTIFIVSTGRGNLLELLAAASAPAEKHLHFVD',
                'Hsp_query-to': '274',
                'Hsp_hit-frame': '1',
                Hsp_midline: 'DL+F++DSS SV   EF +V+ F+ +++ T+  G    R ++++  S    EF    Y    ++++A+ R+ P   G T TGLA+  A +++F EE G RP    +PKV++ VTDG   D V       +  G+ I+ V  GR ++  L   AS P ++H+ +V+' } },
           { Hit_def: 'gi|148669822|gb|EDL01769.1| von Willebrand factor A domain containing 2 [Mus musculus]',
             Hit_num: '50',
             Hit_accession: '224452',
             Hit_id: 'gnl|BL_ORD_ID|224452',
             Hit_len: '748',
             first_hsp: 
              { 'Hsp_bit-score': '100.138',
                Hsp_score: '248',
                Hsp_positive: '85',
                Hsp_identity: '57',
                'Hsp_query-from': '114',
                Hsp_evalue: '1.76929e-19',
                Hsp_num: '1',
                'Hsp_hit-to': '161',
                'Hsp_hit-from': '8',
                Hsp_gaps: '5',
                'Hsp_query-frame': '1',
                Hsp_hseq: 'DILFLLDGSHSIGKGSFERSKRFAIAACDALDISPGRVRVGALQFGSTPHLEFPLDSFSTRQEVKESIKGIVFKGGRTETGLAL----KRLSRGFPGGRNGSVPQILIIVTDGKSQGPVALPAKQLRERGIVVFAVGVRFPRWDELLTLASEPKDRHV',
                'Hsp_align-len': '158',
                Hsp_qseq: 'DLLFLLDSSASVSHYEFSRVREFVGQLVATMSFGPGALRASLVHVGSQPHTEFTFDQYSSGQAIQDAIRVAPQRMGDTNTGLALAYAKEQLFAEEAGARPG-VPKVLVWVTDGGSSDPVGPPMQELKDLGVTIFIVSTGRGNLLELLAAASAPAEKHL',
                'Hsp_query-to': '270',
                'Hsp_hit-frame': '1',
                Hsp_midline: 'D+LFLLD S S+    F R + F       +   PG +R   +  GS PH EF  D +S+ Q ++++I+    + G T TGLAL    ++L     G R G VP++L+ VTDG S  PV  P ++L++ G+ +F V        ELL  AS P ++H+' } } ],
        BlastOutput_version: 'blastp 2.2.26 [Sep-21-2011]',
        BlastOutput_program: 'blastp',
        BlastOutput_reference: '~Reference: Altschul, Stephen F., Thomas L. Madden, Alejandro A. Schaffer, ~Jinghui Zhang, Zheng Zhang, Webb Miller, and David J. Lipman (1997), ~"Gapped BLAST and PSI-BLAST: a new generation of protein database search~programs",  Nucleic Acids Res. 25:3389-3402.',
        'BlastOutput_query-def': 'No definition line found',
        'BlastOutput_query-ID': 'lcl|QUERY',
        BlastOutput_db: 'nr70',
        BlastOutput_param: 
         { Parameters: 
            { Parameters_filter: 'F',
              Parameters_matrix: 'BLOSUM62',
              'Parameters_gap-extend': '1',
              Parameters_expect: '10',
              'Parameters_gap-open': '11' } },
        'BlastOutput_query-len': '495' } } }
OOOO=======
{ out: 
   { BlastOutput: 
      { Hits: 
         [ { Hit_def: 'gi|114559289|ref|XP_001169015.1| PREDICTED: extracellular matrix protein 1 isoform 1 [Pan troglodytes]',
             Hit_num: '1',
             Hit_accession: '410205',
             Hit_id: 'gnl|BL_ORD_ID|410205',
             Hit_len: '569',
             first_hsp: 
              { 'Hsp_bit-score': '1090.49',
                Hsp_score: '2819',
                Hsp_positive: '537',
                Hsp_identity: '535',
                'Hsp_query-from': '1',
                Hsp_evalue: '0',
                Hsp_num: '1',
                'Hsp_hit-to': '569',
                'Hsp_hit-from': '1',
                Hsp_gaps: '29',
                'Hsp_query-frame': '1',
                Hsp_hseq: 'MGTTARAALVLTYLAVASAASEGGFTATGQRQLRPEHFQEVGYAAPPSPPLSRSLPMDHPDSSQHGPPFEGQSQGGKEGRGPRPHSQPWLGERVGCSHIPPSIVQPPPSQEATPLQQEKLLPAQLPAEKEVGPPLPQEAVPLQKELPSLQHPNEQKEGTPAPFGDQSHPEPESWNAAQHCQQDRSQGGWGHRLDGFPPGRPSPDNLNQICLPNRQHVVYGPWNLPQSSYSHLTRQGETLNFLEIGYSRCCHCRSHTNRLECAKLVWEEAMSRFCEAEFSVKTRPHWCCTRQGEARFSCFQEEAPQPHYQLRACPSHQPDISSGLELPFPPGVPTLDNIKNICHLRRFRSVPRNLPATDPLQRELLALIQLEREFQRCCRQGNNHTCTWKAWEDTLDKYCDREYAVKTHHHLCCRHPPSPTRDECFARRAPYPNYDRDILTIDISRVTPNLMGHLCGNQRILTKHKHIPGLIHNMTAHCCDLPFPEQACCAEEEKLTFINDLCGPRRNFWRDPALCCYLSPGDEQVNCFNMNYLRNVALVSGDTENAKGQGEQGSTGGTNISSTSEPKEE',
                'Hsp_align-len': '569',
                Hsp_qseq: 'MGTTARAALVLTYLAVASAASEGGFTATGQRQLRPEHFQEVGYAAPPSPPLSRSLPMDHPDSSQHGPPFEGQSQ-----------------------------VQPPPSQEATPLQQEKLLPAQLPAEKEVGPPLPQEAVPLQKELPSLQHPNEQKEGTPAPFGDQSHPEPESWNAAQHCQQDRSQGGWGHRLDGFPPGRPSPDNLNQICLPNRQHVVYGPWNLPQSSYSHLTRQGETLNFLEIGYSRCCHCRSHTNRLECAKLVWEEAMSRFCEAEFSVKTRPHWCCTRQGEARFSCFQEEAPQPHYQLRACPSHQPDISSGLELPFPPGVPTLDNIKNICHLRRFRSVPRNLPATDPLQRELLALIQLEREFQRCCRQGNNHTCTWKAWEDTLDKYCDREYAVKTHHHLCCRHPPSPTRDECFARRAPYPNYDRDILTIDIGRVTPNLMGHLCGNQRVLTKHKHIPGLIHNMTARCCDLPFPEQACCAEEEKLTFINDLCGPRRNIWRDPALCCYLSPGDEQVNCFNINYLRNVALVSGDTENAKGQGEQGSTGGTNISSTSEPKEE',
                'Hsp_query-to': '540',
                'Hsp_hit-frame': '1',
                Hsp_midline: 'MGTTARAALVLTYLAVASAASEGGFTATGQRQLRPEHFQEVGYAAPPSPPLSRSLPMDHPDSSQHGPPFEGQSQ                             VQPPPSQEATPLQQEKLLPAQLPAEKEVGPPLPQEAVPLQKELPSLQHPNEQKEGTPAPFGDQSHPEPESWNAAQHCQQDRSQGGWGHRLDGFPPGRPSPDNLNQICLPNRQHVVYGPWNLPQSSYSHLTRQGETLNFLEIGYSRCCHCRSHTNRLECAKLVWEEAMSRFCEAEFSVKTRPHWCCTRQGEARFSCFQEEAPQPHYQLRACPSHQPDISSGLELPFPPGVPTLDNIKNICHLRRFRSVPRNLPATDPLQRELLALIQLEREFQRCCRQGNNHTCTWKAWEDTLDKYCDREYAVKTHHHLCCRHPPSPTRDECFARRAPYPNYDRDILTIDI RVTPNLMGHLCGNQR+LTKHKHIPGLIHNMTA CCDLPFPEQACCAEEEKLTFINDLCGPRRN WRDPALCCYLSPGDEQVNCFN+NYLRNVALVSGDTENAKGQGEQGSTGGTNISSTSEPKEE' } },
           { Hit_def: 'gi|153791660|ref|NP_001093176.1| extracellular matrix protein 1 [Bos taurus] >gi|148745265|gb|AAI42236.1| LOC524222 protein [Bos taurus]',
             Hit_num: '2',
             Hit_accession: '533893',
             Hit_id: 'gnl|BL_ORD_ID|533893',
             Hit_len: '517',
             first_hsp: 
              { 'Hsp_bit-score': '799.275',
                Hsp_score: '2063',
                Hsp_positive: '440',
                Hsp_identity: '391',
                'Hsp_query-from': '1',
                Hsp_evalue: '0',
                Hsp_num: '1',
                'Hsp_hit-to': '517',
                'Hsp_hit-from': '1',
                Hsp_gaps: '31',
                'Hsp_query-frame': '1',
                Hsp_hseq: 'MGTMSGAALVLACLTVASVASDGGFKASGQRELGPQPLTHPLQQVGYAAPPSPPLSRALPQGHPRTSQHSLHSEGQSEVQPSPSQDA---------------------------IPLQEELPPPQVPIEQKEEKPAPSMDHSPPEPESWNPAQHCQHGRPRGGWGHRLDGFPPGRPSLDNLDQICLPSRQHVVYGPWNLPQTGFSHLSRQGETLNLLETGYSRCCRCRNRTNRLDCAELVWEDSVTRFCEAEFSVKTQPHGCCKKQGEARLSCFQEEAPRPHYQLRACPSHQPGISLGPELPFPPGLPTVDNIKNICHLKRFRSVPRNLPATDSIQRQLQALTRLEAEFQRCCRQGNNHTCTWKAWEDTLDGYCDWEQAIKTHHHSCCNYPPSPLRDKCFARRAPYPNYDRDILTLDLSRITPNLMNHLCGNRRVLSKHKQIPGLIQKVTARCCDLPFPEQACCAEEEKSAFIDELCGSRRNFWRDSALCCKLSPGDEQINCFNTKYLRNVAVVTGDTRDAKGPGEQGPTQGTNSSPTSEPKEE',
                'Hsp_align-len': '544',
                Hsp_qseq: 'MGTTARAALVLTYLAVASAASEGGFTATGQRQLRPEHF----QEVGYAAPPSPPLSRSLPMDHPDSSQHGPPFEGQSQVQPPPSQEATPLQQEKLLPAQLPAEKEVGPPLPQEAVPLQKELPSLQHPNEQKEGTPAPFGDQSHPEPESWNAAQHCQQDRSQGGWGHRLDGFPPGRPSPDNLNQICLPNRQHVVYGPWNLPQSSYSHLTRQGETLNFLEIGYSRCCHCRSHTNRLECAKLVWEEAMSRFCEAEFSVKTRPHWCCTRQGEARFSCFQEEAPQPHYQLRACPSHQPDISSGLELPFPPGVPTLDNIKNICHLRRFRSVPRNLPATDPLQRELLALIQLEREFQRCCRQGNNHTCTWKAWEDTLDKYCDREYAVKTHHHLCCRHPPSPTRDECFARRAPYPNYDRDILTIDIGRVTPNLMGHLCGNQRVLTKHKHIPGLIHNMTARCCDLPFPEQACCAEEEKLTFINDLCGPRRNIWRDPALCCYLSPGDEQVNCFNINYLRNVALVSGDTENAKGQGEQGSTGGTNISSTSEPKEE',
                'Hsp_query-to': '540',
                'Hsp_hit-frame': '1',
                Hsp_midline: 'MGT + AALVL  L VAS AS+GGF A+GQR+L P+      Q+VGYAAPPSPPLSR+LP  HP +SQH    EGQS+VQP PSQ+A                           +PLQ+ELP  Q P EQKE  PAP  D S PEPESWN AQHCQ  R +GGWGHRLDGFPPGRPS DNL+QICLP+RQHVVYGPWNLPQ+ +SHL+RQGETLN LE GYSRCC CR+ TNRL+CA+LVWE++++RFCEAEFSVKT+PH CC +QGEAR SCFQEEAP+PHYQLRACPSHQP IS G ELPFPPG+PT+DNIKNICHL+RFRSVPRNLPATD +QR+L AL +LE EFQRCCRQGNNHTCTWKAWEDTLD YCD E A+KTHHH CC +PPSP RD+CFARRAPYPNYDRDILT+D+ R+TPNLM HLCGN+RVL+KHK IPGLI  +TARCCDLPFPEQACCAEEEK  FI++LCG RRN WRD ALCC LSPGDEQ+NCFN  YLRNVA+V+GDT +AKG GEQG T GTN S TSEPKEE' } },
           { Hit_def: 'gi|73981551|ref|XP_851014.1| PREDICTED: similar to extracellular matrix protein 1 isoform 1 precursor [Canis familiaris]',
             Hit_num: '3',
             Hit_accession: '295619',
             Hit_id: 'gnl|BL_ORD_ID|295619',
             Hit_len: '665',
             first_hsp: 
              { 'Hsp_bit-score': '760.755',
                Hsp_score: '1963',
                Hsp_positive: '433',
                Hsp_identity: '392',
                'Hsp_query-from': '7',
                Hsp_evalue: '0',
                Hsp_num: '1',
                'Hsp_hit-to': '538',
                'Hsp_hit-from': '4',
                Hsp_gaps: '30',
                'Hsp_query-frame': '1',
                Hsp_hseq: 'AALVLACLAVTSVASAGGSKAPGKREMGPEPLAYHIQEVGYAAPPSPPRTQALSLDHPATPQHDFHSVGQSE-------EAVRAPEEELPPRQLPVEKKVDPPLPQEAIP-QEELPRPQVPVEQEENPPFPLQEEMTFPSKQREEKPAPPMDWSSPEPESWNPAQHCQQGRPRGGWGHRLDGFPPGQPSPDNVDQICLPNRQRVVYGPWNLPQSGFSHLTRQGETLNLLETRYSRCCRCHSHTNRLDCAKLVWEDAMTRFCEAEFSVKTRPHRCCKQQGEARFSCFQEEAPRPHYQLRACPSHQPGISSGPELPFPPGVPTLDNIKNICHLRRFRSVPRNLPATDPIQRQLQTLIQLEGEFQRCCRQGNNHTCTWKAWEEALDGYCEREQAIKTHHHSCCHHPPSPARDECFARQAPYPNYDRDILTLDFSQVTPNLMQHLCGNGRLLTKHKQIPGLIRNMTAHCCDLPFPEQACCAEEEKSAFIADLCGSRRNFWRDSALCCNLNPGDEQTNCFNTYYLRNVALVAGDNGDAKGQGEKGQLG',
                'Hsp_align-len': '543',
                Hsp_qseq: 'AALVLTYLAVASAASEGGFTATGQRQLRPE----HFQEVGYAAPPSPPLSRSLPMDHPDSSQHGPPFEGQSQVQPPPSQEATPLQQEKLLPAQLPAEKEVGPPLPQEAVPLQKELP------------------SLQHPNEQKEGTPAPFGDQSHPEPESWNAAQHCQQDRSQGGWGHRLDGFPPGRPSPDNLNQICLPNRQHVVYGPWNLPQSSYSHLTRQGETLNFLEIGYSRCCHCRSHTNRLECAKLVWEEAMSRFCEAEFSVKTRPHWCCTRQGEARFSCFQEEAPQPHYQLRACPSHQPDISSGLELPFPPGVPTLDNIKNICHLRRFRSVPRNLPATDPLQRELLALIQLEREFQRCCRQGNNHTCTWKAWEDTLDKYCDREYAVKTHHHLCCRHPPSPTRDECFARRAPYPNYDRDILTIDIGRVTPNLMGHLCGNQRVLTKHKHIPGLIHNMTARCCDLPFPEQACCAEEEKLTFINDLCGPRRNIWRDPALCCYLSPGDEQVNCFNINYLRNVALVSGDTENAKGQGEQGSTG',
                'Hsp_query-to': '527',
                'Hsp_hit-frame': '1',
                Hsp_midline: 'AALVL  LAV S AS GG  A G+R++ PE    H QEVGYAAPPSPP +++L +DHP + QH     GQS+       EA    +E+L P QLP EK+V PPLPQEA+P Q+ELP                   +  P++Q+E  PAP  D S PEPESWN AQHCQQ R +GGWGHRLDGFPPG+PSPDN++QICLPNRQ VVYGPWNLPQS +SHLTRQGETLN LE  YSRCC C SHTNRL+CAKLVWE+AM+RFCEAEFSVKTRPH CC +QGEARFSCFQEEAP+PHYQLRACPSHQP ISSG ELPFPPGVPTLDNIKNICHLRRFRSVPRNLPATDP+QR+L  LIQLE EFQRCCRQGNNHTCTWKAWE+ LD YC+RE A+KTHHH CC HPPSP RDECFAR+APYPNYDRDILT+D  +VTPNLM HLCGN R+LTKHK IPGLI NMTA CCDLPFPEQACCAEEEK  FI DLCG RRN WRD ALCC L+PGDEQ NCFN  YLRNVALV+GD  +AKGQGE+G  G' } },
           { Hit_def: 'gi|148706884|gb|EDL38831.1| extracellular matrix protein 1, isoform CRA_a [Mus musculus]',
             Hit_num: '4',
             Hit_accession: '421104',
             Hit_id: 'gnl|BL_ORD_ID|421104',
             Hit_len: '583',
             first_hsp: 
              { 'Hsp_bit-score': '712.605',
                Hsp_score: '1838',
                Hsp_positive: '428',
                Hsp_identity: '375',
                'Hsp_query-from': '1',
                Hsp_evalue: '0',
                Hsp_num: '1',
                'Hsp_hit-to': '583',
                'Hsp_hit-from': '9',
                Hsp_gaps: '37',
                'Hsp_query-frame': '1',
                Hsp_hseq: 'MGTVSRAALILACLALASAASEGAFKASDQREMTPERLFQHLHEGYAAPPSPPQTRRLRVDHSVTSLHDPPLFEEQREGREGPPHPTVCLTTACSVVQPPSSPEDIPVYEEDWPTFLNPNVDKAGPAVPQEAIPLQKEQPPPQVHIEQKENPPAQPQEEIVQKEVKPHTLAGQLPPEPRTWNPARHCQQGR-RGVWGHRLDGFPPGRPSPDNLKQICLPERQHVIYGPWNLPQTGYSHLSRQGETLNVLETGYSRCCRCRSDTNRLDCLKLVWEDAMTQFCEAEFSVKTRPHLCCRLRGEERFSCFQKEAPRPDYLLRPCPVHQNGMSSGPQLPFPPGLPTPDNVKNICLLRRFRAVPRNLPATDAIQRQLQALTRLETEFQRCCRQGHNHTCTWKAWEGTLDGYCERELAIKTHPHSCCHYPPSPARDECFAHLAPYPNYDRDILTLDLSRVTPNLMGQLCGSGRVLSKHKQIPGLIQNMTVRCCELPYPEQACCGEEEKLAFIENLCGPRRNSWKDPALCCDLSPEDKQINCFNTNYLRNVALVAGDTGNATGLGEQGPTRGTDANPAPGSKEE',
                'Hsp_align-len': '576',
                Hsp_qseq: 'MGTTARAALVLTYLAVASAASEGGFTATGQRQLRPEH-FQEV--GYAAPPSPPLSRSLPMDHPDSSQHGPP-FEGQ------------------SQVQPPPSQEATPLQQEKLLPAQLPAEKEVGPPLPQEAVPLQKELPSLQHPNEQKEGTPA--------------PFGDQSHPEPESWNAAQHCQQDRSQGGWGHRLDGFPPGRPSPDNLNQICLPNRQHVVYGPWNLPQSSYSHLTRQGETLNFLEIGYSRCCHCRSHTNRLECAKLVWEEAMSRFCEAEFSVKTRPHWCCTRQGEARFSCFQEEAPQPHYQLRACPSHQPDISSGLELPFPPGVPTLDNIKNICHLRRFRSVPRNLPATDPLQRELLALIQLEREFQRCCRQGNNHTCTWKAWEDTLDKYCDREYAVKTHHHLCCRHPPSPTRDECFARRAPYPNYDRDILTIDIGRVTPNLMGHLCGNQRVLTKHKHIPGLIHNMTARCCDLPFPEQACCAEEEKLTFINDLCGPRRNIWRDPALCCYLSPGDEQVNCFNINYLRNVALVSGDTENAKGQGEQGSTGGTNISSTSEPKEE',
                'Hsp_query-to': '540',
                'Hsp_hit-frame': '1',
                Hsp_midline: 'MGT +RAAL+L  LA+ASAASEG F A+ QR++ PE  FQ +  GYAAPPSPP +R L +DH  +S H PP FE Q                  S VQPP S E  P+ +E       P   + GP +PQEA+PLQKE P  Q   EQKE  PA                  Q  PEP +WN A+HCQQ R +G WGHRLDGFPPGRPSPDNL QICLP RQHV+YGPWNLPQ+ YSHL+RQGETLN LE GYSRCC CRS TNRL+C KLVWE+AM++FCEAEFSVKTRPH CC  +GE RFSCFQ+EAP+P Y LR CP HQ  +SSG +LPFPPG+PT DN+KNIC LRRFR+VPRNLPATD +QR+L AL +LE EFQRCCRQG+NHTCTWKAWE TLD YC+RE A+KTH H CC +PPSP RDECFA  APYPNYDRDILT+D+ RVTPNLMG LCG+ RVL+KHK IPGLI NMT RCC+LP+PEQACC EEEKL FI +LCGPRRN W+DPALCC LSP D+Q+NCFN NYLRNVALV+GDT NA G GEQG T GT+ +     KEE' } },
           { Hit_def: 'gi|126313776|ref|XP_001370788.1| PREDICTED: similar to extracellular matrix protein 1 [Monodelphis domestica]',
             Hit_num: '5',
             Hit_accession: '474380',
             Hit_id: 'gnl|BL_ORD_ID|474380',
             Hit_len: '537',
             first_hsp: 
              { 'Hsp_bit-score': '541.191',
                Hsp_score: '1393',
                Hsp_positive: '356',
                Hsp_identity: '292',
                'Hsp_query-from': '30',
                Hsp_evalue: '3.18822e-152',
                Hsp_num: '1',
                'Hsp_hit-to': '537',
                'Hsp_hit-from': '27',
                Hsp_gaps: '22',
                'Hsp_query-frame': '1',
                Hsp_hseq: 'QREAIPEHFPKEVGYAAPPAP--SSPQKPDLQDLVISHRAFEGQTEAQD--FFEDFPLQQ-----AQSPQKLSLGKKEPSPSRAVPIQKEVEPPRHLPMDQREAQSSSPALESEEIPHQEQKEEHQQPRRCRPEGRPVGWGHRLDSFPPGRPSPKNMHQICHPERKHVVYGPWNLPQTGYSHLSRQGNALNFLETGYTRCCHLPK--DQLDCAEFVWADALFRFCESEFSVKTRAYSCCWLRGEARLSCFQERAPQADYERLHEPCPPPTPRPAPGLELSFPPGVPSPDNVRNICRLRRFRSVPRGLPTMDHVQRQLRALTQLEGKFRRCCHQGDNYTCARQAWEEALDSYCDEELAIKTHHHVCCQHPASPARDICFARHAPYPNYDRDILTVDLSRITPDTMAQLCGHRKVLTKHKHIPGLIRNMTARCCELAPPEQGFCAEEEKSAFIRDLCGSRRDSWRDTESCCDHSPGDEQTCCFNTHYLRNVALVAGVPQKPRGQQGTGTTELPLVTPTPEHKGE',
                'Hsp_align-len': '522',
                Hsp_qseq: 'QRQLRPEHF-QEVGYAAPPSPPLSRSLPMDHPDSSQHGPPFEGQSQVQPPPSQEATPLQQEKLLPAQLPAEKEVGP--PLPQEAVPLQKELPSLQH-PNEQKEGTPAPFGDQSHPEPESWNAAQH-----CQQDRSQGGWGHRLDGFPPGRPSPDNLNQICLPNRQHVVYGPWNLPQSSYSHLTRQGETLNFLEIGYSRCCHCRSHTNRLECAKLVWEEAMSRFCEAEFSVKTRPHWCCTRQGEARFSCFQEEAPQPHYQL--RACPSHQPDISSGLELPFPPGVPTLDNIKNICHLRRFRSVPRNLPATDPLQRELLALIQLEREFQRCCRQGNNHTCTWKAWEDTLDKYCDREYAVKTHHHLCCRHPPSPTRDECFARRAPYPNYDRDILTIDIGRVTPNLMGHLCGNQRVLTKHKHIPGLIHNMTARCCDLPFPEQACCAEEEKLTFINDLCGPRRNIWRDPALCCYLSPGDEQVNCFNINYLRNVALVSGDTENAKGQGEQGSTGGTNISSTSEPKEE',
                'Hsp_query-to': '540',
                'Hsp_hit-frame': '1',
                Hsp_midline: 'QR+  PEHF +EVGYAAPP+P  S     D  D       FEGQ++ Q     E  PLQQ     AQ P +  +G   P P  AVP+QKE+   +H P +Q+E   +    +S   P      +H     C+ +    GWGHRLD FPPGRPSP N++QIC P R+HVVYGPWNLPQ+ YSHL+RQG  LNFLE GY+RCCH     ++L+CA+ VW +A+ RFCE+EFSVKTR + CC  +GEAR SCFQE APQ  Y+     CP   P  + GLEL FPPGVP+ DN++NIC LRRFRSVPR LP  D +QR+L AL QLE +F+RCC QG+N+TC  +AWE+ LD YCD E A+KTHHH+CC+HP SP RD CFAR APYPNYDRDILT+D+ R+TP+ M  LCG+++VLTKHKHIPGLI NMTARCC+L  PEQ  CAEEEK  FI DLCG RR+ WRD   CC  SPGDEQ  CFN +YLRNVALV+G  +  +GQ   G+T    ++ T E K E' } },
           { Hit_def: 'gi|109016072|ref|XP_001101370.1| PREDICTED: similar to extracellular matrix protein 1 isoform 2 precursor isoform 1 [Macaca mulatta]',
             Hit_num: '6',
             Hit_accession: '770258',
             Hit_id: 'gnl|BL_ORD_ID|770258',
             Hit_len: '417',
             first_hsp: 
              { 'Hsp_bit-score': '478.404',
                Hsp_score: '1230',
                Hsp_positive: '251',
                Hsp_identity: '237',
                'Hsp_query-from': '1',
                Hsp_evalue: '2.2023e-133',
                Hsp_num: '1',
                'Hsp_hit-to': '282',
                'Hsp_hit-from': '1',
                Hsp_gaps: '3',
                'Hsp_query-frame': '1',
                Hsp_hseq: 'MGTTVRAALVLAYLAIASAASEGGFKATGQRQLRPEHFQEVGYAAPPSPPLSRSLLMDHPDSSQHGPPFEGQSQGKVTPPPSQEATPIQQEELLPAQLPAEKEVGPPLSQEAVPLQKELPSLQQPSEQKEGTPAPFGDQSHSEPESWNAAQHCQQGRSQGGWGHRLDGFPPGRPSPENLNQICLPDRQHVVYGPWNLPQSGYSHLTRQGETLNFLEIGYSRCCHCRSHTNRLECAKLVWEDTLDKYCDREYAVKTHHHSCCRHPPSPIRDECFARRAPYPNY',
                'Hsp_align-len': '282',
                Hsp_qseq: 'MGTTARAALVLTYLAVASAASEGGFTATGQRQLRPEHFQEVGYAAPPSPPLSRSLPMDHPDSSQHGPPFEGQSQ--VQPPPSQEATPLQQEKLLPAQLPAEKEVGPPLPQEAVPLQKELPSLQHPNEQKEGTPAPFGDQSHPEPESWNAAQHCQQDRSQGGWGHRLDGFPPGRPSPDNLNQICLPNRQHVVYGPWNLPQSSYSHLTRQGETLNFLEIGYSRCCHCRSHTNRLECAKLVWEEAMSRFCEAEFSVKTRPHWCCTR-QGEARFSCFQEEAPQPHY',
                'Hsp_query-to': '279',
                'Hsp_hit-frame': '1',
                Hsp_midline: 'MGTT RAALVL YLA+ASAASEGGF ATGQRQLRPEHFQEVGYAAPPSPPLSRSL MDHPDSSQHGPPFEGQSQ  V PPPSQEATP+QQE+LLPAQLPAEKEVGPPL QEAVPLQKELPSLQ P+EQKEGTPAPFGDQSH EPESWNAAQHCQQ RSQGGWGHRLDGFPPGRPSP+NLNQICLP+RQHVVYGPWNLPQS YSHLTRQGETLNFLEIGYSRCCHCRSHTNRLECAKLVWE+ + ++C+ E++VKT  H CC       R  CF   AP P+Y' } },
           { Hit_def: 'gi|4103926|gb|AAD13397.1| extracellular matrix protein [Mus musculus]',
             Hit_num: '7',
             Hit_accession: '692976',
             Hit_id: 'gnl|BL_ORD_ID|692976',
             Hit_len: '434',
             first_hsp: 
              { 'Hsp_bit-score': '311.997',
                Hsp_score: '798',
                Hsp_positive: '178',
                Hsp_identity: '157',
                'Hsp_query-from': '299',
                Hsp_evalue: '3.14587e-83',
                Hsp_num: '1',
                'Hsp_hit-to': '434',
                'Hsp_hit-from': '186',
                Hsp_gaps: '7',
                'Hsp_query-frame': '1',
                Hsp_hseq: 'FPPGRPSPDNLKQICLPERQHVIYGPWNLPQTGYSHLSRQGETLNVLETGYSRCCRCRSDTNRLDCLKLVWEGTLDGYCERELAIKTHPHSCCHYPPSPARDECFAHLAPYPNYDRDILTLDLSRVTPNLMGQLCGSGRVLSKHKQIPGLIQNMTVRCCELPYPEQACCGEEEKLAFIENLCGPRRNSWKDPALCCDLSPEDKQINCFNTNYLRNVALVAGDTGNATGLGEQGPTRGTDANPAPGSKEE',
                'Hsp_align-len': '249',
                Hsp_qseq: 'FPPGVPTLDNIKNICHLRRFRSV--PRNLPAT--DPLQRELLALIQLEREFQRCCR---QGNNHTCTWKAWEDTLDKYCDREYAVKTHHHLCCRHPPSPTRDECFARRAPYPNYDRDILTIDIGRVTPNLMGHLCGNQRVLTKHKHIPGLIHNMTARCCDLPFPEQACCAEEEKLTFINDLCGPRRNIWRDPALCCYLSPGDEQVNCFNINYLRNVALVSGDTENAKGQGEQGSTGGTNISSTSEPKEE',
                'Hsp_query-to': '540',
                'Hsp_hit-frame': '1',
                Hsp_midline: 'FPPG P+ DN+K IC   R   +  P NLP T    L R+   L  LE  + RCCR     N   C    WE TLD YC+RE A+KTH H CC +PPSP RDECFA  APYPNYDRDILT+D+ RVTPNLMG LCG+ RVL+KHK IPGLI NMT RCC+LP+PEQACC EEEKL FI +LCGPRRN W+DPALCC LSP D+Q+NCFN NYLRNVALV+GDT NA G GEQG T GT+ +     KEE' } },
           { Hit_def: 'gi|125838992|ref|XP_692703.2| PREDICTED: hypothetical protein [Danio rerio]',
             Hit_num: '8',
             Hit_accession: '647972',
             Hit_id: 'gnl|BL_ORD_ID|647972',
             Hit_len: '465',
             first_hsp: 
              { 'Hsp_bit-score': '161.384',
                Hsp_score: '407',
                Hsp_positive: '164',
                Hsp_identity: '109',
                'Hsp_query-from': '167',
                Hsp_evalue: '6.92477e-38',
                Hsp_num: '1',
                'Hsp_hit-to': '460',
                'Hsp_hit-from': '80',
                Hsp_gaps: '41',
                'Hsp_query-frame': '1',
                Hsp_hseq: 'FPPAFPNTGNLQDICRFSKAPVRYPKDMFPSSGFGNVARQGEAVNQLQSWYGVCCGINGTQEEQICCAEQAWKKSLSAYCSQEFTIKTSHFFCCKKNGRARWSCFDKEASDSSYQVSSEISNGNASQKFKGFKYNSSACKGSLASPKALKKQTAAPDLTFPPGRPESSNIANICAHRKIR--PRYITSCLPHTGYGWLVRQSKAINVLEREYNRCCKEKKGVQRCAEQKWKKMVDKFCKDEKKSKRQQFECCEKKKREEQYACFTSAAPDPGYSSTDGQLSSSAAPPTLHT-FCDVHTAIQSMKGFSFSLDNMAERCCLLAAQERPACIEAELGSHLNDMCKTKEPVKHH----CCASEIKNHVKCATKLLLRHIGKANKVKESGRKK',
                'Hsp_align-len': '388',
                Hsp_qseq: 'FPPGRPSPDNLNQICLPNRQHVVYGPWNLPQSSYSHLTRQGETLNFLEIGYSRCCHCR-SHTNRLECAKLVWEEAMSRFCEAEFSVKTRPHWCCTRQGEARFSCFQEEAPQPHYQLR--------------------------ACPSHQPDISSGLELPFPPGVPTLDNIKNICHLRRFRSVPRNLPATDP------LQRELLALIQLEREFQRCCRQGNN-HTCTWKAWEDTLDKYCDREYAVKTHHHLCCRHPPSPTRDECFARRAPYPNYDRDILTIDIGRVTPNLMGHLCGNQRVLTKHKHIPGLIHNMTARCCDLPFPEQACCAEEEKLTFINDLCGPRRNIWRDPALCCYLSPGDEQVNCFNINYLRNVALVSGDTENAKGQ',
                'Hsp_query-to': '520',
                'Hsp_hit-frame': '1',
                Hsp_midline: 'FPP  P+  NL  IC  ++  V Y     P S + ++ RQGE +N L+  Y  CC    +   ++ CA+  W++++S +C  EF++KT   +CC + G AR+SCF +EA    YQ+                           A P      ++  +L FPPG P   NI NIC  R+ R  PR + +  P      L R+  A+  LERE+ RCC++      C  + W+  +DK+C  E   K     CC       +  CF   AP P Y      +      P L    C     +   K     + NM  RCC L   E+  C E E  + +ND+C  +  +       C  S     V C     LR++   +   E+ + +' } },
           { Hit_def: 'gi|47225408|emb|CAG11891.1| unnamed protein product [Tetraodon nigroviridis]',
             Hit_num: '9',
             Hit_accession: '507281',
             Hit_id: 'gnl|BL_ORD_ID|507281',
             Hit_len: '498',
             first_hsp: 
              { 'Hsp_bit-score': '111.694',
                Hsp_score: '278',
                Hsp_positive: '152',
                Hsp_identity: '92',
                'Hsp_query-from': '167',
                Hsp_evalue: '6.03521e-23',
                Hsp_num: '1',
                'Hsp_hit-to': '469',
                'Hsp_hit-from': '102',
                Hsp_gaps: '57',
                'Hsp_query-frame': '1',
                Hsp_hseq: 'FPLARPSSDNLQAICSHSAHRPRYPKTYFPSSGYGQQKRRADAVNNAEFWFSGCCEKNATWGSETTLCCATQAWKRHIESFCKEDTSVKDLIYQCCRLDGRKQLDCFHNDAPNPSYDPTEELPVSPIATTTEFSFEPSTCQRPVETQHSFQERSNKHQEKKRKQPPSSQKASINFPPGRPTADNVESLCQNQKLRPLYSVKCLAGPHYKLLTRQTKSMNRIEKGFKQCCKKKQGVLECVEQKWREELDTFCEKQSGKKRGVQCCLQDLAAVDRFKCFQDAAPDPHY--NVTSANEG---PTL-KKVCEVHKLIKKKFPAALPLKAFVSHCCPLAEETRTACFEQKIRETSTNMCSSKKN--SSPALRRCCSAATED',
                'Hsp_align-len': '376',
                Hsp_qseq: 'FPPGRPSPDNLNQICLPNRQHVVYGPWNLPQSSYSHLTRQGETLNFLEIGYSRCCHCRS---HTNRLECAKLVWEEAMSRFCEAEFSVKTRPHWCCTRQGEARFSCFQEEAPQPHY----QLRACP-----------------------------------SHQPDISSGLELPFPPGVPTLDNIKNICHLRRFRSVPRNLPATDP----LQRELLALIQLEREFQRCCRQGNNHT-CTWKAWEDTLDKYCDREYAVKTHHHLCCRHPPSPTRDECFARRAPYPNYDRDILTIDIGRVTPNLMGHLCGNQRVLTKHKHIPGLIHNMTARCCDLPFPEQACCAEEEKLTFINDLCGPRRNIWRDPAL--CCYLSPGD',
                'Hsp_query-to': '493',
                'Hsp_hit-frame': '1',
                Hsp_midline: 'FP  RPS DNL  IC  +     Y     P S Y    R+ + +N  E  +S CC   +       L CA   W+  +  FC+ + SVK   + CC   G  +  CF  +AP P Y    +L   P                                     QP  S    + FPPG PT DN++++C  ++ R +        P    L R+  ++ ++E+ F++CC++      C  + W + LD +C+++   K     C +   +  R +CF   AP P+Y  ++ + + G   P L   +C   +++ K       +    + CC L    +  C E++      ++C  ++N    PAL  CC  +  D' } },
           { Hit_def: 'gi|47219487|emb|CAG10851.1| unnamed protein product [Tetraodon nigroviridis]',
             Hit_num: '10',
             Hit_accession: '2003097',
             Hit_id: 'gnl|BL_ORD_ID|2003097',
             Hit_len: '163',
             first_hsp: 
              { 'Hsp_bit-score': '80.4925',
                Hsp_score: '197',
                Hsp_positive: '63',
                Hsp_identity: '41',
                'Hsp_query-from': '167',
                Hsp_evalue: '1.42909e-13',
                Hsp_num: '1',
                'Hsp_hit-to': '139',
                'Hsp_hit-from': '24',
                Hsp_gaps: '3',
                'Hsp_query-frame': '1',
                Hsp_hseq: 'FPPELPTSENLHDICHSGHARPRYPPSFFPKSGVSHYRRRGKAINRLESWFTYCCDGQVAQGDDQILCCSKQAWKQALSTFCTEEYSTKTVAYSCCQQSGDSRWLCFEGKLPTAKY',
                'Hsp_align-len': '116',
                Hsp_qseq: 'FPPGRPSPDNLNQICLPNRQHVVYGPWNLPQSSYSHLTRQGETLNFLEIGYSRCCH---CRSHTNRLECAKLVWEEAMSRFCEAEFSVKTRPHWCCTRQGEARFSCFQEEAPQPHY',
                'Hsp_query-to': '279',
                'Hsp_hit-frame': '1',
                Hsp_midline: 'FPP  P+ +NL+ IC        Y P   P+S  SH  R+G+ +N LE  ++ CC     +     L C+K  W++A+S FC  E+S KT  + CC + G++R+ CF+ + P   Y' } },
           { Hit_def: 'gi|11095809|gb|AAG30033.1|AF281358_1 putative serum albumin-related protein [Oncorhynchus mykiss]',
             Hit_num: '11',
             Hit_accession: '2040747',
             Hit_id: 'gnl|BL_ORD_ID|2040747',
             Hit_len: '150',
             first_hsp: 
              { 'Hsp_bit-score': '65.4698',
                Hsp_score: '158',
                Hsp_positive: '71',
                Hsp_identity: '40',
                'Hsp_query-from': '331',
                Hsp_evalue: '4.41323e-09',
                Hsp_num: '1',
                'Hsp_hit-to': '149',
                'Hsp_hit-from': '6',
                Hsp_gaps: '5',
                'Hsp_query-frame': '1',
                Hsp_hseq: 'LARQSKAMNRLERGFNHCCKGLENVLPCAEGKWREVLDRFCEEEQKERPHNSSCCDVGEGEDRYTCFSSLAPHPDYEQKLDSASASDAPQTHNL-GHICETYKII-KNFPVALPVQNLVDQCCSLPADQRTACVQIQLVMLSQTRC',
                'Hsp_align-len': '146',
                Hsp_qseq: 'LQRELLALIQLEREFQRCCRQGNNHT-CTWKAWEDTLDKYCDREYAVKTHHHLCCRHPPSPTRDECFARRAPYPNYDRDILTIDIGRV--TPNLMGHLCGNQRVLTKHKHIPGLIHNMTARCCDLPFPEQACCAEEEKLTFINDLC',
                'Hsp_query-to': '473',
                'Hsp_hit-frame': '1',
                Hsp_midline: 'L R+  A+ +LER F  CC+   N   C    W + LD++C+ E   + H+  CC       R  CF+  AP+P+Y++ + +        T NL GH+C   +++ K+  +   + N+  +CC LP  ++  C + + +      C' } },
           { Hit_def: 'gi|125844763|ref|XP_001337541.1| PREDICTED: hypothetical protein [Danio rerio]',
             Hit_num: '12',
             Hit_accession: '1907846',
             Hit_id: 'gnl|BL_ORD_ID|1907846',
             Hit_len: '190',
             first_hsp: 
              { 'Hsp_bit-score': '58.151',
                Hsp_score: '139',
                Hsp_positive: '30',
                Hsp_identity: '24',
                'Hsp_query-from': '237',
                Hsp_evalue: '8.68007e-07',
                Hsp_num: '1',
                'Hsp_hit-to': '167',
                'Hsp_hit-from': '124',
                'Hsp_query-frame': '1',
                Hsp_hseq: 'WETALSYFCLEEFSTKTLVHDCCEKKGGERWGCFEREAPNPYYQ',
                'Hsp_align-len': '44',
                Hsp_qseq: 'WEEAMSRFCEAEFSVKTRPHWCCTRQGEARFSCFQEEAPQPHYQ',
                'Hsp_query-to': '280',
                'Hsp_hit-frame': '1',
                Hsp_midline: 'WE A+S FC  EFS KT  H CC ++G  R+ CF+ EAP P+YQ' } },
           { Hit_def: 'gi|75911266|gb|ABA29445.1| ECM1 short variant [Homo sapiens]',
             Hit_num: '13',
             Hit_accession: '2623706',
             Hit_id: 'gnl|BL_ORD_ID|2623706',
             Hit_len: '54',
             first_hsp: 
              { 'Hsp_bit-score': '49.6766',
                Hsp_score: '117',
                Hsp_positive: '24',
                Hsp_identity: '24',
                'Hsp_query-from': '1',
                Hsp_evalue: '0.000296109',
                Hsp_num: '1',
                'Hsp_hit-to': '24',
                'Hsp_hit-from': '1',
                'Hsp_query-frame': '1',
                Hsp_hseq: 'MGTTARAALVLTYLAVASAASEGG',
                'Hsp_align-len': '24',
                Hsp_qseq: 'MGTTARAALVLTYLAVASAASEGG',
                'Hsp_query-to': '24',
                'Hsp_hit-frame': '1',
                Hsp_midline: 'MGTTARAALVLTYLAVASAASEGG' } },
           { Hit_def: 'gi|66864713|gb|AAY57437.1| ECM1 short variant [Homo sapiens]',
             Hit_num: '14',
             Hit_accession: '2510538',
             Hit_id: 'gnl|BL_ORD_ID|2510538',
             Hit_len: '56',
             first_hsp: 
              { 'Hsp_bit-score': '48.9062',
                Hsp_score: '115',
                Hsp_positive: '29',
                Hsp_identity: '26',
                'Hsp_query-from': '1',
                Hsp_evalue: '0.000420382',
                Hsp_num: '1',
                'Hsp_hit-to': '38',
                'Hsp_hit-from': '1',
                'Hsp_query-frame': '1',
                Hsp_hseq: 'MGTTARAALVLTYLAVASAASEGASPSLAEVQGRPSQW',
                'Hsp_align-len': '38',
                Hsp_qseq: 'MGTTARAALVLTYLAVASAASEGGFTATGQRQLRPEHF',
                'Hsp_query-to': '38',
                'Hsp_hit-frame': '1',
                Hsp_midline: 'MGTTARAALVLTYLAVASAASEG   +  + Q RP  +' } },
           { Hit_def: 'gi|160358754|sp|A2ASS6|TITIN_MOUSE Titin (Connectin) >gi|123232571|emb|CAM24262.1| titin [Mus musculus] >gi|123232627|emb|CAM27059.1| titin [Mus musculus] >gi|123232651|emb|CAM23449.1| titin [Mus musculus]',
             Hit_num: '15',
             Hit_accession: '6621',
             Hit_id: 'gnl|BL_ORD_ID|6621',
             Hit_len: '35213',
             first_hsp: 
              { 'Hsp_bit-score': '44.669',
                Hsp_score: '104',
                Hsp_positive: '48',
                Hsp_identity: '28',
                'Hsp_query-from': '45',
                Hsp_evalue: '0.00913627',
                Hsp_num: '1',
                'Hsp_hit-to': '12064',
                'Hsp_hit-from': '11970',
                Hsp_gaps: '8',
                'Hsp_query-frame': '1',
                Hsp_hseq: 'APPKRPEARTVPETVPEKTRPMAPPKKPEATTLPVPEVQETVPEKTRPVGPPKKPEATTV--PVPE----VQETIPEKTRPPKKPEATPVPVPEVQETVPE',
                'Hsp_align-len': '101',
                Hsp_qseq: 'APPSPPLSRSLPMDHPDSSQ-HGPPFEGQSQVQPPPS-QEATPLQQEKLLPAQLPAEKEVGPPLPQEAVPLQKELPSLQHPNEQKEGTPAPFGDQSHPEPE',
                'Hsp_query-to': '143',
                'Hsp_hit-frame': '1',
                Hsp_midline: 'APP  P +R++P   P+ ++   PP + ++   P P  QE  P +   + P + P    V  P+P+    +Q+ +P    P ++ E TP P  +     PE' } },
           { Hit_def: 'gi|66570962|emb|CAH10285.1| merzoite surface protein 1 [Plasmodium reichenowi]',
             Hit_num: '16',
             Hit_accession: '14618',
             Hit_id: 'gnl|BL_ORD_ID|14618',
             Hit_len: '1739',
             first_hsp: 
              { 'Hsp_bit-score': '41.9726',
                Hsp_score: '97',
                Hsp_positive: '39',
                Hsp_identity: '29',
                'Hsp_query-from': '46',
                Hsp_evalue: '0.054479',
                Hsp_num: '1',
                'Hsp_hit-to': '835',
                'Hsp_hit-from': '737',
                Hsp_gaps: '15',
                'Hsp_query-frame': '1',
                Hsp_hseq: 'PPQPSSATTTPPSQPSSATTTPPSQPSSATTTQPPQPSSATT------TPPSQPSSATTQPPQPSSATTTPPPQESSATTTPPSQPSSATTTLPPQPTVPQAQPE',
                'Hsp_align-len': '105',
                Hsp_qseq: 'PPSPPLSRSLPMDHPDSSQHGPPFEGQS--QVQPPPSQEATPLQQEKLLPAQLPAEKEVGPPLPQEAV---PLQKELPSLQHPNEQKEGT----PAPFGDQSHPE',
                'Hsp_query-to': '141',
                'Hsp_hit-frame': '1',
                Hsp_midline: 'PP P  + + P   P S+   PP +  S    QPP    AT        P   P+     PP P  A    P Q+   +   P++    T    P P   Q+ PE' } },
           { Hit_def: 'gi|116196226|ref|XP_001223925.1| hypothetical protein CHGG_04711 [Chaetomium globosum CBS 148.51] >gi|88180624|gb|EAQ88092.1| hypothetical protein CHGG_04711 [Chaetomium globosum CBS 148.51]',
             Hit_num: '17',
             Hit_accession: '124817',
             Hit_id: 'gnl|BL_ORD_ID|124817',
             Hit_len: '900',
             first_hsp: 
              { 'Hsp_bit-score': '35.039',
                Hsp_score: '79',
                Hsp_positive: '48',
                Hsp_identity: '33',
                'Hsp_query-from': '36',
                Hsp_evalue: '7.17895',
                Hsp_num: '1',
                'Hsp_hit-to': '772',
                'Hsp_hit-from': '664',
                Hsp_gaps: '8',
                'Hsp_query-frame': '1',
                Hsp_hseq: 'EKYGTVSISDVPSPNGSGPSTRS-PRSHPDTIAQSPTTNGQEQYT-PPNQYSNPESQAMAL--DVPASMPTGMMNNMAGVGMPTNLPNMQNRDPRQTAQPLVATSMSMGDPLS',
                'Hsp_align-len': '113',
                Hsp_qseq: 'EHFQEVGYAAPPSP----PLSRSLPMDHPDSSQHGPPFEGQSQVQPPPSQEATPLQQEKLLPAQLPAEKEVGPPLPQEAVPLQKELPSLQHPNEQKEGTPAPFGDQSHPEPES',
                'Hsp_query-to': '144',
                'Hsp_hit-frame': '1',
                Hsp_midline: 'E +  V  +  PSP    P +RS P  HPD+    P   GQ Q   PP+Q + P  Q   L   +PA    G       V +   LP++Q+ + ++   P      S  +P S' } } ],
        BlastOutput_version: 'blastp 2.2.26 [Sep-21-2011]',
        BlastOutput_program: 'blastp',
        BlastOutput_reference: '~Reference: Altschul, Stephen F., Thomas L. Madden, Alejandro A. Schaffer, ~Jinghui Zhang, Zheng Zhang, Webb Miller, and David J. Lipman (1997), ~"Gapped BLAST and PSI-BLAST: a new generation of protein database search~programs",  Nucleic Acids Res. 25:3389-3402.',
        'BlastOutput_query-def': 'sp|Q16610|ECM1_HUMAN Extracellular matrix protein 1 OS=Homo sapiens OX=9606 GN=ECM1 PE=1 SV=2',
        'BlastOutput_query-ID': 'lcl|QUERY',
        BlastOutput_db: 'nr70',
        BlastOutput_param: 
         { Parameters: 
            { Parameters_filter: 'F',
              Parameters_matrix: 'BLOSUM62',
              'Parameters_gap-extend': '1',
              Parameters_expect: '10',
              'Parameters_gap-open': '11' } },
        'BlastOutput_query-len': '540' } } }
Promised completed
GOGOOG
****
{ out: 
   [ { out: 
        { BlastOutput: 
           { Hits: 
              [ { Hit_def: 'gi|114559289|ref|XP_001169015.1| PREDICTED: extracellular matrix protein 1 isoform 1 [Pan troglodytes]',
                  Hit_num: '1',
                  Hit_accession: '410205',
                  Hit_id: 'gnl|BL_ORD_ID|410205',
                  Hit_len: '569',
                  first_hsp: 
                   { 'Hsp_bit-score': '1090.49',
                     Hsp_score: '2819',
                     Hsp_positive: '537',
                     Hsp_identity: '535',
                     'Hsp_query-from': '1',
                     Hsp_evalue: '0',
                     Hsp_num: '1',
                     'Hsp_hit-to': '569',
                     'Hsp_hit-from': '1',
                     Hsp_gaps: '29',
                     'Hsp_query-frame': '1',
                     Hsp_hseq: 'MGTTARAALVLTYLAVASAASEGGFTATGQRQLRPEHFQEVGYAAPPSPPLSRSLPMDHPDSSQHGPPFEGQSQGGKEGRGPRPHSQPWLGERVGCSHIPPSIVQPPPSQEATPLQQEKLLPAQLPAEKEVGPPLPQEAVPLQKELPSLQHPNEQKEGTPAPFGDQSHPEPESWNAAQHCQQDRSQGGWGHRLDGFPPGRPSPDNLNQICLPNRQHVVYGPWNLPQSSYSHLTRQGETLNFLEIGYSRCCHCRSHTNRLECAKLVWEEAMSRFCEAEFSVKTRPHWCCTRQGEARFSCFQEEAPQPHYQLRACPSHQPDISSGLELPFPPGVPTLDNIKNICHLRRFRSVPRNLPATDPLQRELLALIQLEREFQRCCRQGNNHTCTWKAWEDTLDKYCDREYAVKTHHHLCCRHPPSPTRDECFARRAPYPNYDRDILTIDISRVTPNLMGHLCGNQRILTKHKHIPGLIHNMTAHCCDLPFPEQACCAEEEKLTFINDLCGPRRNFWRDPALCCYLSPGDEQVNCFNMNYLRNVALVSGDTENAKGQGEQGSTGGTNISSTSEPKEE',
                     'Hsp_align-len': '569',
                     Hsp_qseq: 'MGTTARAALVLTYLAVASAASEGGFTATGQRQLRPEHFQEVGYAAPPSPPLSRSLPMDHPDSSQHGPPFEGQSQ-----------------------------VQPPPSQEATPLQQEKLLPAQLPAEKEVGPPLPQEAVPLQKELPSLQHPNEQKEGTPAPFGDQSHPEPESWNAAQHCQQDRSQGGWGHRLDGFPPGRPSPDNLNQICLPNRQHVVYGPWNLPQSSYSHLTRQGETLNFLEIGYSRCCHCRSHTNRLECAKLVWEEAMSRFCEAEFSVKTRPHWCCTRQGEARFSCFQEEAPQPHYQLRACPSHQPDISSGLELPFPPGVPTLDNIKNICHLRRFRSVPRNLPATDPLQRELLALIQLEREFQRCCRQGNNHTCTWKAWEDTLDKYCDREYAVKTHHHLCCRHPPSPTRDECFARRAPYPNYDRDILTIDIGRVTPNLMGHLCGNQRVLTKHKHIPGLIHNMTARCCDLPFPEQACCAEEEKLTFINDLCGPRRNIWRDPALCCYLSPGDEQVNCFNINYLRNVALVSGDTENAKGQGEQGSTGGTNISSTSEPKEE',
                     'Hsp_query-to': '540',
                     'Hsp_hit-frame': '1',
                     Hsp_midline: 'MGTTARAALVLTYLAVASAASEGGFTATGQRQLRPEHFQEVGYAAPPSPPLSRSLPMDHPDSSQHGPPFEGQSQ                             VQPPPSQEATPLQQEKLLPAQLPAEKEVGPPLPQEAVPLQKELPSLQHPNEQKEGTPAPFGDQSHPEPESWNAAQHCQQDRSQGGWGHRLDGFPPGRPSPDNLNQICLPNRQHVVYGPWNLPQSSYSHLTRQGETLNFLEIGYSRCCHCRSHTNRLECAKLVWEEAMSRFCEAEFSVKTRPHWCCTRQGEARFSCFQEEAPQPHYQLRACPSHQPDISSGLELPFPPGVPTLDNIKNICHLRRFRSVPRNLPATDPLQRELLALIQLEREFQRCCRQGNNHTCTWKAWEDTLDKYCDREYAVKTHHHLCCRHPPSPTRDECFARRAPYPNYDRDILTIDI RVTPNLMGHLCGNQR+LTKHKHIPGLIHNMTA CCDLPFPEQACCAEEEKLTFINDLCGPRRN WRDPALCCYLSPGDEQVNCFN+NYLRNVALVSGDTENAKGQGEQGSTGGTNISSTSEPKEE' } },
                { Hit_def: 'gi|153791660|ref|NP_001093176.1| extracellular matrix protein 1 [Bos taurus] >gi|148745265|gb|AAI42236.1| LOC524222 protein [Bos taurus]',
                  Hit_num: '2',
                  Hit_accession: '533893',
                  Hit_id: 'gnl|BL_ORD_ID|533893',
                  Hit_len: '517',
                  first_hsp: 
                   { 'Hsp_bit-score': '799.275',
                     Hsp_score: '2063',
                     Hsp_positive: '440',
                     Hsp_identity: '391',
                     'Hsp_query-from': '1',
                     Hsp_evalue: '0',
                     Hsp_num: '1',
                     'Hsp_hit-to': '517',
                     'Hsp_hit-from': '1',
                     Hsp_gaps: '31',
                     'Hsp_query-frame': '1',
                     Hsp_hseq: 'MGTMSGAALVLACLTVASVASDGGFKASGQRELGPQPLTHPLQQVGYAAPPSPPLSRALPQGHPRTSQHSLHSEGQSEVQPSPSQDA---------------------------IPLQEELPPPQVPIEQKEEKPAPSMDHSPPEPESWNPAQHCQHGRPRGGWGHRLDGFPPGRPSLDNLDQICLPSRQHVVYGPWNLPQTGFSHLSRQGETLNLLETGYSRCCRCRNRTNRLDCAELVWEDSVTRFCEAEFSVKTQPHGCCKKQGEARLSCFQEEAPRPHYQLRACPSHQPGISLGPELPFPPGLPTVDNIKNICHLKRFRSVPRNLPATDSIQRQLQALTRLEAEFQRCCRQGNNHTCTWKAWEDTLDGYCDWEQAIKTHHHSCCNYPPSPLRDKCFARRAPYPNYDRDILTLDLSRITPNLMNHLCGNRRVLSKHKQIPGLIQKVTARCCDLPFPEQACCAEEEKSAFIDELCGSRRNFWRDSALCCKLSPGDEQINCFNTKYLRNVAVVTGDTRDAKGPGEQGPTQGTNSSPTSEPKEE',
                     'Hsp_align-len': '544',
                     Hsp_qseq: 'MGTTARAALVLTYLAVASAASEGGFTATGQRQLRPEHF----QEVGYAAPPSPPLSRSLPMDHPDSSQHGPPFEGQSQVQPPPSQEATPLQQEKLLPAQLPAEKEVGPPLPQEAVPLQKELPSLQHPNEQKEGTPAPFGDQSHPEPESWNAAQHCQQDRSQGGWGHRLDGFPPGRPSPDNLNQICLPNRQHVVYGPWNLPQSSYSHLTRQGETLNFLEIGYSRCCHCRSHTNRLECAKLVWEEAMSRFCEAEFSVKTRPHWCCTRQGEARFSCFQEEAPQPHYQLRACPSHQPDISSGLELPFPPGVPTLDNIKNICHLRRFRSVPRNLPATDPLQRELLALIQLEREFQRCCRQGNNHTCTWKAWEDTLDKYCDREYAVKTHHHLCCRHPPSPTRDECFARRAPYPNYDRDILTIDIGRVTPNLMGHLCGNQRVLTKHKHIPGLIHNMTARCCDLPFPEQACCAEEEKLTFINDLCGPRRNIWRDPALCCYLSPGDEQVNCFNINYLRNVALVSGDTENAKGQGEQGSTGGTNISSTSEPKEE',
                     'Hsp_query-to': '540',
                     'Hsp_hit-frame': '1',
                     Hsp_midline: 'MGT + AALVL  L VAS AS+GGF A+GQR+L P+      Q+VGYAAPPSPPLSR+LP  HP +SQH    EGQS+VQP PSQ+A                           +PLQ+ELP  Q P EQKE  PAP  D S PEPESWN AQHCQ  R +GGWGHRLDGFPPGRPS DNL+QICLP+RQHVVYGPWNLPQ+ +SHL+RQGETLN LE GYSRCC CR+ TNRL+CA+LVWE++++RFCEAEFSVKT+PH CC +QGEAR SCFQEEAP+PHYQLRACPSHQP IS G ELPFPPG+PT+DNIKNICHL+RFRSVPRNLPATD +QR+L AL +LE EFQRCCRQGNNHTCTWKAWEDTLD YCD E A+KTHHH CC +PPSP RD+CFARRAPYPNYDRDILT+D+ R+TPNLM HLCGN+RVL+KHK IPGLI  +TARCCDLPFPEQACCAEEEK  FI++LCG RRN WRD ALCC LSPGDEQ+NCFN  YLRNVA+V+GDT +AKG GEQG T GTN S TSEPKEE' } },
                { Hit_def: 'gi|73981551|ref|XP_851014.1| PREDICTED: similar to extracellular matrix protein 1 isoform 1 precursor [Canis familiaris]',
                  Hit_num: '3',
                  Hit_accession: '295619',
                  Hit_id: 'gnl|BL_ORD_ID|295619',
                  Hit_len: '665',
                  first_hsp: 
                   { 'Hsp_bit-score': '760.755',
                     Hsp_score: '1963',
                     Hsp_positive: '433',
                     Hsp_identity: '392',
                     'Hsp_query-from': '7',
                     Hsp_evalue: '0',
                     Hsp_num: '1',
                     'Hsp_hit-to': '538',
                     'Hsp_hit-from': '4',
                     Hsp_gaps: '30',
                     'Hsp_query-frame': '1',
                     Hsp_hseq: 'AALVLACLAVTSVASAGGSKAPGKREMGPEPLAYHIQEVGYAAPPSPPRTQALSLDHPATPQHDFHSVGQSE-------EAVRAPEEELPPRQLPVEKKVDPPLPQEAIP-QEELPRPQVPVEQEENPPFPLQEEMTFPSKQREEKPAPPMDWSSPEPESWNPAQHCQQGRPRGGWGHRLDGFPPGQPSPDNVDQICLPNRQRVVYGPWNLPQSGFSHLTRQGETLNLLETRYSRCCRCHSHTNRLDCAKLVWEDAMTRFCEAEFSVKTRPHRCCKQQGEARFSCFQEEAPRPHYQLRACPSHQPGISSGPELPFPPGVPTLDNIKNICHLRRFRSVPRNLPATDPIQRQLQTLIQLEGEFQRCCRQGNNHTCTWKAWEEALDGYCEREQAIKTHHHSCCHHPPSPARDECFARQAPYPNYDRDILTLDFSQVTPNLMQHLCGNGRLLTKHKQIPGLIRNMTAHCCDLPFPEQACCAEEEKSAFIADLCGSRRNFWRDSALCCNLNPGDEQTNCFNTYYLRNVALVAGDNGDAKGQGEKGQLG',
                     'Hsp_align-len': '543',
                     Hsp_qseq: 'AALVLTYLAVASAASEGGFTATGQRQLRPE----HFQEVGYAAPPSPPLSRSLPMDHPDSSQHGPPFEGQSQVQPPPSQEATPLQQEKLLPAQLPAEKEVGPPLPQEAVPLQKELP------------------SLQHPNEQKEGTPAPFGDQSHPEPESWNAAQHCQQDRSQGGWGHRLDGFPPGRPSPDNLNQICLPNRQHVVYGPWNLPQSSYSHLTRQGETLNFLEIGYSRCCHCRSHTNRLECAKLVWEEAMSRFCEAEFSVKTRPHWCCTRQGEARFSCFQEEAPQPHYQLRACPSHQPDISSGLELPFPPGVPTLDNIKNICHLRRFRSVPRNLPATDPLQRELLALIQLEREFQRCCRQGNNHTCTWKAWEDTLDKYCDREYAVKTHHHLCCRHPPSPTRDECFARRAPYPNYDRDILTIDIGRVTPNLMGHLCGNQRVLTKHKHIPGLIHNMTARCCDLPFPEQACCAEEEKLTFINDLCGPRRNIWRDPALCCYLSPGDEQVNCFNINYLRNVALVSGDTENAKGQGEQGSTG',
                     'Hsp_query-to': '527',
                     'Hsp_hit-frame': '1',
                     Hsp_midline: 'AALVL  LAV S AS GG  A G+R++ PE    H QEVGYAAPPSPP +++L +DHP + QH     GQS+       EA    +E+L P QLP EK+V PPLPQEA+P Q+ELP                   +  P++Q+E  PAP  D S PEPESWN AQHCQQ R +GGWGHRLDGFPPG+PSPDN++QICLPNRQ VVYGPWNLPQS +SHLTRQGETLN LE  YSRCC C SHTNRL+CAKLVWE+AM+RFCEAEFSVKTRPH CC +QGEARFSCFQEEAP+PHYQLRACPSHQP ISSG ELPFPPGVPTLDNIKNICHLRRFRSVPRNLPATDP+QR+L  LIQLE EFQRCCRQGNNHTCTWKAWE+ LD YC+RE A+KTHHH CC HPPSP RDECFAR+APYPNYDRDILT+D  +VTPNLM HLCGN R+LTKHK IPGLI NMTA CCDLPFPEQACCAEEEK  FI DLCG RRN WRD ALCC L+PGDEQ NCFN  YLRNVALV+GD  +AKGQGE+G  G' } },
                { Hit_def: 'gi|148706884|gb|EDL38831.1| extracellular matrix protein 1, isoform CRA_a [Mus musculus]',
                  Hit_num: '4',
                  Hit_accession: '421104',
                  Hit_id: 'gnl|BL_ORD_ID|421104',
                  Hit_len: '583',
                  first_hsp: 
                   { 'Hsp_bit-score': '712.605',
                     Hsp_score: '1838',
                     Hsp_positive: '428',
                     Hsp_identity: '375',
                     'Hsp_query-from': '1',
                     Hsp_evalue: '0',
                     Hsp_num: '1',
                     'Hsp_hit-to': '583',
                     'Hsp_hit-from': '9',
                     Hsp_gaps: '37',
                     'Hsp_query-frame': '1',
                     Hsp_hseq: 'MGTVSRAALILACLALASAASEGAFKASDQREMTPERLFQHLHEGYAAPPSPPQTRRLRVDHSVTSLHDPPLFEEQREGREGPPHPTVCLTTACSVVQPPSSPEDIPVYEEDWPTFLNPNVDKAGPAVPQEAIPLQKEQPPPQVHIEQKENPPAQPQEEIVQKEVKPHTLAGQLPPEPRTWNPARHCQQGR-RGVWGHRLDGFPPGRPSPDNLKQICLPERQHVIYGPWNLPQTGYSHLSRQGETLNVLETGYSRCCRCRSDTNRLDCLKLVWEDAMTQFCEAEFSVKTRPHLCCRLRGEERFSCFQKEAPRPDYLLRPCPVHQNGMSSGPQLPFPPGLPTPDNVKNICLLRRFRAVPRNLPATDAIQRQLQALTRLETEFQRCCRQGHNHTCTWKAWEGTLDGYCERELAIKTHPHSCCHYPPSPARDECFAHLAPYPNYDRDILTLDLSRVTPNLMGQLCGSGRVLSKHKQIPGLIQNMTVRCCELPYPEQACCGEEEKLAFIENLCGPRRNSWKDPALCCDLSPEDKQINCFNTNYLRNVALVAGDTGNATGLGEQGPTRGTDANPAPGSKEE',
                     'Hsp_align-len': '576',
                     Hsp_qseq: 'MGTTARAALVLTYLAVASAASEGGFTATGQRQLRPEH-FQEV--GYAAPPSPPLSRSLPMDHPDSSQHGPP-FEGQ------------------SQVQPPPSQEATPLQQEKLLPAQLPAEKEVGPPLPQEAVPLQKELPSLQHPNEQKEGTPA--------------PFGDQSHPEPESWNAAQHCQQDRSQGGWGHRLDGFPPGRPSPDNLNQICLPNRQHVVYGPWNLPQSSYSHLTRQGETLNFLEIGYSRCCHCRSHTNRLECAKLVWEEAMSRFCEAEFSVKTRPHWCCTRQGEARFSCFQEEAPQPHYQLRACPSHQPDISSGLELPFPPGVPTLDNIKNICHLRRFRSVPRNLPATDPLQRELLALIQLEREFQRCCRQGNNHTCTWKAWEDTLDKYCDREYAVKTHHHLCCRHPPSPTRDECFARRAPYPNYDRDILTIDIGRVTPNLMGHLCGNQRVLTKHKHIPGLIHNMTARCCDLPFPEQACCAEEEKLTFINDLCGPRRNIWRDPALCCYLSPGDEQVNCFNINYLRNVALVSGDTENAKGQGEQGSTGGTNISSTSEPKEE',
                     'Hsp_query-to': '540',
                     'Hsp_hit-frame': '1',
                     Hsp_midline: 'MGT +RAAL+L  LA+ASAASEG F A+ QR++ PE  FQ +  GYAAPPSPP +R L +DH  +S H PP FE Q                  S VQPP S E  P+ +E       P   + GP +PQEA+PLQKE P  Q   EQKE  PA                  Q  PEP +WN A+HCQQ R +G WGHRLDGFPPGRPSPDNL QICLP RQHV+YGPWNLPQ+ YSHL+RQGETLN LE GYSRCC CRS TNRL+C KLVWE+AM++FCEAEFSVKTRPH CC  +GE RFSCFQ+EAP+P Y LR CP HQ  +SSG +LPFPPG+PT DN+KNIC LRRFR+VPRNLPATD +QR+L AL +LE EFQRCCRQG+NHTCTWKAWE TLD YC+RE A+KTH H CC +PPSP RDECFA  APYPNYDRDILT+D+ RVTPNLMG LCG+ RVL+KHK IPGLI NMT RCC+LP+PEQACC EEEKL FI +LCGPRRN W+DPALCC LSP D+Q+NCFN NYLRNVALV+GDT NA G GEQG T GT+ +     KEE' } },
                { Hit_def: 'gi|126313776|ref|XP_001370788.1| PREDICTED: similar to extracellular matrix protein 1 [Monodelphis domestica]',
                  Hit_num: '5',
                  Hit_accession: '474380',
                  Hit_id: 'gnl|BL_ORD_ID|474380',
                  Hit_len: '537',
                  first_hsp: 
                   { 'Hsp_bit-score': '541.191',
                     Hsp_score: '1393',
                     Hsp_positive: '356',
                     Hsp_identity: '292',
                     'Hsp_query-from': '30',
                     Hsp_evalue: '3.18822e-152',
                     Hsp_num: '1',
                     'Hsp_hit-to': '537',
                     'Hsp_hit-from': '27',
                     Hsp_gaps: '22',
                     'Hsp_query-frame': '1',
                     Hsp_hseq: 'QREAIPEHFPKEVGYAAPPAP--SSPQKPDLQDLVISHRAFEGQTEAQD--FFEDFPLQQ-----AQSPQKLSLGKKEPSPSRAVPIQKEVEPPRHLPMDQREAQSSSPALESEEIPHQEQKEEHQQPRRCRPEGRPVGWGHRLDSFPPGRPSPKNMHQICHPERKHVVYGPWNLPQTGYSHLSRQGNALNFLETGYTRCCHLPK--DQLDCAEFVWADALFRFCESEFSVKTRAYSCCWLRGEARLSCFQERAPQADYERLHEPCPPPTPRPAPGLELSFPPGVPSPDNVRNICRLRRFRSVPRGLPTMDHVQRQLRALTQLEGKFRRCCHQGDNYTCARQAWEEALDSYCDEELAIKTHHHVCCQHPASPARDICFARHAPYPNYDRDILTVDLSRITPDTMAQLCGHRKVLTKHKHIPGLIRNMTARCCELAPPEQGFCAEEEKSAFIRDLCGSRRDSWRDTESCCDHSPGDEQTCCFNTHYLRNVALVAGVPQKPRGQQGTGTTELPLVTPTPEHKGE',
                     'Hsp_align-len': '522',
                     Hsp_qseq: 'QRQLRPEHF-QEVGYAAPPSPPLSRSLPMDHPDSSQHGPPFEGQSQVQPPPSQEATPLQQEKLLPAQLPAEKEVGP--PLPQEAVPLQKELPSLQH-PNEQKEGTPAPFGDQSHPEPESWNAAQH-----CQQDRSQGGWGHRLDGFPPGRPSPDNLNQICLPNRQHVVYGPWNLPQSSYSHLTRQGETLNFLEIGYSRCCHCRSHTNRLECAKLVWEEAMSRFCEAEFSVKTRPHWCCTRQGEARFSCFQEEAPQPHYQL--RACPSHQPDISSGLELPFPPGVPTLDNIKNICHLRRFRSVPRNLPATDPLQRELLALIQLEREFQRCCRQGNNHTCTWKAWEDTLDKYCDREYAVKTHHHLCCRHPPSPTRDECFARRAPYPNYDRDILTIDIGRVTPNLMGHLCGNQRVLTKHKHIPGLIHNMTARCCDLPFPEQACCAEEEKLTFINDLCGPRRNIWRDPALCCYLSPGDEQVNCFNINYLRNVALVSGDTENAKGQGEQGSTGGTNISSTSEPKEE',
                     'Hsp_query-to': '540',
                     'Hsp_hit-frame': '1',
                     Hsp_midline: 'QR+  PEHF +EVGYAAPP+P  S     D  D       FEGQ++ Q     E  PLQQ     AQ P +  +G   P P  AVP+QKE+   +H P +Q+E   +    +S   P      +H     C+ +    GWGHRLD FPPGRPSP N++QIC P R+HVVYGPWNLPQ+ YSHL+RQG  LNFLE GY+RCCH     ++L+CA+ VW +A+ RFCE+EFSVKTR + CC  +GEAR SCFQE APQ  Y+     CP   P  + GLEL FPPGVP+ DN++NIC LRRFRSVPR LP  D +QR+L AL QLE +F+RCC QG+N+TC  +AWE+ LD YCD E A+KTHHH+CC+HP SP RD CFAR APYPNYDRDILT+D+ R+TP+ M  LCG+++VLTKHKHIPGLI NMTARCC+L  PEQ  CAEEEK  FI DLCG RR+ WRD   CC  SPGDEQ  CFN +YLRNVALV+G  +  +GQ   G+T    ++ T E K E' } },
                { Hit_def: 'gi|109016072|ref|XP_001101370.1| PREDICTED: similar to extracellular matrix protein 1 isoform 2 precursor isoform 1 [Macaca mulatta]',
                  Hit_num: '6',
                  Hit_accession: '770258',
                  Hit_id: 'gnl|BL_ORD_ID|770258',
                  Hit_len: '417',
                  first_hsp: 
                   { 'Hsp_bit-score': '478.404',
                     Hsp_score: '1230',
                     Hsp_positive: '251',
                     Hsp_identity: '237',
                     'Hsp_query-from': '1',
                     Hsp_evalue: '2.2023e-133',
                     Hsp_num: '1',
                     'Hsp_hit-to': '282',
                     'Hsp_hit-from': '1',
                     Hsp_gaps: '3',
                     'Hsp_query-frame': '1',
                     Hsp_hseq: 'MGTTVRAALVLAYLAIASAASEGGFKATGQRQLRPEHFQEVGYAAPPSPPLSRSLLMDHPDSSQHGPPFEGQSQGKVTPPPSQEATPIQQEELLPAQLPAEKEVGPPLSQEAVPLQKELPSLQQPSEQKEGTPAPFGDQSHSEPESWNAAQHCQQGRSQGGWGHRLDGFPPGRPSPENLNQICLPDRQHVVYGPWNLPQSGYSHLTRQGETLNFLEIGYSRCCHCRSHTNRLECAKLVWEDTLDKYCDREYAVKTHHHSCCRHPPSPIRDECFARRAPYPNY',
                     'Hsp_align-len': '282',
                     Hsp_qseq: 'MGTTARAALVLTYLAVASAASEGGFTATGQRQLRPEHFQEVGYAAPPSPPLSRSLPMDHPDSSQHGPPFEGQSQ--VQPPPSQEATPLQQEKLLPAQLPAEKEVGPPLPQEAVPLQKELPSLQHPNEQKEGTPAPFGDQSHPEPESWNAAQHCQQDRSQGGWGHRLDGFPPGRPSPDNLNQICLPNRQHVVYGPWNLPQSSYSHLTRQGETLNFLEIGYSRCCHCRSHTNRLECAKLVWEEAMSRFCEAEFSVKTRPHWCCTR-QGEARFSCFQEEAPQPHY',
                     'Hsp_query-to': '279',
                     'Hsp_hit-frame': '1',
                     Hsp_midline: 'MGTT RAALVL YLA+ASAASEGGF ATGQRQLRPEHFQEVGYAAPPSPPLSRSL MDHPDSSQHGPPFEGQSQ  V PPPSQEATP+QQE+LLPAQLPAEKEVGPPL QEAVPLQKELPSLQ P+EQKEGTPAPFGDQSH EPESWNAAQHCQQ RSQGGWGHRLDGFPPGRPSP+NLNQICLP+RQHVVYGPWNLPQS YSHLTRQGETLNFLEIGYSRCCHCRSHTNRLECAKLVWE+ + ++C+ E++VKT  H CC       R  CF   AP P+Y' } },
                { Hit_def: 'gi|4103926|gb|AAD13397.1| extracellular matrix protein [Mus musculus]',
                  Hit_num: '7',
                  Hit_accession: '692976',
                  Hit_id: 'gnl|BL_ORD_ID|692976',
                  Hit_len: '434',
                  first_hsp: 
                   { 'Hsp_bit-score': '311.997',
                     Hsp_score: '798',
                     Hsp_positive: '178',
                     Hsp_identity: '157',
                     'Hsp_query-from': '299',
                     Hsp_evalue: '3.14587e-83',
                     Hsp_num: '1',
                     'Hsp_hit-to': '434',
                     'Hsp_hit-from': '186',
                     Hsp_gaps: '7',
                     'Hsp_query-frame': '1',
                     Hsp_hseq: 'FPPGRPSPDNLKQICLPERQHVIYGPWNLPQTGYSHLSRQGETLNVLETGYSRCCRCRSDTNRLDCLKLVWEGTLDGYCERELAIKTHPHSCCHYPPSPARDECFAHLAPYPNYDRDILTLDLSRVTPNLMGQLCGSGRVLSKHKQIPGLIQNMTVRCCELPYPEQACCGEEEKLAFIENLCGPRRNSWKDPALCCDLSPEDKQINCFNTNYLRNVALVAGDTGNATGLGEQGPTRGTDANPAPGSKEE',
                     'Hsp_align-len': '249',
                     Hsp_qseq: 'FPPGVPTLDNIKNICHLRRFRSV--PRNLPAT--DPLQRELLALIQLEREFQRCCR---QGNNHTCTWKAWEDTLDKYCDREYAVKTHHHLCCRHPPSPTRDECFARRAPYPNYDRDILTIDIGRVTPNLMGHLCGNQRVLTKHKHIPGLIHNMTARCCDLPFPEQACCAEEEKLTFINDLCGPRRNIWRDPALCCYLSPGDEQVNCFNINYLRNVALVSGDTENAKGQGEQGSTGGTNISSTSEPKEE',
                     'Hsp_query-to': '540',
                     'Hsp_hit-frame': '1',
                     Hsp_midline: 'FPPG P+ DN+K IC   R   +  P NLP T    L R+   L  LE  + RCCR     N   C    WE TLD YC+RE A+KTH H CC +PPSP RDECFA  APYPNYDRDILT+D+ RVTPNLMG LCG+ RVL+KHK IPGLI NMT RCC+LP+PEQACC EEEKL FI +LCGPRRN W+DPALCC LSP D+Q+NCFN NYLRNVALV+GDT NA G GEQG T GT+ +     KEE' } },
                { Hit_def: 'gi|125838992|ref|XP_692703.2| PREDICTED: hypothetical protein [Danio rerio]',
                  Hit_num: '8',
                  Hit_accession: '647972',
                  Hit_id: 'gnl|BL_ORD_ID|647972',
                  Hit_len: '465',
                  first_hsp: 
                   { 'Hsp_bit-score': '161.384',
                     Hsp_score: '407',
                     Hsp_positive: '164',
                     Hsp_identity: '109',
                     'Hsp_query-from': '167',
                     Hsp_evalue: '6.92477e-38',
                     Hsp_num: '1',
                     'Hsp_hit-to': '460',
                     'Hsp_hit-from': '80',
                     Hsp_gaps: '41',
                     'Hsp_query-frame': '1',
                     Hsp_hseq: 'FPPAFPNTGNLQDICRFSKAPVRYPKDMFPSSGFGNVARQGEAVNQLQSWYGVCCGINGTQEEQICCAEQAWKKSLSAYCSQEFTIKTSHFFCCKKNGRARWSCFDKEASDSSYQVSSEISNGNASQKFKGFKYNSSACKGSLASPKALKKQTAAPDLTFPPGRPESSNIANICAHRKIR--PRYITSCLPHTGYGWLVRQSKAINVLEREYNRCCKEKKGVQRCAEQKWKKMVDKFCKDEKKSKRQQFECCEKKKREEQYACFTSAAPDPGYSSTDGQLSSSAAPPTLHT-FCDVHTAIQSMKGFSFSLDNMAERCCLLAAQERPACIEAELGSHLNDMCKTKEPVKHH----CCASEIKNHVKCATKLLLRHIGKANKVKESGRKK',
                     'Hsp_align-len': '388',
                     Hsp_qseq: 'FPPGRPSPDNLNQICLPNRQHVVYGPWNLPQSSYSHLTRQGETLNFLEIGYSRCCHCR-SHTNRLECAKLVWEEAMSRFCEAEFSVKTRPHWCCTRQGEARFSCFQEEAPQPHYQLR--------------------------ACPSHQPDISSGLELPFPPGVPTLDNIKNICHLRRFRSVPRNLPATDP------LQRELLALIQLEREFQRCCRQGNN-HTCTWKAWEDTLDKYCDREYAVKTHHHLCCRHPPSPTRDECFARRAPYPNYDRDILTIDIGRVTPNLMGHLCGNQRVLTKHKHIPGLIHNMTARCCDLPFPEQACCAEEEKLTFINDLCGPRRNIWRDPALCCYLSPGDEQVNCFNINYLRNVALVSGDTENAKGQ',
                     'Hsp_query-to': '520',
                     'Hsp_hit-frame': '1',
                     Hsp_midline: 'FPP  P+  NL  IC  ++  V Y     P S + ++ RQGE +N L+  Y  CC    +   ++ CA+  W++++S +C  EF++KT   +CC + G AR+SCF +EA    YQ+                           A P      ++  +L FPPG P   NI NIC  R+ R  PR + +  P      L R+  A+  LERE+ RCC++      C  + W+  +DK+C  E   K     CC       +  CF   AP P Y      +      P L    C     +   K     + NM  RCC L   E+  C E E  + +ND+C  +  +       C  S     V C     LR++   +   E+ + +' } },
                { Hit_def: 'gi|47225408|emb|CAG11891.1| unnamed protein product [Tetraodon nigroviridis]',
                  Hit_num: '9',
                  Hit_accession: '507281',
                  Hit_id: 'gnl|BL_ORD_ID|507281',
                  Hit_len: '498',
                  first_hsp: 
                   { 'Hsp_bit-score': '111.694',
                     Hsp_score: '278',
                     Hsp_positive: '152',
                     Hsp_identity: '92',
                     'Hsp_query-from': '167',
                     Hsp_evalue: '6.03521e-23',
                     Hsp_num: '1',
                     'Hsp_hit-to': '469',
                     'Hsp_hit-from': '102',
                     Hsp_gaps: '57',
                     'Hsp_query-frame': '1',
                     Hsp_hseq: 'FPLARPSSDNLQAICSHSAHRPRYPKTYFPSSGYGQQKRRADAVNNAEFWFSGCCEKNATWGSETTLCCATQAWKRHIESFCKEDTSVKDLIYQCCRLDGRKQLDCFHNDAPNPSYDPTEELPVSPIATTTEFSFEPSTCQRPVETQHSFQERSNKHQEKKRKQPPSSQKASINFPPGRPTADNVESLCQNQKLRPLYSVKCLAGPHYKLLTRQTKSMNRIEKGFKQCCKKKQGVLECVEQKWREELDTFCEKQSGKKRGVQCCLQDLAAVDRFKCFQDAAPDPHY--NVTSANEG---PTL-KKVCEVHKLIKKKFPAALPLKAFVSHCCPLAEETRTACFEQKIRETSTNMCSSKKN--SSPALRRCCSAATED',
                     'Hsp_align-len': '376',
                     Hsp_qseq: 'FPPGRPSPDNLNQICLPNRQHVVYGPWNLPQSSYSHLTRQGETLNFLEIGYSRCCHCRS---HTNRLECAKLVWEEAMSRFCEAEFSVKTRPHWCCTRQGEARFSCFQEEAPQPHY----QLRACP-----------------------------------SHQPDISSGLELPFPPGVPTLDNIKNICHLRRFRSVPRNLPATDP----LQRELLALIQLEREFQRCCRQGNNHT-CTWKAWEDTLDKYCDREYAVKTHHHLCCRHPPSPTRDECFARRAPYPNYDRDILTIDIGRVTPNLMGHLCGNQRVLTKHKHIPGLIHNMTARCCDLPFPEQACCAEEEKLTFINDLCGPRRNIWRDPAL--CCYLSPGD',
                     'Hsp_query-to': '493',
                     'Hsp_hit-frame': '1',
                     Hsp_midline: 'FP  RPS DNL  IC  +     Y     P S Y    R+ + +N  E  +S CC   +       L CA   W+  +  FC+ + SVK   + CC   G  +  CF  +AP P Y    +L   P                                     QP  S    + FPPG PT DN++++C  ++ R +        P    L R+  ++ ++E+ F++CC++      C  + W + LD +C+++   K     C +   +  R +CF   AP P+Y  ++ + + G   P L   +C   +++ K       +    + CC L    +  C E++      ++C  ++N    PAL  CC  +  D' } },
                { Hit_def: 'gi|47219487|emb|CAG10851.1| unnamed protein product [Tetraodon nigroviridis]',
                  Hit_num: '10',
                  Hit_accession: '2003097',
                  Hit_id: 'gnl|BL_ORD_ID|2003097',
                  Hit_len: '163',
                  first_hsp: 
                   { 'Hsp_bit-score': '80.4925',
                     Hsp_score: '197',
                     Hsp_positive: '63',
                     Hsp_identity: '41',
                     'Hsp_query-from': '167',
                     Hsp_evalue: '1.42909e-13',
                     Hsp_num: '1',
                     'Hsp_hit-to': '139',
                     'Hsp_hit-from': '24',
                     Hsp_gaps: '3',
                     'Hsp_query-frame': '1',
                     Hsp_hseq: 'FPPELPTSENLHDICHSGHARPRYPPSFFPKSGVSHYRRRGKAINRLESWFTYCCDGQVAQGDDQILCCSKQAWKQALSTFCTEEYSTKTVAYSCCQQSGDSRWLCFEGKLPTAKY',
                     'Hsp_align-len': '116',
                     Hsp_qseq: 'FPPGRPSPDNLNQICLPNRQHVVYGPWNLPQSSYSHLTRQGETLNFLEIGYSRCCH---CRSHTNRLECAKLVWEEAMSRFCEAEFSVKTRPHWCCTRQGEARFSCFQEEAPQPHY',
                     'Hsp_query-to': '279',
                     'Hsp_hit-frame': '1',
                     Hsp_midline: 'FPP  P+ +NL+ IC        Y P   P+S  SH  R+G+ +N LE  ++ CC     +     L C+K  W++A+S FC  E+S KT  + CC + G++R+ CF+ + P   Y' } },
                { Hit_def: 'gi|11095809|gb|AAG30033.1|AF281358_1 putative serum albumin-related protein [Oncorhynchus mykiss]',
                  Hit_num: '11',
                  Hit_accession: '2040747',
                  Hit_id: 'gnl|BL_ORD_ID|2040747',
                  Hit_len: '150',
                  first_hsp: 
                   { 'Hsp_bit-score': '65.4698',
                     Hsp_score: '158',
                     Hsp_positive: '71',
                     Hsp_identity: '40',
                     'Hsp_query-from': '331',
                     Hsp_evalue: '4.41323e-09',
                     Hsp_num: '1',
                     'Hsp_hit-to': '149',
                     'Hsp_hit-from': '6',
                     Hsp_gaps: '5',
                     'Hsp_query-frame': '1',
                     Hsp_hseq: 'LARQSKAMNRLERGFNHCCKGLENVLPCAEGKWREVLDRFCEEEQKERPHNSSCCDVGEGEDRYTCFSSLAPHPDYEQKLDSASASDAPQTHNL-GHICETYKII-KNFPVALPVQNLVDQCCSLPADQRTACVQIQLVMLSQTRC',
                     'Hsp_align-len': '146',
                     Hsp_qseq: 'LQRELLALIQLEREFQRCCRQGNNHT-CTWKAWEDTLDKYCDREYAVKTHHHLCCRHPPSPTRDECFARRAPYPNYDRDILTIDIGRV--TPNLMGHLCGNQRVLTKHKHIPGLIHNMTARCCDLPFPEQACCAEEEKLTFINDLC',
                     'Hsp_query-to': '473',
                     'Hsp_hit-frame': '1',
                     Hsp_midline: 'L R+  A+ +LER F  CC+   N   C    W + LD++C+ E   + H+  CC       R  CF+  AP+P+Y++ + +        T NL GH+C   +++ K+  +   + N+  +CC LP  ++  C + + +      C' } },
                { Hit_def: 'gi|125844763|ref|XP_001337541.1| PREDICTED: hypothetical protein [Danio rerio]',
                  Hit_num: '12',
                  Hit_accession: '1907846',
                  Hit_id: 'gnl|BL_ORD_ID|1907846',
                  Hit_len: '190',
                  first_hsp: 
                   { 'Hsp_bit-score': '58.151',
                     Hsp_score: '139',
                     Hsp_positive: '30',
                     Hsp_identity: '24',
                     'Hsp_query-from': '237',
                     Hsp_evalue: '8.68007e-07',
                     Hsp_num: '1',
                     'Hsp_hit-to': '167',
                     'Hsp_hit-from': '124',
                     'Hsp_query-frame': '1',
                     Hsp_hseq: 'WETALSYFCLEEFSTKTLVHDCCEKKGGERWGCFEREAPNPYYQ',
                     'Hsp_align-len': '44',
                     Hsp_qseq: 'WEEAMSRFCEAEFSVKTRPHWCCTRQGEARFSCFQEEAPQPHYQ',
                     'Hsp_query-to': '280',
                     'Hsp_hit-frame': '1',
                     Hsp_midline: 'WE A+S FC  EFS KT  H CC ++G  R+ CF+ EAP P+YQ' } },
                { Hit_def: 'gi|75911266|gb|ABA29445.1| ECM1 short variant [Homo sapiens]',
                  Hit_num: '13',
                  Hit_accession: '2623706',
                  Hit_id: 'gnl|BL_ORD_ID|2623706',
                  Hit_len: '54',
                  first_hsp: 
                   { 'Hsp_bit-score': '49.6766',
                     Hsp_score: '117',
                     Hsp_positive: '24',
                     Hsp_identity: '24',
                     'Hsp_query-from': '1',
                     Hsp_evalue: '0.000296109',
                     Hsp_num: '1',
                     'Hsp_hit-to': '24',
                     'Hsp_hit-from': '1',
                     'Hsp_query-frame': '1',
                     Hsp_hseq: 'MGTTARAALVLTYLAVASAASEGG',
                     'Hsp_align-len': '24',
                     Hsp_qseq: 'MGTTARAALVLTYLAVASAASEGG',
                     'Hsp_query-to': '24',
                     'Hsp_hit-frame': '1',
                     Hsp_midline: 'MGTTARAALVLTYLAVASAASEGG' } },
                { Hit_def: 'gi|66864713|gb|AAY57437.1| ECM1 short variant [Homo sapiens]',
                  Hit_num: '14',
                  Hit_accession: '2510538',
                  Hit_id: 'gnl|BL_ORD_ID|2510538',
                  Hit_len: '56',
                  first_hsp: 
                   { 'Hsp_bit-score': '48.9062',
                     Hsp_score: '115',
                     Hsp_positive: '29',
                     Hsp_identity: '26',
                     'Hsp_query-from': '1',
                     Hsp_evalue: '0.000420382',
                     Hsp_num: '1',
                     'Hsp_hit-to': '38',
                     'Hsp_hit-from': '1',
                     'Hsp_query-frame': '1',
                     Hsp_hseq: 'MGTTARAALVLTYLAVASAASEGASPSLAEVQGRPSQW',
                     'Hsp_align-len': '38',
                     Hsp_qseq: 'MGTTARAALVLTYLAVASAASEGGFTATGQRQLRPEHF',
                     'Hsp_query-to': '38',
                     'Hsp_hit-frame': '1',
                     Hsp_midline: 'MGTTARAALVLTYLAVASAASEG   +  + Q RP  +' } },
                { Hit_def: 'gi|160358754|sp|A2ASS6|TITIN_MOUSE Titin (Connectin) >gi|123232571|emb|CAM24262.1| titin [Mus musculus] >gi|123232627|emb|CAM27059.1| titin [Mus musculus] >gi|123232651|emb|CAM23449.1| titin [Mus musculus]',
                  Hit_num: '15',
                  Hit_accession: '6621',
                  Hit_id: 'gnl|BL_ORD_ID|6621',
                  Hit_len: '35213',
                  first_hsp: 
                   { 'Hsp_bit-score': '44.669',
                     Hsp_score: '104',
                     Hsp_positive: '48',
                     Hsp_identity: '28',
                     'Hsp_query-from': '45',
                     Hsp_evalue: '0.00913627',
                     Hsp_num: '1',
                     'Hsp_hit-to': '12064',
                     'Hsp_hit-from': '11970',
                     Hsp_gaps: '8',
                     'Hsp_query-frame': '1',
                     Hsp_hseq: 'APPKRPEARTVPETVPEKTRPMAPPKKPEATTLPVPEVQETVPEKTRPVGPPKKPEATTV--PVPE----VQETIPEKTRPPKKPEATPVPVPEVQETVPE',
                     'Hsp_align-len': '101',
                     Hsp_qseq: 'APPSPPLSRSLPMDHPDSSQ-HGPPFEGQSQVQPPPS-QEATPLQQEKLLPAQLPAEKEVGPPLPQEAVPLQKELPSLQHPNEQKEGTPAPFGDQSHPEPE',
                     'Hsp_query-to': '143',
                     'Hsp_hit-frame': '1',
                     Hsp_midline: 'APP  P +R++P   P+ ++   PP + ++   P P  QE  P +   + P + P    V  P+P+    +Q+ +P    P ++ E TP P  +     PE' } },
                { Hit_def: 'gi|66570962|emb|CAH10285.1| merzoite surface protein 1 [Plasmodium reichenowi]',
                  Hit_num: '16',
                  Hit_accession: '14618',
                  Hit_id: 'gnl|BL_ORD_ID|14618',
                  Hit_len: '1739',
                  first_hsp: 
                   { 'Hsp_bit-score': '41.9726',
                     Hsp_score: '97',
                     Hsp_positive: '39',
                     Hsp_identity: '29',
                     'Hsp_query-from': '46',
                     Hsp_evalue: '0.054479',
                     Hsp_num: '1',
                     'Hsp_hit-to': '835',
                     'Hsp_hit-from': '737',
                     Hsp_gaps: '15',
                     'Hsp_query-frame': '1',
                     Hsp_hseq: 'PPQPSSATTTPPSQPSSATTTPPSQPSSATTTQPPQPSSATT------TPPSQPSSATTQPPQPSSATTTPPPQESSATTTPPSQPSSATTTLPPQPTVPQAQPE',
                     'Hsp_align-len': '105',
                     Hsp_qseq: 'PPSPPLSRSLPMDHPDSSQHGPPFEGQS--QVQPPPSQEATPLQQEKLLPAQLPAEKEVGPPLPQEAV---PLQKELPSLQHPNEQKEGT----PAPFGDQSHPE',
                     'Hsp_query-to': '141',
                     'Hsp_hit-frame': '1',
                     Hsp_midline: 'PP P  + + P   P S+   PP +  S    QPP    AT        P   P+     PP P  A    P Q+   +   P++    T    P P   Q+ PE' } },
                { Hit_def: 'gi|116196226|ref|XP_001223925.1| hypothetical protein CHGG_04711 [Chaetomium globosum CBS 148.51] >gi|88180624|gb|EAQ88092.1| hypothetical protein CHGG_04711 [Chaetomium globosum CBS 148.51]',
                  Hit_num: '17',
                  Hit_accession: '124817',
                  Hit_id: 'gnl|BL_ORD_ID|124817',
                  Hit_len: '900',
                  first_hsp: 
                   { 'Hsp_bit-score': '35.039',
                     Hsp_score: '79',
                     Hsp_positive: '48',
                     Hsp_identity: '33',
                     'Hsp_query-from': '36',
                     Hsp_evalue: '7.17895',
                     Hsp_num: '1',
                     'Hsp_hit-to': '772',
                     'Hsp_hit-from': '664',
                     Hsp_gaps: '8',
                     'Hsp_query-frame': '1',
                     Hsp_hseq: 'EKYGTVSISDVPSPNGSGPSTRS-PRSHPDTIAQSPTTNGQEQYT-PPNQYSNPESQAMAL--DVPASMPTGMMNNMAGVGMPTNLPNMQNRDPRQTAQPLVATSMSMGDPLS',
                     'Hsp_align-len': '113',
                     Hsp_qseq: 'EHFQEVGYAAPPSP----PLSRSLPMDHPDSSQHGPPFEGQSQVQPPPSQEATPLQQEKLLPAQLPAEKEVGPPLPQEAVPLQKELPSLQHPNEQKEGTPAPFGDQSHPEPES',
                     'Hsp_query-to': '144',
                     'Hsp_hit-frame': '1',
                     Hsp_midline: 'E +  V  +  PSP    P +RS P  HPD+    P   GQ Q   PP+Q + P  Q   L   +PA    G       V +   LP++Q+ + ++   P      S  +P S' } } ],
             BlastOutput_version: 'blastp 2.2.26 [Sep-21-2011]',
             BlastOutput_program: 'blastp',
             BlastOutput_reference: '~Reference: Altschul, Stephen F., Thomas L. Madden, Alejandro A. Schaffer, ~Jinghui Zhang, Zheng Zhang, Webb Miller, and David J. Lipman (1997), ~"Gapped BLAST and PSI-BLAST: a new generation of protein database search~programs",  Nucleic Acids Res. 25:3389-3402.',
             'BlastOutput_query-def': 'sp|Q16610|ECM1_HUMAN Extracellular matrix protein 1 OS=Homo sapiens OX=9606 GN=ECM1 PE=1 SV=2',
             'BlastOutput_query-ID': 'lcl|QUERY',
             BlastOutput_db: 'nr70',
             BlastOutput_param: 
              { Parameters: 
                 { Parameters_filter: 'F',
                   Parameters_matrix: 'BLOSUM62',
                   'Parameters_gap-extend': '1',
                   Parameters_expect: '10',
                   'Parameters_gap-open': '11' } },
             'BlastOutput_query-len': '540' } } },
     { out: 
        { BlastOutput: 
           { Hits: 
              [ { Hit_def: 'gi|4826754|ref|NP_005121.1| fibroblast growth factor binding protein 1 [Homo sapiens] >gi|74739840|sp|Q14512|FGFP1_HUMAN Fibroblast growth factor-binding protein 1 precursor (FGF-binding protein 1) (FGF-BP1) (FGFBP-1) (FGF-BP) (17 kDa heparin-binding growth factor-binding protein) (17 kDa HBGF-binding protein) (HBp17) >gi|5070624|gb|AAD39216.1|AF149412_1 HBP17 heparin-binding and FGF-binding protein [Homo sapiens] >gi|183951|gb|AAA58636.1| heparin binding protein >gi|13177694|gb|AAH03628.1| Fibroblast growth factor binding protein 1 [Homo sapiens] >gi|14286228|gb|AAH08910.1| Fibroblast growth factor binding protein 1 [Homo sapiens] >gi|119613154|gb|EAW92748.1| fibroblast growth factor binding protein 1 [Homo sapiens] >gi|158256050|dbj|BAF83996.1| unnamed protein product [Homo sapiens]',
                  Hit_num: '1',
                  Hit_accession: '1597139',
                  Hit_id: 'gnl|BL_ORD_ID|1597139',
                  Hit_len: '234',
                  first_hsp: 
                   { 'Hsp_bit-score': '480.33',
                     Hsp_score: '1235',
                     Hsp_positive: '234',
                     Hsp_identity: '234',
                     'Hsp_query-from': '75',
                     Hsp_evalue: '2.86999e-134',
                     Hsp_num: '1',
                     'Hsp_hit-to': '234',
                     'Hsp_hit-from': '1',
                     'Hsp_query-frame': '1',
                     Hsp_hseq: 'MKICSLTLLSFLLLAAQVLLVEGKKKVKNGLHSKVVSEQKDTLGNTQIKQKSRPGNKGKFVTKDQANCRWAATEQEEGISLKVECTQLDHEFSCVFAGNPTSCLKLKDERVYWKQVARNLRSQKDICRYSKTAVKTRVCRKDFPESSLKLVSSTLFGNTKPRKEKTEMSPREHIKGKETTPSSLAVTQTMATKAPECVEDPDMANQRKTALEFCGETWSSLCTFFLSIVQDTSC',
                     'Hsp_align-len': '234',
                     Hsp_qseq: 'MKICSLTLLSFLLLAAQVLLVEGKKKVKNGLHSKVVSEQKDTLGNTQIKQKSRPGNKGKFVTKDQANCRWAATEQEEGISLKVECTQLDHEFSCVFAGNPTSCLKLKDERVYWKQVARNLRSQKDICRYSKTAVKTRVCRKDFPESSLKLVSSTLFGNTKPRKEKTEMSPREHIKGKETTPSSLAVTQTMATKAPECVEDPDMANQRKTALEFCGETWSSLCTFFLSIVQDTSC',
                     'Hsp_query-to': '308',
                     'Hsp_hit-frame': '1',
                     Hsp_midline: 'MKICSLTLLSFLLLAAQVLLVEGKKKVKNGLHSKVVSEQKDTLGNTQIKQKSRPGNKGKFVTKDQANCRWAATEQEEGISLKVECTQLDHEFSCVFAGNPTSCLKLKDERVYWKQVARNLRSQKDICRYSKTAVKTRVCRKDFPESSLKLVSSTLFGNTKPRKEKTEMSPREHIKGKETTPSSLAVTQTMATKAPECVEDPDMANQRKTALEFCGETWSSLCTFFLSIVQDTSC' } },
                { Hit_def: 'gi|149703150|ref|XP_001498791.1| PREDICTED: similar to fibroblast growth factor-binding protein [Equus caballus]',
                  Hit_num: '2',
                  Hit_accession: '1645230',
                  Hit_id: 'gnl|BL_ORD_ID|1645230',
                  Hit_len: '237',
                  first_hsp: 
                   { 'Hsp_bit-score': '272.322',
                     Hsp_score: '695',
                     Hsp_positive: '180',
                     Hsp_identity: '143',
                     'Hsp_query-from': '75',
                     Hsp_evalue: '1.14806e-71',
                     Hsp_num: '1',
                     'Hsp_hit-to': '237',
                     'Hsp_hit-from': '1',
                     Hsp_gaps: '3',
                     'Hsp_query-frame': '1',
                     Hsp_hseq: 'MRIHSLTLLPFLLLAAQVFLVEGQKEIQNQHVSKATTDKLHTLGNPQIEQRSQPVKHLKKGKFVTQDHADCRWVVTELGKGISLKIECTQQEKKFSCVFTGNPTSCLELNKKNMYWKQIGRSLRSQKAICGDSKSVLKTRVCRKKFPESNLKLVNSTLIDSKKPSQEYMEPSPSKQSKVKENTPTSPMETQTMAINNPECVDDPDMVNQRKTALDYCGESWSSFCLFFLTMFQSNTC',
                     'Hsp_align-len': '237',
                     Hsp_qseq: 'MKICSLTLLSFLLLAAQVLLVEGKKKVKNGLHSKVVSEQKDTLGNTQIKQKSRPGN---KGKFVTKDQANCRWAATEQEEGISLKVECTQLDHEFSCVFAGNPTSCLKLKDERVYWKQVARNLRSQKDICRYSKTAVKTRVCRKDFPESSLKLVSSTLFGNTKPRKEKTEMSPREHIKGKETTPSSLAVTQTMATKAPECVEDPDMANQRKTALEFCGETWSSLCTFFLSIVQDTSC',
                     'Hsp_query-to': '308',
                     'Hsp_hit-frame': '1',
                     Hsp_midline: 'M+I SLTLL FLLLAAQV LVEG+K+++N   SK  +++  TLGN QI+Q+S+P     KGKFVT+D A+CRW  TE  +GISLK+ECTQ + +FSCVF GNPTSCL+L  + +YWKQ+ R+LRSQK IC  SK+ +KTRVCRK FPES+LKLV+STL  + KP +E  E SP +  K KE TP+S   TQTMA   PECV+DPDM NQRKTAL++CGE+WSS C FFL++ Q  +C' } },
                { Hit_def: 'gi|47132512|ref|NP_032035.2| fibroblast growth factor binding protein 1 [Mus musculus] >gi|81882174|sp|O70514|FGFP1_MOUSE Fibroblast growth factor-binding protein 1 precursor (FGF-binding protein 1) (FGF-BP1) (FGFBP-1) (FGF-BP) >gi|3153885|gb|AAC17439.1| FGF binding protein 1 [Mus musculus] >gi|41351231|gb|AAH65774.1| Fibroblast growth factor binding protein 1 [Mus musculus] >gi|74144658|dbj|BAE27314.1| unnamed protein product [Mus musculus] >gi|148705652|gb|EDL37599.1| fibroblast growth factor binding protein 1 [Mus musculus]',
                  Hit_num: '3',
                  Hit_accession: '1455116',
                  Hit_id: 'gnl|BL_ORD_ID|1455116',
                  Hit_len: '251',
                  first_hsp: 
                   { 'Hsp_bit-score': '269.626',
                     Hsp_score: '688',
                     Hsp_positive: '169',
                     Hsp_identity: '139',
                     'Hsp_query-from': '89',
                     Hsp_evalue: '7.4415e-71',
                     Hsp_num: '1',
                     'Hsp_hit-to': '251',
                     'Hsp_hit-from': '15',
                     Hsp_gaps: '17',
                     'Hsp_query-frame': '1',
                     Hsp_hseq: 'ATQAFSEKVRKRAKNAPHSTAEEGVEGSAPSLGKAQNKQRSRTSKSLTHGKFVTKDQATCRWAVTEEEQGISLKVQCTQADQEFSCVFAGDPTDCLKHDKDQIYWKQVARTLRKQKNICRNAKSVLKTRVCRKRFPESNLKLVNPNARGNTKPRKEKAEVSAREHNKVQEAVSTEPNRVKEDITLNPAATQTMAIRDPECLEDPDVLNQRKTALEFCGESWSSICTFFLNMLQATSC',
                     'Hsp_align-len': '237',
                     Hsp_qseq: 'AAQVLLVEGKKKVKNGLHSKV---VSEQKDTLGNTQIKQKSRPGNK---GKFVTKDQANCRWAATEQEEGISLKVECTQLDHEFSCVFAGNPTSCLKLKDERVYWKQVARNLRSQKDICRYSKTAVKTRVCRKDFPESSLKLVSSTLFGNTKPRKEKTEMSPREHIKGKE---TTPSSL--------AVTQTMATKAPECVEDPDMANQRKTALEFCGETWSSLCTFFLSIVQDTSC',
                     'Hsp_query-to': '308',
                     'Hsp_hit-frame': '1',
                     Hsp_midline: 'A Q    + +K+ KN  HS     V     +LG  Q KQ+SR       GKFVTKDQA CRWA TE+E+GISLKV+CTQ D EFSCVFAG+PT CLK   +++YWKQVAR LR QK+ICR +K+ +KTRVCRK FPES+LKLV+    GNTKPRKEK E+S REH K +E   T P+ +        A TQTMA + PEC+EDPD+ NQRKTALEFCGE+WSS+CTFFL+++Q TSC' } },
                { Hit_def: 'gi|73951821|ref|XP_545936.2| PREDICTED: similar to fibroblast growth factor binding protein 1 [Canis familiaris]',
                  Hit_num: '4',
                  Hit_accession: '1359656',
                  Hit_id: 'gnl|BL_ORD_ID|1359656',
                  Hit_len: '286',
                  first_hsp: 
                   { 'Hsp_bit-score': '254.988',
                     Hsp_score: '650',
                     Hsp_positive: '179',
                     Hsp_identity: '148',
                     'Hsp_query-from': '47',
                     Hsp_evalue: '2.04468e-66',
                     Hsp_num: '1',
                     'Hsp_hit-to': '286',
                     'Hsp_hit-from': '33',
                     Hsp_gaps: '8',
                     'Hsp_query-frame': '1',
                     Hsp_hseq: 'INNRGVMSPAPVP------AGSHQAED-MRIHSLTLLSFLLLAVQVSLVKGKKEVKNRHVSKGTRDKLRALGETHT-EPHKQLTKGKFVTRDHANCRWVVTEQEEGIALKVECTRQDNKFSCVFTGNPTFCLESNKKNVYWKQIGRNLRSQKVICGDAKTILKTKVCRKKFPESNLKLVNSTLIWTKKPSQELTEPSPREQSKVKENIPSGSVETQTIATKDPKCEEDPDLIKQSKIALDYCGESWGSLCKFFITMVQGNSC',
                     'Hsp_align-len': '262',
                     Hsp_qseq: 'INOSHOMOSAPIENSOXGNFGFBPPESVMKICSLTLLSFLLLAAQVLLVEGKKKVKNGLHSKVVSEQKDTLGNTQIKQKSRPGNKGKFVTKDQANCRWAATEQEEGISLKVECTQLDHEFSCVFAGNPTSCLKLKDERVYWKQVARNLRSQKDICRYSKTAVKTRVCRKDFPESSLKLVSSTLFGNTKPRKEKTEMSPREHIKGKETTPSSLAVTQTMATKAPECVEDPDMANQRKTALEFCGETWSSLCTFFLSIVQDTSC',
                     'Hsp_query-to': '308',
                     'Hsp_hit-frame': '1',
                     Hsp_midline: 'IN    M  AP+        G    E  M+I SLTLLSFLLLA QV LV+GKK+VKN   SK   ++   LG T   +  +   KGKFVT+D ANCRW  TEQEEGI+LKVECT+ D++FSCVF GNPT CL+   + VYWKQ+ RNLRSQK IC  +KT +KT+VCRK FPES+LKLV+STL    KP +E TE SPRE  K KE  PS    TQT+ATK P+C EDPD+  Q K AL++CGE+W SLC FF+++VQ  SC' } },
                { Hit_def: 'gi|27805911|ref|NP_776762.1| fibroblast growth factor-binding protein (FGF-BP) [Bos taurus] >gi|119894243|ref|XP_001250805.1| PREDICTED: similar to fibroblast growth factor-binding protein [Bos taurus] >gi|75050403|sp|Q9MZ06|FGFP1_BOVIN Fibroblast growth factor-binding protein 1 precursor (FGF-binding protein 1) (FGF-BP1) (FGFBP-1) (FGF-BP) >gi|8489873|gb|AAF75792.1|AF271896_1 fibroblast growth factor-binding protein [Bos taurus] >gi|113912191|gb|AAI22704.1| Fibroblast growth factor-binding protein (FGF-BP) [Bos taurus]',
                  Hit_num: '5',
                  Hit_accession: '1597352',
                  Hit_id: 'gnl|BL_ORD_ID|1597352',
                  Hit_len: '234',
                  first_hsp: 
                   { 'Hsp_bit-score': '236.884',
                     Hsp_score: '603',
                     Hsp_positive: '154',
                     Hsp_identity: '126',
                     'Hsp_query-from': '95',
                     Hsp_evalue: '5.43527e-61',
                     Hsp_num: '1',
                     'Hsp_hit-to': '234',
                     'Hsp_hit-from': '21',
                     Hsp_gaps: '6',
                     'Hsp_query-frame': '1',
                     Hsp_hseq: 'VEAKKEGRNRRGSKASADESLALGKPGKEPRSQPTNYPIKGKFVTPDHADCRWAVTKQEEGIVLKVECTQRDNTFSCFFTGNPTSCLELHKNNAYWKQIGRNLRSQKVICGDAKSVLKTRVCRKKFPESNLKLVNSTLIRIKKPSQELMEPSPMDTV--EVTTSSSPEKTQTMATKDPQC-EEEDLKNQRKAALEYCGETWGSLCNFFLSMVQGSSC',
                     'Hsp_align-len': '217',
                     Hsp_qseq: 'VEGKKKVKNGLHSKVVSEQKDTLGNTQIKQKSRPGN---KGKFVTKDQANCRWAATEQEEGISLKVECTQLDHEFSCVFAGNPTSCLKLKDERVYWKQVARNLRSQKDICRYSKTAVKTRVCRKDFPESSLKLVSSTLFGNTKPRKEKTEMSPREHIKGKETTPSSLAVTQTMATKAPECVEDPDMANQRKTALEFCGETWSSLCTFFLSIVQDTSC',
                     'Hsp_query-to': '308',
                     'Hsp_hit-frame': '1',
                     Hsp_midline: 'VE KK+ +N   SK  +++   LG    + +S+P N   KGKFVT D A+CRWA T+QEEGI LKVECTQ D+ FSC F GNPTSCL+L     YWKQ+ RNLRSQK IC  +K+ +KTRVCRK FPES+LKLV+STL    KP +E  E SP + +  + TT SS   TQTMATK P+C E+ D+ NQRK ALE+CGETW SLC FFLS+VQ +SC' } },
                { Hit_def: 'gi|149414380|ref|XP_001513284.1| PREDICTED: similar to MGC84401 protein [Ornithorhynchus anatinus]',
                  Hit_num: '6',
                  Hit_accession: '1644780',
                  Hit_id: 'gnl|BL_ORD_ID|1644780',
                  Hit_len: '235',
                  first_hsp: 
                   { 'Hsp_bit-score': '181.03',
                     Hsp_score: '458',
                     Hsp_positive: '146',
                     Hsp_identity: '97',
                     'Hsp_query-from': '75',
                     Hsp_evalue: '4.07881e-44',
                     Hsp_num: '1',
                     'Hsp_hit-to': '235',
                     'Hsp_hit-from': '1',
                     Hsp_gaps: '11',
                     'Hsp_query-frame': '1',
                     Hsp_hseq: 'MRIRCIALFSILLLVSQLLFVEGEKQKERKNGREGKGERQQAGSPGPREKGQKSRGGKGFPKGKFSTKDKADCTWAVTRQDSTSTLTIECKRGNSMFGCTYAGNPSSCPQFEGNEKPYWKQISRVLKKQKGICQDPESVLRSRLCKKGSSGATLKMVNSTLSKTESGAEDKSEQGGLGGI-----IPTVRAENGAVTKGTPDCEEDEDIINQRKVADEYCGHSWSSLCRFFLTMFQDNTC',
                     'Hsp_align-len': '240',
                     Hsp_qseq: 'MKICSLTLLSFLLLAAQVLLVEGKKKV--KNGLHSKVVSEQKDTLGNTQIKQKSRPGN---KGKFVTKDQANCRWAATEQEEGISLKVECTQLDHEFSCVFAGNPTSCLKLK-DERVYWKQVARNLRSQKDICRYSKTAVKTRVCRKDFPESSLKLVSSTLFGNTKPRKEKTEMSPREHIKGKETTPSSLAVTQTMATKAPECVEDPDMANQRKTALEFCGETWSSLCTFFLSIVQDTSC',
                     'Hsp_query-to': '308',
                     'Hsp_hit-frame': '1',
                     Hsp_midline: 'M+I  + L S LLL +Q+L VEG+K+   KNG   K   +Q  + G  +  QKSR G    KGKF TKD+A+C WA T Q+   +L +EC + +  F C +AGNP+SC + + +E+ YWKQ++R L+ QK IC+  ++ +++R+C+K    ++LK+V+STL       ++K+E      I      P+  A    +    P+C ED D+ NQRK A E+CG +WSSLC FFL++ QD +C' } },
                { Hit_def: 'gi|126331983|ref|XP_001369614.1| PREDICTED: hypothetical protein [Monodelphis domestica]',
                  Hit_num: '7',
                  Hit_accession: '1761460',
                  Hit_id: 'gnl|BL_ORD_ID|1761460',
                  Hit_len: '214',
                  first_hsp: 
                   { 'Hsp_bit-score': '145.591',
                     Hsp_score: '366',
                     Hsp_positive: '116',
                     Hsp_identity: '77',
                     'Hsp_query-from': '131',
                     Hsp_evalue: '1.74706e-33',
                     Hsp_num: '1',
                     'Hsp_hit-to': '214',
                     'Hsp_hit-from': '40',
                     Hsp_gaps: '19',
                     'Hsp_query-frame': '1',
                     Hsp_hseq: 'RGRFSTRENVPCTWAVTEKE-GITLKVRCKGEEAQFECTYTGNPSSCPNFAGNEKAYWKQIGRALQKQKNLCADSKSVLKSRVCRKGAHSAHLKMVDSTIKNKSQEKKGK---------KHPPTSPSTVRPT-TLTTKPTGHQSTTEKCMEDVEVINQRRVAEEYCGESWSSLCTFLLTMLQDKKC',
                     'Hsp_align-len': '186',
                     Hsp_qseq: 'KGKFVTKDQANCRWAATEQEEGISLKVECTQLDHEFSCVFAGNPTSCLKLK-DERVYWKQVARNLRSQKDICRYSKTAVKTRVCRKDFPESSLKLVSSTLFGNTKPRKEKTEMSPREHIKGKETTPSSLAVTQTMATK-------APECVEDPDMANQRKTALEFCGETWSSLCTFFLSIVQDTSC',
                     'Hsp_query-to': '308',
                     'Hsp_hit-frame': '1',
                     Hsp_midline: '+G+F T++   C WA TE+E GI+LKV C   + +F C + GNP+SC     +E+ YWKQ+ R L+ QK++C  SK+ +K+RVCRK    + LK+V ST+   ++ +K K         K   T+PS++  T T+ TK         +C+ED ++ NQR+ A E+CGE+WSSLCTF L+++QD  C' } },
                { Hit_def: 'gi|50747182|ref|XP_420773.1| PREDICTED: similar to MGC84401 protein [Gallus gallus]',
                  Hit_num: '8',
                  Hit_accession: '1598201',
                  Hit_id: 'gnl|BL_ORD_ID|1598201',
                  Hit_len: '237',
                  first_hsp: 
                   { 'Hsp_bit-score': '140.198',
                     Hsp_score: '352',
                     Hsp_positive: '129',
                     Hsp_identity: '82',
                     'Hsp_query-from': '75',
                     Hsp_evalue: '7.71688e-32',
                     Hsp_num: '1',
                     'Hsp_hit-to': '237',
                     'Hsp_hit-from': '1',
                     Hsp_gaps: '17',
                     'Hsp_query-frame': '1',
                     Hsp_hseq: 'MWIKNVGLLCVLILVSQMLLASCERQKERRRGKQGIEHGGKKQAESNPEREKGRKPKGGKASP--KGKFKSKENADCSWAVTDMS-AATVHIECRNGDSAFWCEFSGDPSACPHYAANQKSYWKQVSRSLKKQKQICQDPRSILKPKICRKGPRGAHLKLTRSSLLAAVDPAK----GHPAHHAAEDAQGPAASETGKQPEHSPPDCVEDVDYIDQRKVAEEYCPESLLSLCNFFITMVQDKKC',
                     'Hsp_align-len': '244',
                     Hsp_qseq: 'MKICSLTLLSFLLLAAQVLLV---------EGKKKVKNGLHSKVVSEQKDTLGNTQIKQKSRPGNKGKFVTKDQANCRWAATEQEEGISLKVECTQLDHEFSCVFAGNPTSCLKLK-DERVYWKQVARNLRSQKDICRYSKTAVKTRVCRKDFPESSLKLVSSTLFGNTKPRKEKTEMSPREHIKGKETTPSSLAVTQTMATKAPECVEDPDMANQRKTALEFCGETWSSLCTFFLSIVQDTSC',
                     'Hsp_query-to': '308',
                     'Hsp_hit-frame': '1',
                     Hsp_midline: 'M I ++ LL  L+L +Q+LL           GK+ +++G   +  S  +   G      K+ P  KGKF +K+ A+C WA T+     ++ +EC   D  F C F+G+P++C     +++ YWKQV+R+L+ QK IC+  ++ +K ++CRK    + LKL  S+L     P K      P  H       P++    +      P+CVED D  +QRK A E+C E+  SLC FF+++VQD  C' } },
                { Hit_def: 'gi|163914917|ref|NP_001106374.1| fibroblast growth factor binding protein 1 [Xenopus tropicalis] >gi|160774077|gb|AAI55369.1| Unknown (protein for MGC:180492) [Xenopus tropicalis]',
                  Hit_num: '9',
                  Hit_accession: '1658961',
                  Hit_id: 'gnl|BL_ORD_ID|1658961',
                  Hit_len: '224',
                  first_hsp: 
                   { 'Hsp_bit-score': '128.257',
                     Hsp_score: '321',
                     Hsp_positive: '129',
                     Hsp_identity: '81',
                     'Hsp_query-from': '75',
                     Hsp_evalue: '2.61139e-28',
                     Hsp_num: '1',
                     'Hsp_hit-to': '224',
                     'Hsp_hit-from': '1',
                     Hsp_gaps: '28',
                     'Hsp_query-frame': '1',
                     Hsp_hseq: 'MKLVHIAFLGLITLLMSNVLLVEGNNQREGKKERGKAKGEKKAEADSPQGKGGRTRGGKGSLQGKFVSKENATCTWAVTE-AQSVTLRIDCRKEESSFSCSFGGNPSSCPKYAGNEKSYWKQIARALKKQKKICQDPKAVLKSKECKRGPQEAHLRYLGSQV-----PQQVG---SSHTHVEPDVQVP----------TTAPGKDCEEEADPAEKQRIAAEYCGNSWGSFCNFFLSMLQSKSC',
                     'Hsp_align-len': '243',
                     Hsp_qseq: 'MKICSLTLLSFL-LLAAQVLLVEGK-----KKVKNGLHSKVVSEQKDTLGNTQIKQKSRPGNKGKFVTKDQANCRWAATEQEEGISLKVECTQLDHEFSCVFAGNPTSCLKLK-DERVYWKQVARNLRSQKDICRYSKTAVKTRVCRKDFPESSLKLVSSTLFGNTKPRKEKTEMSPREHIKGKETTPSSLAVTQTMATKAP--ECVEDPDMANQRKTALEFCGETWSSLCTFFLSIVQDTSC',
                     'Hsp_query-to': '308',
                     'Hsp_hit-frame': '1',
                     Hsp_midline: 'MK+  +  L  + LL + VLLVEG      KK +     +  +E     G     +  +   +GKFV+K+ A C WA TE  + ++L+++C + +  FSC F GNP+SC K   +E+ YWKQ+AR L+ QK IC+  K  +K++ C++   E+ L+ + S +     P++     S   H++     P          T AP  +C E+ D A +++ A E+CG +W S C FFLS++Q  SC' } },
                { Hit_def: 'gi|149703147|ref|XP_001498744.1| PREDICTED: similar to beta-3-adrenergic receptor [Equus caballus]',
                  Hit_num: '10',
                  Hit_accession: '863956',
                  Hit_id: 'gnl|BL_ORD_ID|863956',
                  Hit_len: '394',
                  first_hsp: 
                   { 'Hsp_bit-score': '123.25',
                     Hsp_score: '308',
                     Hsp_positive: '105',
                     Hsp_identity: '71',
                     'Hsp_query-from': '75',
                     Hsp_evalue: '9.44145e-27',
                     Hsp_num: '1',
                     'Hsp_hit-to': '162',
                     'Hsp_hit-from': '1',
                     Hsp_gaps: '4',
                     'Hsp_query-frame': '1',
                     Hsp_hseq: 'MRIHSLTLLPFLLLATQVLLVVRAQELWELQNNMATKDDWMTLGKPQIVQKAGQHKPLVNGVIVTPDQASCTVTLMEHEEGTAMKAVCSRMDHDFSCVFTGNPTSCIEGYKSDMIFWRQIAYRLSCQRNLCEDANTVLRSRICSRRFPESNFKLVYSTLIDD',
                     'Hsp_align-len': '162',
                     Hsp_qseq: 'MKICSLTLLSFLLLAAQVLLVEGKKKVKNGLHSKVVSEQKDTLGNTQIKQKS---RPGNKGKFVTKDQANCRWAATEQEEGISLKVECTQLDHEFSCVFAGNPTSCLK-LKDERVYWKQVARNLRSQKDICRYSKTAVKTRVCRKDFPESSLKLVSSTLFGN',
                     'Hsp_query-to': '232',
                     'Hsp_hit-frame': '1',
                     Hsp_midline: 'M+I SLTLL FLLLA QVLLV   +++    ++    +   TLG  QI QK+   +P   G  VT DQA+C     E EEG ++K  C+++DH+FSCVF GNPTSC++  K + ++W+Q+A  L  Q+++C  + T +++R+C + FPES+ KLV STL  +' } },
                { Hit_def: 'gi|125836651|ref|XP_001332813.1| PREDICTED: hypothetical protein [Danio rerio]',
                  Hit_num: '11',
                  Hit_accession: '1907769',
                  Hit_id: 'gnl|BL_ORD_ID|1907769',
                  Hit_len: '196',
                  first_hsp: 
                   { 'Hsp_bit-score': '80.8777',
                     Hsp_score: '198',
                     Hsp_positive: '83',
                     Hsp_identity: '50',
                     'Hsp_query-from': '114',
                     Hsp_evalue: '4.98488e-14',
                     Hsp_num: '1',
                     'Hsp_hit-to': '195',
                     'Hsp_hit-from': '28',
                     Hsp_gaps: '39',
                     'Hsp_query-frame': '1',
                     Hsp_hseq: 'KDRKAQTDGKRRGRAQRTDGSLKGRFSLKDGPRCSWSAARDGDAFVLGITCKNGEETFGCKYVAKPTTCQQYASNTKLYWKQIGHSLTKQRRVCRDSRALVRAGVCRSAPADAHFKLMDA-------------RANSRVPLPGNNLC--------------------PDRIERLRVAEEYCSSSWSSLCTFLFLMLENDEC',
                     'Hsp_align-len': '201',
                     Hsp_qseq: 'KDTLGNTQIKQKSRPGN-----KGKFVTKDQANCRWAATEQEEGISLKVECTQLDHEFSCVFAGNPTSCLKL-KDERVYWKQVARNLRSQKDICRYSKTAVKTRVCRKDFPESSLKLVSSTLFGNTKPRKEKTEMSPREHIKGKETTPSSLAVTQTMATKAPECVEDPDMANQRKTALEFCGETWSSLCTFFLSIVQDTSC',
                     'Hsp_query-to': '308',
                     'Hsp_hit-frame': '1',
                     Hsp_midline: 'KD    T  K++ R        KG+F  KD   C W+A    +   L + C   +  F C +   PT+C +   + ++YWKQ+  +L  Q+ +CR S+  V+  VCR    ++  KL+ +               + R  + G                        PD   + + A E+C  +WSSLCTF   ++++  C' } },
                { Hit_def: 'gi|149410499|ref|XP_001515230.1| PREDICTED: similar to FGF binding protein-2 [Ornithorhynchus anatinus]',
                  Hit_num: '12',
                  Hit_accession: '1770832',
                  Hit_id: 'gnl|BL_ORD_ID|1770832',
                  Hit_len: '205',
                  first_hsp: 
                   { 'Hsp_bit-score': '78.9518',
                     Hsp_score: '193',
                     Hsp_positive: '100',
                     Hsp_identity: '63',
                     'Hsp_query-from': '109',
                     Hsp_evalue: '1.72814e-13',
                     Hsp_num: '1',
                     'Hsp_hit-to': '204',
                     'Hsp_hit-from': '10',
                     Hsp_gaps: '15',
                     'Hsp_query-frame': '1',
                     Hsp_hseq: 'VVSYCLGILGQVPKQSKGSSGEDIHFQTKGKDACTANISGQPE-IKLRIECKSPGKSYWCEFSGKPTLCRPFTNNPKLYWNQITQELKKLPHACQ-SVTVLKPSVCQKAPPDAQLRQIASSLKGALRSSTLPKSKETQ-SGKGTIKKAGKPKTTSPPVIKMTLP--GPEAGNDAESA---KIAKEYCWESLHSFCSYIISIFR',
                     'Hsp_align-len': '203',
                     Hsp_qseq: 'VVSEQKDTLGNTQIKQKSRPGNKGKFVTKDQANCRWAATEQEEGISLKVECTQLDHEFSCVFAGNPTSCLKL-KDERVYWKQVARNLRSQKDICRYSKTAVKTRVCRKDFPESSLKLVSSTLFG----NTKPRKEKTEMSPREHIK--GKETTPSSLAVTQTMATKAPECVEDPDMANQRKTALEFCGETWSSLCTFFLSIVQ',
                     'Hsp_query-to': '304',
                     'Hsp_hit-frame': '1',
                     Hsp_midline: 'VVS     LG    + K   G    F TK +  C    + Q E I L++EC      + C F+G PT C     + ++YW Q+ + L+     C+ S T +K  VC+K  P++ L+ ++S+L G    +T P+ ++T+ S +  IK  GK  T S   +  T+    PE   D + A   K A E+C E+  S C++ +SI +' } },
                { Hit_def: 'gi|68384147|ref|XP_686320.1| PREDICTED: hypothetical protein [Danio rerio] >gi|125841734|ref|XP_001334606.1| PREDICTED: hypothetical protein [Danio rerio] >gi|159155607|gb|AAI54516.1| Unknown (protein for MGC:172069) [Danio rerio]',
                  Hit_num: '13',
                  Hit_accession: '1592136',
                  Hit_id: 'gnl|BL_ORD_ID|1592136',
                  Hit_len: '232',
                  first_hsp: 
                   { 'Hsp_bit-score': '75.485',
                     Hsp_score: '184',
                     Hsp_positive: '85',
                     Hsp_identity: '51',
                     'Hsp_query-from': '132',
                     Hsp_evalue: '1.99208e-12',
                     Hsp_num: '1',
                     'Hsp_hit-to': '226',
                     'Hsp_hit-from': '48',
                     Hsp_gaps: '15',
                     'Hsp_query-frame': '1',
                     Hsp_hseq: 'GQLSTKDGHRCTWETLERGANIVLQVSCSVAGEDGLKHPYTCQFAGKPQECSAYNDQSSQYWKQVVSKLKRRENACEGEKV-LKTRLCKKASSVSHMKLTERSGVETTTHMSEGTQDSKRKTDVPGRKEKDVQKEKKEEEEEMKKDEDDGVEGIVNDEFSDM-EPAVGYCRESWHSLCRFF',
                     'Hsp_align-len': '181',
                     Hsp_qseq: 'GKFVTKDQANCRWAATEQEEGISLKVECT-----QLDHEFSCVFAGNPTSCLKLKDERV-YWKQVARNLRSQKDICRYSKTAVKTRVCRKDFPESSLKL-------VSSTLFGNTKPRKEKTEMSPREHIKGKETTPSSLAVTQTMATKAPECVEDPDMANQRKTALEFCGETWSSLCTFF',
                     'Hsp_query-to': '299',
                     'Hsp_hit-frame': '1',
                     Hsp_midline: 'G+  TKD   C W   E+   I L+V C+      L H ++C FAG P  C    D+   YWKQV   L+ +++ C   K  +KTR+C+K    S +KL        ++ +   T+  K KT++  R+    ++         +       E + + + ++  + A+ +C E+W SLC FF' } },
                { Hit_def: 'gi|125803707|ref|XP_001339408.1| PREDICTED: hypothetical protein [Danio rerio]',
                  Hit_num: '14',
                  Hit_accession: '1395287',
                  Hit_id: 'gnl|BL_ORD_ID|1395287',
                  Hit_len: '286',
                  first_hsp: 
                   { 'Hsp_bit-score': '68.5514',
                     Hsp_score: '166',
                     Hsp_positive: '82',
                     Hsp_identity: '48',
                     'Hsp_query-from': '131',
                     Hsp_evalue: '2.75981e-10',
                     Hsp_num: '1',
                     'Hsp_hit-to': '286',
                     'Hsp_hit-from': '128',
                     Hsp_gaps: '25',
                     'Hsp_query-frame': '1',
                     Hsp_hseq: 'KGKFIINDKTQQCTWVA-RGEDKYTMNVTCKPGSGDGFTCKYTAKPATCAEYSSNPKGYWKQIARSLQKQKKLCVDPRALIRAGMCKRAPLDAHFKLTEASQ--KKPPSTEKTPTATNTPPPDTEQG----------------CTERID---HRELAREKCGDSWASLCAFLFTVIQSGDC',
                     'Hsp_align-len': '181',
                     Hsp_qseq: 'KGKFVTKDQAN-CRWAATEQEEGISLKVECTQLDHE-FSCVFAGNPTSCLKLK-DERVYWKQVARNLRSQKDICRYSKTAVKTRVCRKDFPESSLKLVSSTLFGNTKPRKEKTEMSPREHIKGKETTPSSLAVTQTMATKAPECVEDPDMANQRKTALEFCGETWSSLCTFFLSIVQDTSC',
                     'Hsp_query-to': '308',
                     'Hsp_hit-frame': '1',
                     Hsp_midline: 'KGKF+  D+   C W A   E+  ++ V C     + F+C +   P +C +   + + YWKQ+AR+L+ QK +C   +  ++  +C++   ++  KL  ++      P  EKT  +        E                  C E  D    R+ A E CG++W+SLC F  +++Q   C' } },
                { Hit_def: 'gi|13994345|ref|NP_114156.1| fibroblast growth factor binding protein 2 [Homo sapiens] >gi|74733476|sp|Q9BYJ0|FGFP2_HUMAN Fibroblast growth factor-binding protein 2 precursor (FGF-binding protein 2) (FGF-BP2) (FGFBP-2) (37 kDa killer-specific secretory protein) (Ksp37) (HBp17-related protein) (HBp17-RP) >gi|13991771|gb|AAK51503.1|AF361936_1 HBp17-related protein [Homo sapiens] >gi|13442782|dbj|BAB39770.1| Ksp37 [Homo sapiens] >gi|19343683|gb|AAH25720.1| Fibroblast growth factor binding protein 2 [Homo sapiens] >gi|37183074|gb|AAQ89337.1| KSP37 [Homo sapiens] >gi|119613155|gb|EAW92749.1| Ksp37 protein [Homo sapiens] >gi|123982494|gb|ABM82988.1| Ksp37 protein [synthetic construct] >gi|123997161|gb|ABM86182.1| Ksp37 protein [synthetic construct]',
                  Hit_num: '15',
                  Hit_accession: '1573394',
                  Hit_id: 'gnl|BL_ORD_ID|1573394',
                  Hit_len: '223',
                  first_hsp: 
                   { 'Hsp_bit-score': '61.2326',
                     Hsp_score: '147',
                     Hsp_positive: '86',
                     Hsp_identity: '48',
                     'Hsp_query-from': '116',
                     Hsp_evalue: '4.59382e-08',
                     Hsp_num: '1',
                     'Hsp_hit-to': '222',
                     'Hsp_hit-from': '17',
                     Hsp_gaps: '19',
                     'Hsp_query-frame': '1',
                     Hsp_hseq: 'TLGQAPRQKQGSTGEEFHFQTGGRDSCTMRPSSLGQGAGEVWLRVDCRNTDQTYWCEYRGQPSMCQAFAADPKPYWNQALQELRRLHHACQGAPV-LRPSVCREAGPQAHMQQVTSSLKGSPEPNQQPEAGTPSLRPKATVKLTEATQLGKDSMEELGKAKPTTRPTAKPTQPGPRPGGNEEAKKKAWEHCWKPFQALCAFLISFFR',
                     'Hsp_align-len': '207',
                     Hsp_qseq: 'TLGNTQIKQKSRPGNKGKFVTKDQANCRWAATEQEEG---ISLKVECTQLDHEFSCVFAGNPTSCLKL-KDERVYWKQVARNLRSQKDICRYSKTAVKTRVCRKDFPESSLKLVSSTLFG----NTKPRKEKTEMSPREHIKGKETTPSSLAVTQTMATKAPEC--VEDPDMANQR--------KTALEFCGETWSSLCTFFLSIVQ',
                     'Hsp_query-to': '304',
                     'Hsp_hit-frame': '1',
                     Hsp_midline: 'TLG    +++   G +  F T  + +C    +   +G   + L+V+C   D  + C + G P+ C     D + YW Q  + LR     C+ +   ++  VCR+  P++ ++ V+S+L G    N +P      + P+  +K  E T       + +    P       P     R        K A E C + + +LC F +S  +' } },
                { Hit_def: 'gi|161612007|gb|AAI55949.1| Unknown (protein for IMAGE:7391197) [Xenopus laevis]',
                  Hit_num: '16',
                  Hit_accession: '1419330',
                  Hit_id: 'gnl|BL_ORD_ID|1419330',
                  Hit_len: '277',
                  first_hsp: 
                   { 'Hsp_bit-score': '55.0694',
                     Hsp_score: '131',
                     Hsp_positive: '92',
                     Hsp_identity: '55',
                     'Hsp_query-from': '117',
                     Hsp_evalue: '2.80951e-06',
                     Hsp_num: '1',
                     'Hsp_hit-to': '274',
                     'Hsp_hit-from': '52',
                     Hsp_gaps: '45',
                     'Hsp_query-frame': '1',
                     Hsp_hseq: 'LGKTE-KATSKRGDKQGFARSGEFSTKHQHECTWEIT-GDQIVNLTLVCQQQGVNSYTCSYTGDPLKCPSYKTKAKQYWKQILGKFKKVRNACE--EKTLRSHICKKSAAVESQLIKVDAGAGEEGKNIKTKGKTHMKEPGKGTEEKPRSTEANEDSGGEQKSSSKKRKPFPKSNHKPNPPTSSSSLPSLSTAAREVNDDIVELNEDLAETYCAEKWNSLCSFFVNF',
                     'Hsp_align-len': '227',
                     Hsp_qseq: 'LGNTQIKQKSRPGNK------GKFVTKDQANCRWAATEQEEGISLKVECTQLD-HEFSCVFAGNPTSCLKLKDE-RVYWKQVARNLRSQKDICRYSKTAVKTRVCRKDFP-ESSLKLVSSTLFGNTKPRKEKTEMSPREHIKGKETTPSSLAVTQTMATK--------------------------------APECVEDPDMANQRKTALEFCGETWSSLCTFFLSI',
                     'Hsp_query-to': '302',
                     'Hsp_hit-frame': '1',
                     Hsp_midline: 'LG T+ K  S+ G+K      G+F TK Q  C W  T  ++ ++L + C Q   + ++C + G+P  C   K + + YWKQ+    +  ++ C   +  +++ +C+K    ES L  V +      K  K K +   +E  KG E  P S    +    +                                A   V D  +      A  +C E W+SLC+FF++' } },
                { Hit_def: 'gi|47211294|emb|CAF92143.1| unnamed protein product [Tetraodon nigroviridis]',
                  Hit_num: '17',
                  Hit_accession: '1704977',
                  Hit_id: 'gnl|BL_ORD_ID|1704977',
                  Hit_len: '216',
                  first_hsp: 
                   { 'Hsp_bit-score': '53.1434',
                     Hsp_score: '126',
                     Hsp_positive: '77',
                     Hsp_identity: '53',
                     'Hsp_query-from': '125',
                     Hsp_evalue: '1.22009e-05',
                     Hsp_num: '1',
                     'Hsp_hit-to': '213',
                     'Hsp_hit-from': '47',
                     Hsp_gaps: '51',
                     'Hsp_query-frame': '1',
                     Hsp_hseq: 'KSSESRRGKFLIHEEKDTGMQCRWVAHDVPDAVRLSVECENPQARVRGGVTDLQCEYTGKPQLCPGYQSSPEGFWKQVSRAFRKLQGKVCYDVRALVRTGMC-KSAPRGALFKLDVDSSVVSAQSGGETPRP---------------GTPAPAA-----------CAE-----QARRKAQERCDSSWVSLCALFFSMLE',
                     'Hsp_align-len': '199',
                     Hsp_qseq: 'KSRPGNKGKFVTKDQAN----CRWAATEQEEGISLKVECTQLDH-------EFSCVFAGNPTSCLKLKDE-RVYWKQVARNLRS-QKDICRYSKTAVKTRVCRKDFPESSL-KL-----VSSTLFGNTKPRKEKTEMSPREHIKGKETTPSSLAVTQTMATKAPECVEDPDMANQRKTALEFCGETWSSLCTFFLSIVQ',
                     'Hsp_query-to': '304',
                     'Hsp_hit-frame': '1',
                     Hsp_midline: 'KS    +GKF+  ++ +    CRW A +  + + L VEC            +  C + G P  C   +     +WKQV+R  R  Q  +C   +  V+T +C K  P  +L KL     V S   G   PR                 TP+  A           C E       R+ A E C  +W SLC  F S+++' } },
                { Hit_def: 'gi|109089921|ref|XP_001088750.1| PREDICTED: hypothetical protein [Macaca mulatta]',
                  Hit_num: '18',
                  Hit_accession: '1493287',
                  Hit_id: 'gnl|BL_ORD_ID|1493287',
                  Hit_len: '254',
                  first_hsp: 
                   { 'Hsp_bit-score': '51.6026',
                     Hsp_score: '122',
                     Hsp_positive: '78',
                     Hsp_identity: '50',
                     'Hsp_query-from': '129',
                     Hsp_evalue: '3.6399e-05',
                     Hsp_num: '1',
                     'Hsp_hit-to': '251',
                     'Hsp_hit-from': '47',
                     Hsp_gaps: '43',
                     'Hsp_query-frame': '1',
                     Hsp_hseq: 'GSSGRFLSPEQHACSWQLLLPAPGAAAGSELALRCQSPDGARHQCAYRGEPQRCVAYAARRAHFWKQVLGGLRKKRRPCHDPTPLQARWRGKRARCELRLCHAR-PAARLRAGSRGV----QPRA-RSRGRPRERAPGPAAGITPPQSAPPKENPSERKTNGGKRKAALVPNEERPMGTGPDPDGLDGNAELTETYCAEKWHSLCNFFVNF',
                     'Hsp_align-len': '211',
                     Hsp_qseq: 'GNKGKFVTKDQANCRW----AATEQEEGISLKVECTQLDH-EFSCVFAGNPTSCLKLKDERV-YWKQVARNLRSQKDIC----------RYSKTAVKTRVCRKDFPESSLKLVSSTLFGNTKPRKEKTEMSPREHIKGKE---TTPSSLAVTQTMATKAPECVE-----------------DPDMANQRKTALE-FCGETWSSLCTFFLSI',
                     'Hsp_query-to': '302',
                     'Hsp_hit-frame': '1',
                     Hsp_midline: 'G+ G+F++ +Q  C W     A     G  L + C   D     C + G P  C+     R  +WKQV   LR ++  C          R  +   + R+C    P + L+  S  +    +PR  ++   PRE   G     T P S    +  + +     +                 DPD  +      E +C E W SLC FF++' } },
                { Hit_def: 'gi|73998220|ref|XP_850051.1| PREDICTED: hypothetical protein XP_844958 [Canis familiaris]',
                  Hit_num: '19',
                  Hit_accession: '1475367',
                  Hit_id: 'gnl|BL_ORD_ID|1475367',
                  Hit_len: '259',
                  first_hsp: 
                   { 'Hsp_bit-score': '50.8322',
                     Hsp_score: '120',
                     Hsp_positive: '90',
                     Hsp_identity: '57',
                     'Hsp_query-from': '109',
                     Hsp_evalue: '5.03978e-05',
                     Hsp_num: '1',
                     'Hsp_hit-to': '256',
                     'Hsp_hit-from': '25',
                     Hsp_gaps: '46',
                     'Hsp_query-frame': '1',
                     Hsp_hseq: 'VVAARRDKGLAGRVAEPA-PGPAGRSSGRFVSPERHACSWQLLLRAPGPAAGSELALRCRDPAGARQQCAYRGEPERCAAYAARGSHYWKQVLGGLRRKRRPCR-DPAPLKARLCAGKEGHGAELRLVPRASSPARPTAAGFARDPKPR-AGSRGPPREPAPGSATAARLPASASPRGKPSEKSKAGKR-KAASDPGVERPLGTRPEPDGLDENAKLTETYCAEKWHSLCNFFVNF',
                     'Hsp_align-len': '236',
                     Hsp_qseq: 'VVSEQKDTLGNTQIKQKSRPG----NKGKFVTKDQANCRWA----ATEQEEGISLKVECTQ-LDHEFSCVFAGNPTSCLKLKDERV-YWKQVARNLRSQKDICRYSKTAVKTRVCR-KDFPESSLKLV----------SSTLFGNTKPRKEKTEMSPREHIKGKET--------TPSSLAVTQTMATKAPECVEDPDMANQRKTALE-------------FCGETWSSLCTFFLSI',
                     'Hsp_query-to': '302',
                     'Hsp_hit-frame': '1',
                     Hsp_midline: 'VV+ ++D     ++ + + PG    + G+FV+ ++  C W     A     G  L + C         C + G P  C         YWKQV   LR ++  CR     +K R+C  K+   + L+LV          ++    + KPR   +   PRE   G  T        +P      ++ A K  +   DP +     T  E             +C E W SLC FF++' } },
                { Hit_def: 'gi|139948267|ref|NP_082539.2| fibroblast growth factor binding protein 3 [Mus musculus] >gi|95116746|gb|ABF56583.1| growth factor biding protein 3 [Mus musculus] >gi|148709830|gb|EDL41776.1| RIKEN cDNA 2610306H15 [Mus musculus]',
                  Hit_num: '20',
                  Hit_accession: '1491648',
                  Hit_id: 'gnl|BL_ORD_ID|1491648',
                  Hit_len: '250',
                  first_hsp: 
                   { 'Hsp_bit-score': '45.0542',
                     Hsp_score: '105',
                     Hsp_positive: '76',
                     Hsp_identity: '49',
                     'Hsp_query-from': '121',
                     Hsp_evalue: '0.00335046',
                     Hsp_num: '1',
                     'Hsp_hit-to': '247',
                     'Hsp_hit-from': '42',
                     Hsp_gaps: '40',
                     'Hsp_query-frame': '1',
                     Hsp_hseq: 'EVTRASRPTVGSSGRFVSPEQHACSWQLLVPAPGTPTGGELALRCQTPGGASLHCAYRGHPERCAATGARRAHYWRRLLGALRRRPRPC-LDPAPLPPRLCAR-------KTAGSDLHSPAHPSLPARPSEPPRSRARSPARSRQSVRSPSSQPEKKPLLVKSNSGGRKAGSDPVPEPPAAAGFQPNGLDQNAELTETYCTEKWHSLCNFFVNF',
                     'Hsp_align-len': '214',
                     Hsp_qseq: 'QIKQKSRP--GNKGKFVTKDQANCRW----AATEQEEGISLKVEC-TQLDHEFSCVFAGNPTSCLKLKDERV-YWKQVARNLRSQKDICRYSKTAVKTRVCRKDFPESSLKLVSSTLFGNTKPR-KEKTEMSPREHIKGKETTPSSLAVTQTMATKAPECV---------------EDPDMANQRKTALE--------FCGETWSSLCTFFLSI',
                     'Hsp_query-to': '302',
                     'Hsp_hit-frame': '1',
                     Hsp_midline: '++ + SRP  G+ G+FV+ +Q  C W     A     G  L + C T       C + G+P  C      R  YW+++   LR +   C      +  R+C +       K   S L     P    +    PR   +    +  S+    +   K P  V               E P  A  +   L+        +C E W SLC FF++' } },
                { Hit_def: 'gi|125803702|ref|XP_686865.2| PREDICTED: hypothetical protein [Danio rerio]',
                  Hit_num: '21',
                  Hit_accession: '1395288',
                  Hit_id: 'gnl|BL_ORD_ID|1395288',
                  Hit_len: '279',
                  first_hsp: 
                   { 'Hsp_bit-score': '43.1282',
                     Hsp_score: '100',
                     Hsp_positive: '91',
                     Hsp_identity: '49',
                     'Hsp_query-from': '110',
                     Hsp_evalue: '0.0117126',
                     Hsp_num: '1',
                     'Hsp_hit-to': '278',
                     'Hsp_hit-from': '48',
                     Hsp_gaps: '52',
                     'Hsp_query-frame': '1',
                     Hsp_hseq: 'ATDAQNSSNHIEITQHSRPQPQPKANLWDEPIRFNTKAKDTCTMVISSQTNTTKLRVSCKSKGKSYWCDFLGKPNLCKSYNNNPRHYFTQIMWDLRKLHNACQGSK-VYKPQMCRSASDEVQM------VFHNSWPKNSVPKPTQSSQNQQKHQQQVKSSVPPTKPPTKQQLKPQQPAKA-ASKPAKTGASKPASPRKPVKAITVRPTVAEESQSVKMAEEYCWKSLQGVCAYFISWFQ',
                     'Hsp_align-len': '239',
                     Hsp_qseq: 'VSEQKDTLGNTQIKQKSRPGNKGK---------FVTKDQANCRWAATEQEEGISLKVECTQLDHEFSCVFAGNPTSCLKLKDE-RVYWKQVARNLRSQKDICRYSKTAVKTRVCRKDFPESSLKLVSSTLFGNTKPRKE-----------------------------KTEMSPREHIKGKETTPSSLAVTQTMATKAP--ECVEDPDMANQR---KTALEFCGETWSSLCTFFLSIVQ',
                     'Hsp_query-to': '304',
                     'Hsp_hit-frame': '1',
                     Hsp_midline: '++ +++  + +I Q SRP  + K         F TK +  C    + Q     L+V C      + C F G P  C    +  R Y+ Q+  +LR   + C+ SK   K ++CR    E  +      +F N+ P+                               K ++ P++  K   + P+    ++  + + P       P +A +    K A E+C ++   +C +F+S  Q' } },
                { Hit_def: 'gi|45383271|ref|NP_989778.1| Ksp37 protein [Gallus gallus] >gi|82098301|sp|Q802A9|FGFP2_CHICK Fibroblast growth factor-binding protein 2 precursor (FGF-binding protein 2) (FGF-BP2) (FGFBP-2) >gi|29468090|gb|AAO23116.1| FGF binding protein-2 [Gallus gallus]',
                  Hit_num: '22',
                  Hit_accession: '1723559',
                  Hit_id: 'gnl|BL_ORD_ID|1723559',
                  Hit_len: '208',
                  first_hsp: 
                   { 'Hsp_bit-score': '41.5874',
                     Hsp_score: '96',
                     Hsp_positive: '79',
                     Hsp_identity: '40',
                     'Hsp_query-from': '117',
                     Hsp_evalue: '0.0352349',
                     Hsp_num: '1',
                     'Hsp_hit-to': '207',
                     'Hsp_hit-from': '18',
                     Hsp_gaps: '10',
                     'Hsp_query-frame': '1',
                     Hsp_hseq: 'LGQKLKPKKRSNGEEINFRTKTKDVCTMRISGDEE-MKARIECKGQGKSYWCEYTGMPLLCHPFQNNPKMYWNQITMELRKLPHACE-STQMLKASMCQKAPVDALMKQVAAGVEPEDGANRDKSSQKTSASVRGAGKSSVKKTGKPAVLPRIKPTQHGQGSENETEA--MKLAREHCWESLHEFCSYIIGFFR',
                     'Hsp_align-len': '194',
                     Hsp_qseq: 'LGNTQIKQKSRPGNKGKFVTKDQANCRWAATEQEEGISLKVECTQLDHEFSCVFAGNPTSCLKLKDE-RVYWKQVARNLRSQKDICRYSKTAVKTRVCRKDFPESSLKLVSSTLFGNTKPRKEKTEMSPREHIKGK-----ETTPSSLAVTQTMATKAPECVEDPDMANQRKTALEFCGETWSSLCTFFLSIVQ',
                     'Hsp_query-to': '304',
                     'Hsp_hit-frame': '1',
                     Hsp_midline: 'LG     +K   G +  F TK +  C    +  EE +  ++EC      + C + G P  C   ++  ++YW Q+   LR     C  S   +K  +C+K   ++ +K V++ +       ++K+       ++G      + T     + +   T+  +  E+   A   K A E C E+    C++ +   +' } },
                { Hit_def: 'gi|126331981|ref|XP_001369585.1| PREDICTED: similar to Ksp37 [Monodelphis domestica]',
                  Hit_num: '23',
                  Hit_accession: '1635293',
                  Hit_id: 'gnl|BL_ORD_ID|1635293',
                  Hit_len: '223',
                  first_hsp: 
                   { 'Hsp_bit-score': '39.6614',
                     Hsp_score: '91',
                     Hsp_positive: '74',
                     Hsp_identity: '44',
                     'Hsp_query-from': '129',
                     Hsp_evalue: '0.118141',
                     Hsp_num: '1',
                     'Hsp_hit-to': '220',
                     'Hsp_hit-from': '30',
                     Hsp_gaps: '21',
                     'Hsp_query-frame': '1',
                     Hsp_hseq: 'GEEIHFQTKGKDACSMRVSDQGE-IHLRLECRNQGQFSWCEYSGKLKLCGAFVSNPTLYWSQVVLGLRRLSEPC-LAAPVLRPPMCQGAGPEAQLKQEASSLKDAHLSSLQSEASRPSKLGFRSEGTPPKDSKEVQMVKVSAKKVGKAKPTALPPAKPTQQGQQARREEEARRMAKEYCWEPLHKICSYIIGI',
                     'Hsp_align-len': '193',
                     Hsp_qseq: 'GNKGKFVTKDQANCRWAATEQEEGISLKVECTQLDHEFSCVFAGNPTSCLK-LKDERVYWKQVARNLRSQKDICRYSKTAVKTRVCRKDFPESSLKLVSSTLFGNTKPRKEKTEMSPREHIKGKETTPSS-------LAVTQTMATKAPECVEDPDMANQ-----------RKTALEFCGETWSSLCTFFLSI',
                     'Hsp_query-to': '302',
                     'Hsp_hit-frame': '1',
                     Hsp_midline: 'G +  F TK +  C    ++Q E I L++EC        C ++G    C   + +  +YW QV   LR   + C  +   ++  +C+   PE+ LK  +S+L        +     P +     E TP         + V+     KA      P    Q           R+ A E+C E    +C++ + I' } },
                { Hit_def: 'gi|126273287|ref|XP_001375628.1| PREDICTED: similar to Fibroblast growth factor binding protein 3 [Monodelphis domestica]',
                  Hit_num: '24',
                  Hit_accession: '1395963',
                  Hit_id: 'gnl|BL_ORD_ID|1395963',
                  Hit_len: '283',
                  first_hsp: 
                   { 'Hsp_bit-score': '37.7354',
                     Hsp_score: '86',
                     Hsp_positive: '34',
                     Hsp_identity: '27',
                     'Hsp_query-from': '133',
                     Hsp_evalue: '0.548469',
                     Hsp_num: '1',
                     'Hsp_hit-to': '141',
                     'Hsp_hit-from': '47',
                     Hsp_gaps: '16',
                     'Hsp_query-frame': '1',
                     Hsp_hseq: 'RFSNPDQHACSWQILLPAPGDSSAAGAGGGGTGSELAVSCQSPDGSRYQCAYRGEPQRCAAYNARGPQYWKQVVGKLRKKKQPC-HDPAPLKARLC',
                     'Hsp_align-len': '96',
                     Hsp_qseq: 'KFVTKDQANCRW-------------AATEQEEGISLKVECTQLD-HEFSCVFAGNPTSCLKLKDERV-YWKQVARNLRSQKDICRYSKTAVKTRVC',
                     'Hsp_query-to': '213',
                     'Hsp_hit-frame': '1',
                     Hsp_midline: '+F   DQ  C W              A     G  L V C   D   + C + G P  C         YWKQV   LR +K  C +    +K R+C' } },
                { Hit_def: 'gi|125836649|ref|XP_001332722.1| PREDICTED: hypothetical protein [Danio rerio]',
                  Hit_num: '25',
                  Hit_accession: '1760636',
                  Hit_id: 'gnl|BL_ORD_ID|1760636',
                  Hit_len: '215',
                  first_hsp: 
                   { 'Hsp_bit-score': '37.3502',
                     Hsp_score: '85',
                     Hsp_positive: '55',
                     Hsp_identity: '28',
                     'Hsp_query-from': '133',
                     Hsp_evalue: '0.687053',
                     Hsp_num: '1',
                     'Hsp_hit-to': '151',
                     'Hsp_hit-from': '26',
                     Hsp_gaps: '4',
                     'Hsp_query-frame': '1',
                     Hsp_hseq: 'EFLTKGTKDECYMSVTGSGDLTKLRITCQGDERSYWCEYQGRPKVCRSYNGNPVHYYRQIMWSLRKLPNACQ-GQRVYKPLMCKRATDDAQMVFTTSS-SADAVPRDRPEPMRPAQKPMPKPTRPQPL',
                     'Hsp_align-len': '128',
                     Hsp_qseq: 'KFVTKDQAN-CRWAATEQEEGISLKVECTQLDHEFSCVFAGNPTSCLKLKDERV-YWKQVARNLRSQKDICRYSKTAVKTRVCRKDFPESSLKLVSSTLFGNTKPRKEKTEMSPREHIKGKETTPSSL',
                     'Hsp_query-to': '258',
                     'Hsp_hit-frame': '1',
                     Hsp_midline: '+F+TK   + C  + T   +   L++ C   +  + C + G P  C       V Y++Q+  +LR   + C+  +   K  +C++   ++ +   +S+   +  PR     M P +    K T P  L' } },
                { Hit_def: 'gi|168057953|ref|XP_001780976.1| predicted protein [Physcomitrella patens subsp. patens] >gi|162667610|gb|EDQ54236.1| predicted protein [Physcomitrella patens subsp. patens]',
                  Hit_num: '26',
                  Hit_accession: '275092',
                  Hit_id: 'gnl|BL_ORD_ID|275092',
                  Hit_len: '718',
                  first_hsp: 
                   { 'Hsp_bit-score': '33.8834',
                     Hsp_score: '76',
                     Hsp_positive: '26',
                     Hsp_identity: '22',
                     'Hsp_query-from': '120',
                     Hsp_evalue: '7.34692',
                     Hsp_num: '1',
                     'Hsp_hit-to': '640',
                     'Hsp_hit-from': '582',
                     Hsp_gaps: '9',
                     'Hsp_query-frame': '1',
                     Hsp_hseq: 'TDIKQASFLGEKGEFVASGSDDGRWFIWSKETGRLIKMLNGDENVVNCVQ-SHPFDCAIA',
                     'Hsp_align-len': '60',
                     Hsp_qseq: 'TQIKQKSRPGNKGKFVTKDQANCRWAATEQEEGISLK--------VECTQLDHEFSCVFA',
                     'Hsp_query-to': '171',
                     'Hsp_hit-frame': '1',
                     Hsp_midline: 'T IKQ S  G KG+FV     + RW    +E G  +K        V C Q  H F C  A' } },
                { Hit_def: 'gi|17511224|dbj|BAB79235.1| nucleosome assembly protein 1 [Paramecium caudatum]',
                  Hit_num: '27',
                  Hit_accession: '892897',
                  Hit_id: 'gnl|BL_ORD_ID|892897',
                  Hit_len: '369',
                  first_hsp: 
                   { 'Hsp_bit-score': '33.4982',
                     Hsp_score: '75',
                     Hsp_positive: '64',
                     Hsp_identity: '37',
                     'Hsp_query-from': '122',
                     Hsp_evalue: '8.32645',
                     Hsp_num: '1',
                     'Hsp_hit-to': '237',
                     'Hsp_hit-from': '97',
                     Hsp_gaps: '15',
                     'Hsp_query-frame': '1',
                     Hsp_hseq: 'IKQKFKPEDQAKAVALVYYMKKWSNAEQQ--YQEKVQKLSTDHIKACMPEQQEINALVNGEREPKAEELQGLKDLGSDIKSAEPIPNYWQKVLQHCSITGTRLSQKDVDVLASLKGISAVMGDNDKDFKIKFEFNPNEFFENK',
                     'Hsp_align-len': '143',
                     Hsp_qseq: 'IKQKSRPGNKGKFVTKDQANCRWAATEQEEGISLKVECTQLDHEFSCVFAGNPTSCL------KLKDERVYWKQVARNLRSQKDICRYSKTAVK------TRVCRKDFPE-SSLKLVSSTLFGNTKPRKEKTEMSPREHIKGK',
                     'Hsp_query-to': '251',
                     'Hsp_hit-frame': '1',
                     Hsp_midline: 'IKQK +P ++ K V       +W+  EQ+     KV+    DH  +C+      + L         +E    K +  +++S + I  Y +  ++      TR+ +KD    +SLK +S+ +  N K  K K E +P E  + K' } } ],
             BlastOutput_version: 'blastp 2.2.26 [Sep-21-2011]',
             BlastOutput_program: 'blastp',
             BlastOutput_reference: '~Reference: Altschul, Stephen F., Thomas L. Madden, Alejandro A. Schaffer, ~Jinghui Zhang, Zheng Zhang, Webb Miller, and David J. Lipman (1997), ~"Gapped BLAST and PSI-BLAST: a new generation of protein database search~programs",  Nucleic Acids Res. 25:3389-3402.',
             'BlastOutput_query-def': 'No definition line found',
             'BlastOutput_query-ID': 'lcl|QUERY',
             BlastOutput_db: 'nr70',
             BlastOutput_param: 
              { Parameters: 
                 { Parameters_filter: 'F',
                   Parameters_matrix: 'BLOSUM62',
                   'Parameters_gap-extend': '1',
                   Parameters_expect: '10',
                   'Parameters_gap-open': '11' } },
             'BlastOutput_query-len': '308' } } },
     { out: 
        { BlastOutput: 
           { Hits: 
              [ { Hit_def: 'gi|62078605|ref|NP_001013960.1| von Willebrand factor A domain-related protein [Rattus norvegicus] >gi|81884089|sp|Q642A6|VWA1_RAT von Willebrand factor A domain-containing protein 1 precursor >gi|51980318|gb|AAH81983.1| Von Willebrand factor A domain containing 1 [Rattus norvegicus] >gi|149024826|gb|EDL81323.1| von Willebrand factor A domain containing 1 [Rattus norvegicus]',
                  Hit_num: '1',
                  Hit_accession: '755361',
                  Hit_id: 'gnl|BL_ORD_ID|755361',
                  Hit_len: '415',
                  first_hsp: 
                   { 'Hsp_bit-score': '750.355',
                     Hsp_score: '1936',
                     Hsp_positive: '394',
                     Hsp_identity: '384',
                     'Hsp_query-from': '81',
                     Hsp_evalue: '0',
                     Hsp_num: '1',
                     'Hsp_hit-to': '415',
                     'Hsp_hit-from': '1',
                     'Hsp_query-frame': '1',
                     Hsp_hseq: 'MLFWTVLSMALSLRLALAQSGIERGPTASAPQGDLLFLLDSSASVSHYEFSRVREFVGQLVATMPFGPGALRASLVHVGSRPHTEFTFDQYSSGQAIQDAVRVAPQRMGDTNTGLALAYAKEQLFAEEAGARLGVPKVLVWVTDGASSDSVGPPMQELKDLGVTIFIVSTGRGNLLELLAAASAPAEKHLHFVDVDDLPIIARELRGAIIDAMQPHQLHASEILSNGFRLSWPPLLTADSGYYVLELVPSGKLAATRRQQLPGNATSWTWTDLNPDTDYEVSLLPESNVRLLRPQHLRVRTLQEEAGPERIVISHTRPRSLRVSWAPALGPDSTLGYLVQLGPLQGGSLEHVEVPAGQNSTTIQGLTPCTTYLVTVTAAFRSGRQRALSAKACTASGERIRVPQAMRPEAGLREP',
                     'Hsp_align-len': '415',
                     Hsp_qseq: 'MLFWTAFSMALSLRLALARSSIERGSTASDPQGDLLFLLDSSASVSHYEFSRVREFVGQLVATMSFGPGALRASLVHVGSQPHTEFTFDQYSSGQAIQDAIRVAPQRMGDTNTGLALAYAKEQLFAEEAGARPGVPKVLVWVTDGGSSDPVGPPMQELKDLGVTIFIVSTGRGNLLELLAAASAPAEKHLHFVDVDDLPIIARELRGSITDAMQPQQLHASEVLSSGFRLSWPPLLTADSGYYVLELVPSGKLATTRRQQLPGNATSWTWTDLDPDTDYEVSLLPESNVHLLRPQHVRVRTLQEEAGPERIVISHARPRSLRVSWAPALGPDSALGYHVQLGPLQGGSLERVEVPAGQNSTTVQGLTPCTTYLVTVTAAFRSGRQRALSAKACTASGARTRAPQSMRPEAGPREP',
                     'Hsp_query-to': '495',
                     'Hsp_hit-frame': '1',
                     Hsp_midline: 'MLFWT  SMALSLRLALA+S IERG TAS PQGDLLFLLDSSASVSHYEFSRVREFVGQLVATM FGPGALRASLVHVGS+PHTEFTFDQYSSGQAIQDA+RVAPQRMGDTNTGLALAYAKEQLFAEEAGAR GVPKVLVWVTDG SSD VGPPMQELKDLGVTIFIVSTGRGNLLELLAAASAPAEKHLHFVDVDDLPIIARELRG+I DAMQP QLHASE+LS+GFRLSWPPLLTADSGYYVLELVPSGKLA TRRQQLPGNATSWTWTDL+PDTDYEVSLLPESNV LLRPQH+RVRTLQEEAGPERIVISH RPRSLRVSWAPALGPDS LGY VQLGPLQGGSLE VEVPAGQNSTT+QGLTPCTTYLVTVTAAFRSGRQRALSAKACTASG R R PQ+MRPEAG REP' } },
                { Hit_def: 'gi|40068485|ref|NP_073745.2| von Willebrand factor A domain-related protein isoform 1 [Homo sapiens] >gi|74749155|sp|Q6PCB0|VWA1_HUMAN von Willebrand factor A domain-containing protein 1 precursor >gi|37747866|gb|AAH59409.1| Von Willebrand factor A domain containing 1 [Homo sapiens] >gi|56205506|emb|CAI22657.1| von Willebrand factor A domain containing 1 [Homo sapiens] >gi|119576602|gb|EAW56198.1| von Willebrand factor A domain containing 1, isoform CRA_b [Homo sapiens]',
                  Hit_num: '2',
                  Hit_accession: '696294',
                  Hit_id: 'gnl|BL_ORD_ID|696294',
                  Hit_len: '445',
                  first_hsp: 
                   { 'Hsp_bit-score': '601.282',
                     Hsp_score: '1549',
                     Hsp_positive: '346',
                     Hsp_identity: '317',
                     'Hsp_query-from': '81',
                     Hsp_evalue: '2.10379e-170',
                     Hsp_num: '1',
                     'Hsp_hit-to': '421',
                     'Hsp_hit-from': '1',
                     Hsp_gaps: '27',
                     'Hsp_query-frame': '1',
                     Hsp_hseq: 'MLPWTALGLALSLRLALARSGAERGPPASAPRGDLMFLLDSSASVSHYEFSRVREFVGQLVAPLPLGTGALRASLVHVGSRPYTEFPFGQHSSGEAAQDAVRASAQRMGDTHTGLALVYAKEQLFAEASGARPGVPKVLVWVTDGGSSDPVGPPMQELKDLGVTVFIVSTGRGNFLELSAAASAPAEKHLHFVDVDDLHIIVQELRGSILDAMRPQQLHATEITSSGFRLAWPPLLTADSGYYVLELVPSAQPGAARRQQLPGNATDWIWAGLDPDTDYDVALVPESNVRLLRPQILRVRTRPGEAGPGASGPESGAGPAPTQLAALPAPEEAGPERIVISHARPRSLRVSWAPALGSAAALGYHVQFGPLRGGEAQRVEVPAGRNCTTLQGLAPGTAYLVTVTAAFRSGRESALSAKACT',
                     'Hsp_align-len': '421',
                     Hsp_qseq: 'MLFWTAFSMALSLRLALARSSIERGSTASDPQGDLLFLLDSSASVSHYEFSRVREFVGQLVATMSFGPGALRASLVHVGSQPHTEFTFDQYSSGQAIQDAIRVAPQRMGDTNTGLALAYAKEQLFAEEAGARPGVPKVLVWVTDGGSSDPVGPPMQELKDLGVTIFIVSTGRGNLLELLAAASAPAEKHLHFVDVDDLPIIARELRGSITDAMQPQQLHASEVLSSGFRLSWPPLLTADSGYYVLELVPSGKLATTRRQQLPGNATSWTWTDLDPDTDYEVSLLPESNVHLLRPQHVRVRT---------------------------LQEEAGPERIVISHARPRSLRVSWAPALGPDSALGYHVQLGPLQGGSLERVEVPAGQNSTTVQGLTPCTTYLVTVTAAFRSGRQRALSAKACT',
                     'Hsp_query-to': '474',
                     'Hsp_hit-frame': '1',
                     Hsp_midline: 'ML WTA  +ALSLRLALARS  ERG  AS P+GDL+FLLDSSASVSHYEFSRVREFVGQLVA +  G GALRASLVHVGS+P+TEF F Q+SSG+A QDA+R + QRMGDT+TGLAL YAKEQLFAE +GARPGVPKVLVWVTDGGSSDPVGPPMQELKDLGVT+FIVSTGRGN LEL AAASAPAEKHLHFVDVDDL II +ELRGSI DAM+PQQLHA+E+ SSGFRL+WPPLLTADSGYYVLELVPS +    RRQQLPGNAT W W  LDPDTDY+V+L+PESNV LLRPQ +RVRT                             EEAGPERIVISHARPRSLRVSWAPALG  +ALGYHVQ GPL+GG  +RVEVPAG+N TT+QGL P T YLVTVTAAFRSGR+ ALSAKACT' } },
                { Hit_def: 'gi|126306639|ref|XP_001365694.1| PREDICTED: similar to Von Willebrand factor A domain containing 1 [Monodelphis domestica]',
                  Hit_num: '3',
                  Hit_accession: '417411',
                  Hit_id: 'gnl|BL_ORD_ID|417411',
                  Hit_len: '593',
                  first_hsp: 
                   { 'Hsp_bit-score': '442.195',
                     Hsp_score: '1136',
                     Hsp_positive: '282',
                     Hsp_identity: '235',
                     'Hsp_query-from': '108',
                     Hsp_evalue: '1.88231e-122',
                     Hsp_num: '1',
                     'Hsp_hit-to': '388',
                     'Hsp_hit-from': '8',
                     Hsp_gaps: '4',
                     'Hsp_query-frame': '1',
                     Hsp_hseq: 'SSAAHGDLLFLLDSSASVSYYEFSRVKEFVGQLVQPLPLGPGSVQTSMVHVGSEPTVEFPFDRHHSGAAAQEAIQAAKQLMGDTNTGLALALAKKQLFTTEAGARSGVRKVLVWVTDGDSSDDVQAPMQVLKDLGVTVFIVSTGRGNFLDLSAAASQPPEKHLRFVDVDDLQIIIPELRGAILEAMRPQQLHATDVTSQSFRLVWPPLLSGDSGYYLLEVAPSANPGAKQSRQLFGNETSWVWDGLEPGTTYKVVLVPESNLQYLAPQTIQVTTLEEEVSPAQILISHWKPHSFHVSWGPS--PVGVLRYQVLYGPLPAGGAQLLEVPATENSTTLDNLSPNTTYLVTVAAIYQSGREKALSAKACTQEGEEVG--RKEHPPGGP',
                     'Hsp_align-len': '385',
                     Hsp_qseq: 'ASDPQGDLLFLLDSSASVSHYEFSRVREFVGQLVATMSFGPGALRASLVHVGSQPHTEFTFDQYSSGQAIQDAIRVAPQRMGDTNTGLALAYAKEQLFAEEAGARPGVPKVLVWVTDGGSSDPVGPPMQELKDLGVTIFIVSTGRGNLLELLAAASAPAEKHLHFVDVDDLPIIARELRGSITDAMQPQQLHASEVLSSGFRLSWPPLLTADSGYYVLELVPSGKLATTRRQQLPGNATSWTWTDLDPDTDYEVSLLPESNVHLLRPQHVRVRTLQEEAGPERIVISHARPRSLRVSWAPALGPDSALGYHVQLGPLQGGSLERVEVPAGQNSTTVQGLTPCTTYLVTVTAAFRSGRQRALSAKACTASGARTRAPQSMRPEAGP',
                     'Hsp_query-to': '492',
                     'Hsp_hit-frame': '1',
                     Hsp_midline: '+S   GDLLFLLDSSASVS+YEFSRV+EFVGQLV  +  GPG+++ S+VHVGS+P  EF FD++ SG A Q+AI+ A Q MGDTNTGLALA AK+QLF  EAGAR GV KVLVWVTDG SSD V  PMQ LKDLGVT+FIVSTGRGN L+L AAAS P EKHL FVDVDDL II  ELRG+I +AM+PQQLHA++V S  FRL WPPLL+ DSGYY+LE+ PS      + +QL GN TSW W  L+P T Y+V L+PESN+  L PQ ++V TL+EE  P +I+ISH +P S  VSW P+  P   L Y V  GPL  G  + +EVPA +NSTT+  L+P TTYLVTV A ++SGR++ALSAKACT  G      +   P  GP' } },
                { Hit_def: 'gi|118101030|ref|XP_417574.2| PREDICTED: similar to Von Willebrand factor A domain containing 1 [Gallus gallus]',
                  Hit_num: '4',
                  Hit_accession: '582345',
                  Hit_id: 'gnl|BL_ORD_ID|582345',
                  Hit_len: '491',
                  first_hsp: 
                   { 'Hsp_bit-score': '431.024',
                     Hsp_score: '1107',
                     Hsp_positive: '284',
                     Hsp_identity: '217',
                     'Hsp_query-from': '81',
                     Hsp_evalue: '3.55195e-119',
                     Hsp_num: '1',
                     'Hsp_hit-to': '402',
                     'Hsp_hit-from': '1',
                     Hsp_gaps: '5',
                     'Hsp_query-frame': '1',
                     Hsp_hseq: 'MLAEAALVLGVWLQLAAGQEAPGQGPQPSISSSEGDILFLLDSSGSVSYYEFSKVKEFMWDLVRPFTFGPNDVQTSIIHISTTPTMEFPFDRYLSRGTVQQAIRNTQQLMGDTNTGKALSFAKEKLFSNDAGARPDVPKVLVWVTDGFSSDDISEPMQLLKDMGVTVFIVSTGRGNYLELSAAASQPPEKHLHFVDVDDLPIITKELRDAMLDVIQANRLRVVDITSSSFRLTWPQLLSQETGYYTLQYAPTDDLAAKRTTQVSGAHTSLTLSNLAPETTYEVALVPESNIHYFPPQTIRVTTLTEEISPAQVLISDSRPHSFQVSWAPT--PDSVTSYQVLYGPLRGDSAQLLEVDGTHNSTVVENLAPNTTYLVTVTAIYSSGKEKSLSAKACTQEEGSKVR',
                     'Hsp_align-len': '404',
                     Hsp_qseq: 'MLFWTAFSMALSLRLALARSSIERGS--TASDPQGDLLFLLDSSASVSHYEFSRVREFVGQLVATMSFGPGALRASLVHVGSQPHTEFTFDQYSSGQAIQDAIRVAPQRMGDTNTGLALAYAKEQLFAEEAGARPGVPKVLVWVTDGGSSDPVGPPMQELKDLGVTIFIVSTGRGNLLELLAAASAPAEKHLHFVDVDDLPIIARELRGSITDAMQPQQLHASEVLSSGFRLSWPPLLTADSGYYVLELVPSGKLATTRRQQLPGNATSWTWTDLDPDTDYEVSLLPESNVHLLRPQHVRVRTLQEEAGPERIVISHARPRSLRVSWAPALGPDSALGYHVQLGPLQGGSLERVEVPAGQNSTTVQGLTPCTTYLVTVTAAFRSGRQRALSAKACT-ASGARTR',
                     'Hsp_query-to': '481',
                     'Hsp_hit-frame': '1',
                     Hsp_midline: 'ML   A  + + L+LA  + +  +G   + S  +GD+LFLLDSS SVS+YEFS+V+EF+  LV   +FGP  ++ S++H+ + P  EF FD+Y S   +Q AIR   Q MGDTNTG AL++AKE+LF+ +AGARP VPKVLVWVTDG SSD +  PMQ LKD+GVT+FIVSTGRGN LEL AAAS P EKHLHFVDVDDLPII +ELR ++ D +Q  +L   ++ SS FRL+WP LL+ ++GYY L+  P+  LA  R  Q+ G  TS T ++L P+T YEV+L+PESN+H   PQ +RV TL EE  P +++IS +RP S +VSWAP   PDS   Y V  GPL+G S + +EV    NST V+ L P TTYLVTVTA + SG++++LSAKACT   G++ R' } },
                { Hit_def: 'gi|149758364|ref|XP_001496327.1| PREDICTED: similar to Von Willebrand factor A domain containing 1 [Equus caballus]',
                  Hit_num: '5',
                  Hit_accession: '1645606',
                  Hit_id: 'gnl|BL_ORD_ID|1645606',
                  Hit_len: '239',
                  first_hsp: 
                   { 'Hsp_bit-score': '318.931',
                     Hsp_score: '816',
                     Hsp_positive: '166',
                     Hsp_identity: '159',
                     'Hsp_query-from': '112',
                     Hsp_evalue: '2.44377e-85',
                     Hsp_num: '1',
                     'Hsp_hit-to': '221',
                     'Hsp_hit-from': '44',
                     'Hsp_query-frame': '1',
                     Hsp_hseq: 'QGDLLFLLDSSASVSHYEFSRVREFLGQLAAPLPLGPEALRASLVHVGSWPHTEFPFNQHSSGAAVQDAIRAATQRMGDTNTGLALAYAKEQLFAEEAGARPGVPKVLVWVTDGGSSDPMGPPMQELKDLGVTIFIVSTGRGNLLELSAAASAPAEKHLHFVDVDDLHIIAQELRGSI',
                     'Hsp_align-len': '178',
                     Hsp_qseq: 'QGDLLFLLDSSASVSHYEFSRVREFVGQLVATMSFGPGALRASLVHVGSQPHTEFTFDQYSSGQAIQDAIRVAPQRMGDTNTGLALAYAKEQLFAEEAGARPGVPKVLVWVTDGGSSDPVGPPMQELKDLGVTIFIVSTGRGNLLELLAAASAPAEKHLHFVDVDDLPIIARELRGSI',
                     'Hsp_query-to': '289',
                     'Hsp_hit-frame': '1',
                     Hsp_midline: 'QGDLLFLLDSSASVSHYEFSRVREF+GQL A +  GP ALRASLVHVGS PHTEF F+Q+SSG A+QDAIR A QRMGDTNTGLALAYAKEQLFAEEAGARPGVPKVLVWVTDGGSSDP+GPPMQELKDLGVTIFIVSTGRGNLLEL AAASAPAEKHLHFVDVDDL IIA+ELRGSI' } },
                { Hit_def: 'gi|47222734|emb|CAG01701.1| unnamed protein product [Tetraodon nigroviridis]',
                  Hit_num: '6',
                  Hit_accession: '505543',
                  Hit_id: 'gnl|BL_ORD_ID|505543',
                  Hit_len: '505',
                  first_hsp: 
                   { 'Hsp_bit-score': '256.914',
                     Hsp_score: '655',
                     Hsp_positive: '223',
                     Hsp_identity: '152',
                     'Hsp_query-from': '112',
                     Hsp_evalue: '9.1804e-67',
                     Hsp_num: '1',
                     'Hsp_hit-to': '440',
                     'Hsp_hit-from': '36',
                     Hsp_gaps: '23',
                     'Hsp_query-frame': '1',
                     Hsp_hseq: 'EGDVLFLLDSSGSVSSYEHSRMLAFLSELLQPFSLGEDQVRVGVLQVGTEPRLEFGFDAHATQSSLQGSLRNIKPLRGDTNTVEALKVAQERVLRPGVPGGARAGLPRVLVWLTDGVNPGDISGPMAELREEGVAVLVVSTGHSNYLVLREIVTAPVENHLHFVDIDDMSIITDDLRDAIIELIRAERLNVRDISTNSASLHWRPVLAGMRGYYEVRFAPLPTKVPGGGGENTGTSPSTGGSQYQRLVQPAASSTAKLTGLKPDTTYTVTLIPESNEHTFNALTTTFTTKPEVLSPVVVTVTESGATSVRLSWGP-LQPQTVRDYYIEYSALPRGELRTATVDRTQNSTLLRRLQPGTTYLVTVTARHASGKEKAMSVKVCTEEGKGADLRGMIHSLRRSANPAQP',
                     'Hsp_align-len': '406',
                     Hsp_qseq: 'QGDLLFLLDSSASVSHYEFSRVREFVGQLVATMSFGPGALRASLVHVGSQPHTEFTFDQYSSGQAIQDAIRVAPQRMGDTNTGLALAYAKEQLF--AEEAGARPGVPKVLVWVTDGGSSDPVGPPMQELKDLGVTIFIVSTGRGNLLELLAAASAPAEKHLHFVDVDDLPIIARELRGSITDAMQPQQLHASEVLSSGFRLSWPPLLTADSGYYVLEL------VPSGKLATT-----------RRQQLPGNATSWTWTDLDPDTDYEVSLLPESNVHLLRPQHVRVRTLQEEAGPERIVISHARPRSLRVSWAPALGPDSALGYHVQLGPLQGGSLERVEVPAGQNSTTVQGLTPCTTYLVTVTAAFRSGRQRALSAKACT--ASGARTRA-PQSMRPEAGPREP',
                     'Hsp_query-to': '495',
                     'Hsp_hit-frame': '1',
                     Hsp_midline: '+GD+LFLLDSS SVS YE SR+  F+ +L+   S G   +R  ++ VG++P  EF FD +++  ++Q ++R      GDTNT  AL  A+E++       GAR G+P+VLVW+TDG +   +  PM EL++ GV + +VSTG  N L L    +AP E HLHFVD+DD+ II  +LR +I + ++ ++L+  ++ ++   L W P+L    GYY +        VP G    T           +R   P  +++   T L PDT Y V+L+PESN H          T  E   P  + ++ +   S+R+SW P L P +   Y+++   L  G L    V   QNST ++ L P TTYLVTVTA   SG+++A+S K CT    GA  R    S+R  A P +P' } },
                { Hit_def: 'gi|125852492|ref|XP_696796.2| PREDICTED: hypothetical protein [Danio rerio]',
                  Hit_num: '7',
                  Hit_accession: '530195',
                  Hit_id: 'gnl|BL_ORD_ID|530195',
                  Hit_len: '503',
                  first_hsp: 
                   { 'Hsp_bit-score': '241.121',
                     Hsp_score: '614',
                     Hsp_positive: '216',
                     Hsp_identity: '153',
                     'Hsp_query-from': '112',
                     Hsp_evalue: '6.21126e-62',
                     Hsp_num: '1',
                     'Hsp_hit-to': '417',
                     'Hsp_hit-from': '34',
                     Hsp_gaps: '25',
                     'Hsp_query-frame': '1',
                     Hsp_hseq: 'EGDVLFLLDSSGSVASYEFSRMVDFLSELLLPFSLGPDHVRVGLLQVGTEPHLEFGFDAYSSQQGLQAALERTKQLKGDTNTVEALLMARAQVLRVGVPGGARPDLPRVLVWLTDGVDPGNVQEPMARLRDEGVAVLVVSTGHGNYQVLREVVSPPTEEHLFFVDIDDISIIGEDLRNSIIEIIRAERLQVKSVSSTSAQLEWRPVLSGSGSGYYDIKFGPMRTGQIPGVPGGASTDPGSFQRITRPADSSSAQLTGLRPDTTYTVTLTPKNNQQVLNTLQTSFTT-QTVNPPEPQIQLLSSLSVSESSSNSVRVSWAPLL-PRLIQEYQLEYSALPSGPLRVLRVSNTHNSTVITDLQPDTQYLLTVSAKQTSGKERAMTVKVCT',
                     'Hsp_align-len': '386',
                     Hsp_qseq: 'QGDLLFLLDSSASVSHYEFSRVREFVGQLVATMSFGPGALRASLVHVGSQPHTEFTFDQYSSGQAIQDAIRVAPQRMGDTNTGLALAYAKEQLF--AEEAGARPGVPKVLVWVTDGGSSDPVGPPMQELKDLGVTIFIVSTGRGNLLELLAAASAPAEKHLHFVDVDDLPIIARELRGSITDAMQPQQLHASEVLSSGFRLSWPPLLTAD-SGYYVLELVP--SGKL-----------ATTRRQQLPGNATSWTWTDLDPDTDYEVSLLPESNVHLLRPQHVRVRTLQEEAGPERIV-------ISHARPRSLRVSWAPALGPDSALGYHVQLGPLQGGSLERVEVPAGQNSTTVQGLTPCTTYLVTVTAAFRSGRQRALSAKACT',
                     'Hsp_query-to': '474',
                     'Hsp_hit-frame': '1',
                     Hsp_midline: '+GD+LFLLDSS SV+ YEFSR+ +F+ +L+   S GP  +R  L+ VG++PH EF FD YSS Q +Q A+    Q  GDTNT  AL  A+ Q+       GARP +P+VLVW+TDG     V  PM  L+D GV + +VSTG GN   L    S P E+HL FVD+DD+ II  +LR SI + ++ ++L    V S+  +L W P+L+   SGYY ++  P  +G++            + +R   P +++S   T L PDT Y V+L P++N  +L        T Q    PE  +       +S +   S+RVSWAP L P     Y ++   L  G L  + V    NST +  L P T YL+TV+A   SG++RA++ K CT' } },
                { Hit_def: 'gi|149638912|ref|XP_001511941.1| PREDICTED: similar to Collagen alpha-1(XII) chain [Ornithorhynchus anatinus]',
                  Hit_num: '8',
                  Hit_accession: '8449',
                  Hit_id: 'gnl|BL_ORD_ID|8449',
                  Hit_len: '3176',
                  first_hsp: 
                   { 'Hsp_bit-score': '183.341',
                     Hsp_score: '464',
                     Hsp_positive: '184',
                     Hsp_identity: '123',
                     'Hsp_query-from': '106',
                     Hsp_evalue: '1.4498e-44',
                     Hsp_num: '1',
                     'Hsp_hit-to': '862',
                     'Hsp_hit-from': '484',
                     Hsp_gaps: '18',
                     'Hsp_query-frame': '1',
                     Hsp_hseq: 'SRGVDIKADIVFLVDGSYSIGIGNFIKVRAFLEVLAKSFEISPNRVQISLVQYSRDPHTEFTLKKFTKVEDIIEAINTFPYRGGSTNTGKAMTYVREKIFVASKGSRSNVPKVMILITDGKSSDAFKEPAIKLRNSDVEIFAVGVKDAVRSELETIASPPAETHVYTVEDFDAFQRISFELTQSICLRIEQELQAIKKKSYVPPRDLRFSDVTSYSFKANWSPAGENVFSYHIKYKEAAGTEETTVVE--PASSTSVILNNLHPETLYVVNVTAEYEDGFSVPLSGEETTLEVKGAPRNLKVTDETTDSFKISWTQA--PGRVMRYRVLYRPVAGGERQEVTVPANERRRTLENLTPDTRYEVSVVPEYYSGPGVPLTGYAAT',
                     'Hsp_align-len': '383',
                     Hsp_qseq: 'STASDPQGDLLFLLDSSASVSHYEFSRVREFVGQLVATMSFGPGALRASLVHVGSQPHTEFTFDQYSSGQAIQDAIRVAPQRMGDTNTGLALAYAKEQLFAEEAGARPGVPKVLVWVTDGGSSDPVGPPMQELKDLGVTIFIVSTGRGNLLELLAAASAPAEKHLHFV-DVDDLPIIARELRGSITDAMQ-------------PQQLHASEVLSSGFRLSWPPLLTADSGYYVLELVPSGKLATTRRQQLPGNATSWTWTDLDPDTDYEVSLLPESNVHLLRPQHVRVRTLQEEAGPERIVISHARPRSLRVSWAPALGPDSALGYHVQLGPLQGGSLERVEVPAGQNSTTVQGLTPCTTYLVTVTAAFRSGRQRALSAKACT',
                     'Hsp_query-to': '474',
                     'Hsp_hit-frame': '1',
                     Hsp_midline: 'S   D + D++FL+D S S+    F +VR F+  L  +    P  ++ SLV     PHTEFT  +++  + I +AI   P R G TNTG A+ Y +E++F    G+R  VPKV++ +TDG SSD    P  +L++  V IF V        EL   AS PAE H++ V D D    I+ EL  SI   ++             P+ L  S+V S  F+ +W P       Y++     +G   TT  +  P ++TS    +L P+T Y V++  E       P      TL+ +  P  + ++     S ++SW  A  P   + Y V   P+ GG  + V VPA +   T++ LTP T Y V+V   + SG    L+  A T' } },
                { Hit_def: 'gi|119901095|ref|XP_611630.3| PREDICTED: similar to collagen, type XII, alpha 1 isoform 1 [Bos taurus]',
                  Hit_num: '9',
                  Hit_accession: '6307',
                  Hit_id: 'gnl|BL_ORD_ID|6307',
                  Hit_len: '3124',
                  first_hsp: 
                   { 'Hsp_bit-score': '183.341',
                     Hsp_score: '464',
                     Hsp_positive: '184',
                     Hsp_identity: '122',
                     'Hsp_query-from': '106',
                     Hsp_evalue: '1.54988e-44',
                     Hsp_num: '1',
                     'Hsp_hit-to': '810',
                     'Hsp_hit-from': '432',
                     Hsp_gaps: '18',
                     'Hsp_query-frame': '1',
                     Hsp_hseq: 'SRGVDIKADIVFLVDGSYSIGIANFVKVRAFLEVLVKSFEISPNRVQISLVQYSRDPHTEFTLKKFTKVEDIIEAINTFPYRGGSTNTGKAMTYVREKIFVPSKGSRSNVPKVMILITDGKSSDAFRDPAIKLRNSDVEIFAVGVKDAVRSELEAIASPPAETHVFTVEDFDAFQRISFELTQSICLRIEQELAAIKKKAYVPPKDINFSEVTSNSLKTSWSPAGENVFSYHITYKEATGDDQVTLVE--PASSTSVVLSNLKPETLYLVNVTAEYEDGFSIPLAGEETTAEVKGAPRNLKVTDETTDSFKITWTQA--PGRVLRYRITYRPVAGGESKEVTTPANQRRRTLENLTPDTKYEVSVIPEYVSGPGSPLTGNAAT',
                     'Hsp_align-len': '383',
                     Hsp_qseq: 'STASDPQGDLLFLLDSSASVSHYEFSRVREFVGQLVATMSFGPGALRASLVHVGSQPHTEFTFDQYSSGQAIQDAIRVAPQRMGDTNTGLALAYAKEQLFAEEAGARPGVPKVLVWVTDGGSSDPVGPPMQELKDLGVTIFIVSTGRGNLLELLAAASAPAEKHLHFV-DVDDLPIIARELRGSITDAMQ-------------PQQLHASEVLSSGFRLSWPPLLTADSGYYVLELVPSGKLATTRRQQLPGNATSWTWTDLDPDTDYEVSLLPESNVHLLRPQHVRVRTLQEEAGPERIVISHARPRSLRVSWAPALGPDSALGYHVQLGPLQGGSLERVEVPAGQNSTTVQGLTPCTTYLVTVTAAFRSGRQRALSAKACT',
                     'Hsp_query-to': '474',
                     'Hsp_hit-frame': '1',
                     Hsp_midline: 'S   D + D++FL+D S S+    F +VR F+  LV +    P  ++ SLV     PHTEFT  +++  + I +AI   P R G TNTG A+ Y +E++F    G+R  VPKV++ +TDG SSD    P  +L++  V IF V        EL A AS PAE H+  V D D    I+ EL  SI   ++             P+ ++ SEV S+  + SW P       Y++     +G    T  +  P ++TS   ++L P+T Y V++  E       P      T + +  P  + ++     S +++W  A  P   L Y +   P+ GG  + V  PA Q   T++ LTP T Y V+V   + SG    L+  A T' } },
                { Hit_def: 'gi|125829728|ref|XP_700536.2| PREDICTED: hypothetical protein [Danio rerio]',
                  Hit_num: '10',
                  Hit_accession: '144440',
                  Hit_id: 'gnl|BL_ORD_ID|144440',
                  Hit_len: '915',
                  first_hsp: 
                   { 'Hsp_bit-score': '177.948',
                     Hsp_score: '450',
                     Hsp_positive: '178',
                     Hsp_identity: '126',
                     'Hsp_query-from': '110',
                     Hsp_evalue: '6.67669e-43',
                     Hsp_num: '1',
                     'Hsp_hit-to': '800',
                     'Hsp_hit-from': '434',
                     Hsp_gaps: '21',
                     'Hsp_query-frame': '1',
                     Hsp_hseq: 'DVQADIVLLVDGSYSIGITNFAKVRAFLEVLVNTFDIGPNKVQISLVQYSRDPYTEFYLNTHHDLNAVVKAVRTFPYRGGSTNTGKAMTYVRERIFIATRGARENVPRVTILITDGKSSDAFKDPAAKLRNTDVEIFAVGVKDAVRSELEAIANPPAETHVYTVEDFDAFQRISNELTQSICLRIEQELLNIKRRSLVAPRSLTLSEVTSRSFRASW-EIDAVDVQAYLVQYKPDADAEASYTSVSIPGDSTTTVLYHLTPVTKYEVKVYAQYEKGESFPLSGYETTLDELGSVTNLKVSEETSSSFRVSWREAPGP--VVRYRLTYVPVQGDSGLLETATV-GPETTIVLQQLYPVTTYRVSVAAEYPSG',
                     'Hsp_align-len': '371',
                     Hsp_qseq: 'DPQGDLLFLLDSSASVSHYEFSRVREFVGQLVATMSFGPGALRASLVHVGSQPHTEFTFDQYSSGQAIQDAIRVAPQRMGDTNTGLALAYAKEQLFAEEAGARPGVPKVLVWVTDGGSSDPVGPPMQELKDLGVTIFIVSTGRGNLLELLAAASAPAEKHLHFV-DVDDLPIIARELRGSITDAMQ-------------PQQLHASEVLSSGFRLSWPPLLTADSGYYVLELVPSGKL-ATTRRQQLPGNATSWTWTDLDPDTDYEVSLLPESNVHLLRPQHVRVRTLQEEAGPERIVISHARPRSLRVSWAPALGPDSALGYHVQLGPLQG--GSLERVEVPAGQNSTTVQGLTPCTTYLVTVTAAFRSG',
                     'Hsp_query-to': '463',
                     'Hsp_hit-frame': '1',
                     Hsp_midline: 'D Q D++ L+D S S+    F++VR F+  LV T   GP  ++ SLV     P+TEF  + +    A+  A+R  P R G TNTG A+ Y +E++F    GAR  VP+V + +TDG SSD    P  +L++  V IF V        EL A A+ PAE H++ V D D    I+ EL  SI   ++             P+ L  SEV S  FR SW  +   D   Y+++  P     A+     +PG++T+     L P T YEV +  +       P      TL E      + +S     S RVSW  A GP   + Y +   P+QG  G LE   V   + +  +Q L P TTY V+V A + SG' } },
                { Hit_def: 'gi|47214619|emb|CAG01460.1| unnamed protein product [Tetraodon nigroviridis]',
                  Hit_num: '11',
                  Hit_accession: '14123',
                  Hit_id: 'gnl|BL_ORD_ID|14123',
                  Hit_len: '1723',
                  first_hsp: 
                   { 'Hsp_bit-score': '171.014',
                     Hsp_score: '432',
                     Hsp_positive: '179',
                     Hsp_identity: '125',
                     'Hsp_query-from': '106',
                     Hsp_evalue: '6.62505e-41',
                     Hsp_num: '1',
                     'Hsp_hit-to': '800',
                     'Hsp_hit-from': '430',
                     Hsp_gaps: '19',
                     'Hsp_query-frame': '1',
                     Hsp_hseq: 'SLGVDVQADVVLLVDGSYSIGLANFAKVRAFLEVLVNTFDIGPDKVQISLVQYSRDPHTEFYLDSHHNLEAVVTALRTFPYRGGSTNTGRAMTYVRETVFQASRGARAHVPRVTILITDGKSSDAFQEPAANLRNSDVEIFAVGVKDAVRSELEAIANAPAETHVYTVEDFDAFQRISTELTQSICLRIEQELQIINQRRLVQPRDLYFSDVGPRSFRASW-EINANNVESYLVQFRPTEGEDSHYVSMSVPGDVLTALLPHLTPLTRYEVSVSAQYAKGTSLPVTGYGTTAEERGSVQNLKVTEESPQSFRVSWRAA--PGAVARYRLTYQPAGAGEAQLEAFTAGPELTMVLQDLQPRTTYRVTVTPEYKGG',
                     'Hsp_align-len': '374',
                     Hsp_qseq: 'STASDPQGDLLFLLDSSASVSHYEFSRVREFVGQLVATMSFGPGALRASLVHVGSQPHTEFTFDQYSSGQAIQDAIRVAPQRMGDTNTGLALAYAKEQLFAEEAGARPGVPKVLVWVTDGGSSDPVGPPMQELKDLGVTIFIVSTGRGNLLELLAAASAPAEKHLHFV-DVDDLPIIARELRGSIT-------------DAMQPQQLHASEVLSSGFRLSWPPLLTADSGYYVLELVPS-GKLATTRRQQLPGNATSWTWTDLDPDTDYEVSLLPESNVHLLRPQHVRVRTLQEEAGPERIVISHARPRSLRVSWAPALGPDSALGYHVQLGPLQGGSLERVEVPAGQNSTTV-QGLTPCTTYLVTVTAAFRSG',
                     'Hsp_query-to': '463',
                     'Hsp_hit-frame': '1',
                     Hsp_midline: 'S   D Q D++ L+D S S+    F++VR F+  LV T   GP  ++ SLV     PHTEF  D + + +A+  A+R  P R G TNTG A+ Y +E +F    GAR  VP+V + +TDG SSD    P   L++  V IF V        EL A A+APAE H++ V D D    I+ EL  SI                +QP+ L+ S+V    FR SW  +   +   Y+++  P+ G+ +      +PG+  +     L P T YEVS+  +       P      T +E    + + ++   P+S RVSW  A  P +   Y +   P   G  +     AG   T V Q L P TTY VTVT  ++ G' } },
                { Hit_def: 'gi|47219516|emb|CAG09870.1| unnamed protein product [Tetraodon nigroviridis]',
                  Hit_num: '12',
                  Hit_accession: '63641',
                  Hit_id: 'gnl|BL_ORD_ID|63641',
                  Hit_len: '1259',
                  first_hsp: 
                   { 'Hsp_bit-score': '155.221',
                     Hsp_score: '391',
                     Hsp_positive: '182',
                     Hsp_identity: '124',
                     'Hsp_query-from': '106',
                     Hsp_evalue: '4.71248e-36',
                     Hsp_num: '1',
                     'Hsp_hit-to': '820',
                     'Hsp_hit-from': '387',
                     Hsp_gaps: '80',
                     'Hsp_query-frame': '1',
                     Hsp_hseq: 'SLGVDVQADVVLLVDGSYSIGLQNFAKVRAFLEVLVNSFDIGPSKVQISLVQYSRDPHTEFALNTHHDINAVVRAVRTFPYRGGSTNTGKAMKYVKDKIFVASRGARQNVPRVMVLITDGKSSDSFKDAATNLRNIDVEIFAVGVKDAVRSELEAIANPPADNHVFEVEDFDAFQRISKELTQSICLRIEQELLNIKKRSLLPPTDLQFSEITSRSFRTSWTPPAARVMSYLVRYRKAEDITGDYISIALPSDATSVVLQHLSPLTAYEVNVFAQYDKGDSFPLSGEETTLEVIRYRLSYVPLSGTGEILEAQTIEDETSIVLQELFPITTYRVSVFAEYSTGMGSEMQIDGTTKEVLGAPRDLRVFDETISTMKLAWQPARG--NVLQYRIVYKPVEGGDRKEISVKGDTTQAVLKNLQPATEYDLFVSAHYTSG',
                     'Hsp_align-len': '436',
                     Hsp_qseq: 'STASDPQGDLLFLLDSSASVSHYEFSRVREFVGQLVATMSFGPGALRASLVHVGSQPHTEFTFDQYSSGQAIQDAIRVAPQRMGDTNTGLALAYAKEQLFAEEAGARPGVPKVLVWVTDGGSSDPVGPPMQELKDLGVTIFIVSTGRGNLLELLAAASAPAEKHLHFV-DVDDLPIIARELRGSITDAMQ-------------PQQLHASEVLSSGFRLSWPPLLTADSGYYVLELVPSGKLATTRRQQLPGNATSWTWTDLDPDTDYEVSLL-------------PESNVHLLR-----------PQHVRVRTLQEEAG---PERIVISHAR---------------------------PRSLRV----------SWAPALGPDSALGYHVQLGPLQGGSLERVEVPAGQNSTTVQGLTPCTTYLVTVTAAFRSG',
                     'Hsp_query-to': '463',
                     'Hsp_hit-frame': '1',
                     Hsp_midline: 'S   D Q D++ L+D S S+    F++VR F+  LV +   GP  ++ SLV     PHTEF  + +    A+  A+R  P R G TNTG A+ Y K+++F    GAR  VP+V+V +TDG SSD        L+++ V IF V        EL A A+ PA+ H+  V D D    I++EL  SI   ++             P  L  SE+ S  FR SW P       Y V                LP +ATS     L P T YEV++               E+ + ++R            + +  +T+++E      E   I+  R                           PR LRV          +W PA G  + L Y +   P++GG  + + V        ++ L P T Y + V+A + SG' } },
                { Hit_def: 'gi|45384490|ref|NP_990665.1| collagen, type XIV, alpha 1 [Gallus gallus] >gi|1705533|sp|P32018|COEA1_CHICK Collagen alpha-1(XIV) chain precursor (Undulin) >gi|288873|emb|CAA50064.1| collagen XIV [Gallus gallus]',
                  Hit_num: '13',
                  Hit_accession: '13592',
                  Hit_id: 'gnl|BL_ORD_ID|13592',
                  Hit_len: '1888',
                  first_hsp: 
                   { 'Hsp_bit-score': '141.354',
                     Hsp_score: '355',
                     Hsp_positive: '180',
                     Hsp_identity: '113',
                     'Hsp_query-from': '114',
                     Hsp_evalue: '5.81225e-32',
                     Hsp_num: '1',
                     'Hsp_hit-to': '532',
                     'Hsp_hit-from': '158',
                     Hsp_gaps: '32',
                     'Hsp_query-frame': '1',
                     Hsp_hseq: 'DIVILVDGSWSIGRFNFRLVRLFLENLVSAFNVGSEKTRVGLAQYSGDPRIEWHLNAYGTKDAVLDAVRNLPYKGGNTLTGLALTYILENSFKPEAGARPGVSKIGILITDGKSQDDVIPPAKNLRDAGIELFAIGVKNADINELKEIASEPDSTHVYNVADFNFMNSIVEGLTRTVCSRVEEQEKEIKGTIAASLGAPTDLVTSDITARGFRVSWTHSPGKVEKYRVVYYPTRG--GQPEEVVVDGSSSTAVLKNLMSLTEYQIAVFAIYSNAASEGLRGTETTL-ALPMASDLKLYDVSHS---SMRAKWNGVAG---ATGYMILYAPLTEGLAADEKEIKIGEASTELELDGLLPNTEYTVTVYAMFGEEASDPLTGQETT',
                     'Hsp_align-len': '384',
                     Hsp_qseq: 'DLLFLLDSSASVSHYEFSRVREFVGQLVATMSFGPGALRASLVHVGSQPHTEFTFDQYSSGQAIQDAIRVAPQRMGDTNTGLALAYAKEQLFAEEAGARPGVPKVLVWVTDGGSSDPVGPPMQELKDLGVTIFIVSTGRGNLLELLAAASAPAEKHLHFV-DVDDLPIIA---------------RELRGSITDAM-QPQQLHASEVLSSGFRLSWPPLLTADSGYYVLELVPSGKLATTRRQQLPGNATSWTWTDLDPDTDYEVSLLP-ESNV--HLLRPQHVRVRTLQEEAGPERIVISHARPRSLRVSWAPALGPDSALGYHVQLGPL-QGGSLERVEVPAGQNSTTVQ--GLTPCTTYLVTVTAAFRSGRQRALSAKACT',
                     'Hsp_query-to': '474',
                     'Hsp_hit-frame': '1',
                     Hsp_midline: 'D++ L+D S S+  + F  VR F+  LV+  + G    R  L      P  E+  + Y +  A+ DA+R  P + G+T TGLAL Y  E  F  EAGARPGV K+ + +TDG S D V PP + L+D G+ +F +     ++ EL   AS P   H++ V D + +  I                +E++G+I  ++  P  L  S++ + GFR+SW         Y V+     G         + G++++    +L   T+Y++++    SN     LR     +  L   +  +   +SH+   S+R  W    G   A GY +   PL +G + +  E+  G+ ST ++  GL P T Y VTV A F       L+ +  T' } },
                { Hit_def: 'gi|126322632|ref|XP_001381040.1| PREDICTED: similar to collagen, type XIV, alpha 1 [Monodelphis domestica]',
                  Hit_num: '14',
                  Hit_accession: '23857',
                  Hit_id: 'gnl|BL_ORD_ID|23857',
                  Hit_len: '1892',
                  first_hsp: 
                   { 'Hsp_bit-score': '134.42',
                     Hsp_score: '337',
                     Hsp_positive: '162',
                     Hsp_identity: '109',
                     'Hsp_query-from': '114',
                     Hsp_evalue: '7.72325e-30',
                     Hsp_num: '1',
                     'Hsp_hit-to': '665',
                     'Hsp_hit-from': '305',
                     Hsp_gaps: '26',
                     'Hsp_query-frame': '1',
                     Hsp_hseq: 'DIVILVDGSWSIGRFNFRLVRLFLENLVTAFNVGANKTRIGLAQYSGDPRIEWHLNTFSTKDAVIDAVRNLPYKGGNTLTGLALNYIFENSFKPEAGARTGVSKIGILITDGKSQDDIIPASKTLRDSGVELFAIGVKNADVAELQEIASEPDSTHVYNVAEFDLMHTVVEGLTKTVCTRVEEQEKEIRGSRVTNIGPPTDLVTSEVAARSFRVTWTPAPGEVEKYRVVYYPTRG--GKPEEVVVDGTESTTILKGLMSLTEYQIAVFAIYSTTASEGLRGTEMTLALPMA-SNLELYDVTENSLRVRWNAVPG---ASGYMILYAPLTEGLAGDEKEMKIGETLTDIQLKGLLPNTEYTVTVYAMF',
                     'Hsp_align-len': '367',
                     Hsp_qseq: 'DLLFLLDSSASVSHYEFSRVREFVGQLVATMSFGPGALRASLVHVGSQPHTEFTFDQYSSGQAIQDAIRVAPQRMGDTNTGLALAYAKEQLFAEEAGARPGVPKVLVWVTDGGSSDPVGPPMQELKDLGVTIFIVSTGRGNLLELLAAASAPAEKHLHFVDVDDLPIIA----------------RELRGS-ITDAMQPQQLHASEVLSSGFRLSWPPLLTADSGYYVLELVPSGKLATTRRQQLPGNATSWTWTDLDPDTDYEVSLLPESNVHLLRPQHVRVRTLQEEAGPERIVISHARPRSLRVSWAPALGPDSALGYHVQLGPL-QGGSLERVEVPAGQNSTTVQ--GLTPCTTYLVTVTAAF',
                     'Hsp_query-to': '460',
                     'Hsp_hit-frame': '1',
                     Hsp_midline: 'D++ L+D S S+  + F  VR F+  LV   + G    R  L      P  E+  + +S+  A+ DA+R  P + G+T TGLAL Y  E  F  EAGAR GV K+ + +TDG S D + P  + L+D GV +F +     ++ EL   AS P   H++ V   DL                    +E+RGS +T+   P  L  SEV +  FR++W P       Y V+     G         + G  ++     L   T+Y++++    +            TL        + +      SLRV W    G   A GY +   PL +G + +  E+  G+  T +Q  GL P T Y VTV A F' } },
                { Hit_def: 'gi|47211020|emb|CAF94689.1| unnamed protein product [Tetraodon nigroviridis]',
                  Hit_num: '15',
                  Hit_accession: '14665',
                  Hit_id: 'gnl|BL_ORD_ID|14665',
                  Hit_len: '2225',
                  first_hsp: 
                   { 'Hsp_bit-score': '132.494',
                     Hsp_score: '332',
                     Hsp_positive: '171',
                     Hsp_identity: '117',
                     'Hsp_query-from': '114',
                     Hsp_evalue: '3.32612e-29',
                     Hsp_num: '1',
                     'Hsp_hit-to': '386',
                     'Hsp_hit-from': '8',
                     Hsp_gaps: '52',
                     'Hsp_query-frame': '1',
                     Hsp_hseq: 'DMVFLVDGSWSIGRTNFRLVRVFLESLVKAFDVDLDRTRIGLAQFSGEPRIEWHLNTHTTKEAVMEAARNLPYKGGNTLTGLALTFILENSFSPESGSRPGIPKIGVLLTDGKSQDDVIPPAQRLRDAGVEVFAIGVKNADEGELRAIASVSEDTHVYNVADFHLMADIVDVLTRTICERMETLHKQIAGLSSSHVTWPSAAGRVDSAPPAAAVSPPSDLRVSEVTAHSFRVSWTQAPGQVEKYRVVYYPASG--GQPEEKVVPGTETSVLLTYLNSLTEYQLAVF--SVHHSSASQALRGGATTL---ALPTVDHLQLLHITHSSMLVRWTPAPG---ASGYMVLYAPLSQEEPADEKEVKVDGSPTEVELSHLTPATEYTVTVYAMF',
                     'Hsp_align-len': '389',
                     Hsp_qseq: 'DLLFLLDSSASVSHYEFSRVREFVGQLVATMSFGPGALRASLVHVGSQPHTEFTFDQYSSGQAIQDAIRVAPQRMGDTNTGLALAYAKEQLFAEEAGARPGVPKVLVWVTDGGSSDPVGPPMQELKDLGVTIFIVSTGRGNLLELLAAASAPAEKHLHFV-DVDDLPIIARELRGSITDAMQ----------------------------------PQQLHASEVLSSGFRLSWPPLLTADSGYYVLELVPSGKLATTRRQQLPGNATSWTWTDLDPDTDYEVSLLPESNVHLLRPQHVR--VRTLQEEAGP--ERIVISHARPRSLRVSWAPALGPDSALGYHVQLGPL---QGGSLERVEVPAGQNSTTVQGLTPCTTYLVTVTAAF',
                     'Hsp_query-to': '460',
                     'Hsp_hit-frame': '1',
                     Hsp_midline: 'D++FL+D S S+    F  VR F+  LV          R  L     +P  E+  + +++ +A+ +A R  P + G+T TGLAL +  E  F+ E+G+RPG+PK+ V +TDG S D V PP Q L+D GV +F +     +  EL A AS   + H++ V D   +  I   L  +I + M+                                  P  L  SEV +  FR+SW         Y V+    SG       + +PG  TS   T L+  T+Y++++   S  H    Q +R    TL   A P  + + + H    S+ V W PA G   A GY V   PL   +    + V+V        +  LTP T Y VTV A F' } },
                { Hit_def: 'gi|149636044|ref|XP_001506552.1| PREDICTED: similar to collagen type XX alpha 1 [Ornithorhynchus anatinus]',
                  Hit_num: '16',
                  Hit_accession: '50720',
                  Hit_id: 'gnl|BL_ORD_ID|50720',
                  Hit_len: '1500',
                  first_hsp: 
                   { 'Hsp_bit-score': '128.257',
                     Hsp_score: '321',
                     Hsp_positive: '181',
                     Hsp_identity: '122',
                     'Hsp_query-from': '98',
                     Hsp_evalue: '6.06689e-28',
                     Hsp_num: '1',
                     'Hsp_hit-to': '601',
                     'Hsp_hit-from': '217',
                     Hsp_gaps: '54',
                     'Hsp_query-frame': '1',
                     Hsp_hseq: 'AQDTLKRGSHFQCNSSAPV-DIIFLVDGSWSIGRSNFRLVREFLASLISPFNIARDKISIGLSQYSGDPRTEWDLNKFASKDKVLEAVRNLRYKGGNTFTGLALTHVLEQNLKLEAGPRPEADKIVILLTDGKSQDEANAAAQALKDLGISIFAIGVKNADEAELRQVASHPLDITVH--NVLDFPLLSSLADPLSRILCKKIKERSKSGQSGKSKTLRDLPTVTHPGPTNLIISEVTSKTFRLSWTPPLQPVEKYRIV-YYPSVEGVLSEV---TVDGSASSVMLVNLTSHTEYLVSVFPVYESSVG----DGLRGVTATLPLSPPRSLRVTEVTHHSIKVSWQPT---DETTEYLV-LCTLTSNSEEEEDGKEVKVEQTEVLLEGLRPGTEYTVAVYA',
                     'Hsp_align-len': '400',
                     Hsp_qseq: 'ARSSIERGS----TASDPQGDLLFLLDSSASVSHYEFSRVREFVGQLVATMSFGPGALRASLVHVGSQPHTEFTFDQYSSGQAIQDAIRVAPQRMGDTNTGLALAYAKEQLFAEEAGARPGVPKVLVWVTDGGSSDPVGPPMQELKDLGVTIFIVSTGRGNLLELLAAASAPAEKHLHFVDVDDLPI-------IARELRGSITDAMQ--------------------PQQLHASEVLSSGFRLSWPPLLTADSGYYVLELVPS--GKLATTRRQQLPGNATSWTWTDLDPDTDYEVSLLP--ESNVHLLRPQHVRVRTLQEEAGPER-IVISHARPRSLRVSWAPALGPDSALGYHVQLGPLQGGSLER---VEVPAGQNSTTVQGLTPCTTYLVTVTA',
                     'Hsp_query-to': '458',
                     'Hsp_hit-frame': '1',
                     Hsp_midline: 'A+ +++RGS     +S P  D++FL+D S S+    F  VREF+  L++  +     +   L      P TE+  ++++S   + +A+R    + G+T TGLAL +  EQ    EAG RP   K+++ +TDG S D      Q LKDLG++IF +     +  EL   AS P +  +H  +V D P+       ++R L   I +  +                    P  L  SEV S  FRLSW P L     Y ++   PS  G L+      + G+A+S    +L   T+Y VS+ P  ES+V       +R  T      P R + ++     S++VSW P    D    Y V L  L   S E     EV   Q    ++GL P T Y V V A' } },
                { Hit_def: 'gi|119905613|ref|XP_597723.3| PREDICTED: hypothetical protein [Bos taurus]',
                  Hit_num: '17',
                  Hit_accession: '45670',
                  Hit_id: 'gnl|BL_ORD_ID|45670',
                  Hit_len: '1585',
                  first_hsp: 
                   { 'Hsp_bit-score': '126.331',
                     Hsp_score: '316',
                     Hsp_positive: '174',
                     Hsp_identity: '117',
                     'Hsp_query-from': '114',
                     Hsp_evalue: '2.05125e-27',
                     Hsp_num: '1',
                     'Hsp_hit-to': '756',
                     'Hsp_hit-from': '376',
                     Hsp_gaps: '48',
                     'Hsp_query-frame': '1',
                     Hsp_hseq: 'DMIFLVDGSWSIGHSHFQQVKDFLASVIEPFEIGPGKVQVGLTQYSGAPQTEWDLNAFGTKEEVLNAVHNLHYRGGNTFTGLALTHVLEQNLKPRAGLRPEAAKLVILVTDGKSQDDAHTAGHVLKGLGVDIFAVGVKNADETELRLLASQPLDITVH--NVQDFPQLSTLSGLLSRLICQKVQGRSPRGSPATPALDPPPAPTRLVLTQVTSSSVLLSWSPAPQPPL------KYLIVWRPS-KGGTPREVVVEGPTSSAQLHNLTSSTEYLVSVFPLYKAGVGEGLQ-GLATTAPLPPPQALTLAAVTPKTVRLTWQPS---AEATQYLVRWSPASPKGEEERREVRVGRPEVLLDGLAPGRDYDVWV--------QSLRGAEISEAQGIRARTPALTTP',
                     'Hsp_align-len': '402',
                     Hsp_qseq: 'DLLFLLDSSASVSHYEFSRVREFVGQLVATMSFGPGALRASLVHVGSQPHTEFTFDQYSSGQAIQDAIRVAPQRMGDTNTGLALAYAKEQLFAEEAGARPGVPKVLVWVTDGGSSDPVGPPMQELKDLGVTIFIVSTGRGNLLELLAAASAPAEKHLHFVDVDDLP----------------IIARELRGS-ITDAMQ----PQQLHASEVLSSGFRLSW-----PPLLTADSGYYVLELVPSGKLATTRRQQLPGNATSWTWTDLDPDTDYEVSLLPESNVHLLRPQHVRVRTLQEEAGPERIVISHARPRSLRVSWAPALGPDSALGYHVQLGPLQ-GGSLERVEVPAGQNSTTVQGLTPCTTYLVTVTAAFRSGRQRALSAKACTASGARTRAPQSMRP',
                     'Hsp_query-to': '488',
                     'Hsp_hit-frame': '1',
                     Hsp_midline: 'D++FL+D S S+ H  F +V++F+  ++     GPG ++  L      P TE+  + + + + + +A+     R G+T TGLAL +  EQ     AG RP   K+++ VTDG S D        LK LGV IF V     +  EL   AS P +  +H  +V D P                +  R  RGS  T A+     P +L  ++V SS   LSW     PPL       Y++   PS K  T R   + G  +S    +L   T+Y VS+ P     +       + T      P+ + ++   P+++R++W P+     A  Y V+  P    G  ER EV  G+    + GL P   Y V V        Q    A+   A G R R P    P' } },
                { Hit_def: 'gi|125839259|ref|XP_689265.2| PREDICTED: similar to collagen XIV [Danio rerio]',
                  Hit_num: '18',
                  Hit_accession: '363595',
                  Hit_id: 'gnl|BL_ORD_ID|363595',
                  Hit_len: '602',
                  first_hsp: 
                   { 'Hsp_bit-score': '125.561',
                     Hsp_score: '314',
                     Hsp_positive: '158',
                     Hsp_identity: '104',
                     'Hsp_query-from': '113',
                     Hsp_evalue: '3.19206e-27',
                     Hsp_num: '1',
                     'Hsp_hit-to': '379',
                     'Hsp_hit-from': '17',
                     Hsp_gaps: '33',
                     'Hsp_query-frame': '1',
                     Hsp_hseq: 'ADIVILVDGSWSIGRINFRLVRMFLENLVNAFDVGIDKTRIGLAQYSGDPRIEWHLNGFSTKEAVIDAVKNLPYKGGNTLTGLALTYVLENSFKPESGARDNIPKIGILITDGKSQDDVISPAQTLRSSGVELFAIGVKNADENELKAIASEPEDTHVYNVADFSIMGTIVEGLTRTVCDGVEQQDKEIKQDSVPEETVSTPLNLLISEVTAHSFRVSWTHSAGKVEKYRVVYHPTDADIP--EEIVVGGLENSVVLQNLNSLTEYEIAVFAVYRSAASDALRGSEIT----QALPTVSDLELYDVTDSSMRARWRDAEG---ASGYMILYAPLSSDTPDERELKVDETVTDVELTGLIPDTEYTVTVYATF',
                     'Hsp_align-len': '372',
                     Hsp_qseq: 'GDLLFLLDSSASVSHYEFSRVREFVGQLVATMSFGPGALRASLVHVGSQPHTEFTFDQYSSGQAIQDAIRVAPQRMGDTNTGLALAYAKEQLFAEEAGARPGVPKVLVWVTDGGSSDPVGPPMQELKDLGVTIFIVSTGRGNLLELLAAASAPAEKHLHFV-DVDDLPIIARELRGSITDAMQ------------------PQQLHASEVLSSGFRLSWPPLLTADSGYYVLELVPSGKLATTRRQQLPGNATSWTWTDLDPDTDYEVSLLP---ESNVHLLRPQHVRVRTLQEEAGPERIVISHARPRSLRVSWAPALGPDSALGYHVQLGPLQGGSLERVEVPAGQNSTTVQ--GLTPCTTYLVTVTAAF',
                     'Hsp_query-to': '460',
                     'Hsp_hit-frame': '1',
                     Hsp_midline: 'D++ L+D S S+    F  VR F+  LV     G    R  L      P  E+  + +S+ +A+ DA++  P + G+T TGLAL Y  E  F  E+GAR  +PK+ + +TDG S D V  P Q L+  GV +F +     +  EL A AS P + H++ V D   +  I   L  ++ D ++                  P  L  SEV +  FR+SW         Y V+       +       + G   S    +L+  T+YE+++      +    LR   +     Q       + +      S+R  W  A G   A GY +   PL   + +  E+   +  T V+  GL P T Y VTV A F' } },
                { Hit_def: 'gi|73992734|ref|XP_543096.2| PREDICTED: similar to Protein KIAA1510 precursor [Canis familiaris]',
                  Hit_num: '19',
                  Hit_accession: '37793',
                  Hit_id: 'gnl|BL_ORD_ID|37793',
                  Hit_len: '1405',
                  first_hsp: 
                   { 'Hsp_bit-score': '125.561',
                     Hsp_score: '314',
                     Hsp_positive: '165',
                     Hsp_identity: '112',
                     'Hsp_query-from': '114',
                     Hsp_evalue: '3.38405e-27',
                     Hsp_num: '1',
                     'Hsp_hit-to': '578',
                     'Hsp_hit-from': '206',
                     Hsp_gaps: '37',
                     'Hsp_query-frame': '1',
                     Hsp_hseq: 'DMIFLVDGSWSIGHSHFQQVKDFLASVIEPFEIGPSKVQVGLTQYSGDPQTEWDLNALRTKEDVLAAVRRLRYKGGNTFTGLALTHVLEHNLRPAAGPRPEATKVLILVTDGKSQDDARAAGRILKDLGVAIFAVGVKNADEAELQLLASQPLDITVH--NVQDFPQLGTLAGLLGRLICQKVQGGSRDPAATPALDTLFTPSSLLLTQVTSSSAHLSWTPAAQLPLKYLIVWRPSRG--GPPREVVVDGPTLSAELHDLAAGTEYSVSVIPVGKAGVGEGLRGLVTTAPLPP-PQALTVAAVTPRTIRLTWRPSAG---ATQYLVRCLPASPAGQEEGREVRVGQPEVLLDGLEPGRDYDVRV--------QSLQGTEASEARGVRAR',
                     'Hsp_align-len': '389',
                     Hsp_qseq: 'DLLFLLDSSASVSHYEFSRVREFVGQLVATMSFGPGALRASLVHVGSQPHTEFTFDQYSSGQAIQDAIRVAPQRMGDTNTGLALAYAKEQLFAEEAGARPGVPKVLVWVTDGGSSDPVGPPMQELKDLGVTIFIVSTGRGNLLELLAAASAPAEKHLHFVDVDDLP-----------IIARELRGSITDA---------MQPQQLHASEVLSSGFRLSWPPLLTADSGYYVLELVPSGKLATTRRQQLPGNATSWTWTDLDPDTDYEVSLLPESNVHLLRPQHVRVRTLQEEAGPERIVISHARPRSLRVSWAPALGPDSALGYHVQLGPLQ-GGSLERVEVPAGQNSTTVQGLTPCTTYLVTVTAAFRSGRQRALSAKACTASGARTR',
                     'Hsp_query-to': '481',
                     'Hsp_hit-frame': '1',
                     Hsp_midline: 'D++FL+D S S+ H  F +V++F+  ++     GP  ++  L      P TE+  +   + + +  A+R    + G+T TGLAL +  E      AG RP   KVL+ VTDG S D      + LKDLGV IF V     +  EL   AS P +  +H  +V D P           +I ++++G   D            P  L  ++V SS   LSW P       Y ++     G     R   + G   S    DL   T+Y VS++P     +       V T      P+ + ++   PR++R++W P+ G   A  Y V+  P    G  E  EV  GQ    + GL P   Y V V        Q     +A  A G R R' } },
                { Hit_def: 'gi|149728925|ref|XP_001494879.1| PREDICTED: similar to type VII collagen [Equus caballus]',
                  Hit_num: '20',
                  Hit_accession: '8488',
                  Hit_id: 'gnl|BL_ORD_ID|8488',
                  Hit_len: '3066',
                  first_hsp: 
                   { 'Hsp_bit-score': '125.561',
                     Hsp_score: '314',
                     Hsp_positive: '167',
                     Hsp_identity: '119',
                     'Hsp_query-from': '114',
                     Hsp_evalue: '3.64796e-27',
                     Hsp_num: '1',
                     'Hsp_hit-to': '397',
                     'Hsp_hit-from': '38',
                     Hsp_gaps: '27',
                     'Hsp_query-frame': '1',
                     Hsp_hseq: 'DIVFLLDGSSSIGRSNFREVRGFLEGLVLPFSGAASAQGVRFAAVQYSDDPRTEFGLDALGSGGDVIHAIRELSYKGGNTRTGAAILHVADHVFLPQL-ARPGVPKVCILITDGKSQDLVDTAAQRLKGQGVKLFAVGIKNADHEELKRVASQPTSDFFFFVNDFSILRTLLPLVSRRVCTTAGGVPVILPPDGSTSGPRDLVLSEPGSQSLRVQWTAASGPVTGYKVQYTPLTGLGQPLPSERREVSIPAGETSIQLQGLRPLTEYQVTVVALYANSIGEAVSATAWTTALE-GPE-LTIQNTTARSLLVAWQSVPG---ATGYRVTWGVLSGGALQQQELGPGRGSVLLHDLEPGTDYEVTVSA',
                     'Hsp_align-len': '366',
                     Hsp_qseq: 'DLLFLLDSSASVSHYEFSRVREFVGQLVATMSFGPGA--LRASLVHVGSQPHTEFTFDQYSSGQAIQDAIRVAPQRMGDTNTGLALAYAKEQLFAEEAGARPGVPKVLVWVTDGGSSDPVGPPMQELKDLGVTIFIVSTGRGNLLELLAAASAPAEKHLHFVDVDD-----LPIIAREL---RGSI-------TDAMQPQQLHASEVLSSGFRLSWPPLLTADSGYYVLELVPSG---KLATTRRQ-QLPGNATSWTWTDLDPDTDYEVSLLPESNVHLLRPQHVRVRTLQEEAGPERIVISHARPRSLRVSWAPALGPDSALGYHVQLGPLQGGSLERVEVPAGQNSTTVQGLTPCTTYLVTVTA',
                     'Hsp_query-to': '458',
                     'Hsp_hit-frame': '1',
                     Hsp_midline: 'D++FLLD S+S+    F  VR F+  LV   S    A  +R + V     P TEF  D   SG  +  AIR    + G+T TG A+ +  + +F  +  ARPGVPKV + +TDG S D V    Q LK  GV +F V     +  EL   AS P      FV+        LP+++R +    G +            P+ L  SE  S   R+ W       +GY V     +G    L + RR+  +P   TS     L P T+Y+V+++      +         T   E GPE + I +   RSL V+W    G   A GY V  G L GG+L++ E+  G+ S  +  L P T Y VTV+A' } },
                { Hit_def: 'gi|495866|gb|AAA58965.1| collagen type VII [Homo sapiens]',
                  Hit_num: '21',
                  Hit_accession: '3785',
                  Hit_id: 'gnl|BL_ORD_ID|3785',
                  Hit_len: '2912',
                  first_hsp: 
                   { 'Hsp_bit-score': '122.479',
                     Hsp_score: '306',
                     Hsp_positive: '176',
                     Hsp_identity: '127',
                     'Hsp_query-from': '114',
                     Hsp_evalue: '2.74771e-26',
                     Hsp_num: '1',
                     'Hsp_hit-to': '423',
                     'Hsp_hit-from': '38',
                     Hsp_gaps: '35',
                     'Hsp_query-frame': '1',
                     Hsp_hseq: 'DIVFLLDGSSSIGRSNFREVRSFLEGLVLPFSGAASAQGVRFATVQYSDDPRTEFGLDALGSGGDVIRAIRELSYKGGNTRTGAAILHVADHVFLPQL-ARPGVPKVCILITDGKSQDLVDTAAQRLKGQGVKLFAVGIKNADPEELKRVASQPTSDFFFFVNDFSILRTLLPLVSRRVCTTAGGVPVTRPPDDSTSAPRDLVLSEPSSQSLRVQWTAASGPVTGYKVQYTPLTGLGQPLPSERQEVNVPAGETSVRLRGLRPLTEYQVTVIALYANSIGEAVSGTARTTALE-GPE-LTIQNTTAHSLLVAWRSVPG---ATGYRVTWRVLSGGPTQQQELGPGQGSVLLRDLEPGTDYEVTVSTLF------GRSVGPATSLMARTDASVEQTLRP',
                     'Hsp_align-len': '398',
                     Hsp_qseq: 'DLLFLLDSSASVSHYEFSRVREFVGQLVATMSFGPGA--LRASLVHVGSQPHTEFTFDQYSSGQAIQDAIRVAPQRMGDTNTGLALAYAKEQLFAEEAGARPGVPKVLVWVTDGGSSDPVGPPMQELKDLGVTIFIVSTGRGNLLELLAAASAPAEKHLHFVDVDD-----LPIIAREL----------RGSITDAMQPQQLHASEVLSSGFRLSWPPLLTADSGYYV--LELVPSGKLATTRRQQ--LPGNATSWTWTDLDPDTDYEVSLLPESNVHLLRPQHVRVRTLQEEAGPERIVISHARPRSLRVSWAPALGPDSALGYHVQLGPLQGGSLERVEVPAGQNSTTVQGLTPCTTYLVTVTAAFRSGRQRALSAKACTASGARTRA--PQSMRP',
                     'Hsp_query-to': '488',
                     'Hsp_hit-frame': '1',
                     Hsp_midline: 'D++FLLD S+S+    F  VR F+  LV   S    A  +R + V     P TEF  D   SG  +  AIR    + G+T TG A+ +  + +F  +  ARPGVPKV + +TDG S D V    Q LK  GV +F V     +  EL   AS P      FV+        LP+++R +          R        P+ L  SE  S   R+ W       +GY V    L   G+   + RQ+  +P   TS     L P T+Y+V+++      +        RT   E GPE + I +    SL V+W    G   A GY V    L GG  ++ E+  GQ S  ++ L P T Y VTV+  F        S    T+  ART A   Q++RP' } },
                { Hit_def: 'gi|46362531|gb|AAH68979.1| Slc35c2 protein [Danio rerio]',
                  Hit_num: '22',
                  Hit_accession: '18554',
                  Hit_id: 'gnl|BL_ORD_ID|18554',
                  Hit_len: '1816',
                  first_hsp: 
                   { 'Hsp_bit-score': '120.939',
                     Hsp_score: '302',
                     Hsp_positive: '159',
                     Hsp_identity: '102',
                     'Hsp_query-from': '108',
                     Hsp_evalue: '9.60546e-26',
                     Hsp_num: '1',
                     'Hsp_hit-to': '941',
                     'Hsp_hit-from': '570',
                     Hsp_gaps: '29',
                     'Hsp_query-frame': '1',
                     Hsp_hseq: 'SAEAQAELVLLVDGSWSIGRTNFRKVREFLQGLAVPFHIGPEGVQIALSQYSGDPRTEWHLNNFTSKEPLLEAVRNFRYKGGNTFTGQALIHALENNLKEEVGARPNTPQFLLLLTDGKSQDDAIAAANRLKNAGVEIIAIGVKNADEAELRQVASEPLE--LNVYKVNDFPLLSKLVGKLARILCGKIEDRIKAKRMEHPTQEPVLSFPSPTDLQYVGLGSRELRLRWTVPSRNPQQYRVVYHTAEGQ--SLNELVVNGTESTTLLTGLSSQTQYHLSIFPVYENKVGSALRGTFTTL-PLAIPEALEVTASSASSLRVRWQPAAGATQYMALYSALNDGEPDDAKEVKFGPAQTDVELVDLIPSTDYSVTLYALY',
                     'Hsp_align-len': '377',
                     Hsp_qseq: 'ASDPQGDLLFLLDSSASVSHYEFSRVREFVGQLVATMSFGPGALRASLVHVGSQPHTEFTFDQYSSGQAIQDAIRVAPQRMGDTNTGLALAYAKEQLFAEEAGARPGVPKVLVWVTDGGSSDPVGPPMQELKDLGVTIFIVSTGRGNLLELLAAASAPAEKHLHFVDVDDLPI-------IARELRGSITDAMQ-----------------PQQLHASEVLSSGFRLSWPPLLTADSGYYVLELVPSGKLATTRRQQLPGNATSWTWTDLDPDTDYEVSLLPESNVHLLRPQHVRVRTLQEEAGPERIVISHARPRSLRVSWAPALGPDSALGYHVQLGPLQGGSLERVEVPAGQNSTTVQGLTPCTTYLVTVTAAF',
                     'Hsp_query-to': '460',
                     'Hsp_hit-frame': '1',
                     Hsp_midline: '+++ Q +L+ L+D S S+    F +VREF+  L      GP  ++ +L      P TE+  + ++S + + +A+R    + G+T TG AL +A E    EE GARP  P+ L+ +TDG S D        LK+ GV I  +     +  EL   AS P E  L+   V+D P+       +AR L G I D ++                 P  L    + S   RL W         Y V+     G+  +     + G  ++   T L   T Y +S+ P     +         TL   A PE + ++ +   SLRV W PA G    +  +  L   +    + V+    Q    +  L P T Y VT+ A +' } },
                { Hit_def: 'gi|148675425|gb|EDL07372.1| mCG142757 [Mus musculus]',
                  Hit_num: '23',
                  Hit_accession: '49905',
                  Hit_id: 'gnl|BL_ORD_ID|49905',
                  Hit_len: '1320',
                  first_hsp: 
                   { 'Hsp_bit-score': '120.553',
                     Hsp_score: '301',
                     Hsp_positive: '164',
                     Hsp_identity: '107',
                     'Hsp_query-from': '114',
                     Hsp_evalue: '1.1162e-25',
                     Hsp_num: '1',
                     'Hsp_hit-to': '534',
                     'Hsp_hit-from': '177',
                     Hsp_gaps: '43',
                     'Hsp_query-frame': '1',
                     Hsp_hseq: 'DIIFLVDGSWSIGHNHFQQVKDFLASIITQFAIGPDKVQVGLTQYSGDPQTEWDLNSFQTKEQVLAAVHHLRYKGGNTFTGLALTHVLEQNLKPAAGVRPEAAKVLILVTDGKSQDDVRTAARILKDQDIDVFVVGVKNVDEAELKLLASQPLDITVHNVLDFPQLDTLAPLLSRLICQKIQGRGPVKPAAGTRVLDPLPTPTRLILTHATSSSIHLSWTPALYPPLKYLIVWQPSRG--GAPKEVVVEGPVSSMELGNLTSSTEYLVSVLPVYESGVG---------KSLQGRATTAPLPPPGPLTLAAVTPRTLHVTWPPSAG---VTQYLVQYLLATSTGEEQKREVHVGQPEVLLDGLEPGQDYDVSV',
                     'Hsp_align-len': '372',
                     Hsp_qseq: 'DLLFLLDSSASVSHYEFSRVREFVGQLVATMSFGPGALRASLVHVGSQPHTEFTFDQYSSGQAIQDAIRVAPQRMGDTNTGLALAYAKEQLFAEEAGARPGVPKVLVWVTDGGSSDPVGPPMQELKDLGVTIFIVSTGRGNLLELLAAASAPAEKHLH----FVDVDDL-PIIAREL------RGSITDAM---------QPQQLHASEVLSSGFRLSWPPLLTADSGYYVLELVPSGKLATTRRQQLPGNATSWTWTDLDPDTDYEVSLLP--ESNVHLLRPQHVRVRTLQEEAGPERIVISH------ARPRSLRVSWAPALGPDSALGYHVQ-LGPLQGGSLERVEVPAGQNSTTVQGLTPCTTYLVTV',
                     'Hsp_query-to': '456',
                     'Hsp_hit-frame': '1',
                     Hsp_midline: 'D++FL+D S S+ H  F +V++F+  ++   + GP  ++  L      P TE+  + + + + +  A+     + G+T TGLAL +  EQ     AG RP   KVL+ VTDG S D V    + LKD  + +F+V     +  EL   AS P +  +H    F  +D L P+++R +      RG +  A           P +L  +   SS   LSW P L     Y ++     G     +   + G  +S    +L   T+Y VS+LP  ES V          ++LQ  A    +            PR+L V+W P+ G      Y VQ L     G  ++ EV  GQ    + GL P   Y V+V' } },
                { Hit_def: 'gi|52138687|ref|NP_001004392.1| collagen, type XX, alpha 1 [Gallus gallus] >gi|14280020|gb|AAK58847.1| collagen type XX alpha 1 precursor [Gallus gallus]',
                  Hit_num: '24',
                  Hit_accession: '39814',
                  Hit_id: 'gnl|BL_ORD_ID|39814',
                  Hit_len: '1472',
                  first_hsp: 
                   { 'Hsp_bit-score': '117.857',
                     Hsp_score: '294',
                     Hsp_positive: '167',
                     Hsp_identity: '103',
                     'Hsp_query-from': '99',
                     Hsp_evalue: '6.65586e-25',
                     Hsp_num: '1',
                     'Hsp_hit-to': '607',
                     'Hsp_hit-from': '223',
                     Hsp_gaps: '39',
                     'Hsp_query-frame': '1',
                     Hsp_hseq: 'RDSLRRGSQLQCDTSAMTDIVLLVDGSWSIGRSNFKLIKEFLSALISPFNIAQDKIRVGLSQYSSDPRTEWDLSAYATRDQVLEAVRNLRYKGGNTFTGLALTHVLEQNLKPDAGARLEAEKLVILLTDGKSQDDANLAAQTLKNMGIEIFAIGVKNADEAELKQVASEPLE--LTVYNVLDFPLLSSLVGRLTRVLCTRIKERSSKESAGRAVKDIPTNTGPELSPTDLKISAVTSKSMHLAWSPPLSPPKKYRVVYYPSEG--GTPKEVLLDGAVSSLRLSNLTSHTEYLVSVFPVYDTAVGDGLRGVTSTLPLSA-PRSLRVSELSHNSIRLSWKAAQG---ATQYLVLCSAAPDGAEDYTTEIKVAEPEVLLDGLSPSTEYSIAVYALY',
                     'Hsp_align-len': '393',
                     Hsp_qseq: 'RSSIERGS---TASDPQGDLLFLLDSSASVSHYEFSRVREFVGQLVATMSFGPGALRASLVHVGSQPHTEFTFDQYSSGQAIQDAIRVAPQRMGDTNTGLALAYAKEQLFAEEAGARPGVPKVLVWVTDGGSSDPVGPPMQELKDLGVTIFIVSTGRGNLLELLAAASAPAEKHLHFVDVDDLPIIA---------------------------RELRGSITDAMQPQQLHASEVLSSGFRLSWPPLLTADSGYYVLELVPSGKLATTRRQQLPGNATSWTWTDLDPDTDYEVSLLPESNVHLLRPQHVRVRTLQEEAGPERIVISHARPRSLRVSWAPALGPDSALGYHVQLGPLQGGSLE-RVEVPAGQNSTTVQGLTPCTTYLVTVTAAF',
                     'Hsp_query-to': '460',
                     'Hsp_hit-frame': '1',
                     Hsp_midline: 'R S+ RGS     +    D++ L+D S S+    F  ++EF+  L++  +     +R  L    S P TE+    Y++   + +A+R    + G+T TGLAL +  EQ    +AGAR    K+++ +TDG S D      Q LK++G+ IF +     +  EL   AS P E  L   +V D P+++                           +++  +    + P  L  S V S    L+W P L+    Y V+     G   T +   L G  +S   ++L   T+Y VS+ P  +  +         TL   A P  + +S     S+R+SW  A G   A  Y V       G+ +   E+   +    + GL+P T Y + V A +' } },
                { Hit_def: 'gi|125842663|ref|XP_683613.2| PREDICTED: similar to alpha 1 chain of type XII collagen [Danio rerio]',
                  Hit_num: '25',
                  Hit_accession: '23658',
                  Hit_id: 'gnl|BL_ORD_ID|23658',
                  Hit_len: '1892',
                  first_hsp: 
                   { 'Hsp_bit-score': '115.546',
                     Hsp_score: '288',
                     Hsp_positive: '157',
                     Hsp_identity: '98',
                     'Hsp_query-from': '114',
                     Hsp_evalue: '3.56087e-24',
                     Hsp_num: '1',
                     'Hsp_hit-to': '372',
                     'Hsp_hit-from': '22',
                     Hsp_gaps: '26',
                     'Hsp_query-frame': '1',
                     Hsp_hseq: 'DLVFLVDGSWSVGRENFRFIRSFIGAMAGAFDIEEDKTRVAVVQYSSDTRTEFSLNTHFRRPDVLRAIKNLPYKGGNTMTGDAMDYLVKNTFTQAAGARKGFPKVAMIITDGKSQDPVEEYAERLRNIGVEIFVLGIKGADEDELKEIASRPHSKHVY--NVPNFDMINQVQKALITEVCSGTCGTGELEPPTDLTTSEVTHYSFRATW----VAPDGPVEKYRVEYVSTAGGEPQQQMFVDGTVTTVVLEGLTPLTEYIVKVYSVVGEDSSDPLR----GIETTLPLSAVRSMNIYKERSTTMNVRWDAATGATGYMLLYKALNATEPSVEQEMRVKGMVTDVQLKKLLPNTAYSVSLFA',
                     'Hsp_align-len': '361',
                     Hsp_qseq: 'DLLFLLDSSASVSHYEFSRVREFVGQLVATMSFGPGALRASLVHVGSQPHTEFTFDQYSSGQAIQDAIRVAPQRMGDTNTGLALAYAKEQLFAEEAGARPGVPKVLVWVTDGGSSDPVGPPMQELKDLGVTIFIVSTGRGNLLELLAAASAPAEKHLHFVDVDDLPIIARELRGSITDAMQ----------PQQLHASEVLSSGFRLSWPPLLTADSG---YYVLELVPSGKLATTRRQQLPGNATSWTWTDLDPDTDYEV---SLLPESNVHLLRPQHVRVRTLQEEAGPERIVISHARPRSLRVSWAPALGPDSALGYHVQLGPLQGGSLERVEVPAGQNSTTVQGLTPCTTYLVTVTA',
                     'Hsp_query-to': '458',
                     'Hsp_hit-frame': '1',
                     Hsp_midline: 'DL+FL+D S SV    F  +R F+G +           R ++V   S   TEF+ + +     +  AI+  P + G+T TG A+ Y  +  F + AGAR G PKV + +TDG S DPV    + L+++GV IF++     +  EL   AS P  KH++  +V +  +I +  +  IT+             P  L  SEV    FR +W     A  G    Y +E V +      ++  + G  T+     L P T+Y V   S++ E +   LR     + T    +    + I   R  ++ V W  A G    +  +  L   +    + + V        ++ L P T Y V++ A' } },
                { Hit_def: 'gi|109469364|ref|XP_230973.4| PREDICTED: similar to collagen-like protein [Rattus norvegicus]',
                  Hit_num: '26',
                  Hit_accession: '42815',
                  Hit_id: 'gnl|BL_ORD_ID|42815',
                  Hit_len: '1346',
                  first_hsp: 
                   { 'Hsp_bit-score': '115.161',
                     Hsp_score: '287',
                     Hsp_positive: '164',
                     Hsp_identity: '104',
                     'Hsp_query-from': '114',
                     Hsp_evalue: '4.80848e-24',
                     Hsp_num: '1',
                     'Hsp_hit-to': '599',
                     'Hsp_hit-from': '242',
                     Hsp_gaps: '47',
                     'Hsp_query-frame': '1',
                     Hsp_hseq: 'DIIFLVDGSWSIGHNNFQQVKDFLASIITHFAIGPDKVQVGLTQYSGDPQTEWDLNSFHTKEQVLAAVHHLHYKGGNTFTGLALTHVLGQNLKPAAGVRPEAAKVLILVTDGKSQDDVRTAARVLKDQDIDVFTVGVKNVDEAELKLLASQPLDITVH--NVLDFPQLTTLAPLLSRLICQKIQGRGPVKPAAGTRILDPLPTPTRLTLTHVTSSSIHLSWTPALYPPLKYLIVWQPSRG--GAPKEVVVEGPVSSMELGNLTSNTEYSVSVLPVYESGVG---------KSLQGRATTAPLPPPGPLTLAAVTPRTLHLTWQPSAG---ATQYLVQYLLAASTGEEQKREVHVGRPEVVLDDLEPGQDYEVSV',
                     'Hsp_align-len': '374',
                     Hsp_qseq: 'DLLFLLDSSASVSHYEFSRVREFVGQLVATMSFGPGALRASLVHVGSQPHTEFTFDQYSSGQAIQDAIRVAPQRMGDTNTGLALAYAKEQLFAEEAGARPGVPKVLVWVTDGGSSDPVGPPMQELKDLGVTIFIVSTGRGNLLELLAAASAPAEKHLHFVDVDDLP-----------IIARELRG----------SITDAM-QPQQLHASEVLSSGFRLSWPPLLTADSGYYVLELVPSGKLATTRRQQLPGNATSWTWTDLDPDTDYEVSLLP--ESNVHLLRPQHVRVRTLQEEAGPERIVISH------ARPRSLRVSWAPALGPDSALGYHVQ-LGPLQGGSLERVEVPAGQNSTTVQGLTPCTTYLVTV',
                     'Hsp_query-to': '456',
                     'Hsp_hit-frame': '1',
                     Hsp_midline: 'D++FL+D S S+ H  F +V++F+  ++   + GP  ++  L      P TE+  + + + + +  A+     + G+T TGLAL +   Q     AG RP   KVL+ VTDG S D V    + LKD  + +F V     +  EL   AS P +  +H  +V D P           +I ++++G           I D +  P +L  + V SS   LSW P L     Y ++     G     +   + G  +S    +L  +T+Y VS+LP  ES V          ++LQ  A    +            PR+L ++W P+ G   A  Y VQ L     G  ++ EV  G+    +  L P   Y V+V' } },
                { Hit_def: 'gi|125839255|ref|XP_001344573.1| PREDICTED: similar to gag-pol fusion polyprotein [Danio rerio]',
                  Hit_num: '27',
                  Hit_accession: '7200',
                  Hit_id: 'gnl|BL_ORD_ID|7200',
                  Hit_len: '2607',
                  first_hsp: 
                   { 'Hsp_bit-score': '115.161',
                     Hsp_score: '287',
                     Hsp_positive: '107',
                     Hsp_identity: '67',
                     'Hsp_query-from': '112',
                     Hsp_evalue: '4.84877e-24',
                     Hsp_num: '1',
                     'Hsp_hit-to': '1990',
                     'Hsp_hit-from': '1788',
                     Hsp_gaps: '6',
                     'Hsp_query-frame': '1',
                     Hsp_hseq: 'KADLTFLVDGSWSIGDDNFQKIIRFLYSTTGALDVIGPEGTQVAIAQFSDDARTEFKLNSYSDKEALLDAVQRISYKGGNTKTGRAIKHVKEAIFSEDAGVRRGIPKVLVVLTDGRSQDDVNKISKEMQMEGYIIFAIGFADADYGELVNIASKPSERHVFFVDDLDAFKKIEEQLITFVCEAATATCPSVLMSGNTL-AGFRM',
                     'Hsp_align-len': '204',
                     Hsp_qseq: 'QGDLLFLLDSSASVSHYEFSRVREFVGQLVATMS-FGPGALRASLVHVGSQPHTEFTFDQYSSGQAIQDAIRVAPQRMGDTNTGLALAYAKEQLFAEEAGARPGVPKVLVWVTDGGSSDPVGPPMQELKDLGVTIFIVSTGRGNLLELLAAASAPAEKHLHFV-DVDDLPIIARELRGSITDAMQ---PQQLHASEVLSSGFRL',
                     'Hsp_query-to': '310',
                     'Hsp_hit-frame': '1',
                     Hsp_midline: '+ DL FL+D S S+    F ++  F+      +   GP   + ++        TEF  + YS  +A+ DA++    + G+T TG A+ + KE +F+E+AG R G+PKVLV +TDG S D V    +E++  G  IF +     +  EL+  AS P+E+H+ FV D+D    I  +L   + +A     P  L +   L +GFR+' } },
                { Hit_def: 'gi|118087212|ref|XP_424219.2| PREDICTED: similar to matrilin 2 [Gallus gallus]',
                  Hit_num: '28',
                  Hit_accession: '21568',
                  Hit_id: 'gnl|BL_ORD_ID|21568',
                  Hit_len: '1799',
                  first_hsp: 
                   { 'Hsp_bit-score': '114.39',
                     Hsp_score: '285',
                     Hsp_positive: '95',
                     Hsp_identity: '60',
                     'Hsp_query-from': '106',
                     Hsp_evalue: '9.21832e-24',
                     Hsp_num: '1',
                     'Hsp_hit-to': '194',
                     'Hsp_hit-from': '24',
                     Hsp_gaps: '3',
                     'Hsp_query-frame': '1',
                     Hsp_hseq: 'NTCNNKRLDLVFIIDSSRSVRPYDFEKVKEFILTILQFLDVSPDATRVGLIQYGSTVKHEFSLKTFRRKQEIERAVRRMMHLATGTMTGLAIQYAVNIAFSESEGARPLNQNVPRIIMIVTDGRPQDPVGEIAAKARNSGILIFAIGVGRVDMNTLKSIGSEPHEEHIFLV',
                     'Hsp_align-len': '171',
                     Hsp_qseq: 'STASDPQGDLLFLLDSSASVSHYEFSRVREFVGQLVATMSFGPGALRASLVHVGSQPHTEFTFDQYSSGQAIQDAIRVAPQRMGDTNTGLALAYAKEQLFAEEAGARP---GVPKVLVWVTDGGSSDPVGPPMQELKDLGVTIFIVSTGRGNLLELLAAASAPAEKHLHFV',
                     'Hsp_query-to': '273',
                     'Hsp_hit-frame': '1',
                     Hsp_midline: '+T ++ + DL+F++DSS SV  Y+F +V+EF+  ++  +   P A R  L+  GS    EF+   +   Q I+ A+R        T TGLA+ YA    F+E  GARP    VP++++ VTDG   DPVG    + ++ G+ IF +  GR ++  L +  S P E+H+  V' } },
                { Hit_def: 'gi|47220812|emb|CAG00019.1| unnamed protein product [Tetraodon nigroviridis]',
                  Hit_num: '29',
                  Hit_accession: '35560',
                  Hit_id: 'gnl|BL_ORD_ID|35560',
                  Hit_len: '1557',
                  first_hsp: 
                   { 'Hsp_bit-score': '112.464',
                     Hsp_score: '280',
                     Hsp_positive: '169',
                     Hsp_identity: '106',
                     'Hsp_query-from': '114',
                     Hsp_evalue: '2.77315e-23',
                     Hsp_num: '1',
                     'Hsp_hit-to': '409',
                     'Hsp_hit-from': '8',
                     Hsp_gaps: '73',
                     'Hsp_query-frame': '1',
                     Hsp_hseq: 'DIVILVDGSWSIGRLNFRLVRMFLENLVNAFDVGIDKTRIGGALLLSLMLLYYLCNFSFPGMFMFFVHLKFLYVCVFLGLAQYSGDPRIEWHLNAYSTKDAVIDAVRNLPYKGGNTLTGLALNFILENCFKPESGSREGLPKIGILITDGKSQDDVVPPAESLRNAGIELFAIGVKNADENELQSIASPPEDTHVYNVADFSVMNSIVEALTRTVCEQVVQQDKEIKQISEHVPETVGAPHELVTSEVTARNFRVSWSPAPGNVEKYRVVYYAARGE--EPHEAVVDGSETSVVLDHLSSLTEYQLAVFAVYATEASEALRGSETTL-ALPSVTGLQLLDVTHS---TMKVTWDRVEG---ASGYLLLYGPLIEDGQLNEKELKLSNAVTELELQALNPHTEYTVTVYAMY',
                     'Hsp_align-len': '411',
                     Hsp_qseq: 'DLLFLLDSSASVSHYEFSRVREFVGQLVATMSFG-------------------------PG-------------ALRASLVHVGSQPHTEFTFDQYSSGQAIQDAIRVAPQRMGDTNTGLALAYAKEQLFAEEAGARPGVPKVLVWVTDGGSSDPVGPPMQELKDLGVTIFIVSTGRGNLLELLAAASAPAEKHLHFV-DVDDLPIIARELRGSITDAM-------------------QPQQLHASEVLSSGFRLSWPPLLTADSGYYVLELVPSGKLATTRRQQLPGNATSWTWTDLDPDTDYEVSLL---PESNVHLLRPQHVRVRTLQEEAGPERIVISHARPRSLRVSWAPALGPDSALGYHVQLGPL-QGGSLERVEVPAGQNST--TVQGLTPCTTYLVTVTAAF',
                     'Hsp_query-to': '460',
                     'Hsp_hit-frame': '1',
                     Hsp_midline: 'D++ L+D S S+    F  VR F+  LV     G                         PG              +   L      P  E+  + YS+  A+ DA+R  P + G+T TGLAL +  E  F  E+G+R G+PK+ + +TDG S D V PP + L++ G+ +F +     +  EL + AS P + H++ V D   +  I   L  ++ + +                    P +L  SEV +  FR+SW P       Y V+     G+        + G+ TS     L   T+Y++++           LR     +  L    G + + ++H+   +++V+W    G   A GY +  GPL + G L   E+      T   +Q L P T Y VTV A +' } },
                { Hit_def: 'gi|149066378|gb|EDM16251.1| procollagen, type XIV, alpha 1 (predicted), isoform CRA_b [Rattus norvegicus]',
                  Hit_num: '30',
                  Hit_accession: '79346',
                  Hit_id: 'gnl|BL_ORD_ID|79346',
                  Hit_len: '1127',
                  first_hsp: 
                   { 'Hsp_bit-score': '112.464',
                     Hsp_score: '280',
                     Hsp_positive: '107',
                     Hsp_identity: '63',
                     'Hsp_query-from': '114',
                     Hsp_evalue: '3.5619e-23',
                     Hsp_num: '1',
                     'Hsp_hit-to': '367',
                     'Hsp_hit-from': '159',
                     Hsp_gaps: '4',
                     'Hsp_query-frame': '1',
                     Hsp_hseq: 'DIVILVDGSWSIGRFNFRLVRNFLENLVTAFNVGSEKTRIGLAQYSGDPRIEWHLNAFNTKDEVIDAVRSLPYKGGNTLTGLALNFIFENSFKPEAGSRSGVSKIGILITDGKSQDDIIPPSRNLREAGVELFAIGVKNADLSELQEIASEPDSTHVYNVAEFDLMHTVVESLTRTVCSRVEEQD---KEIKDTEYKVTVTPIYTVGEGVSV',
                     'Hsp_align-len': '212',
                     Hsp_qseq: 'DLLFLLDSSASVSHYEFSRVREFVGQLVATMSFGPGALRASLVHVGSQPHTEFTFDQYSSGQAIQDAIRVAPQRMGDTNTGLALAYAKEQLFAEEAGARPGVPKVLVWVTDGGSSDPVGPPMQELKDLGVTIFIVSTGRGNLLELLAAASAPAEKHLHFV-DVDDLPIIARELRGSITDAMQPQQLHASEVLSSGFRLSWPPLLTADSGYYV',
                     'Hsp_query-to': '324',
                     'Hsp_hit-frame': '1',
                     Hsp_midline: 'D++ L+D S S+  + F  VR F+  LV   + G    R  L      P  E+  + +++   + DA+R  P + G+T TGLAL +  E  F  EAG+R GV K+ + +TDG S D + PP + L++ GV +F +     +L EL   AS P   H++ V + D +  +   L  ++   ++ Q     E+  + ++++  P+ T   G  V' } },
                { Hit_def: 'gi|149635474|ref|XP_001506111.1| PREDICTED: similar to alpha-1 type VII collagen [Ornithorhynchus anatinus]',
                  Hit_num: '31',
                  Hit_accession: '8434',
                  Hit_id: 'gnl|BL_ORD_ID|8434',
                  Hit_len: '2993',
                  first_hsp: 
                   { 'Hsp_bit-score': '111.694',
                     Hsp_score: '278',
                     Hsp_positive: '174',
                     Hsp_identity: '117',
                     'Hsp_query-from': '114',
                     Hsp_evalue: '5.68338e-23',
                     Hsp_num: '1',
                     'Hsp_hit-to': '417',
                     'Hsp_hit-from': '38',
                     Hsp_gaps: '40',
                     'Hsp_query-frame': '1',
                     Hsp_hseq: 'DVVFLVDGSSSIGRNNFRMVRDFLEGLVLPFVNVVRDTG---VRFGAVQYSDDPRTEFALGTHASGQEVMRAVRELNYKRGNTRTGAGLRHVAEHFFHPQL-ARPGVPKVCILITDGRSQDDVEQGALKLKNQNVKVFAVGIKNAHEEELRKVASSPVEEYHFFIPDFAILRTLVPLVSHRVCTSTGGTPQRLPAEGPYFGPSNLVFSEFTGDSLRAQW----TAASGPVIGYKVQFVPLTGLGQPIAAERQEVSVPAGETSVVLRRLRSQTDYQVTVVAQYANSISEAITGTAHTPQLE-GLQQLVVQNTTAHSLGLAW---RGVPGASGYRITWRGPTGLAPQQQDVGPGQLSFLLQGLTPDTDYTVSVAPLYGQVAGPAASVQRRTESG',
                     'Hsp_align-len': '392',
                     Hsp_qseq: 'DLLFLLDSSASVSHYEFSRVREFVGQLV-----ATMSFGPGALRASLVHVGSQPHTEFTFDQYSSGQAIQDAIRVAPQRMGDTNTGLALAYAKEQLFAEEAGARPGVPKVLVWVTDGGSSDPVGPPMQELKDLGVTIFIVSTGRGNLLELLAAASAPAEKHLHFV-DVDDL----PIIARELRGSITDAMQ----------PQQLHASEVLSSGFRLSWPPLLTADSG---YYVLELVP---SGKLATTRRQQ--LPGNATSWTWTDLDPDTDYEVSLLPESNVHLLRPQHVRVRTLQEEAGPERIVISHARPRSLRVSWAPALGPDSALGYHVQLGPLQGGSLERVEVPAGQNSTTVQGLTPCTTYLVTVTAAFRSGRQRALSAKACTASG',
                     'Hsp_query-to': '477',
                     'Hsp_hit-frame': '1',
                     Hsp_midline: 'D++FL+D S+S+    F  VR+F+  LV          G   +R   V     P TEF    ++SGQ +  A+R    + G+T TG  L +  E  F  +  ARPGVPKV + +TDG S D V     +LK+  V +F V     +  EL   AS+P E++  F+ D   L    P+++  +  S     Q          P  L  SE      R  W    TA SG    Y ++ VP    G+     RQ+  +P   TS     L   TDY+V+++ +    +         T Q E G +++V+ +    SL ++W    G   A GY +      G + ++ +V  GQ S  +QGLTP T Y V+V   +      A S +  T SG' } },
                { Hit_def: 'gi|114621486|ref|XP_001143977.1| PREDICTED: collagen, type XIV, alpha 1 isoform 2 [Pan troglodytes]',
                  Hit_num: '32',
                  Hit_accession: '20696',
                  Hit_id: 'gnl|BL_ORD_ID|20696',
                  Hit_len: '1685',
                  first_hsp: 
                   { 'Hsp_bit-score': '110.538',
                     Hsp_score: '275',
                     Hsp_positive: '105',
                     Hsp_identity: '60',
                     'Hsp_query-from': '112',
                     Hsp_evalue: '1.2043e-22',
                     Hsp_num: '1',
                     'Hsp_hit-to': '1137',
                     'Hsp_hit-from': '935',
                     Hsp_gaps: '4',
                     'Hsp_query-frame': '1',
                     Hsp_hseq: 'KADLVFMVDGSWSIGDENFNKIISFLYSTVGALHKIGTDGTQVAMVQFTDDPRTEFKLNAYKTKETLLDAIKHISYKGGNTKTGKAIKYVRDTLFTAESGTRRGIPKVIVVITDGRSQDDVNKISREMQLDGYSIFAIGVADADYSELVSIGSKPSARHVFFVDDFDAFKKIEDELITFVCETASATCPMVHKDGIDLAGFKM',
                     'Hsp_align-len': '203',
                     Hsp_qseq: 'QGDLLFLLDSSASVSHYEFSRVREFVGQLVATM-SFGPGALRASLVHVGSQPHTEFTFDQYSSGQAIQDAIRVAPQRMGDTNTGLALAYAKEQLFAEEAGARPGVPKVLVWVTDGGSSDPVGPPMQELKDLGVTIFIVSTGRGNLLELLAAASAPAEKHLHFV-DVDDLPIIARELRGSITDAMQPQ--QLHASEVLSSGFRL',
                     'Hsp_query-to': '310',
                     'Hsp_hit-frame': '1',
                     Hsp_midline: '+ DL+F++D S S+    F+++  F+   V  +   G    + ++V     P TEF  + Y + + + DAI+    + G+T TG A+ Y ++ LF  E+G R G+PKV+V +TDG S D V    +E++  G +IF +     +  EL++  S P+ +H+ FV D D    I  EL   + +        +H   +  +GF++' } },
                { Hit_def: 'gi|47219514|emb|CAG09868.1| unnamed protein product [Tetraodon nigroviridis]',
                  Hit_num: '33',
                  Hit_accession: '35243',
                  Hit_id: 'gnl|BL_ORD_ID|35243',
                  Hit_len: '1450',
                  first_hsp: 
                   { 'Hsp_bit-score': '109.768',
                     Hsp_score: '273',
                     Hsp_positive: '101',
                     Hsp_identity: '62',
                     'Hsp_query-from': '82',
                     Hsp_evalue: '2.05422e-22',
                     Hsp_num: '1',
                     'Hsp_hit-to': '859',
                     'Hsp_hit-from': '662',
                     Hsp_gaps: '2',
                     'Hsp_query-frame': '1',
                     Hsp_hseq: 'MKWTDCSFSPSALNCCLDKHLYFLATVCKGAKADLVFLIDGSWSIGDESFNKVIQFVTSMIGAFEVISPNGMQVSLVQYSDDAKTEFKLNTYYNKGIVISALKSVRYRGGNTKTGIALKHVYEKVFTSDSGMRRNVPKVLVVLTDGRSQDDVKKSAEKLQHSGYSVFVVGVADVDMTELRIIGSKPSERHVFVVDDYD',
                     'Hsp_align-len': '198',
                     Hsp_qseq: 'LFWTAFSMALS-LRLALARSSIERGSTASDPQGDLLFLLDSSASVSHYEFSRVREFVGQLVATMS-FGPGALRASLVHVGSQPHTEFTFDQYSSGQAIQDAIRVAPQRMGDTNTGLALAYAKEQLFAEEAGARPGVPKVLVWVTDGGSSDPVGPPMQELKDLGVTIFIVSTGRGNLLELLAAASAPAEKHLHFVDVDD',
                     'Hsp_query-to': '277',
                     'Hsp_hit-frame': '1',
                     Hsp_midline: '+ WT  S + S L   L +      +     + DL+FL+D S S+    F++V +FV  ++       P  ++ SLV       TEF  + Y +   +  A++    R G+T TG+AL +  E++F  ++G R  VPKVLV +TDG S D V    ++L+  G ++F+V     ++ EL    S P+E+H+  VD  D' } },
                { Hit_def: 'gi|125833895|ref|XP_001334712.1| PREDICTED: similar to alpha 1 chain of type XII collagen [Danio rerio]',
                  Hit_num: '34',
                  Hit_accession: '1634383',
                  Hit_id: 'gnl|BL_ORD_ID|1634383',
                  Hit_len: '233',
                  first_hsp: 
                   { 'Hsp_bit-score': '107.842',
                     Hsp_score: '268',
                     Hsp_positive: '104',
                     Hsp_identity: '66',
                     'Hsp_query-from': '114',
                     Hsp_evalue: '6.88773e-22',
                     Hsp_num: '1',
                     'Hsp_hit-to': '231',
                     'Hsp_hit-from': '32',
                     Hsp_gaps: '10',
                     'Hsp_query-frame': '1',
                     Hsp_hseq: 'DIVFLVDGSASIGLDNFQQIRQFLSSLVENFEVAPDKVRIGLVQYSDTPRTEFSLNTYQNKEEILDYIRNLRYKTGGTHTGQGLEFILKQHFIEEAGSRAQQNVPQIAIVITDGDSQDEVDLQAQELRQRGIKIFAIGIKDADVRLLRQIANEPYDQYVYSVSDFAALQGISQSVVRELCTSVKDVIETTRGNNLHTSHL',
                     'Hsp_align-len': '200',
                     Hsp_qseq: 'DLLFLLDSSASVSHYEFSRVREFVGQLVATMSFGPGALRASLVHVGSQPHTEFTFDQYSSGQAIQDAIRVAPQRMGDTNTGLALAYAKEQLFAEEAGARP--GVPKVLVWVTDGGSSDPVGPPMQELKDLGVTIFIVSTGRGNLLELLAAASAPAEKHLHFV-DVDDLPIIA----RELRGSITDAMQP---QQLHASEV',
                     'Hsp_query-to': '303',
                     'Hsp_hit-frame': '1',
                     Hsp_midline: 'D++FL+D SAS+    F ++R+F+  LV      P  +R  LV     P TEF+ + Y + + I D IR    + G T+TG  L +  +Q F EEAG+R    VP++ + +TDG S D V    QEL+  G+ IF +     ++  L   A+ P +++++ V D   L  I+    REL  S+ D ++      LH S +' } },
                { Hit_def: 'gi|118093056|ref|XP_421769.2| PREDICTED: similar to AMACO [Gallus gallus]',
                  Hit_num: '35',
                  Hit_accession: '217391',
                  Hit_id: 'gnl|BL_ORD_ID|217391',
                  Hit_len: '800',
                  first_hsp: 
                   { 'Hsp_bit-score': '107.457',
                     Hsp_score: '267',
                     Hsp_positive: '82',
                     Hsp_identity: '58',
                     'Hsp_query-from': '114',
                     Hsp_evalue: '1.14583e-21',
                     Hsp_num: '1',
                     'Hsp_hit-to': '206',
                     'Hsp_hit-from': '50',
                     Hsp_gaps: '2',
                     'Hsp_query-frame': '1',
                     Hsp_hseq: 'DILFLLDGSYSIGRGSFERSKHFAGKLCDALDIHPGRVRVGMVQFSSAPHLEFSLDSYLTKQEVKERIKRTAFRGGSTETGRALKYILHKGFP--GGRNLTVPKILIIISDGKSQGSTAVPAMQVKERGTTVFAVGIKFPRWEELHAVASEPTEQHVLF',
                     'Hsp_align-len': '159',
                     Hsp_qseq: 'DLLFLLDSSASVSHYEFSRVREFVGQLVATMSFGPGALRASLVHVGSQPHTEFTFDQYSSGQAIQDAIRVAPQRMGDTNTGLALAYAKEQLFAEEAGARPGVPKVLVWVTDGGSSDPVGPPMQELKDLGVTIFIVSTGRGNLLELLAAASAPAEKHLHF',
                     'Hsp_query-to': '272',
                     'Hsp_hit-frame': '1',
                     Hsp_midline: 'D+LFLLD S S+    F R + F G+L   +   PG +R  +V   S PH EF+ D Y + Q +++ I+    R G T TG AL Y   + F    G    VPK+L+ ++DG S      P  ++K+ G T+F V        EL A AS P E+H+ F' } },
                { Hit_def: 'gi|94732541|emb|CAK05117.1| novel protein similar to vertebrate collagen family [Danio rerio]',
                  Hit_num: '36',
                  Hit_accession: '19483',
                  Hit_id: 'gnl|BL_ORD_ID|19483',
                  Hit_len: '1721',
                  first_hsp: 
                   { 'Hsp_bit-score': '107.071',
                     Hsp_score: '266',
                     Hsp_positive: '100',
                     Hsp_identity: '61',
                     'Hsp_query-from': '114',
                     Hsp_evalue: '1.23518e-21',
                     Hsp_num: '1',
                     'Hsp_hit-to': '1032',
                     'Hsp_hit-from': '849',
                     Hsp_gaps: '3',
                     'Hsp_query-frame': '1',
                     Hsp_hseq: 'DIVFLVDESWSIGTNNFGKLKDFLFRTVTYFPSIGPKGTQIAVVHYSDQPRIEFNFNTHKDRNSVLRALREVRYGGGNTKTGRGISYVLREMFQESLGMRQEAPHVLVLLTDGRAQDDVEPPSRIAHALGVSVLVIGIAHADMEEVRTIASPTTYKNIFYASDFDDLPSIEREFIGSICSEALQ',
                     'Hsp_align-len': '184',
                     Hsp_qseq: 'DLLFLLDSSASVSHYEFSRVREFVGQLVATM-SFGPGALRASLVHVGSQPHTEFTFDQYSSGQAIQDAIRVAPQRMGDTNTGLALAYAKEQLFAEEAGARPGVPKVLVWVTDGGSSDPVGPPMQELKDLGVTIFIVSTGRGNLLELLAAASAPAEKHLHFV-DVDDLPIIARELRGSI-TDAMQ',
                     'Hsp_query-to': '294',
                     'Hsp_hit-frame': '1',
                     Hsp_midline: 'D++FL+D S S+    F ++++F+ + V    S GP   + ++VH   QP  EF F+ +    ++  A+R      G+T TG  ++Y   ++F E  G R   P VLV +TDG + D V PP +    LGV++ ++     ++ E+   AS    K++ +  D DDLP I RE  GSI ++A+Q' } },
                { Hit_def: 'gi|37182908|gb|AAQ89254.1| MATN2 [Homo sapiens]',
                  Hit_num: '37',
                  Hit_accession: '133034',
                  Hit_id: 'gnl|BL_ORD_ID|133034',
                  Hit_len: '915',
                  first_hsp: 
                   { 'Hsp_bit-score': '105.145',
                     Hsp_score: '261',
                     Hsp_positive: '91',
                     Hsp_identity: '54',
                     'Hsp_query-from': '106',
                     Hsp_evalue: '4.53962e-21',
                     Hsp_num: '1',
                     'Hsp_hit-to': '219',
                     'Hsp_hit-from': '49',
                     Hsp_gaps: '3',
                     'Hsp_query-frame': '1',
                     Hsp_hseq: 'SSCENKRADLVFIIDSSRSVNTHDYAKVKEFIVDILQFLDIGPDVTRVGLLQYGSTVKNEFSLKTFKRKSEVERAVKRMRHLSTGTMTGLAIQYALNIAFSEAEGARPLRENVPRVIMIVTDGRPQDSVAEVAAKARDTGILIFAIGVGQVDFNTLKSIGSEPHEDHVFLV',
                     'Hsp_align-len': '171',
                     Hsp_qseq: 'STASDPQGDLLFLLDSSASVSHYEFSRVREFVGQLVATMSFGPGALRASLVHVGSQPHTEFTFDQYSSGQAIQDAIRVAPQRMGDTNTGLALAYAKEQLFAEEAGARP---GVPKVLVWVTDGGSSDPVGPPMQELKDLGVTIFIVSTGRGNLLELLAAASAPAEKHLHFV',
                     'Hsp_query-to': '273',
                     'Hsp_hit-frame': '1',
                     Hsp_midline: 'S+  + + DL+F++DSS SV+ +++++V+EF+  ++  +  GP   R  L+  GS    EF+   +     ++ A++        T TGLA+ YA    F+E  GARP    VP+V++ VTDG   D V     + +D G+ IF +  G+ +   L +  S P E H+  V' } },
                { Hit_def: 'gi|118086119|ref|XP_426008.2| PREDICTED: similar to alpha 3 type VI collagen [Gallus gallus]',
                  Hit_num: '38',
                  Hit_accession: '5959',
                  Hit_id: 'gnl|BL_ORD_ID|5959',
                  Hit_len: '2533',
                  first_hsp: 
                   { 'Hsp_bit-score': '105.145',
                     Hsp_score: '261',
                     Hsp_positive: '101',
                     Hsp_identity: '59',
                     'Hsp_query-from': '113',
                     Hsp_evalue: '4.93465e-21',
                     Hsp_num: '1',
                     'Hsp_hit-to': '231',
                     'Hsp_hit-from': '45',
                     Hsp_gaps: '3',
                     'Hsp_query-frame': '1',
                     Hsp_hseq: 'ADVVFIVDTSTSIAQENFQKVKNFLSSLVSSLDIGLDMIRVGLAQYSDEAYQVFLLNQYLLKSDVLDQIGNLPYRGGETYTGRALDFVSTRYFTESAGSRAKGYVPQLAVLITSGESNDEVEQPAKKLRYRGISIYVVGIGIQNTTELQQIASKPFRRYLYSIGSFDDLPDLSTRLLQNFCIAIESQ',
                     'Hsp_align-len': '187',
                     Hsp_qseq: 'GDLLFLLDSSASVSHYEFSRVREFVGQLVATMSFGPGALRASLVHVGSQPHTEFTFDQYSSGQAIQDAIRVAPQRMGDTNTGLALAYAKEQLFAEEAGARPG--VPKVLVWVTDGGSSDPVGPPMQELKDLGVTIFIVSTGRGNLLELLAAASAPAEKHLHFV-DVDDLPIIARELRGSITDAMQPQ',
                     'Hsp_query-to': '296',
                     'Hsp_hit-frame': '1',
                     Hsp_midline: 'D++F++D+S S++   F +V+ F+  LV+++  G   +R  L     + +  F  +QY     + D I   P R G+T TG AL +   + F E AG+R    VP++ V +T G S+D V  P ++L+  G++I++V  G  N  EL   AS P  ++L+ +   DDLP ++  L  +   A++ Q' } },
                { Hit_def: 'gi|149641369|ref|XP_001505343.1| PREDICTED: similar to matrilin-3, partial [Ornithorhynchus anatinus]',
                  Hit_num: '39',
                  Hit_accession: '1018108',
                  Hit_id: 'gnl|BL_ORD_ID|1018108',
                  Hit_len: '354',
                  first_hsp: 
                   { 'Hsp_bit-score': '105.145',
                     Hsp_score: '261',
                     Hsp_positive: '95',
                     Hsp_identity: '60',
                     'Hsp_query-from': '114',
                     Hsp_evalue: '5.05973e-21',
                     Hsp_num: '1',
                     'Hsp_hit-to': '314',
                     'Hsp_hit-from': '151',
                     Hsp_gaps: '5',
                     'Hsp_query-frame': '1',
                     Hsp_hseq: 'DLVFIVDSSRSVRPREFEKVKTFLSQVIDTLDIGETATRVAVVNYASTVKVEFHLQTHSDKESLKQAVSRIAPLATG-TMSGLAIRTAMDEVFTVEAGARAPAFNIPKVVVIVTDGRPQDQVQEAVAQAQASGIEIYAVGVGRADMQSLRQLASEPVETHAFYVE',
                     'Hsp_align-len': '165',
                     Hsp_qseq: 'DLLFLLDSSASVSHYEFSRVREFVGQLVATMSFGPGALRASLVHVGSQPHTEFTFDQYSSGQAIQDAI-RVAPQRMGDTNTGLALAYAKEQLFAEEAGARP---GVPKVLVWVTDGGSSDPVGPPMQELKDLGVTIFIVSTGRGNLLELLAAASAPAEKHLHFVD',
                     'Hsp_query-to': '274',
                     'Hsp_hit-frame': '1',
                     Hsp_midline: 'DL+F++DSS SV   EF +V+ F+ Q++ T+  G  A R ++V+  S    EF    +S  ++++ A+ R+AP   G T +GLA+  A +++F  EAGAR     +PKV+V VTDG   D V   + + +  G+ I+ V  GR ++  L   AS P E H  +V+' } },
                { Hit_def: 'gi|114621091|ref|XP_528309.2| PREDICTED: hypothetical protein [Pan troglodytes]',
                  Hit_num: '40',
                  Hit_accession: '72329',
                  Hit_id: 'gnl|BL_ORD_ID|72329',
                  Hit_len: '1150',
                  first_hsp: 
                   { 'Hsp_bit-score': '104.76',
                     Hsp_score: '260',
                     Hsp_positive: '91',
                     Hsp_identity: '54',
                     'Hsp_query-from': '106',
                     Hsp_evalue: '7.42702e-21',
                     Hsp_num: '1',
                     'Hsp_hit-to': '449',
                     'Hsp_hit-from': '279',
                     Hsp_gaps: '3',
                     'Hsp_query-frame': '1',
                     Hsp_hseq: 'SSCENKRADLVFIIDSSRSVNTHDYAKVKEFIVDILQFLDIGPDVTRVGLLQYGSTVKNEFSLKTFKRKSEVERAVKRMRHLSTGTMTGLAIQYALNIAFSEAEGARPLRENVPRVIMIVTDGRPQDSVAEVAAKARDTGILIFAIGVGQVDFNTLKSIGSEPHEDHVFLV',
                     'Hsp_align-len': '171',
                     Hsp_qseq: 'STASDPQGDLLFLLDSSASVSHYEFSRVREFVGQLVATMSFGPGALRASLVHVGSQPHTEFTFDQYSSGQAIQDAIRVAPQRMGDTNTGLALAYAKEQLFAEEAGARP---GVPKVLVWVTDGGSSDPVGPPMQELKDLGVTIFIVSTGRGNLLELLAAASAPAEKHLHFV',
                     'Hsp_query-to': '273',
                     'Hsp_hit-frame': '1',
                     Hsp_midline: 'S+  + + DL+F++DSS SV+ +++++V+EF+  ++  +  GP   R  L+  GS    EF+   +     ++ A++        T TGLA+ YA    F+E  GARP    VP+V++ VTDG   D V     + +D G+ IF +  G+ +   L +  S P E H+  V' } },
                { Hit_def: 'gi|125844332|ref|XP_001332021.1| PREDICTED: similar to collagen XIV [Danio rerio]',
                  Hit_num: '41',
                  Hit_accession: '76390',
                  Hit_id: 'gnl|BL_ORD_ID|76390',
                  Hit_len: '1192',
                  first_hsp: 
                   { 'Hsp_bit-score': '104.375',
                     Hsp_score: '259',
                     Hsp_positive: '88',
                     Hsp_identity: '57',
                     'Hsp_query-from': '112',
                     Hsp_evalue: '8.0733e-21',
                     Hsp_num: '1',
                     'Hsp_hit-to': '698',
                     'Hsp_hit-from': '535',
                     Hsp_gaps: '1',
                     'Hsp_query-frame': '1',
                     Hsp_hseq: 'KADLVFLVDGSWSIGDDNFQKIIRFLHSTAGALDQIGPDGTQVAIAQFSDDARTEFSLSSHSSKEELLTAIQRVSYKGGNTKTGRAMKHVKDSVFAPVGGARRGVPKVLVVLTDGRSQDDVLQVSQELQAEGYIVFAIGFADADYGELLSIASRPGDRHVFFVD',
                     'Hsp_align-len': '164',
                     Hsp_qseq: 'QGDLLFLLDSSASVSHYEFSRVREFVGQLVATMS-FGPGALRASLVHVGSQPHTEFTFDQYSSGQAIQDAIRVAPQRMGDTNTGLALAYAKEQLFAEEAGARPGVPKVLVWVTDGGSSDPVGPPMQELKDLGVTIFIVSTGRGNLLELLAAASAPAEKHLHFVD',
                     'Hsp_query-to': '274',
                     'Hsp_hit-frame': '1',
                     Hsp_midline: '+ DL+FL+D S S+    F ++  F+      +   GP   + ++        TEF+   +SS + +  AI+    + G+T TG A+ + K+ +FA   GAR GVPKVLV +TDG S D V    QEL+  G  +F +     +  ELL+ AS P ++H+ FVD' } },
                { Hit_def: 'gi|125814528|ref|XP_687953.2| PREDICTED: hypothetical protein [Danio rerio]',
                  Hit_num: '42',
                  Hit_accession: '23485',
                  Hit_id: 'gnl|BL_ORD_ID|23485',
                  Hit_len: '1903',
                  first_hsp: 
                   { 'Hsp_bit-score': '103.99',
                     Hsp_score: '258',
                     Hsp_positive: '173',
                     Hsp_identity: '101',
                     'Hsp_query-from': '114',
                     Hsp_evalue: '1.205e-20',
                     Hsp_num: '1',
                     'Hsp_hit-to': '775',
                     'Hsp_hit-from': '393',
                     Hsp_gaps: '42',
                     'Hsp_query-frame': '1',
                     Hsp_hseq: 'DIVFLVDDSWSVGPTSFQQIKEFIADIIRAFQGNVFGQEGIRFGVTVYSDLPRMRIALTDYSTLDEVLRAVEDVPYEGGSSRTGLALEFLEESVFSPSI-IRESAPKIAVLITNGQSDDQVDDPAKAVADSGISLFAVGVRNADQSELKKIVTEPHEEHLMLSPDFSFLEHLLPKLSRRICFTASEPPRPVKQKPPVVERIIGPKDLQVSELSYSSLQLTWSQATGDVTGYRLLITPVSPKGHLLPAQQTQIDLKGDISSTPVTGLNPKTEYSLS------VYAIYPGRIGESATVATVTMKLVPVGDLLVQNATTDTVQARWSSVRG---ATGYRLTWSSSE-GHIENVNLGDNFNFYMVQGLHAGTEYTITINPIFGDIEGPVTSAKAKTCK',
                     'Hsp_align-len': '394',
                     Hsp_qseq: 'DLLFLLDSSASVSHYEFSRVREFVGQLVATMS---FGPGALRASLVHVGSQPHTEFTFDQYSSGQAIQDAIRVAPQRMGDTNTGLALAYAKEQLFAEEAGARPGVPKVLVWVTDGGSSDPVGPPMQELKDLGVTIFIVSTGRGNLLELLAAASAPAEKHL----HFVDVDD-LPIIARELRGSITDA--------------MQPQQLHASEVLSSGFRLSWPPLLTADSGYYVL--ELVPSGKLATTRRQQ--LPGNATSWTWTDLDPDTDYEVSLLPESNVHLLRPQHV----RVRTLQEEAGP-ERIVISHARPRSLRVSWAPALGPDSALGYHVQLGPLQGGSLERVEVPAGQNSTTVQGLTPCTTYLVTVTAAFRSGRQRALSAKACTAS',
                     'Hsp_query-to': '476',
                     'Hsp_hit-frame': '1',
                     Hsp_midline: 'D++FL+D S SV    F +++EF+  ++       FG   +R  +      P        YS+   +  A+   P   G + TGLAL + +E +F+     R   PK+ V +T+G S D V  P + + D G+++F V     +  EL    + P E+HL     F  ++  LP ++R +  + ++               + P+ L  SE+  S  +L+W       +GY +L   + P G L   ++ Q  L G+ +S   T L+P T+Y +S      V+ + P  +     V T+  +  P   +++ +A   +++  W+   G   A GY +     + G +E V +    N   VQGL   T Y +T+   F        SAKA T' } },
                { Hit_def: 'gi|3182939|sp|Q91145|COCA1_NOTVI Collagen alpha-1(XII) chain >gi|632648|gb|AAA80217.1| type XII collagen alpha-1 chain',
                  Hit_num: '43',
                  Hit_accession: '125807',
                  Hit_id: 'gnl|BL_ORD_ID|125807',
                  Hit_len: '929',
                  first_hsp: 
                   { 'Hsp_bit-score': '101.679',
                     Hsp_score: '252',
                     Hsp_positive: '126',
                     Hsp_identity: '71',
                     'Hsp_query-from': '112',
                     Hsp_evalue: '4.89507e-20',
                     Hsp_num: '1',
                     'Hsp_hit-to': '888',
                     'Hsp_hit-from': '631',
                     Hsp_gaps: '16',
                     'Hsp_query-frame': '1',
                     Hsp_hseq: 'QADIVLLVDGSWSIGRPNFKIVRNFISRVVEVFDIGSDRVQIAVSQYSGDPRTEWQLNTHKTKKSLMDAVANLPYKGGNTNTGSALKFILENNFRPGVGMREKARKIAILLTDGKSQDDIVAPSKRYADEGIELYAVGIKNADENELKEIASDPDELYMYNVADFSLLTNIVNDLTENVCNSVKGPGGLNPPSNLVTSEPTPRSFRVTWVPPSQSVER--FKVEYYP---VAGGRPQEVYVRGTQTTTVLVGLKPETEYYVNV',
                     'Hsp_align-len': '263',
                     Hsp_qseq: 'QGDLLFLLDSSASVSHYEFSRVREFVGQLVATMSFGPGALRASLVHVGSQPHTEFTFDQYSSGQAIQDAIRVAPQRMGDTNTGLALAYAKEQLFAEEAGARPGVPKVLVWVTDGGSSDPVGPPMQELKDLGVTIFIVSTGRGNLLELLAAASAPAEKHLHFV-DVDDLPIIARELRGSITDAMQ-------PQQLHASEVLSSGFRLSW-PPLLTADSGYYVLELVPSGKLATTRRQQ--LPGNATSWTWTDLDPDTDYEVSL',
                     'Hsp_query-to': '363',
                     'Hsp_hit-frame': '1',
                     Hsp_midline: 'Q D++ L+D S S+    F  VR F+ ++V     G   ++ ++      P TE+  + + + +++ DA+   P + G+TNTG AL +  E  F    G R    K+ + +TDG S D +  P +   D G+ ++ V     +  EL   AS P E +++ V D   L  I  +L  ++ ++++       P  L  SE     FR++W PP  + +   + +E  P   +A  R Q+  + G  T+     L P+T+Y V++' } },
                { Hit_def: 'gi|47217883|emb|CAG05005.1| unnamed protein product [Tetraodon nigroviridis]',
                  Hit_num: '44',
                  Hit_accession: '290231',
                  Hit_id: 'gnl|BL_ORD_ID|290231',
                  Hit_len: '647',
                  first_hsp: 
                   { 'Hsp_bit-score': '101.679',
                     Hsp_score: '252',
                     Hsp_positive: '84',
                     Hsp_identity: '55',
                     'Hsp_query-from': '114',
                     Hsp_evalue: '4.97744e-20',
                     Hsp_num: '1',
                     'Hsp_hit-to': '216',
                     'Hsp_hit-from': '54',
                     Hsp_gaps: '3',
                     'Hsp_query-frame': '1',
                     Hsp_hseq: 'DFVFVIDSSRSIRPRDYEKVKTFIVNLVQFLEVGPEATRVGLLQYGSVVQPEFSLSTFSTKAEVEQAVRNMKHLATGTMTGLAIQYAAETSFTEADGARPAHLHIPRIAVVVTDGRPQDRVEEVAAQARQAGIQIFAIGVGRVDMKTLKTIGSEPHSEHVHLV',
                     'Hsp_align-len': '163',
                     Hsp_qseq: 'DLLFLLDSSASVSHYEFSRVREFVGQLVATMSFGPGALRASLVHVGSQPHTEFTFDQYSSGQAIQDAIRVAPQRMGDTNTGLALAYAKEQLFAEEAGARPG---VPKVLVWVTDGGSSDPVGPPMQELKDLGVTIFIVSTGRGNLLELLAAASAPAEKHLHFV',
                     'Hsp_query-to': '273',
                     'Hsp_hit-frame': '1',
                     Hsp_midline: 'D +F++DSS S+   ++ +V+ F+  LV  +  GP A R  L+  GS    EF+   +S+   ++ A+R        T TGLA+ YA E  F E  GARP    +P++ V VTDG   D V     + +  G+ IF +  GR ++  L    S P  +H+H V' } },
                { Hit_def: 'gi|47212423|emb|CAF93579.1| unnamed protein product [Tetraodon nigroviridis]',
                  Hit_num: '45',
                  Hit_accession: '291627',
                  Hit_id: 'gnl|BL_ORD_ID|291627',
                  Hit_len: '688',
                  first_hsp: 
                   { 'Hsp_bit-score': '101.679',
                     Hsp_score: '252',
                     Hsp_positive: '89',
                     Hsp_identity: '62',
                     'Hsp_query-from': '114',
                     Hsp_evalue: '6.23511e-20',
                     Hsp_num: '1',
                     'Hsp_hit-to': '171',
                     'Hsp_hit-from': '7',
                     Hsp_gaps: '2',
                     'Hsp_query-frame': '1',
                     Hsp_hseq: 'DLLFLIDSSRSVRPHEFETMRRFMIDILNTLDIGLNSTRVGVVQYSSQVRSEFSLRSHASLDSMVKAIQEMVPLAQG-TMTGLAIRYTMNVAFTAAEGDRPKVPNVVVIVTDGRPQDRVAEVAAEARERGMEIYAVGVARADMTSLRAMASPPFEDHVFLVESFDL',
                     'Hsp_align-len': '166',
                     Hsp_qseq: 'DLLFLLDSSASVSHYEFSRVREFVGQLVATMSFGPGALRASLVHVGSQPHTEFTFDQYSSGQAIQDAIR-VAPQRMGDTNTGLALAYAKEQLFAEEAGARPGVPKVLVWVTDGGSSDPVGPPMQELKDLGVTIFIVSTGRGNLLELLAAASAPAEKHLHFVDVDDL',
                     'Hsp_query-to': '278',
                     'Hsp_hit-frame': '1',
                     Hsp_midline: 'DLLFL+DSS SV  +EF  +R F+  ++ T+  G  + R  +V   SQ  +EF+   ++S  ++  AI+ + P   G T TGLA+ Y     F    G RP VP V+V VTDG   D V     E ++ G+ I+ V   R ++  L A AS P E H+  V+  DL' } },
                { Hit_def: 'gi|77567855|gb|AAI07522.1| Matn3b protein [Danio rerio]',
                  Hit_num: '46',
                  Hit_accession: '1252970',
                  Hit_id: 'gnl|BL_ORD_ID|1252970',
                  Hit_len: '299',
                  first_hsp: 
                   { 'Hsp_bit-score': '100.908',
                     Hsp_score: '250',
                     Hsp_positive: '90',
                     Hsp_identity: '60',
                     'Hsp_query-from': '114',
                     Hsp_evalue: '8.49022e-20',
                     Hsp_num: '1',
                     'Hsp_hit-to': '232',
                     'Hsp_hit-from': '69',
                     Hsp_gaps: '5',
                     'Hsp_query-frame': '1',
                     Hsp_hseq: 'DLVFIIDSSRSVRPAEFEKVKIFLSEMVDSLDIGSDATRVALVNYASTVNIEFHLKKYFSKAEVKQAFSRIDPLSTG-TMTGMAIKTAMEQVFTENAGARPLKKGIGKVAIIVTDGRPQDKVEEVSAAARASGIEIYAVGVDRAEVRSLKQMASQPLDDHVFYVE',
                     'Hsp_align-len': '165',
                     Hsp_qseq: 'DLLFLLDSSASVSHYEFSRVREFVGQLVATMSFGPGALRASLVHVGSQPHTEFTFDQYSSGQAIQDAI-RVAPQRMGDTNTGLALAYAKEQLFAEEAGARP---GVPKVLVWVTDGGSSDPVGPPMQELKDLGVTIFIVSTGRGNLLELLAAASAPAEKHLHFVD',
                     'Hsp_query-to': '274',
                     'Hsp_hit-frame': '1',
                     Hsp_midline: 'DL+F++DSS SV   EF +V+ F+ ++V ++  G  A R +LV+  S  + EF   +Y S   ++ A  R+ P   G T TG+A+  A EQ+F E AGARP   G+ KV + VTDG   D V       +  G+ I+ V   R  +  L   AS P + H+ +V+' } },
                { Hit_def: 'gi|59939916|ref|NP_001012385.1| matrilin 3b [Danio rerio] >gi|56797875|emb|CAG30518.1| matrilin-3b precursor [Danio rerio]',
                  Hit_num: '47',
                  Hit_accession: '573864',
                  Hit_id: 'gnl|BL_ORD_ID|573864',
                  Hit_len: '478',
                  first_hsp: 
                   { 'Hsp_bit-score': '100.908',
                     Hsp_score: '250',
                     Hsp_positive: '90',
                     Hsp_identity: '60',
                     'Hsp_query-from': '114',
                     Hsp_evalue: '9.15233e-20',
                     Hsp_num: '1',
                     'Hsp_hit-to': '367',
                     'Hsp_hit-from': '204',
                     Hsp_gaps: '5',
                     'Hsp_query-frame': '1',
                     Hsp_hseq: 'DLVFIIDSSRSVRPAEFEKVKIFLSEMVNSLDIGSDATRVALVNYASTVNIEFHLKKYFSKAEVKQAFSRIDPLSTG-TMTGMAIKTAMEQVFTENAGARPLKKGIGKVAIIVTDGRPQDKVEEVSAAARASGIEIYAVGVDRAEMRSLKQMASQPLDDHVFYVE',
                     'Hsp_align-len': '165',
                     Hsp_qseq: 'DLLFLLDSSASVSHYEFSRVREFVGQLVATMSFGPGALRASLVHVGSQPHTEFTFDQYSSGQAIQDAI-RVAPQRMGDTNTGLALAYAKEQLFAEEAGARP---GVPKVLVWVTDGGSSDPVGPPMQELKDLGVTIFIVSTGRGNLLELLAAASAPAEKHLHFVD',
                     'Hsp_query-to': '274',
                     'Hsp_hit-frame': '1',
                     Hsp_midline: 'DL+F++DSS SV   EF +V+ F+ ++V ++  G  A R +LV+  S  + EF   +Y S   ++ A  R+ P   G T TG+A+  A EQ+F E AGARP   G+ KV + VTDG   D V       +  G+ I+ V   R  +  L   AS P + H+ +V+' } },
                { Hit_def: 'gi|47218505|emb|CAF97239.1| unnamed protein product [Tetraodon nigroviridis]',
                  Hit_num: '48',
                  Hit_accession: '93848',
                  Hit_id: 'gnl|BL_ORD_ID|93848',
                  Hit_len: '1060',
                  first_hsp: 
                   { 'Hsp_bit-score': '100.523',
                     Hsp_score: '249',
                     Hsp_positive: '169',
                     Hsp_identity: '105',
                     'Hsp_query-from': '112',
                     Hsp_evalue: '1.38904e-19',
                     Hsp_num: '1',
                     'Hsp_hit-to': '850',
                     'Hsp_hit-from': '460',
                     Hsp_gaps: '36',
                     'Hsp_query-frame': '1',
                     Hsp_hseq: 'QADIVFLVDESWSVGQNSFSHVKDFISAIITSFKDSVVGTEGVRFGVTVFGDVPKMRIALTDYSSQEEVLRAIRDLPYEGRSRRIGDALTFLVQHVFSPVIRRDHG-PKIAVLITNGRSDDPVDAAARLVADSGISLFAVGVGGADASELRRMVSEPREEHLLLGADYSALENLLARLSRRVCVTASEPPRPVKMSPTVKVPVVGPRDLQVSELAHSSLRLTWSHATSDVRGYGLVVTPLTSQGHPLHLQQRQMELKAEVSTTVVTDLSPRTEYSLSVYAVYPGLIGDSATITVQTIK-LVPVSKLLVQNATTDTVQARWASVRG---ASGYRLTWQS-PDGHIENINLGDTFSFYMIQGLSSGTEYTVTINPIFGDTEGSITAAKIKTCDG----KPQSV',
                     'Hsp_align-len': '401',
                     Hsp_qseq: 'QGDLLFLLDSSASVSHYEFSRVREFVGQLVATMS---FGPGALRASLVHVGSQPHTEFTFDQYSSGQAIQDAIRVAPQRMGDTNTGLALAYAKEQLFAEEAGARPGVPKVLVWVTDGGSSDPVGPPMQELKDLGVTIFIVSTGRGNLLELLAAASAPAEKHLHF-VDVDDLP-IIARELRGSITDAMQ-----------------PQQLHASEVLSSGFRLSWPPLLTADSGY--YVLELVPSGK-LATTRRQ-QLPGNATSWTWTDLDPDTDYEVSLLPESNVHLLRPQHVRVRTLQEEAGPERIVISHARPRSLRVSWAPALGPDSALGYHVQLGPLQGGSLERVEVPAGQNSTTVQGLTPCTTYLVTVTAAFRSGRQRALSAKACTASGARTRAPQSM',
                     'Hsp_query-to': '486',
                     'Hsp_hit-frame': '1',
                     Hsp_midline: 'Q D++FL+D S SV    FS V++F+  ++ +      G   +R  +   G  P        YSS + +  AIR  P        G AL +  + +F+       G PK+ V +T+G S DPV    + + D G+++F V  G  +  EL    S P E+HL    D   L  ++AR  R     A +                 P+ L  SE+  S  RL+W    +   GY   V  L   G  L   +RQ +L    ++   TDL P T+Y +S+       +     + V+T++      ++++ +A   +++  WA   G   A GY +       G +E + +    +   +QGL+  T Y VT+   F        +AK  T  G     PQS+' } },
                { Hit_def: 'gi|45384196|ref|NP_990403.1| matrilin-3 precursor [Gallus gallus] >gi|14548115|sp|O42401|MATN3_CHICK Matrilin-3 precursor >gi|2326444|emb|CAA03885.1| matrilin-3 [Gallus gallus]',
                  Hit_num: '49',
                  Hit_accession: '618131',
                  Hit_id: 'gnl|BL_ORD_ID|618131',
                  Hit_len: '452',
                  first_hsp: 
                   { 'Hsp_bit-score': '100.138',
                     Hsp_score: '248',
                     Hsp_positive: '92',
                     Hsp_identity: '55',
                     'Hsp_query-from': '114',
                     Hsp_evalue: '1.44821e-19',
                     Hsp_num: '1',
                     'Hsp_hit-to': '217',
                     'Hsp_hit-from': '54',
                     Hsp_gaps: '5',
                     'Hsp_query-frame': '1',
                     Hsp_hseq: 'DLVFIIDSSRSVRPEEFEKVKIFLSKMIDTLDVGERTTRVAVMNYASTVKVEFPLRTYFDKASMKEAVSRIQPLSAG-TMTGLAIQAAMDEVFTEEMGTRPANFNIPKVVIIVTDGRPQDQVENVAANARTAGIEIYAVGVGRADMQSLRIMASEPLDEHVFYVE',
                     'Hsp_align-len': '165',
                     Hsp_qseq: 'DLLFLLDSSASVSHYEFSRVREFVGQLVATMSFGPGALRASLVHVGSQPHTEFTFDQYSSGQAIQDAI-RVAPQRMGDTNTGLALAYAKEQLFAEEAGARP---GVPKVLVWVTDGGSSDPVGPPMQELKDLGVTIFIVSTGRGNLLELLAAASAPAEKHLHFVD',
                     'Hsp_query-to': '274',
                     'Hsp_hit-frame': '1',
                     Hsp_midline: 'DL+F++DSS SV   EF +V+ F+ +++ T+  G    R ++++  S    EF    Y    ++++A+ R+ P   G T TGLA+  A +++F EE G RP    +PKV++ VTDG   D V       +  G+ I+ V  GR ++  L   AS P ++H+ +V+' } },
                { Hit_def: 'gi|148669822|gb|EDL01769.1| von Willebrand factor A domain containing 2 [Mus musculus]',
                  Hit_num: '50',
                  Hit_accession: '224452',
                  Hit_id: 'gnl|BL_ORD_ID|224452',
                  Hit_len: '748',
                  first_hsp: 
                   { 'Hsp_bit-score': '100.138',
                     Hsp_score: '248',
                     Hsp_positive: '85',
                     Hsp_identity: '57',
                     'Hsp_query-from': '114',
                     Hsp_evalue: '1.76929e-19',
                     Hsp_num: '1',
                     'Hsp_hit-to': '161',
                     'Hsp_hit-from': '8',
                     Hsp_gaps: '5',
                     'Hsp_query-frame': '1',
                     Hsp_hseq: 'DILFLLDGSHSIGKGSFERSKRFAIAACDALDISPGRVRVGALQFGSTPHLEFPLDSFSTRQEVKESIKGIVFKGGRTETGLAL----KRLSRGFPGGRNGSVPQILIIVTDGKSQGPVALPAKQLRERGIVVFAVGVRFPRWDELLTLASEPKDRHV',
                     'Hsp_align-len': '158',
                     Hsp_qseq: 'DLLFLLDSSASVSHYEFSRVREFVGQLVATMSFGPGALRASLVHVGSQPHTEFTFDQYSSGQAIQDAIRVAPQRMGDTNTGLALAYAKEQLFAEEAGARPG-VPKVLVWVTDGGSSDPVGPPMQELKDLGVTIFIVSTGRGNLLELLAAASAPAEKHL',
                     'Hsp_query-to': '270',
                     'Hsp_hit-frame': '1',
                     Hsp_midline: 'D+LFLLD S S+    F R + F       +   PG +R   +  GS PH EF  D +S+ Q ++++I+    + G T TGLAL    ++L     G R G VP++L+ VTDG S  PV  P ++L++ G+ +F V        ELL  AS P ++H+' } } ],
             BlastOutput_version: 'blastp 2.2.26 [Sep-21-2011]',
             BlastOutput_program: 'blastp',
             BlastOutput_reference: '~Reference: Altschul, Stephen F., Thomas L. Madden, Alejandro A. Schaffer, ~Jinghui Zhang, Zheng Zhang, Webb Miller, and David J. Lipman (1997), ~"Gapped BLAST and PSI-BLAST: a new generation of protein database search~programs",  Nucleic Acids Res. 25:3389-3402.',
             'BlastOutput_query-def': 'No definition line found',
             'BlastOutput_query-ID': 'lcl|QUERY',
             BlastOutput_db: 'nr70',
             BlastOutput_param: 
              { Parameters: 
                 { Parameters_filter: 'F',
                   Parameters_matrix: 'BLOSUM62',
                   'Parameters_gap-extend': '1',
                   Parameters_expect: '10',
                   'Parameters_gap-open': '11' } },
             'BlastOutput_query-len': '495' } } },
     { out: 
        { BlastOutput: 
           { Hits: 
              [ { Hit_def: 'gi|149253040|ref|XP_001477365.1| PREDICTED: similar to perlecan (heparan sulfate proteoglycan 2) [Mus musculus]',
                  Hit_num: '1',
                  Hit_accession: '8363',
                  Hit_id: 'gnl|BL_ORD_ID|8363',
                  Hit_len: '3782',
                  first_hsp: 
                   { 'Hsp_bit-score': '136.732',
                     Hsp_score: '343',
                     Hsp_positive: '67',
                     Hsp_identity: '64',
                     'Hsp_query-from': '49',
                     Hsp_evalue: '1.65429e-31',
                     Hsp_num: '1',
                     'Hsp_hit-to': '3658',
                     'Hsp_hit-from': '3586',
                     'Hsp_query-frame': '1',
                     Hsp_hseq: 'GSEDAPGQYGAYFYDNGFLGLPGNSFSRSLPEVPETIEFEVRTSTADGLLLWQGVVREASRSKDFISLGLQDG',
                     'Hsp_align-len': '73',
                     Hsp_qseq: 'GPESVPGQYGAYFQDNGFLALPGNSFSRSLPEVPETIEFEVRTSTANGLLLWQGVAKESSRSKDFISLGLQDG',
                     'Hsp_query-to': '121',
                     'Hsp_hit-frame': '1',
                     Hsp_midline: 'G E  PGQYGAYF DNGFL LPGNSFSRSLPEVPETIEFEVRTSTA+GLLLWQGV +E+SRSKDFISLGLQDG' } },
                { Hit_def: 'gi|1172451|sp|Q05793|PGBM_MOUSE Basement membrane-specific heparan sulfate proteoglycan core protein precursor (HSPG) (Perlecan) (PLC) >gi|200296|gb|AAA39911.1| perlecan',
                  Hit_num: '2',
                  Hit_accession: '1115',
                  Hit_id: 'gnl|BL_ORD_ID|1115',
                  Hit_len: '3707',
                  first_hsp: 
                   { 'Hsp_bit-score': '133.65',
                     Hsp_score: '335',
                     Hsp_positive: '66',
                     Hsp_identity: '63',
                     'Hsp_query-from': '49',
                     Hsp_evalue: '1.29913e-30',
                     Hsp_num: '1',
                     'Hsp_hit-to': '3583',
                     'Hsp_hit-from': '3511',
                     'Hsp_query-frame': '1',
                     Hsp_hseq: 'GGNDAPGQYGAYFYDNGFLGLPGNSFSRSLPEVPETIEFEVRTSTADGLLLWQGVVREASRSKDFISLGLQDG',
                     'Hsp_align-len': '73',
                     Hsp_qseq: 'GPESVPGQYGAYFQDNGFLALPGNSFSRSLPEVPETIEFEVRTSTANGLLLWQGVAKESSRSKDFISLGLQDG',
                     'Hsp_query-to': '121',
                     'Hsp_hit-frame': '1',
                     Hsp_midline: 'G    PGQYGAYF DNGFL LPGNSFSRSLPEVPETIEFEVRTSTA+GLLLWQGV +E+SRSKDFISLGLQDG' } },
                { Hit_def: 'gi|73950646|ref|XP_855194.1| PREDICTED: similar to Basement membrane-specific heparan sulfate proteoglycan core protein precursor (HSPG) (Perlecan) (PLC) [Canis familiaris]',
                  Hit_num: '3',
                  Hit_accession: '15723',
                  Hit_id: 'gnl|BL_ORD_ID|15723',
                  Hit_len: '1740',
                  first_hsp: 
                   { 'Hsp_bit-score': '119.013',
                     Hsp_score: '297',
                     Hsp_positive: '61',
                     Hsp_identity: '58',
                     'Hsp_query-from': '49',
                     Hsp_evalue: '3.48133e-26',
                     Hsp_num: '1',
                     'Hsp_hit-to': '1655',
                     'Hsp_hit-from': '1582',
                     Hsp_gaps: '1',
                     'Hsp_query-frame': '1',
                     Hsp_hseq: 'GGNDAPGQYGAYFHDDGFLALPGRIFSRSVPEVPETIELEVRTSTANGLLLWQGVDMGEAGRGKDFISLGLQDG',
                     'Hsp_align-len': '74',
                     Hsp_qseq: 'GPESVPGQYGAYFQDNGFLALPGNSFSRSLPEVPETIEFEVRTSTANGLLLWQGV-AKESSRSKDFISLGLQDG',
                     'Hsp_query-to': '121',
                     'Hsp_hit-frame': '1',
                     Hsp_midline: 'G    PGQYGAYF D+GFLALPG  FSRS+PEVPETIE EVRTSTANGLLLWQGV   E+ R KDFISLGLQDG' } },
                { Hit_def: 'gi|29470|emb|CAA44373.1| Human basement membrane heparan sulfate proteoglycan core protein [Homo sapiens]',
                  Hit_num: '4',
                  Hit_accession: '3736',
                  Hit_id: 'gnl|BL_ORD_ID|3736',
                  Hit_len: '4393',
                  first_hsp: 
                   { 'Hsp_bit-score': '115.931',
                     Hsp_score: '289',
                     Hsp_positive: '61',
                     Hsp_identity: '56',
                     'Hsp_query-from': '49',
                     Hsp_evalue: '2.99672e-25',
                     Hsp_num: '1',
                     'Hsp_hit-to': '4269',
                     'Hsp_hit-from': '4196',
                     Hsp_gaps: '1',
                     'Hsp_query-frame': '1',
                     Hsp_hseq: 'GGNDAPGQYGAYFHDDGFLAFPGHVFSRSLPEVPETIELEVRTSTASGLLLWQGVEVGEAGQGKDFISLGLQDG',
                     'Hsp_align-len': '74',
                     Hsp_qseq: 'GPESVPGQYGAYFQDNGFLALPGNSFSRSLPEVPETIEFEVRTSTANGLLLWQGV-AKESSRSKDFISLGLQDG',
                     'Hsp_query-to': '121',
                     'Hsp_hit-frame': '1',
                     Hsp_midline: 'G    PGQYGAYF D+GFLA PG+ FSRSLPEVPETIE EVRTSTA+GLLLWQGV   E+ + KDFISLGLQDG' } },
                { Hit_def: 'gi|166236169|gb|ABY85874.1| heparan sulfate proteoglycan 2 domain V/endorepellin [Danio rerio]',
                  Hit_num: '5',
                  Hit_accession: '325038',
                  Hit_id: 'gnl|BL_ORD_ID|325038',
                  Hit_len: '656',
                  first_hsp: 
                   { 'Hsp_bit-score': '85.1149',
                     Hsp_score: '209',
                     Hsp_positive: '51',
                     Hsp_identity: '38',
                     'Hsp_query-from': '54',
                     Hsp_evalue: '6.52796e-16',
                     Hsp_num: '1',
                     'Hsp_hit-to': '532',
                     'Hsp_hit-from': '464',
                     Hsp_gaps: '1',
                     'Hsp_query-frame': '1',
                     Hsp_hseq: 'PIEYSAYFHDNGYLALPKPMFPRSAPDSPETIELEINTASKDGLILWQGVELGDQGKGKDFISIGLKNG',
                     'Hsp_align-len': '69',
                     Hsp_qseq: 'PGQYGAYFQDNGFLALPGNSFSRSLPEVPETIEFEVRTSTANGLLLWQGV-AKESSRSKDFISLGLQDG',
                     'Hsp_query-to': '121',
                     'Hsp_hit-frame': '1',
                     Hsp_midline: 'P +Y AYF DNG+LALP   F RS P+ PETIE E+ T++ +GL+LWQGV   +  + KDFIS+GL++G' } },
                { Hit_def: 'gi|94536813|ref|NP_001001876.1| basement membrane-specific heparan sulfate proteoglycan core protein [Gallus gallus] >gi|47846181|emb|CAE51322.1| basement membrane-specific heparan sulfate proteoglycan core protein precursor [Gallus gallus]',
                  Hit_num: '6',
                  Hit_accession: '4286',
                  Hit_id: 'gnl|BL_ORD_ID|4286',
                  Hit_len: '4071',
                  first_hsp: 
                   { 'Hsp_bit-score': '81.2629',
                     Hsp_score: '199',
                     Hsp_positive: '51',
                     Hsp_identity: '37',
                     'Hsp_query-from': '49',
                     Hsp_evalue: '8.17979e-15',
                     Hsp_num: '1',
                     'Hsp_hit-to': '3950',
                     'Hsp_hit-from': '3880',
                     Hsp_gaps: '2',
                     'Hsp_query-frame': '1',
                     Hsp_hseq: 'GGSDTPGQFSAMFREGSYLALPGHLFPRGAPDLQDTIELELRTSSTEGLLLWHGT--ESGKAKDFVGLGLKDG',
                     'Hsp_align-len': '73',
                     Hsp_qseq: 'GPESVPGQYGAYFQDNGFLALPGNSFSRSLPEVPETIEFEVRTSTANGLLLWQGVAKESSRSKDFISLGLQDG',
                     'Hsp_query-to': '121',
                     'Hsp_hit-frame': '1',
                     Hsp_midline: 'G    PGQ+ A F++  +LALPG+ F R  P++ +TIE E+RTS+  GLLLW G   ES ++KDF+ LGL+DG' } },
                { Hit_def: 'gi|71998537|ref|NP_497044.3| UNCoordinated family member (unc-52) [Caenorhabditis elegans] >gi|30179887|sp|Q06561|UNC52_CAEEL Basement membrane proteoglycan precursor (Perlecan homolog) (Protein unc-52) (Uncoordinated protein 52) >gi|3874869|emb|CAB07569.1| Hypothetical protein ZC101.2e [Caenorhabditis elegans] >gi|3881359|emb|CAB07708.1| Hypothetical protein ZC101.2e [Caenorhabditis elegans]',
                  Hit_num: '7',
                  Hit_accession: '1334',
                  Hit_id: 'gnl|BL_ORD_ID|1334',
                  Hit_len: '3375',
                  first_hsp: 
                   { 'Hsp_bit-score': '50.0618',
                     Hsp_score: '118',
                     Hsp_positive: '37',
                     Hsp_identity: '22',
                     'Hsp_query-from': '54',
                     Hsp_evalue: '2.36635e-05',
                     Hsp_num: '1',
                     'Hsp_hit-to': '3245',
                     'Hsp_hit-from': '3178',
                     'Hsp_query-frame': '1',
                     Hsp_hseq: 'PIEHAARFDGDAFIELSSDEFPHLTSEKDEIVAFKFKTEQQNGVLLWQGQRPTVQQMEDYISVGIVNG',
                     'Hsp_align-len': '68',
                     Hsp_qseq: 'PGQYGAYFQDNGFLALPGNSFSRSLPEVPETIEFEVRTSTANGLLLWQGVAKESSRSKDFISLGLQDG',
                     'Hsp_query-to': '121',
                     'Hsp_hit-frame': '1',
                     Hsp_midline: 'P ++ A F  + F+ L  + F     E  E + F+ +T   NG+LLWQG      + +D+IS+G+ +G' } },
                { Hit_def: 'gi|115963932|ref|XP_001191297.1| PREDICTED: similar to heparan sulfate proteoglycan perlecan [Strongylocentrotus purpuratus]',
                  Hit_num: '8',
                  Hit_accession: '21154',
                  Hit_id: 'gnl|BL_ORD_ID|21154',
                  Hit_len: '2331',
                  first_hsp: 
                   { 'Hsp_bit-score': '46.2098',
                     Hsp_score: '108',
                     Hsp_positive: '35',
                     Hsp_identity: '25',
                     'Hsp_query-from': '57',
                     Hsp_evalue: '0.000284396',
                     Hsp_num: '1',
                     'Hsp_hit-to': '2210',
                     'Hsp_hit-from': '2143',
                     Hsp_gaps: '3',
                     'Hsp_query-frame': '1',
                     Hsp_hseq: 'YSVALGQASYLKLPKTVIPRGRGSSAITEIFSFSIATDSTDGLLLWQGVPEGSAGERQDFIAVGLQDG',
                     'Hsp_align-len': '68',
                     Hsp_qseq: 'YGAYFQDNGFLALPGNSF--SRSLPEVPETIEFEVRTSTANGLLLWQGVAKESS-RSKDFISLGLQDG',
                     'Hsp_query-to': '121',
                     'Hsp_hit-frame': '1',
                     Hsp_midline: 'Y        +L LP       R    + E   F + T + +GLLLWQGV + S+   +DFI++GLQDG' } },
                { Hit_def: 'gi|115734766|ref|XP_001198206.1| PREDICTED: similar to perlecan, partial [Strongylocentrotus purpuratus] >gi|115901768|ref|XP_794373.2| PREDICTED: similar to perlecan, partial [Strongylocentrotus purpuratus]',
                  Hit_num: '9',
                  Hit_accession: '20980',
                  Hit_id: 'gnl|BL_ORD_ID|20980',
                  Hit_len: '2295',
                  first_hsp: 
                   { 'Hsp_bit-score': '46.2098',
                     Hsp_score: '108',
                     Hsp_positive: '35',
                     Hsp_identity: '25',
                     'Hsp_query-from': '57',
                     Hsp_evalue: '0.000306575',
                     Hsp_num: '1',
                     'Hsp_hit-to': '2136',
                     'Hsp_hit-from': '2069',
                     Hsp_gaps: '3',
                     'Hsp_query-frame': '1',
                     Hsp_hseq: 'YSVALGQASYLKLPKTVIPRGRGSSAITEIFSFSIATDSTDGLLLWQGVPEGSAGERQDFIAVGLQDG',
                     'Hsp_align-len': '68',
                     Hsp_qseq: 'YGAYFQDNGFLALPGNSF--SRSLPEVPETIEFEVRTSTANGLLLWQGVAKESS-RSKDFISLGLQDG',
                     'Hsp_query-to': '121',
                     'Hsp_hit-frame': '1',
                     Hsp_midline: 'Y        +L LP       R    + E   F + T + +GLLLWQGV + S+   +DFI++GLQDG' } },
                { Hit_def: 'gi|170594862|ref|XP_001902156.1| UNC-52/Perlecan [Brugia malayi] >gi|158590328|gb|EDP28996.1| UNC-52/Perlecan, putative [Brugia malayi]',
                  Hit_num: '10',
                  Hit_accession: '1935348',
                  Hit_id: 'gnl|BL_ORD_ID|1935348',
                  Hit_len: '178',
                  first_hsp: 
                   { 'Hsp_bit-score': '40.817',
                     Hsp_score: '94',
                     Hsp_positive: '35',
                     Hsp_identity: '20',
                     'Hsp_query-from': '54',
                     Hsp_evalue: '0.0130972',
                     Hsp_num: '1',
                     'Hsp_hit-to': '110',
                     'Hsp_hit-from': '42',
                     Hsp_gaps: '1',
                     'Hsp_query-frame': '1',
                     Hsp_hseq: 'PIEHAAKFDGKAFIVFSIDDFPHLTSEHEESLSLRFKTSASSGLIFWQGQPFGTPLKGDDYLSIGLSDG',
                     'Hsp_align-len': '69',
                     Hsp_qseq: 'PGQYGAYFQDNGFLALPGNSFSRSLPEVPETIEFEVRTSTANGLLLWQGVAKESS-RSKDFISLGLQDG',
                     'Hsp_query-to': '121',
                     'Hsp_hit-frame': '1',
                     Hsp_midline: 'P ++ A F    F+    + F     E  E++    +TS ++GL+ WQG    +  +  D++S+GL DG' } },
                { Hit_def: 'gi|156379093|ref|XP_001631293.1| predicted protein [Nematostella vectensis] >gi|156218331|gb|EDO39230.1| predicted protein [Nematostella vectensis]',
                  Hit_num: '11',
                  Hit_accession: '8796',
                  Hit_id: 'gnl|BL_ORD_ID|8796',
                  Hit_len: '4354',
                  first_hsp: 
                   { 'Hsp_bit-score': '39.2762',
                     Hsp_score: '90',
                     Hsp_positive: '44',
                     Hsp_identity: '29',
                     'Hsp_query-from': '38',
                     Hsp_evalue: '0.0356463',
                     Hsp_num: '1',
                     'Hsp_hit-to': '3679',
                     'Hsp_hit-from': '3603',
                     Hsp_gaps: '11',
                     'Hsp_query-frame': '1',
                     Hsp_hseq: 'VCKCPTGYHGPLCEMTTRT----FYGNSYIWLP-KLMTYSLSD----LEFEFMTKTADGLLVYQGPEREGANNGLKDFIAVVLRGG',
                     'Hsp_align-len': '86',
                     Hsp_qseq: 'ICUSOXGNHSPGPESVPGQYGAYFQDNGFLALPGNSFSRSLPEVPETIEFEVRTSTANGLLLWQGVAKESSRS--KDFISLGLQDG',
                     'Hsp_query-to': '121',
                     'Hsp_hit-frame': '1',
                     Hsp_midline: '+C    G H P  E         F  N ++ LP    + SL +    +EFE  T TA+GLL++QG  +E + +  KDFI++ L+ G' } },
                { Hit_def: 'gi|91082477|ref|XP_972068.1| PREDICTED: similar to CG33950-PD, isoform D [Tribolium castaneum]',
                  Hit_num: '12',
                  Hit_accession: '4739',
                  Hit_id: 'gnl|BL_ORD_ID|4739',
                  Hit_len: '3901',
                  first_hsp: 
                   { 'Hsp_bit-score': '37.7354',
                     Hsp_score: '86',
                     Hsp_positive: '33',
                     Hsp_identity: '19',
                     'Hsp_query-from': '59',
                     Hsp_evalue: '0.0970179',
                     Hsp_num: '1',
                     'Hsp_hit-to': '3181',
                     'Hsp_hit-from': '3118',
                     Hsp_gaps: '1',
                     'Hsp_query-frame': '1',
                     Hsp_hseq: 'AHFNGKGYLEFDRDLLDHIKENEDELIAVELSTNSSDGLVFWHGQTPNEDGQGKNYISLGVVNG',
                     'Hsp_align-len': '64',
                     Hsp_qseq: 'AYFQDNGFLALPGNSFSRSLPEVPETIEFEVRTSTANGLLLWQG-VAKESSRSKDFISLGLQDG',
                     'Hsp_query-to': '121',
                     'Hsp_hit-frame': '1',
                     Hsp_midline: 'A+F   G+L    +          E I  E+ T++++GL+ W G    E  + K++ISLG+ +G' } },
                { Hit_def: 'gi|115650783|ref|XP_787979.2| PREDICTED: hypothetical protein, partial [Strongylocentrotus purpuratus]',
                  Hit_num: '13',
                  Hit_accession: '176690',
                  Hit_id: 'gnl|BL_ORD_ID|176690',
                  Hit_len: '862',
                  first_hsp: 
                   { 'Hsp_bit-score': '37.7354',
                     Hsp_score: '86',
                     Hsp_positive: '32',
                     Hsp_identity: '21',
                     'Hsp_query-from': '61',
                     Hsp_evalue: '0.106344',
                     Hsp_num: '1',
                     'Hsp_hit-to': '745',
                     'Hsp_hit-from': '686',
                     Hsp_gaps: '1',
                     'Hsp_query-frame': '1',
                     Hsp_hseq: 'FIGRSYLWFASNEITSRLSGERNMFSFELRATEPNGLVLWAGHSSMTSGS-DFIAMGLENG',
                     'Hsp_align-len': '61',
                     Hsp_qseq: 'FQDNGFLALPGNSFSRSLPEVPETIEFEVRTSTANGLLLWQGVAKESSRSKDFISLGLQDG',
                     'Hsp_query-to': '121',
                     'Hsp_hit-frame': '1',
                     Hsp_midline: 'F    +L    N  +  L        FE+R +  NGL+LW G +  +S S DFI++GL++G' } },
                { Hit_def: 'gi|156367378|ref|XP_001627394.1| predicted protein [Nematostella vectensis] >gi|156214303|gb|EDO35294.1| predicted protein [Nematostella vectensis]',
                  Hit_num: '14',
                  Hit_accession: '227797',
                  Hit_id: 'gnl|BL_ORD_ID|227797',
                  Hit_len: '767',
                  first_hsp: 
                   { 'Hsp_bit-score': '37.3502',
                     Hsp_score: '85',
                     Hsp_positive: '28',
                     Hsp_identity: '15',
                     'Hsp_query-from': '67',
                     Hsp_evalue: '0.129921',
                     Hsp_num: '1',
                     'Hsp_hit-to': '662',
                     'Hsp_hit-from': '619',
                     Hsp_gaps: '1',
                     'Hsp_query-frame': '1',
                     Hsp_hseq: 'LKTPCRSWATAMPLAPETMTISIKTTTLEGVIFWQGQLRKQKAR',
                     'Hsp_align-len': '44',
                     Hsp_qseq: 'LALPGNSFSRSLPEVPETIEFEVRTSTANGLLLWQG-VAKESSR',
                     'Hsp_query-to': '109',
                     'Hsp_hit-frame': '1',
                     Hsp_midline: 'L  P  S++ ++P  PET+   ++T+T  G++ WQG + K+ +R' } },
                { Hit_def: 'gi|156400712|ref|XP_001638936.1| predicted protein [Nematostella vectensis] >gi|156226061|gb|EDO46873.1| predicted protein [Nematostella vectensis]',
                  Hit_num: '15',
                  Hit_accession: '319696',
                  Hit_id: 'gnl|BL_ORD_ID|319696',
                  Hit_len: '678',
                  first_hsp: 
                   { 'Hsp_bit-score': '36.965',
                     Hsp_score: '84',
                     Hsp_positive: '31',
                     Hsp_identity: '23',
                     'Hsp_query-from': '61',
                     Hsp_evalue: '0.179888',
                     Hsp_num: '1',
                     'Hsp_hit-to': '565',
                     'Hsp_hit-from': '507',
                     Hsp_gaps: '2',
                     'Hsp_query-frame': '1',
                     Hsp_hseq: 'FAGDGFMKFKGSEILSRLSGKNTELEFLFRTQESSGLLL--SVQKESVSHGDHITIGLIDG',
                     'Hsp_align-len': '61',
                     Hsp_qseq: 'FQDNGFLALPGNSFSRSLPEVPETIEFEVRTSTANGLLLWQGVAKESSRSKDFISLGLQDG',
                     'Hsp_query-to': '121',
                     'Hsp_hit-frame': '1',
                     Hsp_midline: 'F  +GF+   G+     L      +EF  RT  ++GLLL   V KES    D I++GL DG' } },
                { Hit_def: 'gi|110758879|ref|XP_393220.3| PREDICTED: similar to CG33950-PD, isoform D [Apis mellifera]',
                  Hit_num: '16',
                  Hit_accession: '5252',
                  Hit_id: 'gnl|BL_ORD_ID|5252',
                  Hit_len: '3382',
                  first_hsp: 
                   { 'Hsp_bit-score': '36.5798',
                     Hsp_score: '83',
                     Hsp_positive: '31',
                     Hsp_identity: '18',
                     'Hsp_query-from': '57',
                     Hsp_evalue: '0.247002',
                     Hsp_num: '1',
                     'Hsp_hit-to': '3194',
                     'Hsp_hit-from': '3132',
                     Hsp_gaps: '2',
                     'Hsp_query-frame': '1',
                     Hsp_hseq: 'YDVAFKGDGWLELDKNVMIHE--EEREVLGFEISTNKTRGLIMWHGQMPNNLNPDHYMALAVVDG',
                     'Hsp_align-len': '65',
                     Hsp_qseq: 'YGAYFQDNGFLALPGNSFSRSLPEVPETIEFEVRTSTANGLLLWQGVAKESSRSKDFISLGLQDG',
                     'Hsp_query-to': '121',
                     'Hsp_hit-frame': '1',
                     Hsp_midline: 'Y   F+ +G+L L  N       E  E + FE+ T+   GL++W G    +     +++L + DG' } },
                { Hit_def: 'gi|114550536|ref|XP_520844.2| PREDICTED: agrin [Pan troglodytes]',
                  Hit_num: '17',
                  Hit_accession: '43729',
                  Hit_id: 'gnl|BL_ORD_ID|43729',
                  Hit_len: '1301',
                  first_hsp: 
                   { 'Hsp_bit-score': '35.039',
                     Hsp_score: '79',
                     Hsp_positive: '31',
                     Hsp_identity: '22',
                     'Hsp_query-from': '63',
                     Hsp_evalue: '0.613306',
                     Hsp_num: '1',
                     'Hsp_hit-to': '1182',
                     'Hsp_hit-from': '1119',
                     Hsp_gaps: '11',
                     'Hsp_query-frame': '1',
                     Hsp_hseq: 'DVDALAFDGRTFVEYLNAVTESEKALQSNHFELSLRTEATQGLVLWSGKATERA---DYVALAIVDG',
                     'Hsp_align-len': '67',
                     Hsp_qseq: 'DNGFLALPGNSFSRSLPEVPET--------IEFEVRTSTANGLLLWQGVAKESSRSKDFISLGLQDG',
                     'Hsp_query-to': '121',
                     'Hsp_hit-frame': '1',
                     Hsp_midline: 'D   LA  G +F   L  V E+         E  +RT    GL+LW G A E +   D+++L + DG' } },
                { Hit_def: 'gi|88793167|ref|ZP_01108883.1| hypothetical protein MADE_18269 [Alteromonas macleodii \'Deep ecotype\'] >gi|88775350|gb|EAR06599.1| hypothetical protein MADE_18269 [Alteromonas macleodii \'Deep ecotype\']',
                  Hit_num: '18',
                  Hit_accession: '967475',
                  Hit_id: 'gnl|BL_ORD_ID|967475',
                  Hit_len: '358',
                  first_hsp: 
                   { 'Hsp_bit-score': '35.039',
                     Hsp_score: '79',
                     Hsp_positive: '32',
                     Hsp_identity: '19',
                     'Hsp_query-from': '63',
                     Hsp_evalue: '0.666674',
                     Hsp_num: '1',
                     'Hsp_hit-to': '344',
                     'Hsp_hit-from': '285',
                     Hsp_gaps: '3',
                     'Hsp_query-frame': '1',
                     Hsp_hseq: 'DNVVMLVPSASFVANLPYSKIPDRKDFEVLDAKTR-IQYWQTVLKETDRLGEYFMRAVNDG',
                     'Hsp_align-len': '61',
                     Hsp_qseq: 'DNGFLALPGNSFSRSLP--EVPETIEFEVRTSTANGLLLWQGVAKESSRSKDFISLGLQDG',
                     'Hsp_query-to': '121',
                     'Hsp_hit-frame': '1',
                     Hsp_midline: 'DN  + +P  SF  +LP  ++P+  +FEV  +    +  WQ V KE+ R  ++    + DG' } },
                { Hit_def: 'gi|78706468|ref|NP_001027035.1| terribly reduced optic lobes CG33950-PE, isoform E [Drosophila melanogaster] >gi|22831579|gb|AAN09078.1| CG33950-PE, isoform E [Drosophila melanogaster]',
                  Hit_num: '19',
                  Hit_accession: '2098',
                  Hit_id: 'gnl|BL_ORD_ID|2098',
                  Hit_len: '4228',
                  first_hsp: 
                   { 'Hsp_bit-score': '34.6538',
                     Hsp_score: '78',
                     Hsp_positive: '34',
                     Hsp_identity: '20',
                     'Hsp_query-from': '57',
                     Hsp_evalue: '0.900254',
                     Hsp_num: '1',
                     'Hsp_hit-to': '4097',
                     'Hsp_hit-from': '4032',
                     Hsp_gaps: '1',
                     'Hsp_query-frame': '1',
                     Hsp_hseq: 'FNASFRGDGYVELNRSHFQPALEQSYTSMGIVFTTNKPNGLLFWWGQEAGEEYTGQDFIAAAVVDG',
                     'Hsp_align-len': '66',
                     Hsp_qseq: 'YGAYFQDNGFLALPGNSFSRSLPEVPETIEFEVRTSTANGLLLWQGV-AKESSRSKDFISLGLQDG',
                     'Hsp_query-to': '121',
                     'Hsp_hit-frame': '1',
                     Hsp_midline: '+ A F+ +G++ L  + F  +L +   ++     T+  NGLL W G  A E    +DFI+  + DG' } },
                { Hit_def: 'gi|78706472|ref|NP_001027037.1| terribly reduced optic lobes CG33950-PA, isoform A [Drosophila melanogaster] >gi|22831580|gb|AAF45786.3| CG33950-PA, isoform A [Drosophila melanogaster]',
                  Hit_num: '20',
                  Hit_accession: '2124',
                  Hit_id: 'gnl|BL_ORD_ID|2124',
                  Hit_len: '4179',
                  first_hsp: 
                   { 'Hsp_bit-score': '34.6538',
                     Hsp_score: '78',
                     Hsp_positive: '34',
                     Hsp_identity: '20',
                     'Hsp_query-from': '57',
                     Hsp_evalue: '0.94647',
                     Hsp_num: '1',
                     'Hsp_hit-to': '4048',
                     'Hsp_hit-from': '3983',
                     Hsp_gaps: '1',
                     'Hsp_query-frame': '1',
                     Hsp_hseq: 'FNASFRGDGYVELNRSHFQPALEQSYTSMGIVFTTNKPNGLLFWWGQEAGEEYTGQDFIAAAVVDG',
                     'Hsp_align-len': '66',
                     Hsp_qseq: 'YGAYFQDNGFLALPGNSFSRSLPEVPETIEFEVRTSTANGLLLWQGV-AKESSRSKDFISLGLQDG',
                     'Hsp_query-to': '121',
                     'Hsp_hit-frame': '1',
                     Hsp_midline: '+ A F+ +G++ L  + F  +L +   ++     T+  NGLL W G  A E    +DFI+  + DG' } },
                { Hit_def: 'gi|170047092|ref|XP_001851070.1| serrate protein [Culex pipiens quinquefasciatus] >gi|167869633|gb|EDS33016.1| serrate protein [Culex pipiens quinquefasciatus]',
                  Hit_num: '21',
                  Hit_accession: '10089',
                  Hit_id: 'gnl|BL_ORD_ID|10089',
                  Hit_len: '3710',
                  first_hsp: 
                   { 'Hsp_bit-score': '34.6538',
                     Hsp_score: '78',
                     Hsp_positive: '32',
                     Hsp_identity: '19',
                     'Hsp_query-from': '58',
                     Hsp_evalue: '0.995058',
                     Hsp_num: '1',
                     'Hsp_hit-to': '3254',
                     'Hsp_hit-from': '3190',
                     Hsp_gaps: '1',
                     'Hsp_query-frame': '1',
                     Hsp_hseq: 'GSQFRGDGFLEIDPKAIAASADQYETKLAIMFSTTHYNGMLLWYGQRNGDVFSGDDYISLSVHEG',
                     'Hsp_align-len': '65',
                     Hsp_qseq: 'GAYFQDNGFLALPGNSFSRSLPEVPETIEFEVRTSTANGLLLWQGVAKESSRS-KDFISLGLQDG',
                     'Hsp_query-to': '121',
                     'Hsp_hit-frame': '1',
                     Hsp_midline: 'G+ F+ +GFL +   + + S  +    +     T+  NG+LLW G       S  D+ISL + +G' } },
                { Hit_def: 'gi|78706474|ref|NP_001027038.1| terribly reduced optic lobes CG33950-PF, isoform F [Drosophila melanogaster] >gi|71854503|gb|AAF45787.2| CG33950-PF, isoform F [Drosophila melanogaster]',
                  Hit_num: '22',
                  Hit_accession: '2532',
                  Hit_id: 'gnl|BL_ORD_ID|2532',
                  Hit_len: '4629',
                  first_hsp: 
                   { 'Hsp_bit-score': '34.6538',
                     Hsp_score: '78',
                     Hsp_positive: '34',
                     Hsp_identity: '20',
                     'Hsp_query-from': '57',
                     Hsp_evalue: '1.02028',
                     Hsp_num: '1',
                     'Hsp_hit-to': '4498',
                     'Hsp_hit-from': '4433',
                     Hsp_gaps: '1',
                     'Hsp_query-frame': '1',
                     Hsp_hseq: 'FNASFRGDGYVELNRSHFQPALEQSYTSMGIVFTTNKPNGLLFWWGQEAGEEYTGQDFIAAAVVDG',
                     'Hsp_align-len': '66',
                     Hsp_qseq: 'YGAYFQDNGFLALPGNSFSRSLPEVPETIEFEVRTSTANGLLLWQGV-AKESSRSKDFISLGLQDG',
                     'Hsp_query-to': '121',
                     'Hsp_hit-frame': '1',
                     Hsp_midline: '+ A F+ +G++ L  + F  +L +   ++     T+  NGLL W G  A E    +DFI+  + DG' } },
                { Hit_def: 'gi|148671398|gb|EDL03345.1| expressed sequence AU040377, isoform CRA_a [Mus musculus]',
                  Hit_num: '23',
                  Hit_accession: '111568',
                  Hit_id: 'gnl|BL_ORD_ID|111568',
                  Hit_len: '1098',
                  first_hsp: 
                   { 'Hsp_bit-score': '34.2686',
                     Hsp_score: '77',
                     Hsp_positive: '23',
                     Hsp_identity: '17',
                     'Hsp_query-from': '90',
                     Hsp_evalue: '1.19555',
                     Hsp_num: '1',
                     'Hsp_hit-to': '980',
                     'Hsp_hit-from': '950',
                     Hsp_gaps: '1',
                     'Hsp_query-frame': '1',
                     Hsp_hseq: 'KTTAKDGLLLWRGDSPMRPNS-DFISLGLRDG',
                     'Hsp_align-len': '32',
                     Hsp_qseq: 'RTSTANGLLLWQGVAKESSRSKDFISLGLQDG',
                     'Hsp_query-to': '121',
                     'Hsp_hit-frame': '1',
                     Hsp_midline: '+T+  +GLLLW+G +     S DFISLGL+DG' } },
                { Hit_def: 'gi|47226395|emb|CAG08411.1| unnamed protein product [Tetraodon nigroviridis]',
                  Hit_num: '24',
                  Hit_accession: '93871',
                  Hit_id: 'gnl|BL_ORD_ID|93871',
                  Hit_len: '1024',
                  first_hsp: 
                   { 'Hsp_bit-score': '33.8834',
                     Hsp_score: '76',
                     Hsp_positive: '24',
                     Hsp_identity: '16',
                     'Hsp_query-from': '90',
                     Hsp_evalue: '1.4852',
                     Hsp_num: '1',
                     'Hsp_hit-to': '908',
                     'Hsp_hit-from': '878',
                     Hsp_gaps: '1',
                     'Hsp_query-frame': '1',
                     Hsp_hseq: 'KSTAMSGLLLWRGDSPMRANS-DFLSLGLQDG',
                     'Hsp_align-len': '32',
                     Hsp_qseq: 'RTSTANGLLLWQGVAKESSRSKDFISLGLQDG',
                     'Hsp_query-to': '121',
                     'Hsp_hit-frame': '1',
                     Hsp_midline: '+++  +GLLLW+G +   + S DF+SLGLQDG' } },
                { Hit_def: 'gi|125817957|ref|XP_001339765.1| PREDICTED: hypothetical protein [Danio rerio]',
                  Hit_num: '25',
                  Hit_accession: '108746',
                  Hit_id: 'gnl|BL_ORD_ID|108746',
                  Hit_len: '1048',
                  first_hsp: 
                   { 'Hsp_bit-score': '33.8834',
                     Hsp_score: '76',
                     Hsp_positive: '25',
                     Hsp_identity: '15',
                     'Hsp_query-from': '90',
                     Hsp_evalue: '1.52284',
                     Hsp_num: '1',
                     'Hsp_hit-to': '931',
                     'Hsp_hit-from': '901',
                     Hsp_gaps: '1',
                     'Hsp_query-frame': '1',
                     Hsp_hseq: 'KSTSKDGLLLWRGESPMRANS-DYLSLGLQDG',
                     'Hsp_align-len': '32',
                     Hsp_qseq: 'RTSTANGLLLWQGVAKESSRSKDFISLGLQDG',
                     'Hsp_query-to': '121',
                     'Hsp_hit-frame': '1',
                     Hsp_midline: '++++ +GLLLW+G +   + S D++SLGLQDG' } },
                { Hit_def: 'gi|24654009|ref|NP_611082.2| SP2353 CG8403-PA [Drosophila melanogaster] >gi|21645330|gb|AAF58071.2| CG8403-PA [Drosophila melanogaster]',
                  Hit_num: '26',
                  Hit_accession: '36578',
                  Hit_id: 'gnl|BL_ORD_ID|36578',
                  Hit_len: '1361',
                  first_hsp: 
                   { 'Hsp_bit-score': '33.8834',
                     Hsp_score: '76',
                     Hsp_positive: '38',
                     Hsp_identity: '19',
                     'Hsp_query-from': '46',
                     Hsp_evalue: '1.62796',
                     Hsp_num: '1',
                     'Hsp_hit-to': '1242',
                     'Hsp_hit-from': '1166',
                     Hsp_gaps: '3',
                     'Hsp_query-frame': '1',
                     Hsp_hseq: 'HQSQVQGVRKNFGACFAGSDSYFHYNDADTMSQVISYSID-LNLRIKTHSENGVILWTGRQGTTEEHDDYLSLGIEQG',
                     'Hsp_align-len': '78',
                     Hsp_qseq: 'HSPGPESVPGQYGAYF--QDNGFLALPGNSFSRSLPEVPETIEFEVRTSTANGLLLWQGVAKESSRSKDFISLGLQDG',
                     'Hsp_query-to': '121',
                     'Hsp_hit-frame': '1',
                     Hsp_midline: 'H    + V   +GA F   D+ F     ++ S+ +    + +   ++T + NG++LW G    +    D++SLG++ G' } },
                { Hit_def: 'gi|119924945|ref|XP_604151.3| PREDICTED: similar to agrin [Bos taurus]',
                  Hit_num: '27',
                  Hit_accession: '22199',
                  Hit_id: 'gnl|BL_ORD_ID|22199',
                  Hit_len: '2178',
                  first_hsp: 
                   { 'Hsp_bit-score': '33.8834',
                     Hsp_score: '76',
                     Hsp_positive: '31',
                     Hsp_identity: '22',
                     'Hsp_query-from': '63',
                     Hsp_evalue: '1.65535',
                     Hsp_num: '1',
                     'Hsp_hit-to': '2059',
                     'Hsp_hit-from': '1996',
                     Hsp_gaps: '11',
                     'Hsp_query-frame': '1',
                     Hsp_hseq: 'DLDALAFDGRTYIEYLNAVTESEKALQSNHFELSLRTEATQGLVLWSGKATERA---DYIALAIVDG',
                     'Hsp_align-len': '67',
                     Hsp_qseq: 'DNGFLALPGNSFSRSLPEVPET--------IEFEVRTSTANGLLLWQGVAKESSRSKDFISLGLQDG',
                     'Hsp_query-to': '121',
                     'Hsp_hit-frame': '1',
                     Hsp_midline: 'D   LA  G ++   L  V E+         E  +RT    GL+LW G A E +   D+I+L + DG' } },
                { Hit_def: 'gi|125811151|ref|XP_001361768.1| GA21051-PA [Drosophila pseudoobscura] >gi|54636944|gb|EAL26347.1| GA21051-PA [Drosophila pseudoobscura]',
                  Hit_num: '28',
                  Hit_accession: '57982',
                  Hit_id: 'gnl|BL_ORD_ID|57982',
                  Hit_len: '1276',
                  first_hsp: 
                   { 'Hsp_bit-score': '33.4982',
                     Hsp_score: '75',
                     Hsp_positive: '22',
                     Hsp_identity: '11',
                     'Hsp_query-from': '85',
                     Hsp_evalue: '2.00556',
                     Hsp_num: '1',
                     'Hsp_hit-to': '1157',
                     'Hsp_hit-from': '1121',
                     'Hsp_query-frame': '1',
                     Hsp_hseq: 'LNLRIKTHSENGVILWTGRQGTTDEHDDYLSLGIEKG',
                     'Hsp_align-len': '37',
                     Hsp_qseq: 'IEFEVRTSTANGLLLWQGVAKESSRSKDFISLGLQDG',
                     'Hsp_query-to': '121',
                     'Hsp_hit-frame': '1',
                     Hsp_midline: '+   ++T + NG++LW G    +    D++SLG++ G' } },
                { Hit_def: 'gi|125852141|ref|XP_693741.2| PREDICTED: hypothetical protein [Danio rerio]',
                  Hit_num: '29',
                  Hit_accession: '76432',
                  Hit_id: 'gnl|BL_ORD_ID|76432',
                  Hit_len: '1258',
                  first_hsp: 
                   { 'Hsp_bit-score': '33.4982',
                     Hsp_score: '75',
                     Hsp_positive: '21',
                     Hsp_identity: '15',
                     'Hsp_query-from': '85',
                     Hsp_evalue: '2.0393',
                     Hsp_num: '1',
                     'Hsp_hit-to': '956',
                     'Hsp_hit-from': '923',
                     Hsp_gaps: '3',
                     'Hsp_query-frame': '1',
                     Hsp_hseq: 'FELSIRTEATHGLILWSGKGVERS---DYIALAIVDG',
                     'Hsp_align-len': '37',
                     Hsp_qseq: 'IEFEVRTSTANGLLLWQGVAKESSRSKDFISLGLQDG',
                     'Hsp_query-to': '121',
                     'Hsp_hit-frame': '1',
                     Hsp_midline: 'E  +RT   +GL+LW G   E S   D+I+L + DG' } },
                { Hit_def: 'gi|119622033|gb|EAX01628.1| laminin, alpha 1, isoform CRA_a [Homo sapiens]',
                  Hit_num: '30',
                  Hit_accession: '6282',
                  Hit_id: 'gnl|BL_ORD_ID|6282',
                  Hit_len: '2703',
                  first_hsp: 
                   { 'Hsp_bit-score': '33.4982',
                     Hsp_score: '75',
                     Hsp_positive: '34',
                     Hsp_identity: '26',
                     'Hsp_query-from': '55',
                     Hsp_evalue: '2.27295',
                     Hsp_num: '1',
                     'Hsp_hit-to': '2698',
                     'Hsp_hit-from': '2640',
                     Hsp_gaps: '8',
                     'Hsp_query-frame': '1',
                     Hsp_hseq: 'AQEGTYFDGSGYAALVKEGY-KVQSDVNITLEF--RTSSQNGVLLGISTAK-----VDAIGLELVDG',
                     'Hsp_align-len': '67',
                     Hsp_qseq: 'GQYGAYFQDNGFLALPGNSFSRSLPEVPETIEFEVRTSTANGLLLWQGVAKESSRSKDFISLGLQDG',
                     'Hsp_query-to': '121',
                     'Hsp_hit-frame': '1',
                     Hsp_midline: 'Q G YF  +G+ AL    + +   +V  T+EF  RTS+ NG+LL    AK      D I L L DG' } },
                { Hit_def: 'gi|149470138|ref|XP_001520451.1| PREDICTED: hypothetical protein [Ornithorhynchus anatinus]',
                  Hit_num: '31',
                  Hit_accession: '1522843',
                  Hit_id: 'gnl|BL_ORD_ID|1522843',
                  Hit_len: '248',
                  first_hsp: 
                   { 'Hsp_bit-score': '33.113',
                     Hsp_score: '74',
                     Hsp_positive: '22',
                     Hsp_identity: '16',
                     'Hsp_query-from': '87',
                     Hsp_evalue: '2.70823',
                     Hsp_num: '1',
                     'Hsp_hit-to': '130',
                     'Hsp_hit-from': '97',
                     Hsp_gaps: '1',
                     'Hsp_query-frame': '1',
                     Hsp_hseq: 'MRFKTTAQDGLLMWRGDSHVKPNS-DFISLGLQQG',
                     'Hsp_align-len': '35',
                     Hsp_qseq: 'FEVRTSTANGLLLWQGVAKESSRSKDFISLGLQDG',
                     'Hsp_query-to': '121',
                     'Hsp_hit-frame': '1',
                     Hsp_midline: '+T+  +GLL+W+G +     S DFISLGLQ G' } },
                { Hit_def: 'gi|158291900|ref|XP_313432.4| AGAP003656-PA [Anopheles gambiae str. PEST] >gi|157017509|gb|EAA44666.4| AGAP003656-PA [Anopheles gambiae str. PEST]',
                  Hit_num: '32',
                  Hit_accession: '9023',
                  Hit_id: 'gnl|BL_ORD_ID|9023',
                  Hit_len: '4224',
                  first_hsp: 
                   { 'Hsp_bit-score': '33.113',
                     Hsp_score: '74',
                     Hsp_positive: '32',
                     Hsp_identity: '21',
                     'Hsp_query-from': '61',
                     Hsp_evalue: '2.96856',
                     Hsp_num: '1',
                     'Hsp_hit-to': '4096',
                     'Hsp_hit-from': '4035',
                     Hsp_gaps: '5',
                     'Hsp_query-frame': '1',
                     Hsp_hseq: 'FSGNGFIEVSPKAFKHSESQI--TTEFAIMFSAYEPNGLLIWYGQRNGEEFLGNDYVALSLSNG',
                     'Hsp_align-len': '64',
                     Hsp_qseq: 'FQDNGFLALPGNSFSRSLPEVPETIEFEVRTST--ANGLLLWQGVAK-ESSRSKDFISLGLQDG',
                     'Hsp_query-to': '121',
                     'Hsp_hit-frame': '1',
                     Hsp_midline: 'F  NGF+ +   +F  S  ++  T EF +  S    NGLL+W G    E     D+++L L +G' } },
                { Hit_def: 'gi|153892520|ref|ZP_02013415.1| Exo-alpha-sialidase [Opitutaceae bacterium TAV2] >gi|151581409|gb|EDN45067.1| Exo-alpha-sialidase [Opitutaceae bacterium TAV2]',
                  Hit_num: '33',
                  Hit_accession: '481415',
                  Hit_id: 'gnl|BL_ORD_ID|481415',
                  Hit_len: '532',
                  first_hsp: 
                   { 'Hsp_bit-score': '32.7278',
                     Hsp_score: '73',
                     Hsp_positive: '30',
                     Hsp_identity: '20',
                     'Hsp_query-from': '54',
                     Hsp_evalue: '3.28118',
                     Hsp_num: '1',
                     'Hsp_hit-to': '455',
                     'Hsp_hit-from': '405',
                     Hsp_gaps: '7',
                     'Hsp_query-frame': '1',
                     Hsp_hseq: 'PGQKAGYVGKGYRRATSGDSTARFLPDLPQAGEYEVR-------LLYPVTGKNTSKAK',
                     'Hsp_align-len': '58',
                     Hsp_qseq: 'PGQYGAYFQDNGFLALPGNSFSRSLPEVPETIEFEVRTSTANGLLLWQGVAKESSRSK',
                     'Hsp_query-to': '111',
                     'Hsp_hit-frame': '1',
                     Hsp_midline: 'PGQ   Y       A  G+S +R LP++P+  E+EVR       LL+    K +S++K' } },
                { Hit_def: 'gi|158292692|ref|XP_314061.4| AGAP005165-PA [Anopheles gambiae str. PEST] >gi|157017112|gb|EAA09434.5| AGAP005165-PA [Anopheles gambiae str. PEST]',
                  Hit_num: '34',
                  Hit_accession: '52556',
                  Hit_id: 'gnl|BL_ORD_ID|52556',
                  Hit_len: '1345',
                  first_hsp: 
                   { 'Hsp_bit-score': '32.7278',
                     Hsp_score: '73',
                     Hsp_positive: '23',
                     Hsp_identity: '14',
                     'Hsp_query-from': '85',
                     Hsp_evalue: '3.39253',
                     Hsp_num: '1',
                     'Hsp_hit-to': '1226',
                     'Hsp_hit-from': '1191',
                     Hsp_gaps: '1',
                     'Hsp_query-frame': '1',
                     Hsp_hseq: 'LNLRFKTHSANGLILWTG-RHSALEGDDFLSLGIENG',
                     'Hsp_align-len': '37',
                     Hsp_qseq: 'IEFEVRTSTANGLLLWQGVAKESSRSKDFISLGLQDG',
                     'Hsp_query-to': '121',
                     'Hsp_hit-frame': '1',
                     Hsp_midline: '+    +T +ANGL+LW G    +    DF+SLG+++G' } },
                { Hit_def: 'gi|47222748|emb|CAG01715.1| unnamed protein product [Tetraodon nigroviridis]',
                  Hit_num: '35',
                  Hit_accession: '62622',
                  Hit_id: 'gnl|BL_ORD_ID|62622',
                  Hit_len: '1109',
                  first_hsp: 
                   { 'Hsp_bit-score': '32.7278',
                     Hsp_score: '73',
                     Hsp_positive: '20',
                     Hsp_identity: '15',
                     'Hsp_query-from': '85',
                     Hsp_evalue: '3.62672',
                     Hsp_num: '1',
                     'Hsp_hit-to': '992',
                     'Hsp_hit-from': '959',
                     Hsp_gaps: '3',
                     'Hsp_query-frame': '1',
                     Hsp_hseq: 'FELSIRTEATQGLVLWSGKGVERS---DYIALAIVDG',
                     'Hsp_align-len': '37',
                     Hsp_qseq: 'IEFEVRTSTANGLLLWQGVAKESSRSKDFISLGLQDG',
                     'Hsp_query-to': '121',
                     'Hsp_hit-frame': '1',
                     Hsp_midline: 'E  +RT    GL+LW G   E S   D+I+L + DG' } },
                { Hit_def: 'gi|157129807|ref|XP_001655481.1| perlecan [Aedes aegypti] >gi|108872076|gb|EAT36301.1| perlecan [Aedes aegypti]',
                  Hit_num: '36',
                  Hit_accession: '4926',
                  Hit_id: 'gnl|BL_ORD_ID|4926',
                  Hit_len: '3652',
                  first_hsp: 
                   { 'Hsp_bit-score': '32.7278',
                     Hsp_score: '73',
                     Hsp_positive: '33',
                     Hsp_identity: '17',
                     'Hsp_query-from': '58',
                     Hsp_evalue: '3.9423',
                     Hsp_num: '1',
                     'Hsp_hit-to': '3522',
                     'Hsp_hit-from': '3458',
                     Hsp_gaps: '1',
                     'Hsp_query-frame': '1',
                     Hsp_hseq: 'GSQFSGDGFLEINPRAITDGVDQYGTKLAVMFSTTHNNGMLLWYGQRNGDNFAGEDYISLSVHEG',
                     'Hsp_align-len': '65',
                     Hsp_qseq: 'GAYFQDNGFLALPGNSFSRSLPEVPETIEFEVRTSTANGLLLWQGVAK-ESSRSKDFISLGLQDG',
                     'Hsp_query-to': '121',
                     'Hsp_hit-frame': '1',
                     Hsp_midline: 'G+ F  +GFL +   + +  + +    +     T+  NG+LLW G    ++   +D+ISL + +G' } },
                { Hit_def: 'gi|118103734|ref|XP_425019.2| PREDICTED: similar to EGF-like, fibronectin type III and laminin G domains [Gallus gallus]',
                  Hit_num: '37',
                  Hit_accession: '105822',
                  Hit_id: 'gnl|BL_ORD_ID|105822',
                  Hit_len: '1062',
                  first_hsp: 
                   { 'Hsp_bit-score': '32.3426',
                     Hsp_score: '72',
                     Hsp_positive: '22',
                     Hsp_identity: '16',
                     'Hsp_query-from': '90',
                     Hsp_evalue: '4.93842',
                     Hsp_num: '1',
                     'Hsp_hit-to': '944',
                     'Hsp_hit-from': '914',
                     Hsp_gaps: '1',
                     'Hsp_query-frame': '1',
                     Hsp_hseq: 'KTTMKEGLLMWRGDSPMRPNS-DFISLGLQEG',
                     'Hsp_align-len': '32',
                     Hsp_qseq: 'RTSTANGLLLWQGVAKESSRSKDFISLGLQDG',
                     'Hsp_query-to': '121',
                     'Hsp_hit-frame': '1',
                     Hsp_midline: '+T+   GLL+W+G +     S DFISLGLQ+G' } },
                { Hit_def: 'gi|170038499|ref|XP_001847087.1| laminin gamma-3 chain [Culex pipiens quinquefasciatus] >gi|167882197|gb|EDS45580.1| laminin gamma-3 chain [Culex pipiens quinquefasciatus]',
                  Hit_num: '38',
                  Hit_accession: '277173',
                  Hit_id: 'gnl|BL_ORD_ID|277173',
                  Hit_len: '703',
                  first_hsp: 
                   { 'Hsp_bit-score': '32.3426',
                     Hsp_score: '72',
                     Hsp_positive: '23',
                     Hsp_identity: '14',
                     'Hsp_query-from': '85',
                     Hsp_evalue: '5.0636',
                     Hsp_num: '1',
                     'Hsp_hit-to': '527',
                     'Hsp_hit-from': '492',
                     Hsp_gaps: '1',
                     'Hsp_query-frame': '1',
                     Hsp_hseq: 'LNLRFKTHSANGLILWTG-RHSALEGDDFLSLGVENG',
                     'Hsp_align-len': '37',
                     Hsp_qseq: 'IEFEVRTSTANGLLLWQGVAKESSRSKDFISLGLQDG',
                     'Hsp_query-to': '121',
                     'Hsp_hit-frame': '1',
                     Hsp_midline: '+    +T +ANGL+LW G    +    DF+SLG+++G' } },
                { Hit_def: 'gi|28556864|dbj|BAC57513.1| perlecan homologue [Ciona intestinalis]',
                  Hit_num: '39',
                  Hit_accession: '557051',
                  Hit_id: 'gnl|BL_ORD_ID|557051',
                  Hit_len: '478',
                  first_hsp: 
                   { 'Hsp_bit-score': '32.3426',
                     Hsp_score: '72',
                     Hsp_positive: '41',
                     Hsp_identity: '24',
                     'Hsp_query-from': '50',
                     Hsp_evalue: '5.14881',
                     Hsp_num: '1',
                     'Hsp_hit-to': '366',
                     'Hsp_hit-from': '284',
                     Hsp_gaps: '16',
                     'Hsp_query-frame': '1',
                     Hsp_hseq: 'PGVSPPRHLARFSGDSFASFEPTTFPHD--GSAEQISFDMRATSPDGLVLFHGEDLTSEPSETSRLHKRSHRGRSKDYISVGIQE',
                     'Hsp_align-len': '85',
                     Hsp_qseq: 'PESVPGQYGAYFQDNGFLALPGNSFSRSLPEVPETIEFEVRTSTANGLLLWQG------------VAKESSR--SKDFISLGLQD',
                     'Hsp_query-to': '120',
                     'Hsp_hit-frame': '1',
                     Hsp_midline: 'P   P ++ A F  + F +    +F        E I F++R ++ +GL+L+ G            + K S R  SKD+IS+G+Q+' } } ],
             BlastOutput_version: 'blastp 2.2.26 [Sep-21-2011]',
             BlastOutput_program: 'blastp',
             BlastOutput_reference: '~Reference: Altschul, Stephen F., Thomas L. Madden, Alejandro A. Schaffer, ~Jinghui Zhang, Zheng Zhang, Webb Miller, and David J. Lipman (1997), ~"Gapped BLAST and PSI-BLAST: a new generation of protein database search~programs",  Nucleic Acids Res. 25:3389-3402.',
             'BlastOutput_query-def': 'No definition line found',
             'BlastOutput_query-ID': 'lcl|QUERY',
             BlastOutput_db: 'nr70',
             BlastOutput_param: 
              { Parameters: 
                 { Parameters_filter: 'F',
                   Parameters_matrix: 'BLOSUM62',
                   'Parameters_gap-extend': '1',
                   Parameters_expect: '10',
                   'Parameters_gap-open': '11' } },
             'BlastOutput_query-len': '121' } } } ] }
